Java HotSpot(TM) 64-Bit Server VM (25.144-b01) for bsd-amd64 JRE (1.8.0_144-b01), built on Jul 21 2017 22:07:42 by "java_re" with gcc 4.2.1 (Based on Apple Inc. build 5658) (LLVM build 2336.11.00)
Memory: 4k page, physical 16777216k(2799868k free)

/proc/meminfo:

CommandLine flags: -XX:CMSInitiatingOccupancyFraction=50 -XX:CMSMaxAbortablePrecleanTime=6000 -XX:+CMSParallelRemarkEnabled -XX:+CMSScavengeBeforeRemark -XX:ConcGCThreads=4 -XX:GCLogFileSize=20971520 -XX:InitialHeapSize=536870912 -XX:MaxHeapSize=536870912 -XX:MaxTenuringThreshold=8 -XX:NewRatio=3 -XX:NumberOfGCLogFiles=9 -XX:OldPLABSize=16 -XX:-OmitStackTraceInFastThrow -XX:OnOutOfMemoryError=/Users/ryanzwiefelhofer/repos/ddf/ddf/ddf-2.12.0-SNAPSHOT/solr-6.6.2/bin/oom_solr.sh 8994 /Users/ryanzwiefelhofer/repos/ddf/ddf/ddf-2.12.0-SNAPSHOT/solr-6.6.2/server/logs -XX:ParallelGCThreads=4 -XX:+ParallelRefProcEnabled -XX:PretenureSizeThreshold=67108864 -XX:+PrintGC -XX:+PrintGCApplicationStoppedTime -XX:+PrintGCDateStamps -XX:+PrintGCDetails -XX:+PrintGCTimeStamps -XX:+PrintHeapAtGC -XX:+PrintTenuringDistribution -XX:SurvivorRatio=4 -XX:TargetSurvivorRatio=90 -XX:ThreadStackSize=256 -XX:+UseCMSInitiatingOccupancyOnly -XX:+UseCompressedClassPointers -XX:+UseCompressedOops -XX:+UseConcMarkSweepGC -XX:+UseGCLogFileRotation -XX:+UseParNewGC 
2018-04-03T13:39:19.867+0700: 0.128: Total time for which application threads were stopped: 0.0000680 seconds, Stopping threads took: 0.0000101 seconds
2018-04-03T13:39:19.928+0700: 0.189: Total time for which application threads were stopped: 0.0000766 seconds, Stopping threads took: 0.0000094 seconds
2018-04-03T13:39:20.186+0700: 0.447: Total time for which application threads were stopped: 0.0001921 seconds, Stopping threads took: 0.0000211 seconds
2018-04-03T13:39:20.273+0700: 0.534: Total time for which application threads were stopped: 0.0001716 seconds, Stopping threads took: 0.0000135 seconds
2018-04-03T13:39:20.283+0700: 0.544: Total time for which application threads were stopped: 0.0001629 seconds, Stopping threads took: 0.0000145 seconds
2018-04-03T13:39:20.461+0700: 0.723: Total time for which application threads were stopped: 0.0002338 seconds, Stopping threads took: 0.0000143 seconds
2018-04-03T13:39:20.481+0700: 0.742: Total time for which application threads were stopped: 0.0001871 seconds, Stopping threads took: 0.0000136 seconds
2018-04-03T13:39:20.537+0700: 0.798: Total time for which application threads were stopped: 0.0002105 seconds, Stopping threads took: 0.0000132 seconds
2018-04-03T13:39:20.632+0700: 0.893: Total time for which application threads were stopped: 0.0002453 seconds, Stopping threads took: 0.0000146 seconds
2018-04-03T13:39:20.633+0700: 0.894: Total time for which application threads were stopped: 0.0001042 seconds, Stopping threads took: 0.0000095 seconds
2018-04-03T13:39:20.635+0700: 0.897: Total time for which application threads were stopped: 0.0001106 seconds, Stopping threads took: 0.0000210 seconds
2018-04-03T13:39:20.642+0700: 0.903: Total time for which application threads were stopped: 0.0001797 seconds, Stopping threads took: 0.0000127 seconds
2018-04-03T13:39:20.694+0700: 0.955: Total time for which application threads were stopped: 0.0002240 seconds, Stopping threads took: 0.0000133 seconds
2018-04-03T13:39:20.817+0700: 1.078: Total time for which application threads were stopped: 0.0002480 seconds, Stopping threads took: 0.0000236 seconds
{Heap before GC invocations=0 (full 0):
 par new generation   total 109248K, used 87424K [0x00000007a0000000, 0x00000007a8000000, 0x00000007a8000000)
  eden space 87424K, 100% used [0x00000007a0000000, 0x00000007a5560000, 0x00000007a5560000)
  from space 21824K,   0% used [0x00000007a5560000, 0x00000007a5560000, 0x00000007a6ab0000)
  to   space 21824K,   0% used [0x00000007a6ab0000, 0x00000007a6ab0000, 0x00000007a8000000)
 concurrent mark-sweep generation total 393216K, used 0K [0x00000007a8000000, 0x00000007c0000000, 0x00000007c0000000)
 Metaspace       used 19169K, capacity 19526K, committed 19840K, reserved 1067008K
  class space    used 2247K, capacity 2407K, committed 2432K, reserved 1048576K
2018-04-03T13:39:20.818+0700: 1.079: [GC (Allocation Failure) 2018-04-03T13:39:20.818+0700: 1.080: [ParNew
Desired survivor size 20112992 bytes, new threshold 8 (max 8)
- age   1:   11640504 bytes,   11640504 total
: 87424K->11476K(109248K), 0.0092172 secs] 87424K->11476K(502464K), 0.0093497 secs] [Times: user=0.02 sys=0.01, real=0.01 secs] 
Heap after GC invocations=1 (full 0):
 par new generation   total 109248K, used 11476K [0x00000007a0000000, 0x00000007a8000000, 0x00000007a8000000)
  eden space 87424K,   0% used [0x00000007a0000000, 0x00000007a0000000, 0x00000007a5560000)
  from space 21824K,  52% used [0x00000007a6ab0000, 0x00000007a75e5298, 0x00000007a8000000)
  to   space 21824K,   0% used [0x00000007a5560000, 0x00000007a5560000, 0x00000007a6ab0000)
 concurrent mark-sweep generation total 393216K, used 0K [0x00000007a8000000, 0x00000007c0000000, 0x00000007c0000000)
 Metaspace       used 19169K, capacity 19526K, committed 19840K, reserved 1067008K
  class space    used 2247K, capacity 2407K, committed 2432K, reserved 1048576K
}
2018-04-03T13:39:20.828+0700: 1.089: Total time for which application threads were stopped: 0.0095321 seconds, Stopping threads took: 0.0000469 seconds
2018-04-03T13:39:20.911+0700: 1.172: Total time for which application threads were stopped: 0.0002870 seconds, Stopping threads took: 0.0000148 seconds
2018-04-03T13:39:20.956+0700: 1.217: Total time for which application threads were stopped: 0.0001432 seconds, Stopping threads took: 0.0000422 seconds
2018-04-03T13:39:20.969+0700: 1.231: Total time for which application threads were stopped: 0.0001193 seconds, Stopping threads took: 0.0000492 seconds
2018-04-03T13:39:20.981+0700: 1.242: Total time for which application threads were stopped: 0.0000694 seconds, Stopping threads took: 0.0000118 seconds
2018-04-03T13:39:20.999+0700: 1.260: Total time for which application threads were stopped: 0.0000857 seconds, Stopping threads took: 0.0000236 seconds
2018-04-03T13:39:21.018+0700: 1.279: Total time for which application threads were stopped: 0.0000866 seconds, Stopping threads took: 0.0000231 seconds
2018-04-03T13:39:21.082+0700: 1.343: Total time for which application threads were stopped: 0.0000843 seconds, Stopping threads took: 0.0000162 seconds
2018-04-03T13:39:21.114+0700: 1.375: Total time for which application threads were stopped: 0.0000768 seconds, Stopping threads took: 0.0000115 seconds
2018-04-03T13:39:21.122+0700: 1.383: Total time for which application threads were stopped: 0.0003047 seconds, Stopping threads took: 0.0000158 seconds
{Heap before GC invocations=1 (full 0):
 par new generation   total 109248K, used 98900K [0x00000007a0000000, 0x00000007a8000000, 0x00000007a8000000)
  eden space 87424K, 100% used [0x00000007a0000000, 0x00000007a5560000, 0x00000007a5560000)
  from space 21824K,  52% used [0x00000007a6ab0000, 0x00000007a75e5298, 0x00000007a8000000)
  to   space 21824K,   0% used [0x00000007a5560000, 0x00000007a5560000, 0x00000007a6ab0000)
 concurrent mark-sweep generation total 393216K, used 0K [0x00000007a8000000, 0x00000007c0000000, 0x00000007c0000000)
 Metaspace       used 22850K, capacity 23414K, committed 23620K, reserved 1071104K
  class space    used 2736K, capacity 2949K, committed 3044K, reserved 1048576K
2018-04-03T13:39:21.134+0700: 1.395: [GC (Allocation Failure) 2018-04-03T13:39:21.134+0700: 1.395: [ParNew
Desired survivor size 20112992 bytes, new threshold 8 (max 8)
- age   1:    5467744 bytes,    5467744 total
- age   2:    5460496 bytes,   10928240 total
: 98900K->14725K(109248K), 0.0094486 secs] 98900K->14725K(502464K), 0.0095276 secs] [Times: user=0.03 sys=0.01, real=0.01 secs] 
Heap after GC invocations=2 (full 0):
 par new generation   total 109248K, used 14725K [0x00000007a0000000, 0x00000007a8000000, 0x00000007a8000000)
  eden space 87424K,   0% used [0x00000007a0000000, 0x00000007a0000000, 0x00000007a5560000)
  from space 21824K,  67% used [0x00000007a5560000, 0x00000007a63c1480, 0x00000007a6ab0000)
  to   space 21824K,   0% used [0x00000007a6ab0000, 0x00000007a6ab0000, 0x00000007a8000000)
 concurrent mark-sweep generation total 393216K, used 0K [0x00000007a8000000, 0x00000007c0000000, 0x00000007c0000000)
 Metaspace       used 22850K, capacity 23414K, committed 23620K, reserved 1071104K
  class space    used 2736K, capacity 2949K, committed 3044K, reserved 1048576K
}
2018-04-03T13:39:21.143+0700: 1.404: Total time for which application threads were stopped: 0.0096941 seconds, Stopping threads took: 0.0000254 seconds
2018-04-03T13:39:21.144+0700: 1.405: [GC (CMS Initial Mark) [1 CMS-initial-mark: 0K(393216K)] 15635K(502464K), 0.0018547 secs] [Times: user=0.01 sys=0.00, real=0.00 secs] 
2018-04-03T13:39:21.146+0700: 1.407: Total time for which application threads were stopped: 0.0020229 seconds, Stopping threads took: 0.0000653 seconds
2018-04-03T13:39:21.146+0700: 1.407: [CMS-concurrent-mark-start]
2018-04-03T13:39:21.147+0700: 1.408: [CMS-concurrent-mark: 0.001/0.001 secs] [Times: user=0.01 sys=0.00, real=0.00 secs] 
2018-04-03T13:39:21.147+0700: 1.408: [CMS-concurrent-preclean-start]
2018-04-03T13:39:21.148+0700: 1.409: [CMS-concurrent-preclean: 0.001/0.001 secs] [Times: user=0.00 sys=0.00, real=0.00 secs] 
2018-04-03T13:39:21.148+0700: 1.409: [CMS-concurrent-abortable-preclean-start]
2018-04-03T13:39:21.167+0700: 1.428: Total time for which application threads were stopped: 0.0003066 seconds, Stopping threads took: 0.0000944 seconds
2018-04-03T13:39:21.190+0700: 1.451: Total time for which application threads were stopped: 0.0000649 seconds, Stopping threads took: 0.0000119 seconds
2018-04-03T13:39:21.225+0700: 1.486: Total time for which application threads were stopped: 0.0001073 seconds, Stopping threads took: 0.0000120 seconds
2018-04-03T13:39:21.225+0700: 1.486: [CMS-concurrent-abortable-preclean: 0.043/0.077 secs] [Times: user=0.48 sys=0.01, real=0.08 secs] 
2018-04-03T13:39:21.225+0700: 1.486: [GC (CMS Final Remark) [YG occupancy: 70308 K (109248 K)]{Heap before GC invocations=2 (full 1):
 par new generation   total 109248K, used 70308K [0x00000007a0000000, 0x00000007a8000000, 0x00000007a8000000)
  eden space 87424K,  63% used [0x00000007a0000000, 0x00000007a3647c28, 0x00000007a5560000)
  from space 21824K,  67% used [0x00000007a5560000, 0x00000007a63c1480, 0x00000007a6ab0000)
  to   space 21824K,   0% used [0x00000007a6ab0000, 0x00000007a6ab0000, 0x00000007a8000000)
 concurrent mark-sweep generation total 393216K, used 0K [0x00000007a8000000, 0x00000007c0000000, 0x00000007c0000000)
 Metaspace       used 23336K, capacity 23924K, committed 24208K, reserved 1071104K
  class space    used 2787K, capacity 2994K, committed 3044K, reserved 1048576K
2018-04-03T13:39:21.225+0700: 1.486: [GC (CMS Final Remark) 2018-04-03T13:39:21.225+0700: 1.486: [ParNew
Desired survivor size 20112992 bytes, new threshold 8 (max 8)
- age   1:    1473536 bytes,    1473536 total
- age   2:    2515840 bytes,    3989376 total
- age   3:    5455888 bytes,    9445264 total
: 70308K->11684K(109248K), 0.0060232 secs] 70308K->11684K(502464K), 0.0060785 secs] [Times: user=0.02 sys=0.00, real=0.01 secs] 
Heap after GC invocations=3 (full 1):
 par new generation   total 109248K, used 11684K [0x00000007a0000000, 0x00000007a8000000, 0x00000007a8000000)
  eden space 87424K,   0% used [0x00000007a0000000, 0x00000007a0000000, 0x00000007a5560000)
  from space 21824K,  53% used [0x00000007a6ab0000, 0x00000007a7619340, 0x00000007a8000000)
  to   space 21824K,   0% used [0x00000007a5560000, 0x00000007a5560000, 0x00000007a6ab0000)
 concurrent mark-sweep generation total 393216K, used 0K [0x00000007a8000000, 0x00000007c0000000, 0x00000007c0000000)
 Metaspace       used 23336K, capacity 23924K, committed 24208K, reserved 1071104K
  class space    used 2787K, capacity 2994K, committed 3044K, reserved 1048576K
}
2018-04-03T13:39:21.231+0700: 1.492: [Rescan (parallel) , 0.0019153 secs]2018-04-03T13:39:21.233+0700: 1.494: [weak refs processing, 0.0009791 secs]2018-04-03T13:39:21.234+0700: 1.495: [class unloading, 0.0029185 secs]2018-04-03T13:39:21.237+0700: 1.498: [scrub symbol table, 0.0021113 secs]2018-04-03T13:39:21.239+0700: 1.500: [scrub string table, 0.0002210 secs][1 CMS-remark: 0K(393216K)] 11684K(502464K), 0.0151061 secs] [Times: user=0.03 sys=0.00, real=0.02 secs] 
2018-04-03T13:39:21.240+0700: 1.501: Total time for which application threads were stopped: 0.0152951 seconds, Stopping threads took: 0.0001183 seconds
2018-04-03T13:39:21.240+0700: 1.501: [CMS-concurrent-sweep-start]
2018-04-03T13:39:21.240+0700: 1.501: [CMS-concurrent-sweep: 0.000/0.000 secs] [Times: user=0.00 sys=0.00, real=0.00 secs] 
2018-04-03T13:39:21.240+0700: 1.502: [CMS-concurrent-reset-start]
2018-04-03T13:39:21.245+0700: 1.506: [CMS-concurrent-reset: 0.004/0.004 secs] [Times: user=0.02 sys=0.00, real=0.00 secs] 
{Heap before GC invocations=3 (full 1):
 par new generation   total 109248K, used 99108K [0x00000007a0000000, 0x00000007a8000000, 0x00000007a8000000)
  eden space 87424K, 100% used [0x00000007a0000000, 0x00000007a5560000, 0x00000007a5560000)
  from space 21824K,  53% used [0x00000007a6ab0000, 0x00000007a7619340, 0x00000007a8000000)
  to   space 21824K,   0% used [0x00000007a5560000, 0x00000007a5560000, 0x00000007a6ab0000)
 concurrent mark-sweep generation total 393216K, used 0K [0x00000007a8000000, 0x00000007c0000000, 0x00000007c0000000)
 Metaspace       used 24185K, capacity 24792K, committed 24848K, reserved 1071104K
  class space    used 2910K, capacity 3128K, committed 3172K, reserved 1048576K
2018-04-03T13:39:21.309+0700: 1.570: [GC (Allocation Failure) 2018-04-03T13:39:21.309+0700: 1.570: [ParNew
Desired survivor size 20112992 bytes, new threshold 8 (max 8)
- age   1:    1578560 bytes,    1578560 total
- age   2:    1066112 bytes,    2644672 total
- age   3:    2392224 bytes,    5036896 total
- age   4:    5452808 bytes,   10489704 total
: 99108K->16756K(109248K), 0.0072775 secs] 99108K->16756K(502464K), 0.0073666 secs] [Times: user=0.03 sys=0.00, real=0.01 secs] 
Heap after GC invocations=4 (full 1):
 par new generation   total 109248K, used 16756K [0x00000007a0000000, 0x00000007a8000000, 0x00000007a8000000)
  eden space 87424K,   0% used [0x00000007a0000000, 0x00000007a0000000, 0x00000007a5560000)
  from space 21824K,  76% used [0x00000007a5560000, 0x00000007a65bd380, 0x00000007a6ab0000)
  to   space 21824K,   0% used [0x00000007a6ab0000, 0x00000007a6ab0000, 0x00000007a8000000)
 concurrent mark-sweep generation total 393216K, used 0K [0x00000007a8000000, 0x00000007c0000000, 0x00000007c0000000)
 Metaspace       used 24185K, capacity 24792K, committed 24848K, reserved 1071104K
  class space    used 2910K, capacity 3128K, committed 3172K, reserved 1048576K
}
2018-04-03T13:39:21.317+0700: 1.578: Total time for which application threads were stopped: 0.0076106 seconds, Stopping threads took: 0.0000656 seconds
{Heap before GC invocations=4 (full 1):
 par new generation   total 109248K, used 104180K [0x00000007a0000000, 0x00000007a8000000, 0x00000007a8000000)
  eden space 87424K, 100% used [0x00000007a0000000, 0x00000007a5560000, 0x00000007a5560000)
  from space 21824K,  76% used [0x00000007a5560000, 0x00000007a65bd380, 0x00000007a6ab0000)
  to   space 21824K,   0% used [0x00000007a6ab0000, 0x00000007a6ab0000, 0x00000007a8000000)
 concurrent mark-sweep generation total 393216K, used 0K [0x00000007a8000000, 0x00000007c0000000, 0x00000007c0000000)
 Metaspace       used 24799K, capacity 25488K, committed 25744K, reserved 1071104K
  class space    used 2993K, capacity 3228K, committed 3300K, reserved 1048576K
2018-04-03T13:39:21.378+0700: 1.639: [GC (Allocation Failure) 2018-04-03T13:39:21.378+0700: 1.639: [ParNew
Desired survivor size 20112992 bytes, new threshold 8 (max 8)
- age   1:    1039248 bytes,    1039248 total
- age   2:     310928 bytes,    1350176 total
- age   3:    1065280 bytes,    2415456 total
- age   4:    2380336 bytes,    4795792 total
- age   5:    5448128 bytes,   10243920 total
: 104180K->11638K(109248K), 0.0074886 secs] 104180K->11638K(502464K), 0.0075702 secs] [Times: user=0.03 sys=0.00, real=0.01 secs] 
Heap after GC invocations=5 (full 1):
 par new generation   total 109248K, used 11638K [0x00000007a0000000, 0x00000007a8000000, 0x00000007a8000000)
  eden space 87424K,   0% used [0x00000007a0000000, 0x00000007a0000000, 0x00000007a5560000)
  from space 21824K,  53% used [0x00000007a6ab0000, 0x00000007a760db50, 0x00000007a8000000)
  to   space 21824K,   0% used [0x00000007a5560000, 0x00000007a5560000, 0x00000007a6ab0000)
 concurrent mark-sweep generation total 393216K, used 0K [0x00000007a8000000, 0x00000007c0000000, 0x00000007c0000000)
 Metaspace       used 24799K, capacity 25488K, committed 25744K, reserved 1071104K
  class space    used 2993K, capacity 3228K, committed 3300K, reserved 1048576K
}
2018-04-03T13:39:21.385+0700: 1.646: Total time for which application threads were stopped: 0.0077759 seconds, Stopping threads took: 0.0000410 seconds
2018-04-03T13:39:21.388+0700: 1.649: Total time for which application threads were stopped: 0.0002660 seconds, Stopping threads took: 0.0000116 seconds
2018-04-03T13:39:21.482+0700: 1.743: Total time for which application threads were stopped: 0.0003845 seconds, Stopping threads took: 0.0000138 seconds
2018-04-03T13:39:21.488+0700: 1.749: Total time for which application threads were stopped: 0.0003808 seconds, Stopping threads took: 0.0000167 seconds
{Heap before GC invocations=5 (full 1):
 par new generation   total 109248K, used 99062K [0x00000007a0000000, 0x00000007a8000000, 0x00000007a8000000)
  eden space 87424K, 100% used [0x00000007a0000000, 0x00000007a5560000, 0x00000007a5560000)
  from space 21824K,  53% used [0x00000007a6ab0000, 0x00000007a760db50, 0x00000007a8000000)
  to   space 21824K,   0% used [0x00000007a5560000, 0x00000007a5560000, 0x00000007a6ab0000)
 concurrent mark-sweep generation total 393216K, used 0K [0x00000007a8000000, 0x00000007c0000000, 0x00000007c0000000)
 Metaspace       used 28496K, capacity 29268K, committed 29412K, reserved 1075200K
  class space    used 3484K, capacity 3749K, committed 3812K, reserved 1048576K
2018-04-03T13:39:21.698+0700: 1.959: [GC (Allocation Failure) 2018-04-03T13:39:21.698+0700: 1.959: [ParNew
Desired survivor size 20112992 bytes, new threshold 8 (max 8)
- age   1:    5549800 bytes,    5549800 total
- age   2:     246232 bytes,    5796032 total
- age   3:     299432 bytes,    6095464 total
- age   4:     195880 bytes,    6291344 total
- age   5:    2370496 bytes,    8661840 total
- age   6:    5447432 bytes,   14109272 total
: 99062K->19500K(109248K), 0.0117507 secs] 99062K->19500K(502464K), 0.0118770 secs] [Times: user=0.05 sys=0.00, real=0.02 secs] 
Heap after GC invocations=6 (full 1):
 par new generation   total 109248K, used 19500K [0x00000007a0000000, 0x00000007a8000000, 0x00000007a8000000)
  eden space 87424K,   0% used [0x00000007a0000000, 0x00000007a0000000, 0x00000007a5560000)
  from space 21824K,  89% used [0x00000007a5560000, 0x00000007a686b078, 0x00000007a6ab0000)
  to   space 21824K,   0% used [0x00000007a6ab0000, 0x00000007a6ab0000, 0x00000007a8000000)
 concurrent mark-sweep generation total 393216K, used 0K [0x00000007a8000000, 0x00000007c0000000, 0x00000007c0000000)
 Metaspace       used 28496K, capacity 29268K, committed 29412K, reserved 1075200K
  class space    used 3484K, capacity 3749K, committed 3812K, reserved 1048576K
}
2018-04-03T13:39:21.710+0700: 1.971: Total time for which application threads were stopped: 0.0121863 seconds, Stopping threads took: 0.0000398 seconds
2018-04-03T13:39:21.802+0700: 2.063: Total time for which application threads were stopped: 0.0005793 seconds, Stopping threads took: 0.0000162 seconds
2018-04-03T13:39:21.805+0700: 2.066: Total time for which application threads were stopped: 0.0004901 seconds, Stopping threads took: 0.0000409 seconds
2018-04-03T13:39:21.963+0700: 2.224: Total time for which application threads were stopped: 0.0005507 seconds, Stopping threads took: 0.0000744 seconds
{Heap before GC invocations=6 (full 1):
 par new generation   total 109248K, used 106924K [0x00000007a0000000, 0x00000007a8000000, 0x00000007a8000000)
  eden space 87424K, 100% used [0x00000007a0000000, 0x00000007a5560000, 0x00000007a5560000)
  from space 21824K,  89% used [0x00000007a5560000, 0x00000007a686b078, 0x00000007a6ab0000)
  to   space 21824K,   0% used [0x00000007a6ab0000, 0x00000007a6ab0000, 0x00000007a8000000)
 concurrent mark-sweep generation total 393216K, used 0K [0x00000007a8000000, 0x00000007c0000000, 0x00000007c0000000)
 Metaspace       used 32379K, capacity 33280K, committed 33508K, reserved 1079296K
  class space    used 3945K, capacity 4213K, committed 4324K, reserved 1048576K
2018-04-03T13:39:21.992+0700: 2.253: [GC (Allocation Failure) 2018-04-03T13:39:21.992+0700: 2.253: [ParNew
Desired survivor size 20112992 bytes, new threshold 7 (max 8)
- age   1:   12498632 bytes,   12498632 total
- age   2:    1597744 bytes,   14096376 total
- age   3:     190792 bytes,   14287168 total
- age   4:     285544 bytes,   14572712 total
- age   5:     178024 bytes,   14750736 total
- age   6:    2105936 bytes,   16856672 total
- age   7:    5408544 bytes,   22265216 total
: 106924K->21824K(109248K), 0.0282379 secs] 106924K->25779K(502464K), 0.0283303 secs] [Times: user=0.16 sys=0.01, real=0.03 secs] 
Heap after GC invocations=7 (full 1):
 par new generation   total 109248K, used 21824K [0x00000007a0000000, 0x00000007a8000000, 0x00000007a8000000)
  eden space 87424K,   0% used [0x00000007a0000000, 0x00000007a0000000, 0x00000007a5560000)
  from space 21824K, 100% used [0x00000007a6ab0000, 0x00000007a8000000, 0x00000007a8000000)
  to   space 21824K,   0% used [0x00000007a5560000, 0x00000007a5560000, 0x00000007a6ab0000)
 concurrent mark-sweep generation total 393216K, used 3955K [0x00000007a8000000, 0x00000007c0000000, 0x00000007c0000000)
 Metaspace       used 32379K, capacity 33280K, committed 33508K, reserved 1079296K
  class space    used 3945K, capacity 4213K, committed 4324K, reserved 1048576K
}
2018-04-03T13:39:22.021+0700: 2.282: Total time for which application threads were stopped: 0.0285319 seconds, Stopping threads took: 0.0000332 seconds
{Heap before GC invocations=7 (full 1):
 par new generation   total 109248K, used 109248K [0x00000007a0000000, 0x00000007a8000000, 0x00000007a8000000)
  eden space 87424K, 100% used [0x00000007a0000000, 0x00000007a5560000, 0x00000007a5560000)
  from space 21824K, 100% used [0x00000007a6ab0000, 0x00000007a8000000, 0x00000007a8000000)
  to   space 21824K,   0% used [0x00000007a5560000, 0x00000007a5560000, 0x00000007a6ab0000)
 concurrent mark-sweep generation total 393216K, used 3955K [0x00000007a8000000, 0x00000007c0000000, 0x00000007c0000000)
 Metaspace       used 32611K, capacity 33568K, committed 33764K, reserved 1079296K
  class space    used 3959K, capacity 4245K, committed 4324K, reserved 1048576K
2018-04-03T13:39:22.104+0700: 2.365: [GC (Allocation Failure) 2018-04-03T13:39:22.104+0700: 2.365: [ParNew
Desired survivor size 20112992 bytes, new threshold 8 (max 8)
- age   1:    1286296 bytes,    1286296 total
- age   2:   11569880 bytes,   12856176 total
- age   3:    1584800 bytes,   14440976 total
- age   4:     190792 bytes,   14631768 total
- age   5:     285544 bytes,   14917312 total
- age   6:     177968 bytes,   15095280 total
- age   7:    2105880 bytes,   17201160 total
: 109248K->21824K(109248K), 0.0197892 secs] 113203K->31134K(502464K), 0.0198633 secs] [Times: user=0.09 sys=0.01, real=0.02 secs] 
Heap after GC invocations=8 (full 1):
 par new generation   total 109248K, used 21824K [0x00000007a0000000, 0x00000007a8000000, 0x00000007a8000000)
  eden space 87424K,   0% used [0x00000007a0000000, 0x00000007a0000000, 0x00000007a5560000)
  from space 21824K, 100% used [0x00000007a5560000, 0x00000007a6ab0000, 0x00000007a6ab0000)
  to   space 21824K,   0% used [0x00000007a6ab0000, 0x00000007a6ab0000, 0x00000007a8000000)
 concurrent mark-sweep generation total 393216K, used 9310K [0x00000007a8000000, 0x00000007c0000000, 0x00000007c0000000)
 Metaspace       used 32611K, capacity 33568K, committed 33764K, reserved 1079296K
  class space    used 3959K, capacity 4245K, committed 4324K, reserved 1048576K
}
2018-04-03T13:39:22.124+0700: 2.385: Total time for which application threads were stopped: 0.0201533 seconds, Stopping threads took: 0.0001024 seconds
{Heap before GC invocations=8 (full 1):
 par new generation   total 109248K, used 109248K [0x00000007a0000000, 0x00000007a8000000, 0x00000007a8000000)
  eden space 87424K, 100% used [0x00000007a0000000, 0x00000007a5560000, 0x00000007a5560000)
  from space 21824K, 100% used [0x00000007a5560000, 0x00000007a6ab0000, 0x00000007a6ab0000)
  to   space 21824K,   0% used [0x00000007a6ab0000, 0x00000007a6ab0000, 0x00000007a8000000)
 concurrent mark-sweep generation total 393216K, used 9310K [0x00000007a8000000, 0x00000007c0000000, 0x00000007c0000000)
 Metaspace       used 32801K, capacity 33708K, committed 34020K, reserved 1079296K
  class space    used 3975K, capacity 4247K, committed 4324K, reserved 1048576K
2018-04-03T13:39:22.187+0700: 2.448: [GC (Allocation Failure) 2018-04-03T13:39:22.187+0700: 2.449: [ParNew
Desired survivor size 20112992 bytes, new threshold 8 (max 8)
- age   1:     570736 bytes,     570736 total
- age   2:     910472 bytes,    1481208 total
- age   3:   11576280 bytes,   13057488 total
- age   4:    1560824 bytes,   14618312 total
- age   5:     188544 bytes,   14806856 total
- age   6:     280728 bytes,   15087584 total
- age   7:     177232 bytes,   15264816 total
- age   8:    2092688 bytes,   17357504 total
: 109248K->21824K(109248K), 0.0116928 secs] 118558K->31288K(502464K), 0.0117899 secs] [Times: user=0.06 sys=0.00, real=0.01 secs] 
Heap after GC invocations=9 (full 1):
 par new generation   total 109248K, used 21824K [0x00000007a0000000, 0x00000007a8000000, 0x00000007a8000000)
  eden space 87424K,   0% used [0x00000007a0000000, 0x00000007a0000000, 0x00000007a5560000)
  from space 21824K, 100% used [0x00000007a6ab0000, 0x00000007a8000000, 0x00000007a8000000)
  to   space 21824K,   0% used [0x00000007a5560000, 0x00000007a5560000, 0x00000007a6ab0000)
 concurrent mark-sweep generation total 393216K, used 9464K [0x00000007a8000000, 0x00000007c0000000, 0x00000007c0000000)
 Metaspace       used 32801K, capacity 33708K, committed 34020K, reserved 1079296K
  class space    used 3975K, capacity 4247K, committed 4324K, reserved 1048576K
}
2018-04-03T13:39:22.199+0700: 2.460: Total time for which application threads were stopped: 0.0120485 seconds, Stopping threads took: 0.0000632 seconds
2018-04-03T13:39:22.230+0700: 2.491: Total time for which application threads were stopped: 0.0004859 seconds, Stopping threads took: 0.0000614 seconds
{Heap before GC invocations=9 (full 1):
 par new generation   total 109248K, used 109248K [0x00000007a0000000, 0x00000007a8000000, 0x00000007a8000000)
  eden space 87424K, 100% used [0x00000007a0000000, 0x00000007a5560000, 0x00000007a5560000)
  from space 21824K, 100% used [0x00000007a6ab0000, 0x00000007a8000000, 0x00000007a8000000)
  to   space 21824K,   0% used [0x00000007a5560000, 0x00000007a5560000, 0x00000007a6ab0000)
 concurrent mark-sweep generation total 393216K, used 9464K [0x00000007a8000000, 0x00000007c0000000, 0x00000007c0000000)
 Metaspace       used 32954K, capacity 33836K, committed 34020K, reserved 1079296K
  class space    used 3985K, capacity 4247K, committed 4324K, reserved 1048576K
2018-04-03T13:39:22.266+0700: 2.527: [GC (Allocation Failure) 2018-04-03T13:39:22.266+0700: 2.527: [ParNew
Desired survivor size 20112992 bytes, new threshold 8 (max 8)
- age   1:     746640 bytes,     746640 total
- age   2:     193592 bytes,     940232 total
- age   3:     910472 bytes,    1850704 total
- age   4:   11543496 bytes,   13394200 total
- age   5:    1560824 bytes,   14955024 total
- age   6:     188544 bytes,   15143568 total
- age   7:     280728 bytes,   15424296 total
- age   8:     177208 bytes,   15601504 total
: 109248K->21824K(109248K), 0.0144561 secs] 118712K->33350K(502464K), 0.0145444 secs] [Times: user=0.07 sys=0.00, real=0.02 secs] 
Heap after GC invocations=10 (full 1):
 par new generation   total 109248K, used 21824K [0x00000007a0000000, 0x00000007a8000000, 0x00000007a8000000)
  eden space 87424K,   0% used [0x00000007a0000000, 0x00000007a0000000, 0x00000007a5560000)
  from space 21824K, 100% used [0x00000007a5560000, 0x00000007a6ab0000, 0x00000007a6ab0000)
  to   space 21824K,   0% used [0x00000007a6ab0000, 0x00000007a6ab0000, 0x00000007a8000000)
 concurrent mark-sweep generation total 393216K, used 11526K [0x00000007a8000000, 0x00000007c0000000, 0x00000007c0000000)
 Metaspace       used 32954K, capacity 33836K, committed 34020K, reserved 1079296K
  class space    used 3985K, capacity 4247K, committed 4324K, reserved 1048576K
}
2018-04-03T13:39:22.281+0700: 2.542: Total time for which application threads were stopped: 0.0147823 seconds, Stopping threads took: 0.0000356 seconds
{Heap before GC invocations=10 (full 1):
 par new generation   total 109248K, used 109248K [0x00000007a0000000, 0x00000007a8000000, 0x00000007a8000000)
  eden space 87424K, 100% used [0x00000007a0000000, 0x00000007a5560000, 0x00000007a5560000)
  from space 21824K, 100% used [0x00000007a5560000, 0x00000007a6ab0000, 0x00000007a6ab0000)
  to   space 21824K,   0% used [0x00000007a6ab0000, 0x00000007a6ab0000, 0x00000007a8000000)
 concurrent mark-sweep generation total 393216K, used 11526K [0x00000007a8000000, 0x00000007c0000000, 0x00000007c0000000)
 Metaspace       used 33038K, capacity 33932K, committed 34276K, reserved 1079296K
  class space    used 3995K, capacity 4279K, committed 4324K, reserved 1048576K
2018-04-03T13:39:22.337+0700: 2.599: [GC (Allocation Failure) 2018-04-03T13:39:22.337+0700: 2.599: [ParNew
Desired survivor size 20112992 bytes, new threshold 8 (max 8)
- age   1:     682016 bytes,     682016 total
- age   2:     212456 bytes,     894472 total
- age   3:     176592 bytes,    1071064 total
- age   4:     910384 bytes,    1981448 total
- age   5:   11543496 bytes,   13524944 total
- age   6:    1550568 bytes,   15075512 total
- age   7:     188544 bytes,   15264056 total
- age   8:     280728 bytes,   15544784 total
: 109248K->19119K(109248K), 0.0131554 secs] 120774K->30822K(502464K), 0.0132930 secs] [Times: user=0.07 sys=0.00, real=0.02 secs] 
Heap after GC invocations=11 (full 1):
 par new generation   total 109248K, used 19119K [0x00000007a0000000, 0x00000007a8000000, 0x00000007a8000000)
  eden space 87424K,   0% used [0x00000007a0000000, 0x00000007a0000000, 0x00000007a5560000)
  from space 21824K,  87% used [0x00000007a6ab0000, 0x00000007a7d5bec0, 0x00000007a8000000)
  to   space 21824K,   0% used [0x00000007a5560000, 0x00000007a5560000, 0x00000007a6ab0000)
 concurrent mark-sweep generation total 393216K, used 11702K [0x00000007a8000000, 0x00000007c0000000, 0x00000007c0000000)
 Metaspace       used 33038K, capacity 33932K, committed 34276K, reserved 1079296K
  class space    used 3995K, capacity 4279K, committed 4324K, reserved 1048576K
}
2018-04-03T13:39:22.351+0700: 2.612: Total time for which application threads were stopped: 0.0135695 seconds, Stopping threads took: 0.0000180 seconds
{Heap before GC invocations=11 (full 1):
 par new generation   total 109248K, used 106543K [0x00000007a0000000, 0x00000007a8000000, 0x00000007a8000000)
  eden space 87424K, 100% used [0x00000007a0000000, 0x00000007a5560000, 0x00000007a5560000)
  from space 21824K,  87% used [0x00000007a6ab0000, 0x00000007a7d5bec0, 0x00000007a8000000)
  to   space 21824K,   0% used [0x00000007a5560000, 0x00000007a5560000, 0x00000007a6ab0000)
 concurrent mark-sweep generation total 393216K, used 11702K [0x00000007a8000000, 0x00000007c0000000, 0x00000007c0000000)
 Metaspace       used 33316K, capacity 34256K, committed 34532K, reserved 1079296K
  class space    used 4011K, capacity 4281K, committed 4324K, reserved 1048576K
2018-04-03T13:39:22.419+0700: 2.680: [GC (Allocation Failure) 2018-04-03T13:39:22.419+0700: 2.680: [ParNew
Desired survivor size 20112992 bytes, new threshold 8 (max 8)
- age   1:    1386160 bytes,    1386160 total
- age   2:     347280 bytes,    1733440 total
- age   3:     212096 bytes,    1945536 total
- age   4:     176048 bytes,    2121584 total
- age   5:     908904 bytes,    3030488 total
- age   6:   11541832 bytes,   14572320 total
- age   7:    1550568 bytes,   16122888 total
- age   8:     188512 bytes,   16311400 total
: 106543K->20662K(109248K), 0.0124144 secs] 118246K->32647K(502464K), 0.0124848 secs] [Times: user=0.06 sys=0.00, real=0.02 secs] 
Heap after GC invocations=12 (full 1):
 par new generation   total 109248K, used 20662K [0x00000007a0000000, 0x00000007a8000000, 0x00000007a8000000)
  eden space 87424K,   0% used [0x00000007a0000000, 0x00000007a0000000, 0x00000007a5560000)
  from space 21824K,  94% used [0x00000007a5560000, 0x00000007a698dbe0, 0x00000007a6ab0000)
  to   space 21824K,   0% used [0x00000007a6ab0000, 0x00000007a6ab0000, 0x00000007a8000000)
 concurrent mark-sweep generation total 393216K, used 11984K [0x00000007a8000000, 0x00000007c0000000, 0x00000007c0000000)
 Metaspace       used 33316K, capacity 34256K, committed 34532K, reserved 1079296K
  class space    used 4011K, capacity 4281K, committed 4324K, reserved 1048576K
}
2018-04-03T13:39:22.431+0700: 2.693: Total time for which application threads were stopped: 0.0128417 seconds, Stopping threads took: 0.0001266 seconds
{Heap before GC invocations=12 (full 1):
 par new generation   total 109248K, used 108086K [0x00000007a0000000, 0x00000007a8000000, 0x00000007a8000000)
  eden space 87424K, 100% used [0x00000007a0000000, 0x00000007a5560000, 0x00000007a5560000)
  from space 21824K,  94% used [0x00000007a5560000, 0x00000007a698dbe0, 0x00000007a6ab0000)
  to   space 21824K,   0% used [0x00000007a6ab0000, 0x00000007a6ab0000, 0x00000007a8000000)
 concurrent mark-sweep generation total 393216K, used 11984K [0x00000007a8000000, 0x00000007c0000000, 0x00000007c0000000)
 Metaspace       used 33527K, capacity 34416K, committed 34532K, reserved 1079296K
  class space    used 4032K, capacity 4313K, committed 4324K, reserved 1048576K
2018-04-03T13:39:22.509+0700: 2.770: [GC (Allocation Failure) 2018-04-03T13:39:22.509+0700: 2.770: [ParNew
Desired survivor size 20112992 bytes, new threshold 8 (max 8)
- age   1:    1710680 bytes,    1710680 total
- age   2:     386928 bytes,    2097608 total
- age   3:     248928 bytes,    2346536 total
- age   4:     212096 bytes,    2558632 total
- age   5:     176048 bytes,    2734680 total
- age   6:     465824 bytes,    3200504 total
- age   7:   11541616 bytes,   14742120 total
- age   8:    1550120 bytes,   16292240 total
: 108086K->21188K(109248K), 0.0125440 secs] 120071K->33363K(502464K), 0.0126321 secs] [Times: user=0.05 sys=0.00, real=0.02 secs] 
Heap after GC invocations=13 (full 1):
 par new generation   total 109248K, used 21188K [0x00000007a0000000, 0x00000007a8000000, 0x00000007a8000000)
  eden space 87424K,   0% used [0x00000007a0000000, 0x00000007a0000000, 0x00000007a5560000)
  from space 21824K,  97% used [0x00000007a6ab0000, 0x00000007a7f61340, 0x00000007a8000000)
  to   space 21824K,   0% used [0x00000007a5560000, 0x00000007a5560000, 0x00000007a6ab0000)
 concurrent mark-sweep generation total 393216K, used 12174K [0x00000007a8000000, 0x00000007c0000000, 0x00000007c0000000)
 Metaspace       used 33527K, capacity 34416K, committed 34532K, reserved 1079296K
  class space    used 4032K, capacity 4313K, committed 4324K, reserved 1048576K
}
2018-04-03T13:39:22.521+0700: 2.782: Total time for which application threads were stopped: 0.0128524 seconds, Stopping threads took: 0.0000490 seconds
{Heap before GC invocations=13 (full 1):
 par new generation   total 109248K, used 108612K [0x00000007a0000000, 0x00000007a8000000, 0x00000007a8000000)
  eden space 87424K, 100% used [0x00000007a0000000, 0x00000007a5560000, 0x00000007a5560000)
  from space 21824K,  97% used [0x00000007a6ab0000, 0x00000007a7f61340, 0x00000007a8000000)
  to   space 21824K,   0% used [0x00000007a5560000, 0x00000007a5560000, 0x00000007a6ab0000)
 concurrent mark-sweep generation total 393216K, used 12174K [0x00000007a8000000, 0x00000007c0000000, 0x00000007c0000000)
 Metaspace       used 33799K, capacity 34738K, committed 34916K, reserved 1079296K
  class space    used 4063K, capacity 4352K, committed 4452K, reserved 1048576K
2018-04-03T13:39:22.594+0700: 2.855: [GC (Allocation Failure) 2018-04-03T13:39:22.594+0700: 2.855: [ParNew
Desired survivor size 20112992 bytes, new threshold 8 (max 8)
- age   1:    3375120 bytes,    3375120 total
- age   2:    1049624 bytes,    4424744 total
- age   3:     386896 bytes,    4811640 total
- age   4:     248896 bytes,    5060536 total
- age   5:     212096 bytes,    5272632 total
- age   6:     173664 bytes,    5446296 total
- age   7:     464824 bytes,    5911120 total
- age   8:   11540728 bytes,   17451848 total
: 108612K->21057K(109248K), 0.0166802 secs] 120787K->34785K(502464K), 0.0167784 secs] [Times: user=0.06 sys=0.00, real=0.02 secs] 
Heap after GC invocations=14 (full 1):
 par new generation   total 109248K, used 21057K [0x00000007a0000000, 0x00000007a8000000, 0x00000007a8000000)
  eden space 87424K,   0% used [0x00000007a0000000, 0x00000007a0000000, 0x00000007a5560000)
  from space 21824K,  96% used [0x00000007a5560000, 0x00000007a69f0740, 0x00000007a6ab0000)
  to   space 21824K,   0% used [0x00000007a6ab0000, 0x00000007a6ab0000, 0x00000007a8000000)
 concurrent mark-sweep generation total 393216K, used 13727K [0x00000007a8000000, 0x00000007c0000000, 0x00000007c0000000)
 Metaspace       used 33799K, capacity 34738K, committed 34916K, reserved 1079296K
  class space    used 4063K, capacity 4352K, committed 4452K, reserved 1048576K
}
2018-04-03T13:39:22.610+0700: 2.872: Total time for which application threads were stopped: 0.0170270 seconds, Stopping threads took: 0.0000372 seconds
{Heap before GC invocations=14 (full 1):
 par new generation   total 109248K, used 108481K [0x00000007a0000000, 0x00000007a8000000, 0x00000007a8000000)
  eden space 87424K, 100% used [0x00000007a0000000, 0x00000007a5560000, 0x00000007a5560000)
  from space 21824K,  96% used [0x00000007a5560000, 0x00000007a69f0740, 0x00000007a6ab0000)
  to   space 21824K,   0% used [0x00000007a6ab0000, 0x00000007a6ab0000, 0x00000007a8000000)
 concurrent mark-sweep generation total 393216K, used 13727K [0x00000007a8000000, 0x00000007c0000000, 0x00000007c0000000)
 Metaspace       used 33807K, capacity 34738K, committed 34916K, reserved 1079296K
  class space    used 4064K, capacity 4352K, committed 4452K, reserved 1048576K
2018-04-03T13:39:22.696+0700: 2.957: [GC (Allocation Failure) 2018-04-03T13:39:22.696+0700: 2.957: [ParNew
Desired survivor size 20112992 bytes, new threshold 8 (max 8)
- age   1:     785144 bytes,     785144 total
- age   2:    2575120 bytes,    3360264 total
- age   3:    1049160 bytes,    4409424 total
- age   4:     386896 bytes,    4796320 total
- age   5:     248384 bytes,    5044704 total
- age   6:     212096 bytes,    5256800 total
- age   7:     173600 bytes,    5430400 total
- age   8:     464824 bytes,    5895224 total
: 108481K->14670K(109248K), 0.0357114 secs] 122209K->39699K(502464K), 0.0357918 secs] [Times: user=0.11 sys=0.01, real=0.04 secs] 
Heap after GC invocations=15 (full 1):
 par new generation   total 109248K, used 14670K [0x00000007a0000000, 0x00000007a8000000, 0x00000007a8000000)
  eden space 87424K,   0% used [0x00000007a0000000, 0x00000007a0000000, 0x00000007a5560000)
  from space 21824K,  67% used [0x00000007a6ab0000, 0x00000007a7903940, 0x00000007a8000000)
  to   space 21824K,   0% used [0x00000007a5560000, 0x00000007a5560000, 0x00000007a6ab0000)
 concurrent mark-sweep generation total 393216K, used 25029K [0x00000007a8000000, 0x00000007c0000000, 0x00000007c0000000)
 Metaspace       used 33807K, capacity 34738K, committed 34916K, reserved 1079296K
  class space    used 4064K, capacity 4352K, committed 4452K, reserved 1048576K
}
2018-04-03T13:39:22.732+0700: 2.993: Total time for which application threads were stopped: 0.0359768 seconds, Stopping threads took: 0.0000167 seconds
{Heap before GC invocations=15 (full 1):
 par new generation   total 109248K, used 102094K [0x00000007a0000000, 0x00000007a8000000, 0x00000007a8000000)
  eden space 87424K, 100% used [0x00000007a0000000, 0x00000007a5560000, 0x00000007a5560000)
  from space 21824K,  67% used [0x00000007a6ab0000, 0x00000007a7903940, 0x00000007a8000000)
  to   space 21824K,   0% used [0x00000007a5560000, 0x00000007a5560000, 0x00000007a6ab0000)
 concurrent mark-sweep generation total 393216K, used 25029K [0x00000007a8000000, 0x00000007c0000000, 0x00000007c0000000)
 Metaspace       used 33811K, capacity 34738K, committed 34916K, reserved 1079296K
  class space    used 4064K, capacity 4352K, committed 4452K, reserved 1048576K
2018-04-03T13:39:22.800+0700: 3.061: [GC (Allocation Failure) 2018-04-03T13:39:22.800+0700: 3.061: [ParNew
Desired survivor size 20112992 bytes, new threshold 8 (max 8)
- age   1:     928296 bytes,     928296 total
- age   2:     174304 bytes,    1102600 total
- age   3:    2419696 bytes,    3522296 total
- age   4:    1049160 bytes,    4571456 total
- age   5:     386896 bytes,    4958352 total
- age   6:     248384 bytes,    5206736 total
- age   7:     212096 bytes,    5418832 total
- age   8:     173600 bytes,    5592432 total
: 102094K->7929K(109248K), 0.0090347 secs] 127123K->33415K(502464K), 0.0091429 secs] [Times: user=0.04 sys=0.00, real=0.00 secs] 
Heap after GC invocations=16 (full 1):
 par new generation   total 109248K, used 7929K [0x00000007a0000000, 0x00000007a8000000, 0x00000007a8000000)
  eden space 87424K,   0% used [0x00000007a0000000, 0x00000007a0000000, 0x00000007a5560000)
  from space 21824K,  36% used [0x00000007a5560000, 0x00000007a5d1e5e0, 0x00000007a6ab0000)
  to   space 21824K,   0% used [0x00000007a6ab0000, 0x00000007a6ab0000, 0x00000007a8000000)
 concurrent mark-sweep generation total 393216K, used 25486K [0x00000007a8000000, 0x00000007c0000000, 0x00000007c0000000)
 Metaspace       used 33811K, capacity 34738K, committed 34916K, reserved 1079296K
  class space    used 4064K, capacity 4352K, committed 4452K, reserved 1048576K
}
2018-04-03T13:39:22.809+0700: 3.070: Total time for which application threads were stopped: 0.0093397 seconds, Stopping threads took: 0.0000181 seconds
2018-04-03T13:39:22.869+0700: 3.130: Total time for which application threads were stopped: 0.0001261 seconds, Stopping threads took: 0.0000148 seconds
{Heap before GC invocations=16 (full 1):
 par new generation   total 109248K, used 95353K [0x00000007a0000000, 0x00000007a8000000, 0x00000007a8000000)
  eden space 87424K, 100% used [0x00000007a0000000, 0x00000007a5560000, 0x00000007a5560000)
  from space 21824K,  36% used [0x00000007a5560000, 0x00000007a5d1e5e0, 0x00000007a6ab0000)
  to   space 21824K,   0% used [0x00000007a6ab0000, 0x00000007a6ab0000, 0x00000007a8000000)
 concurrent mark-sweep generation total 393216K, used 25486K [0x00000007a8000000, 0x00000007c0000000, 0x00000007c0000000)
 Metaspace       used 33812K, capacity 34738K, committed 34916K, reserved 1079296K
  class space    used 4064K, capacity 4352K, committed 4452K, reserved 1048576K
2018-04-03T13:39:22.896+0700: 3.157: [GC (Allocation Failure) 2018-04-03T13:39:22.896+0700: 3.157: [ParNew
Desired survivor size 20112992 bytes, new threshold 8 (max 8)
- age   1:    1223808 bytes,    1223808 total
- age   2:     204640 bytes,    1428448 total
- age   3:     174304 bytes,    1602752 total
- age   4:    2419696 bytes,    4022448 total
- age   5:     918056 bytes,    4940504 total
- age   6:     386896 bytes,    5327400 total
- age   7:     248384 bytes,    5575784 total
- age   8:     212096 bytes,    5787880 total
: 95353K->7951K(109248K), 0.0089800 secs] 120839K->33610K(502464K), 0.0090584 secs] [Times: user=0.03 sys=0.00, real=0.01 secs] 
Heap after GC invocations=17 (full 1):
 par new generation   total 109248K, used 7951K [0x00000007a0000000, 0x00000007a8000000, 0x00000007a8000000)
  eden space 87424K,   0% used [0x00000007a0000000, 0x00000007a0000000, 0x00000007a5560000)
  from space 21824K,  36% used [0x00000007a6ab0000, 0x00000007a7273fd0, 0x00000007a8000000)
  to   space 21824K,   0% used [0x00000007a5560000, 0x00000007a5560000, 0x00000007a6ab0000)
 concurrent mark-sweep generation total 393216K, used 25658K [0x00000007a8000000, 0x00000007c0000000, 0x00000007c0000000)
 Metaspace       used 33812K, capacity 34738K, committed 34916K, reserved 1079296K
  class space    used 4064K, capacity 4352K, committed 4452K, reserved 1048576K
}
2018-04-03T13:39:22.905+0700: 3.166: Total time for which application threads were stopped: 0.0092465 seconds, Stopping threads took: 0.0000156 seconds
{Heap before GC invocations=17 (full 1):
 par new generation   total 109248K, used 95375K [0x00000007a0000000, 0x00000007a8000000, 0x00000007a8000000)
  eden space 87424K, 100% used [0x00000007a0000000, 0x00000007a5560000, 0x00000007a5560000)
  from space 21824K,  36% used [0x00000007a6ab0000, 0x00000007a7273fd0, 0x00000007a8000000)
  to   space 21824K,   0% used [0x00000007a5560000, 0x00000007a5560000, 0x00000007a6ab0000)
 concurrent mark-sweep generation total 393216K, used 25658K [0x00000007a8000000, 0x00000007c0000000, 0x00000007c0000000)
 Metaspace       used 33813K, capacity 34738K, committed 34916K, reserved 1079296K
  class space    used 4064K, capacity 4352K, committed 4452K, reserved 1048576K
2018-04-03T13:39:22.969+0700: 3.230: [GC (Allocation Failure) 2018-04-03T13:39:22.969+0700: 3.230: [ParNew
Desired survivor size 20112992 bytes, new threshold 8 (max 8)
- age   1:    1131872 bytes,    1131872 total
- age   2:     497272 bytes,    1629144 total
- age   3:     204536 bytes,    1833680 total
- age   4:     174304 bytes,    2007984 total
- age   5:    2419696 bytes,    4427680 total
- age   6:     852504 bytes,    5280184 total
- age   7:     386896 bytes,    5667080 total
- age   8:     248384 bytes,    5915464 total
: 95375K->7542K(109248K), 0.0068039 secs] 121034K->33409K(502464K), 0.0068864 secs] [Times: user=0.03 sys=0.00, real=0.01 secs] 
Heap after GC invocations=18 (full 1):
 par new generation   total 109248K, used 7542K [0x00000007a0000000, 0x00000007a8000000, 0x00000007a8000000)
  eden space 87424K,   0% used [0x00000007a0000000, 0x00000007a0000000, 0x00000007a5560000)
  from space 21824K,  34% used [0x00000007a5560000, 0x00000007a5cbdbe0, 0x00000007a6ab0000)
  to   space 21824K,   0% used [0x00000007a6ab0000, 0x00000007a6ab0000, 0x00000007a8000000)
 concurrent mark-sweep generation total 393216K, used 25866K [0x00000007a8000000, 0x00000007c0000000, 0x00000007c0000000)
 Metaspace       used 33813K, capacity 34738K, committed 34916K, reserved 1079296K
  class space    used 4064K, capacity 4352K, committed 4452K, reserved 1048576K
}
2018-04-03T13:39:22.976+0700: 3.237: Total time for which application threads were stopped: 0.0070835 seconds, Stopping threads took: 0.0000314 seconds
{Heap before GC invocations=18 (full 1):
 par new generation   total 109248K, used 94966K [0x00000007a0000000, 0x00000007a8000000, 0x00000007a8000000)
  eden space 87424K, 100% used [0x00000007a0000000, 0x00000007a5560000, 0x00000007a5560000)
  from space 21824K,  34% used [0x00000007a5560000, 0x00000007a5cbdbe0, 0x00000007a6ab0000)
  to   space 21824K,   0% used [0x00000007a6ab0000, 0x00000007a6ab0000, 0x00000007a8000000)
 concurrent mark-sweep generation total 393216K, used 25866K [0x00000007a8000000, 0x00000007c0000000, 0x00000007c0000000)
 Metaspace       used 33817K, capacity 34738K, committed 34916K, reserved 1079296K
  class space    used 4064K, capacity 4352K, committed 4452K, reserved 1048576K
2018-04-03T13:39:23.028+0700: 3.289: [GC (Allocation Failure) 2018-04-03T13:39:23.028+0700: 3.289: [ParNew
Desired survivor size 20112992 bytes, new threshold 8 (max 8)
- age   1:    1161648 bytes,    1161648 total
- age   2:     278616 bytes,    1440264 total
- age   3:     497272 bytes,    1937536 total
- age   4:     204536 bytes,    2142072 total
- age   5:     174304 bytes,    2316376 total
- age   6:    2419696 bytes,    4736072 total
- age   7:     852504 bytes,    5588576 total
- age   8:     386896 bytes,    5975472 total
: 94966K->7253K(109248K), 0.0070013 secs] 120833K->33364K(502464K), 0.0070677 secs] [Times: user=0.02 sys=0.00, real=0.01 secs] 
Heap after GC invocations=19 (full 1):
 par new generation   total 109248K, used 7253K [0x00000007a0000000, 0x00000007a8000000, 0x00000007a8000000)
  eden space 87424K,   0% used [0x00000007a0000000, 0x00000007a0000000, 0x00000007a5560000)
  from space 21824K,  33% used [0x00000007a6ab0000, 0x00000007a71c5610, 0x00000007a8000000)
  to   space 21824K,   0% used [0x00000007a5560000, 0x00000007a5560000, 0x00000007a6ab0000)
 concurrent mark-sweep generation total 393216K, used 26111K [0x00000007a8000000, 0x00000007c0000000, 0x00000007c0000000)
 Metaspace       used 33817K, capacity 34738K, committed 34916K, reserved 1079296K
  class space    used 4064K, capacity 4352K, committed 4452K, reserved 1048576K
}
2018-04-03T13:39:23.035+0700: 3.296: Total time for which application threads were stopped: 0.0072442 seconds, Stopping threads took: 0.0000330 seconds
{Heap before GC invocations=19 (full 1):
 par new generation   total 109248K, used 94677K [0x00000007a0000000, 0x00000007a8000000, 0x00000007a8000000)
  eden space 87424K, 100% used [0x00000007a0000000, 0x00000007a5560000, 0x00000007a5560000)
  from space 21824K,  33% used [0x00000007a6ab0000, 0x00000007a71c5610, 0x00000007a8000000)
  to   space 21824K,   0% used [0x00000007a5560000, 0x00000007a5560000, 0x00000007a6ab0000)
 concurrent mark-sweep generation total 393216K, used 26111K [0x00000007a8000000, 0x00000007c0000000, 0x00000007c0000000)
 Metaspace       used 33817K, capacity 34738K, committed 34916K, reserved 1079296K
  class space    used 4064K, capacity 4352K, committed 4452K, reserved 1048576K
2018-04-03T13:39:23.102+0700: 3.363: [GC (Allocation Failure) 2018-04-03T13:39:23.102+0700: 3.363: [ParNew
Desired survivor size 20112992 bytes, new threshold 8 (max 8)
- age   1:     826728 bytes,     826728 total
- age   2:     483808 bytes,    1310536 total
- age   3:     274176 bytes,    1584712 total
- age   4:     497272 bytes,    2081984 total
- age   5:     204536 bytes,    2286520 total
- age   6:     174304 bytes,    2460824 total
- age   7:    2419696 bytes,    4880520 total
- age   8:     852504 bytes,    5733024 total
: 94677K->8547K(109248K), 0.0091211 secs] 120788K->35037K(502464K), 0.0092272 secs] [Times: user=0.04 sys=0.00, real=0.01 secs] 
Heap after GC invocations=20 (full 1):
 par new generation   total 109248K, used 8547K [0x00000007a0000000, 0x00000007a8000000, 0x00000007a8000000)
  eden space 87424K,   0% used [0x00000007a0000000, 0x00000007a0000000, 0x00000007a5560000)
  from space 21824K,  39% used [0x00000007a5560000, 0x00000007a5db8e68, 0x00000007a6ab0000)
  to   space 21824K,   0% used [0x00000007a6ab0000, 0x00000007a6ab0000, 0x00000007a8000000)
 concurrent mark-sweep generation total 393216K, used 26489K [0x00000007a8000000, 0x00000007c0000000, 0x00000007c0000000)
 Metaspace       used 33817K, capacity 34738K, committed 34916K, reserved 1079296K
  class space    used 4064K, capacity 4352K, committed 4452K, reserved 1048576K
}
2018-04-03T13:39:23.111+0700: 3.372: Total time for which application threads were stopped: 0.0094293 seconds, Stopping threads took: 0.0000189 seconds
{Heap before GC invocations=20 (full 1):
 par new generation   total 109248K, used 95971K [0x00000007a0000000, 0x00000007a8000000, 0x00000007a8000000)
  eden space 87424K, 100% used [0x00000007a0000000, 0x00000007a5560000, 0x00000007a5560000)
  from space 21824K,  39% used [0x00000007a5560000, 0x00000007a5db8e68, 0x00000007a6ab0000)
  to   space 21824K,   0% used [0x00000007a6ab0000, 0x00000007a6ab0000, 0x00000007a8000000)
 concurrent mark-sweep generation total 393216K, used 26489K [0x00000007a8000000, 0x00000007c0000000, 0x00000007c0000000)
 Metaspace       used 33830K, capacity 34802K, committed 35172K, reserved 1079296K
  class space    used 4064K, capacity 4352K, committed 4452K, reserved 1048576K
2018-04-03T13:39:23.174+0700: 3.435: [GC (Allocation Failure) 2018-04-03T13:39:23.174+0700: 3.435: [ParNew
Desired survivor size 20112992 bytes, new threshold 8 (max 8)
- age   1:     981592 bytes,     981592 total
- age   2:     109840 bytes,    1091432 total
- age   3:     483672 bytes,    1575104 total
- age   4:     274176 bytes,    1849280 total
- age   5:     497272 bytes,    2346552 total
- age   6:     204536 bytes,    2551088 total
- age   7:     174304 bytes,    2725392 total
- age   8:    2419696 bytes,    5145088 total
: 95971K->6551K(109248K), 0.0073229 secs] 122461K->33880K(502464K), 0.0073914 secs] [Times: user=0.03 sys=0.00, real=0.01 secs] 
Heap after GC invocations=21 (full 1):
 par new generation   total 109248K, used 6551K [0x00000007a0000000, 0x00000007a8000000, 0x00000007a8000000)
  eden space 87424K,   0% used [0x00000007a0000000, 0x00000007a0000000, 0x00000007a5560000)
  from space 21824K,  30% used [0x00000007a6ab0000, 0x00000007a7115f80, 0x00000007a8000000)
  to   space 21824K,   0% used [0x00000007a5560000, 0x00000007a5560000, 0x00000007a6ab0000)
 concurrent mark-sweep generation total 393216K, used 27329K [0x00000007a8000000, 0x00000007c0000000, 0x00000007c0000000)
 Metaspace       used 33830K, capacity 34802K, committed 35172K, reserved 1079296K
  class space    used 4064K, capacity 4352K, committed 4452K, reserved 1048576K
}
2018-04-03T13:39:23.181+0700: 3.442: Total time for which application threads were stopped: 0.0075784 seconds, Stopping threads took: 0.0000305 seconds
{Heap before GC invocations=21 (full 1):
 par new generation   total 109248K, used 93975K [0x00000007a0000000, 0x00000007a8000000, 0x00000007a8000000)
  eden space 87424K, 100% used [0x00000007a0000000, 0x00000007a5560000, 0x00000007a5560000)
  from space 21824K,  30% used [0x00000007a6ab0000, 0x00000007a7115f80, 0x00000007a8000000)
  to   space 21824K,   0% used [0x00000007a5560000, 0x00000007a5560000, 0x00000007a6ab0000)
 concurrent mark-sweep generation total 393216K, used 27329K [0x00000007a8000000, 0x00000007c0000000, 0x00000007c0000000)
 Metaspace       used 33831K, capacity 34802K, committed 35172K, reserved 1079296K
  class space    used 4064K, capacity 4352K, committed 4452K, reserved 1048576K
2018-04-03T13:39:23.243+0700: 3.504: [GC (Allocation Failure) 2018-04-03T13:39:23.243+0700: 3.505: [ParNew
Desired survivor size 20112992 bytes, new threshold 8 (max 8)
- age   1:    1459720 bytes,    1459720 total
- age   2:     203888 bytes,    1663608 total
- age   3:     109840 bytes,    1773448 total
- age   4:     202112 bytes,    1975560 total
- age   5:     274080 bytes,    2249640 total
- age   6:     497272 bytes,    2746912 total
- age   7:     204536 bytes,    2951448 total
- age   8:     174304 bytes,    3125752 total
: 93975K->5529K(109248K), 0.0108621 secs] 121304K->35228K(502464K), 0.0109798 secs] [Times: user=0.04 sys=0.01, real=0.01 secs] 
Heap after GC invocations=22 (full 1):
 par new generation   total 109248K, used 5529K [0x00000007a0000000, 0x00000007a8000000, 0x00000007a8000000)
  eden space 87424K,   0% used [0x00000007a0000000, 0x00000007a0000000, 0x00000007a5560000)
  from space 21824K,  25% used [0x00000007a5560000, 0x00000007a5ac65f8, 0x00000007a6ab0000)
  to   space 21824K,   0% used [0x00000007a6ab0000, 0x00000007a6ab0000, 0x00000007a8000000)
 concurrent mark-sweep generation total 393216K, used 29699K [0x00000007a8000000, 0x00000007c0000000, 0x00000007c0000000)
 Metaspace       used 33831K, capacity 34802K, committed 35172K, reserved 1079296K
  class space    used 4064K, capacity 4352K, committed 4452K, reserved 1048576K
}
2018-04-03T13:39:23.254+0700: 3.516: Total time for which application threads were stopped: 0.0111903 seconds, Stopping threads took: 0.0000182 seconds
{Heap before GC invocations=22 (full 1):
 par new generation   total 109248K, used 92953K [0x00000007a0000000, 0x00000007a8000000, 0x00000007a8000000)
  eden space 87424K, 100% used [0x00000007a0000000, 0x00000007a5560000, 0x00000007a5560000)
  from space 21824K,  25% used [0x00000007a5560000, 0x00000007a5ac65f8, 0x00000007a6ab0000)
  to   space 21824K,   0% used [0x00000007a6ab0000, 0x00000007a6ab0000, 0x00000007a8000000)
 concurrent mark-sweep generation total 393216K, used 29699K [0x00000007a8000000, 0x00000007c0000000, 0x00000007c0000000)
 Metaspace       used 33831K, capacity 34802K, committed 35172K, reserved 1079296K
  class space    used 4064K, capacity 4352K, committed 4452K, reserved 1048576K
2018-04-03T13:39:23.303+0700: 3.564: [GC (Allocation Failure) 2018-04-03T13:39:23.303+0700: 3.564: [ParNew
Desired survivor size 20112992 bytes, new threshold 8 (max 8)
- age   1:     396712 bytes,     396712 total
- age   2:    1331224 bytes,    1727936 total
- age   3:     203704 bytes,    1931640 total
- age   4:     109840 bytes,    2041480 total
- age   5:     202112 bytes,    2243592 total
- age   6:     274080 bytes,    2517672 total
- age   7:     497272 bytes,    3014944 total
- age   8:     204536 bytes,    3219480 total
: 92953K->4306K(109248K), 0.0071782 secs] 122652K->34176K(502464K), 0.0072731 secs] [Times: user=0.02 sys=0.00, real=0.01 secs] 
Heap after GC invocations=23 (full 1):
 par new generation   total 109248K, used 4306K [0x00000007a0000000, 0x00000007a8000000, 0x00000007a8000000)
  eden space 87424K,   0% used [0x00000007a0000000, 0x00000007a0000000, 0x00000007a5560000)
  from space 21824K,  19% used [0x00000007a6ab0000, 0x00000007a6ee49a8, 0x00000007a8000000)
  to   space 21824K,   0% used [0x00000007a5560000, 0x00000007a5560000, 0x00000007a6ab0000)
 concurrent mark-sweep generation total 393216K, used 29869K [0x00000007a8000000, 0x00000007c0000000, 0x00000007c0000000)
 Metaspace       used 33831K, capacity 34802K, committed 35172K, reserved 1079296K
  class space    used 4064K, capacity 4352K, committed 4452K, reserved 1048576K
}
2018-04-03T13:39:23.310+0700: 3.572: Total time for which application threads were stopped: 0.0074527 seconds, Stopping threads took: 0.0000182 seconds
{Heap before GC invocations=23 (full 1):
 par new generation   total 109248K, used 91730K [0x00000007a0000000, 0x00000007a8000000, 0x00000007a8000000)
  eden space 87424K, 100% used [0x00000007a0000000, 0x00000007a5560000, 0x00000007a5560000)
  from space 21824K,  19% used [0x00000007a6ab0000, 0x00000007a6ee49a8, 0x00000007a8000000)
  to   space 21824K,   0% used [0x00000007a5560000, 0x00000007a5560000, 0x00000007a6ab0000)
 concurrent mark-sweep generation total 393216K, used 29869K [0x00000007a8000000, 0x00000007c0000000, 0x00000007c0000000)
 Metaspace       used 33831K, capacity 34802K, committed 35172K, reserved 1079296K
  class space    used 4064K, capacity 4352K, committed 4452K, reserved 1048576K
2018-04-03T13:39:23.366+0700: 3.628: [GC (Allocation Failure) 2018-04-03T13:39:23.367+0700: 3.628: [ParNew
Desired survivor size 20112992 bytes, new threshold 8 (max 8)
- age   1:    2076944 bytes,    2076944 total
- age   2:     290272 bytes,    2367216 total
- age   3:     235040 bytes,    2602256 total
- age   4:     203704 bytes,    2805960 total
- age   5:     109840 bytes,    2915800 total
- age   6:     202112 bytes,    3117912 total
- age   7:     274080 bytes,    3391992 total
- age   8:     235096 bytes,    3627088 total
: 91730K->4454K(109248K), 0.0064016 secs] 121600K->34524K(502464K), 0.0065096 secs] [Times: user=0.02 sys=0.00, real=0.01 secs] 
Heap after GC invocations=24 (full 1):
 par new generation   total 109248K, used 4454K [0x00000007a0000000, 0x00000007a8000000, 0x00000007a8000000)
  eden space 87424K,   0% used [0x00000007a0000000, 0x00000007a0000000, 0x00000007a5560000)
  from space 21824K,  20% used [0x00000007a5560000, 0x00000007a59b9bc8, 0x00000007a6ab0000)
  to   space 21824K,   0% used [0x00000007a6ab0000, 0x00000007a6ab0000, 0x00000007a8000000)
 concurrent mark-sweep generation total 393216K, used 30069K [0x00000007a8000000, 0x00000007c0000000, 0x00000007c0000000)
 Metaspace       used 33831K, capacity 34802K, committed 35172K, reserved 1079296K
  class space    used 4064K, capacity 4352K, committed 4452K, reserved 1048576K
}
2018-04-03T13:39:23.373+0700: 3.634: Total time for which application threads were stopped: 0.0067216 seconds, Stopping threads took: 0.0000195 seconds
{Heap before GC invocations=24 (full 1):
 par new generation   total 109248K, used 91878K [0x00000007a0000000, 0x00000007a8000000, 0x00000007a8000000)
  eden space 87424K, 100% used [0x00000007a0000000, 0x00000007a5560000, 0x00000007a5560000)
  from space 21824K,  20% used [0x00000007a5560000, 0x00000007a59b9bc8, 0x00000007a6ab0000)
  to   space 21824K,   0% used [0x00000007a6ab0000, 0x00000007a6ab0000, 0x00000007a8000000)
 concurrent mark-sweep generation total 393216K, used 30069K [0x00000007a8000000, 0x00000007c0000000, 0x00000007c0000000)
 Metaspace       used 33831K, capacity 34802K, committed 35172K, reserved 1079296K
  class space    used 4064K, capacity 4352K, committed 4452K, reserved 1048576K
2018-04-03T13:39:23.427+0700: 3.688: [GC (Allocation Failure) 2018-04-03T13:39:23.427+0700: 3.688: [ParNew
Desired survivor size 20112992 bytes, new threshold 8 (max 8)
- age   1:    1204024 bytes,    1204024 total
- age   2:    1050696 bytes,    2254720 total
- age   3:     290272 bytes,    2544992 total
- age   4:     235040 bytes,    2780032 total
- age   5:     203704 bytes,    2983736 total
- age   6:     109840 bytes,    3093576 total
- age   7:     202112 bytes,    3295688 total
- age   8:     274080 bytes,    3569768 total
: 91878K->3931K(109248K), 0.0057009 secs] 121948K->34230K(502464K), 0.0057915 secs] [Times: user=0.02 sys=0.00, real=0.01 secs] 
Heap after GC invocations=25 (full 1):
 par new generation   total 109248K, used 3931K [0x00000007a0000000, 0x00000007a8000000, 0x00000007a8000000)
  eden space 87424K,   0% used [0x00000007a0000000, 0x00000007a0000000, 0x00000007a5560000)
  from space 21824K,  18% used [0x00000007a6ab0000, 0x00000007a6e86d18, 0x00000007a8000000)
  to   space 21824K,   0% used [0x00000007a5560000, 0x00000007a5560000, 0x00000007a6ab0000)
 concurrent mark-sweep generation total 393216K, used 30299K [0x00000007a8000000, 0x00000007c0000000, 0x00000007c0000000)
 Metaspace       used 33831K, capacity 34802K, committed 35172K, reserved 1079296K
  class space    used 4064K, capacity 4352K, committed 4452K, reserved 1048576K
}
2018-04-03T13:39:23.433+0700: 3.694: Total time for which application threads were stopped: 0.0059683 seconds, Stopping threads took: 0.0000159 seconds
{Heap before GC invocations=25 (full 1):
 par new generation   total 109248K, used 91355K [0x00000007a0000000, 0x00000007a8000000, 0x00000007a8000000)
  eden space 87424K, 100% used [0x00000007a0000000, 0x00000007a5560000, 0x00000007a5560000)
  from space 21824K,  18% used [0x00000007a6ab0000, 0x00000007a6e86d18, 0x00000007a8000000)
  to   space 21824K,   0% used [0x00000007a5560000, 0x00000007a5560000, 0x00000007a6ab0000)
 concurrent mark-sweep generation total 393216K, used 30299K [0x00000007a8000000, 0x00000007c0000000, 0x00000007c0000000)
 Metaspace       used 33831K, capacity 34802K, committed 35172K, reserved 1079296K
  class space    used 4064K, capacity 4352K, committed 4452K, reserved 1048576K
2018-04-03T13:39:23.478+0700: 3.740: [GC (Allocation Failure) 2018-04-03T13:39:23.478+0700: 3.740: [ParNew
Desired survivor size 20112992 bytes, new threshold 8 (max 8)
- age   1:     204872 bytes,     204872 total
- age   2:    1124200 bytes,    1329072 total
- age   3:    1050456 bytes,    2379528 total
- age   4:     290272 bytes,    2669800 total
- age   5:     235040 bytes,    2904840 total
- age   6:     203704 bytes,    3108544 total
- age   7:     109840 bytes,    3218384 total
- age   8:     202112 bytes,    3420496 total
: 91355K->3576K(109248K), 0.0057699 secs] 121654K->34143K(502464K), 0.0058396 secs] [Times: user=0.02 sys=0.00, real=0.01 secs] 
Heap after GC invocations=26 (full 1):
 par new generation   total 109248K, used 3576K [0x00000007a0000000, 0x00000007a8000000, 0x00000007a8000000)
  eden space 87424K,   0% used [0x00000007a0000000, 0x00000007a0000000, 0x00000007a5560000)
  from space 21824K,  16% used [0x00000007a5560000, 0x00000007a58de2f0, 0x00000007a6ab0000)
  to   space 21824K,   0% used [0x00000007a6ab0000, 0x00000007a6ab0000, 0x00000007a8000000)
 concurrent mark-sweep generation total 393216K, used 30566K [0x00000007a8000000, 0x00000007c0000000, 0x00000007c0000000)
 Metaspace       used 33831K, capacity 34802K, committed 35172K, reserved 1079296K
  class space    used 4064K, capacity 4352K, committed 4452K, reserved 1048576K
}
2018-04-03T13:39:23.484+0700: 3.745: Total time for which application threads were stopped: 0.0060816 seconds, Stopping threads took: 0.0000163 seconds
{Heap before GC invocations=26 (full 1):
 par new generation   total 109248K, used 91000K [0x00000007a0000000, 0x00000007a8000000, 0x00000007a8000000)
  eden space 87424K, 100% used [0x00000007a0000000, 0x00000007a5560000, 0x00000007a5560000)
  from space 21824K,  16% used [0x00000007a5560000, 0x00000007a58de2f0, 0x00000007a6ab0000)
  to   space 21824K,   0% used [0x00000007a6ab0000, 0x00000007a6ab0000, 0x00000007a8000000)
 concurrent mark-sweep generation total 393216K, used 30566K [0x00000007a8000000, 0x00000007c0000000, 0x00000007c0000000)
 Metaspace       used 33831K, capacity 34802K, committed 35172K, reserved 1079296K
  class space    used 4064K, capacity 4352K, committed 4452K, reserved 1048576K
2018-04-03T13:39:23.525+0700: 3.786: [GC (Allocation Failure) 2018-04-03T13:39:23.525+0700: 3.786: [ParNew
Desired survivor size 20112992 bytes, new threshold 8 (max 8)
- age   1:    1465048 bytes,    1465048 total
- age   2:     105128 bytes,    1570176 total
- age   3:     137944 bytes,    1708120 total
- age   4:    1050256 bytes,    2758376 total
- age   5:     290144 bytes,    3048520 total
- age   6:     235040 bytes,    3283560 total
- age   7:     203704 bytes,    3487264 total
- age   8:     109840 bytes,    3597104 total
: 91000K->3634K(109248K), 0.0038329 secs] 121567K->34398K(502464K), 0.0039160 secs] [Times: user=0.01 sys=0.00, real=0.00 secs] 
Heap after GC invocations=27 (full 1):
 par new generation   total 109248K, used 3634K [0x00000007a0000000, 0x00000007a8000000, 0x00000007a8000000)
  eden space 87424K,   0% used [0x00000007a0000000, 0x00000007a0000000, 0x00000007a5560000)
  from space 21824K,  16% used [0x00000007a6ab0000, 0x00000007a6e3c990, 0x00000007a8000000)
  to   space 21824K,   0% used [0x00000007a5560000, 0x00000007a5560000, 0x00000007a6ab0000)
 concurrent mark-sweep generation total 393216K, used 30764K [0x00000007a8000000, 0x00000007c0000000, 0x00000007c0000000)
 Metaspace       used 33831K, capacity 34802K, committed 35172K, reserved 1079296K
  class space    used 4064K, capacity 4352K, committed 4452K, reserved 1048576K
}
2018-04-03T13:39:23.529+0700: 3.790: Total time for which application threads were stopped: 0.0040744 seconds, Stopping threads took: 0.0000154 seconds
{Heap before GC invocations=27 (full 1):
 par new generation   total 109248K, used 91058K [0x00000007a0000000, 0x00000007a8000000, 0x00000007a8000000)
  eden space 87424K, 100% used [0x00000007a0000000, 0x00000007a5560000, 0x00000007a5560000)
  from space 21824K,  16% used [0x00000007a6ab0000, 0x00000007a6e3c990, 0x00000007a8000000)
  to   space 21824K,   0% used [0x00000007a5560000, 0x00000007a5560000, 0x00000007a6ab0000)
 concurrent mark-sweep generation total 393216K, used 30764K [0x00000007a8000000, 0x00000007c0000000, 0x00000007c0000000)
 Metaspace       used 33833K, capacity 34802K, committed 35172K, reserved 1079296K
  class space    used 4064K, capacity 4352K, committed 4452K, reserved 1048576K
2018-04-03T13:39:23.564+0700: 3.825: [GC (Allocation Failure) 2018-04-03T13:39:23.564+0700: 3.825: [ParNew
Desired survivor size 20112992 bytes, new threshold 8 (max 8)
- age   1:     189872 bytes,     189872 total
- age   2:    1317056 bytes,    1506928 total
- age   3:     105128 bytes,    1612056 total
- age   4:     136856 bytes,    1748912 total
- age   5:    1083040 bytes,    2831952 total
- age   6:     322928 bytes,    3154880 total
- age   7:     235040 bytes,    3389920 total
- age   8:     203704 bytes,    3593624 total
: 91058K->3568K(109248K), 0.0048529 secs] 121822K->34440K(502464K), 0.0049171 secs] [Times: user=0.01 sys=0.00, real=0.00 secs] 
Heap after GC invocations=28 (full 1):
 par new generation   total 109248K, used 3568K [0x00000007a0000000, 0x00000007a8000000, 0x00000007a8000000)
  eden space 87424K,   0% used [0x00000007a0000000, 0x00000007a0000000, 0x00000007a5560000)
  from space 21824K,  16% used [0x00000007a5560000, 0x00000007a58dc340, 0x00000007a6ab0000)
  to   space 21824K,   0% used [0x00000007a6ab0000, 0x00000007a6ab0000, 0x00000007a8000000)
 concurrent mark-sweep generation total 393216K, used 30871K [0x00000007a8000000, 0x00000007c0000000, 0x00000007c0000000)
 Metaspace       used 33833K, capacity 34802K, committed 35172K, reserved 1079296K
  class space    used 4064K, capacity 4352K, committed 4452K, reserved 1048576K
}
2018-04-03T13:39:23.569+0700: 3.830: Total time for which application threads were stopped: 0.0050668 seconds, Stopping threads took: 0.0000147 seconds
{Heap before GC invocations=28 (full 1):
 par new generation   total 109248K, used 90992K [0x00000007a0000000, 0x00000007a8000000, 0x00000007a8000000)
  eden space 87424K, 100% used [0x00000007a0000000, 0x00000007a5560000, 0x00000007a5560000)
  from space 21824K,  16% used [0x00000007a5560000, 0x00000007a58dc340, 0x00000007a6ab0000)
  to   space 21824K,   0% used [0x00000007a6ab0000, 0x00000007a6ab0000, 0x00000007a8000000)
 concurrent mark-sweep generation total 393216K, used 30871K [0x00000007a8000000, 0x00000007c0000000, 0x00000007c0000000)
 Metaspace       used 33833K, capacity 34802K, committed 35172K, reserved 1079296K
  class space    used 4064K, capacity 4352K, committed 4452K, reserved 1048576K
2018-04-03T13:39:23.596+0700: 3.857: [GC (Allocation Failure) 2018-04-03T13:39:23.596+0700: 3.857: [ParNew
Desired survivor size 20112992 bytes, new threshold 8 (max 8)
- age   1:    1582944 bytes,    1582944 total
- age   2:     104784 bytes,    1687728 total
- age   3:     207312 bytes,    1895040 total
- age   4:     104856 bytes,    1999896 total
- age   5:     136856 bytes,    2136752 total
- age   6:    1050256 bytes,    3187008 total
- age   7:     290144 bytes,    3477152 total
- age   8:     235040 bytes,    3712192 total
: 90992K->3676K(109248K), 0.0056706 secs] 121864K->34746K(502464K), 0.0057531 secs] [Times: user=0.02 sys=0.00, real=0.01 secs] 
Heap after GC invocations=29 (full 1):
 par new generation   total 109248K, used 3676K [0x00000007a0000000, 0x00000007a8000000, 0x00000007a8000000)
  eden space 87424K,   0% used [0x00000007a0000000, 0x00000007a0000000, 0x00000007a5560000)
  from space 21824K,  16% used [0x00000007a6ab0000, 0x00000007a6e47160, 0x00000007a8000000)
  to   space 21824K,   0% used [0x00000007a5560000, 0x00000007a5560000, 0x00000007a6ab0000)
 concurrent mark-sweep generation total 393216K, used 31070K [0x00000007a8000000, 0x00000007c0000000, 0x00000007c0000000)
 Metaspace       used 33833K, capacity 34802K, committed 35172K, reserved 1079296K
  class space    used 4064K, capacity 4352K, committed 4452K, reserved 1048576K
}
2018-04-03T13:39:23.601+0700: 3.862: Total time for which application threads were stopped: 0.0058972 seconds, Stopping threads took: 0.0000133 seconds
{Heap before GC invocations=29 (full 1):
 par new generation   total 109248K, used 91100K [0x00000007a0000000, 0x00000007a8000000, 0x00000007a8000000)
  eden space 87424K, 100% used [0x00000007a0000000, 0x00000007a5560000, 0x00000007a5560000)
  from space 21824K,  16% used [0x00000007a6ab0000, 0x00000007a6e47160, 0x00000007a8000000)
  to   space 21824K,   0% used [0x00000007a5560000, 0x00000007a5560000, 0x00000007a6ab0000)
 concurrent mark-sweep generation total 393216K, used 31070K [0x00000007a8000000, 0x00000007c0000000, 0x00000007c0000000)
 Metaspace       used 33833K, capacity 34802K, committed 35172K, reserved 1079296K
  class space    used 4064K, capacity 4352K, committed 4452K, reserved 1048576K
2018-04-03T13:39:23.638+0700: 3.899: [GC (Allocation Failure) 2018-04-03T13:39:23.638+0700: 3.900: [ParNew
Desired survivor size 20112992 bytes, new threshold 8 (max 8)
- age   1:     338152 bytes,     338152 total
- age   2:    1483936 bytes,    1822088 total
- age   3:     104784 bytes,    1926872 total
- age   4:     207168 bytes,    2134040 total
- age   5:     104856 bytes,    2238896 total
- age   6:     136856 bytes,    2375752 total
- age   7:    1050256 bytes,    3426008 total
- age   8:     290144 bytes,    3716152 total
: 91100K->3660K(109248K), 0.0098283 secs] 122170K->34960K(502464K), 0.0098928 secs] [Times: user=0.02 sys=0.01, real=0.01 secs] 
Heap after GC invocations=30 (full 1):
 par new generation   total 109248K, used 3660K [0x00000007a0000000, 0x00000007a8000000, 0x00000007a8000000)
  eden space 87424K,   0% used [0x00000007a0000000, 0x00000007a0000000, 0x00000007a5560000)
  from space 21824K,  16% used [0x00000007a5560000, 0x00000007a58f31e8, 0x00000007a6ab0000)
  to   space 21824K,   0% used [0x00000007a6ab0000, 0x00000007a6ab0000, 0x00000007a8000000)
 concurrent mark-sweep generation total 393216K, used 31299K [0x00000007a8000000, 0x00000007c0000000, 0x00000007c0000000)
 Metaspace       used 33833K, capacity 34802K, committed 35172K, reserved 1079296K
  class space    used 4064K, capacity 4352K, committed 4452K, reserved 1048576K
}
2018-04-03T13:39:23.648+0700: 3.909: Total time for which application threads were stopped: 0.0100469 seconds, Stopping threads took: 0.0000146 seconds
{Heap before GC invocations=30 (full 1):
 par new generation   total 109248K, used 91084K [0x00000007a0000000, 0x00000007a8000000, 0x00000007a8000000)
  eden space 87424K, 100% used [0x00000007a0000000, 0x00000007a5560000, 0x00000007a5560000)
  from space 21824K,  16% used [0x00000007a5560000, 0x00000007a58f31e8, 0x00000007a6ab0000)
  to   space 21824K,   0% used [0x00000007a6ab0000, 0x00000007a6ab0000, 0x00000007a8000000)
 concurrent mark-sweep generation total 393216K, used 31299K [0x00000007a8000000, 0x00000007c0000000, 0x00000007c0000000)
 Metaspace       used 33834K, capacity 34802K, committed 35172K, reserved 1079296K
  class space    used 4064K, capacity 4352K, committed 4452K, reserved 1048576K
2018-04-03T13:39:23.678+0700: 3.939: [GC (Allocation Failure) 2018-04-03T13:39:23.678+0700: 3.939: [ParNew
Desired survivor size 20112992 bytes, new threshold 8 (max 8)
- age   1:     278728 bytes,     278728 total
- age   2:     218712 bytes,     497440 total
- age   3:    1483632 bytes,    1981072 total
- age   4:     104784 bytes,    2085856 total
- age   5:     207168 bytes,    2293024 total
- age   6:     104856 bytes,    2397880 total
- age   7:     136856 bytes,    2534736 total
- age   8:    1083040 bytes,    3617776 total
: 91084K->3562K(109248K), 0.0044322 secs] 122384K->35145K(502464K), 0.0045009 secs] [Times: user=0.02 sys=0.00, real=0.01 secs] 
Heap after GC invocations=31 (full 1):
 par new generation   total 109248K, used 3562K [0x00000007a0000000, 0x00000007a8000000, 0x00000007a8000000)
  eden space 87424K,   0% used [0x00000007a0000000, 0x00000007a0000000, 0x00000007a5560000)
  from space 21824K,  16% used [0x00000007a6ab0000, 0x00000007a6e2aac8, 0x00000007a8000000)
  to   space 21824K,   0% used [0x00000007a5560000, 0x00000007a5560000, 0x00000007a6ab0000)
 concurrent mark-sweep generation total 393216K, used 31583K [0x00000007a8000000, 0x00000007c0000000, 0x00000007c0000000)
 Metaspace       used 33834K, capacity 34802K, committed 35172K, reserved 1079296K
  class space    used 4064K, capacity 4352K, committed 4452K, reserved 1048576K
}
2018-04-03T13:39:23.683+0700: 3.944: Total time for which application threads were stopped: 0.0046719 seconds, Stopping threads took: 0.0000398 seconds
{Heap before GC invocations=31 (full 1):
 par new generation   total 109248K, used 90986K [0x00000007a0000000, 0x00000007a8000000, 0x00000007a8000000)
  eden space 87424K, 100% used [0x00000007a0000000, 0x00000007a5560000, 0x00000007a5560000)
  from space 21824K,  16% used [0x00000007a6ab0000, 0x00000007a6e2aac8, 0x00000007a8000000)
  to   space 21824K,   0% used [0x00000007a5560000, 0x00000007a5560000, 0x00000007a6ab0000)
 concurrent mark-sweep generation total 393216K, used 31583K [0x00000007a8000000, 0x00000007c0000000, 0x00000007c0000000)
 Metaspace       used 33834K, capacity 34802K, committed 35172K, reserved 1079296K
  class space    used 4064K, capacity 4352K, committed 4452K, reserved 1048576K
2018-04-03T13:39:23.718+0700: 3.979: [GC (Allocation Failure) 2018-04-03T13:39:23.718+0700: 3.979: [ParNew
Desired survivor size 20112992 bytes, new threshold 8 (max 8)
- age   1:    1728472 bytes,    1728472 total
- age   2:     170504 bytes,    1898976 total
- age   3:     218712 bytes,    2117688 total
- age   4:     235208 bytes,    2352896 total
- age   5:     103504 bytes,    2456400 total
- age   6:     207168 bytes,    2663568 total
- age   7:     104856 bytes,    2768424 total
- age   8:     136856 bytes,    2905280 total
: 90986K->2861K(109248K), 0.0057006 secs] 122569K->35470K(502464K), 0.0057600 secs] [Times: user=0.02 sys=0.00, real=0.01 secs] 
Heap after GC invocations=32 (full 1):
 par new generation   total 109248K, used 2861K [0x00000007a0000000, 0x00000007a8000000, 0x00000007a8000000)
  eden space 87424K,   0% used [0x00000007a0000000, 0x00000007a0000000, 0x00000007a5560000)
  from space 21824K,  13% used [0x00000007a5560000, 0x00000007a582b6c0, 0x00000007a6ab0000)
  to   space 21824K,   0% used [0x00000007a6ab0000, 0x00000007a6ab0000, 0x00000007a8000000)
 concurrent mark-sweep generation total 393216K, used 32608K [0x00000007a8000000, 0x00000007c0000000, 0x00000007c0000000)
 Metaspace       used 33834K, capacity 34802K, committed 35172K, reserved 1079296K
  class space    used 4064K, capacity 4352K, committed 4452K, reserved 1048576K
}
2018-04-03T13:39:23.724+0700: 3.985: Total time for which application threads were stopped: 0.0059162 seconds, Stopping threads took: 0.0000155 seconds
{Heap before GC invocations=32 (full 1):
 par new generation   total 109248K, used 90285K [0x00000007a0000000, 0x00000007a8000000, 0x00000007a8000000)
  eden space 87424K, 100% used [0x00000007a0000000, 0x00000007a5560000, 0x00000007a5560000)
  from space 21824K,  13% used [0x00000007a5560000, 0x00000007a582b6c0, 0x00000007a6ab0000)
  to   space 21824K,   0% used [0x00000007a6ab0000, 0x00000007a6ab0000, 0x00000007a8000000)
 concurrent mark-sweep generation total 393216K, used 32608K [0x00000007a8000000, 0x00000007c0000000, 0x00000007c0000000)
 Metaspace       used 33836K, capacity 34802K, committed 35172K, reserved 1079296K
  class space    used 4064K, capacity 4352K, committed 4452K, reserved 1048576K
2018-04-03T13:39:23.765+0700: 4.026: [GC (Allocation Failure) 2018-04-03T13:39:23.765+0700: 4.026: [ParNew
Desired survivor size 20112992 bytes, new threshold 8 (max 8)
- age   1:     363512 bytes,     363512 total
- age   2:    1542632 bytes,    1906144 total
- age   3:     170504 bytes,    2076648 total
- age   4:     218552 bytes,    2295200 total
- age   5:     235208 bytes,    2530408 total
- age   6:     103504 bytes,    2633912 total
- age   7:     207168 bytes,    2841080 total
- age   8:     104856 bytes,    2945936 total
: 90285K->2893K(109248K), 0.0052286 secs] 122894K->35636K(502464K), 0.0052885 secs] [Times: user=0.02 sys=0.00, real=0.01 secs] 
Heap after GC invocations=33 (full 1):
 par new generation   total 109248K, used 2893K [0x00000007a0000000, 0x00000007a8000000, 0x00000007a8000000)
  eden space 87424K,   0% used [0x00000007a0000000, 0x00000007a0000000, 0x00000007a5560000)
  from space 21824K,  13% used [0x00000007a6ab0000, 0x00000007a6d83638, 0x00000007a8000000)
  to   space 21824K,   0% used [0x00000007a5560000, 0x00000007a5560000, 0x00000007a6ab0000)
 concurrent mark-sweep generation total 393216K, used 32742K [0x00000007a8000000, 0x00000007c0000000, 0x00000007c0000000)
 Metaspace       used 33836K, capacity 34802K, committed 35172K, reserved 1079296K
  class space    used 4064K, capacity 4352K, committed 4452K, reserved 1048576K
}
2018-04-03T13:39:23.770+0700: 4.031: Total time for which application threads were stopped: 0.0055138 seconds, Stopping threads took: 0.0000237 seconds
{Heap before GC invocations=33 (full 1):
 par new generation   total 109248K, used 90317K [0x00000007a0000000, 0x00000007a8000000, 0x00000007a8000000)
  eden space 87424K, 100% used [0x00000007a0000000, 0x00000007a5560000, 0x00000007a5560000)
  from space 21824K,  13% used [0x00000007a6ab0000, 0x00000007a6d83638, 0x00000007a8000000)
  to   space 21824K,   0% used [0x00000007a5560000, 0x00000007a5560000, 0x00000007a6ab0000)
 concurrent mark-sweep generation total 393216K, used 32742K [0x00000007a8000000, 0x00000007c0000000, 0x00000007c0000000)
 Metaspace       used 33836K, capacity 34802K, committed 35172K, reserved 1079296K
  class space    used 4064K, capacity 4352K, committed 4452K, reserved 1048576K
2018-04-03T13:39:23.800+0700: 4.061: [GC (Allocation Failure) 2018-04-03T13:39:23.800+0700: 4.061: [ParNew
Desired survivor size 20112992 bytes, new threshold 8 (max 8)
- age   1:     378560 bytes,     378560 total
- age   2:     273016 bytes,     651576 total
- age   3:    1542632 bytes,    2194208 total
- age   4:     170160 bytes,    2364368 total
- age   5:     218552 bytes,    2582920 total
- age   6:     235208 bytes,    2818128 total
- age   7:     103504 bytes,    2921632 total
- age   8:     207168 bytes,    3128800 total
: 90317K->3083K(109248K), 0.0051531 secs] 123060K->35928K(502464K), 0.0052128 secs] [Times: user=0.01 sys=0.00, real=0.00 secs] 
Heap after GC invocations=34 (full 1):
 par new generation   total 109248K, used 3083K [0x00000007a0000000, 0x00000007a8000000, 0x00000007a8000000)
  eden space 87424K,   0% used [0x00000007a0000000, 0x00000007a0000000, 0x00000007a5560000)
  from space 21824K,  14% used [0x00000007a5560000, 0x00000007a5862cf0, 0x00000007a6ab0000)
  to   space 21824K,   0% used [0x00000007a6ab0000, 0x00000007a6ab0000, 0x00000007a8000000)
 concurrent mark-sweep generation total 393216K, used 32844K [0x00000007a8000000, 0x00000007c0000000, 0x00000007c0000000)
 Metaspace       used 33836K, capacity 34802K, committed 35172K, reserved 1079296K
  class space    used 4064K, capacity 4352K, committed 4452K, reserved 1048576K
}
2018-04-03T13:39:23.805+0700: 4.066: Total time for which application threads were stopped: 0.0053702 seconds, Stopping threads took: 0.0000261 seconds
{Heap before GC invocations=34 (full 1):
 par new generation   total 109248K, used 90507K [0x00000007a0000000, 0x00000007a8000000, 0x00000007a8000000)
  eden space 87424K, 100% used [0x00000007a0000000, 0x00000007a5560000, 0x00000007a5560000)
  from space 21824K,  14% used [0x00000007a5560000, 0x00000007a5862cf0, 0x00000007a6ab0000)
  to   space 21824K,   0% used [0x00000007a6ab0000, 0x00000007a6ab0000, 0x00000007a8000000)
 concurrent mark-sweep generation total 393216K, used 32844K [0x00000007a8000000, 0x00000007c0000000, 0x00000007c0000000)
 Metaspace       used 33836K, capacity 34802K, committed 35172K, reserved 1079296K
  class space    used 4064K, capacity 4352K, committed 4452K, reserved 1048576K
2018-04-03T13:39:23.840+0700: 4.101: [GC (Allocation Failure) 2018-04-03T13:39:23.840+0700: 4.101: [ParNew
Desired survivor size 20112992 bytes, new threshold 8 (max 8)
- age   1:    1951360 bytes,    1951360 total
- age   2:     236288 bytes,    2187648 total
- age   3:     273016 bytes,    2460664 total
- age   4:     136632 bytes,    2597296 total
- age   5:     170160 bytes,    2767456 total
- age   6:     218552 bytes,    2986008 total
- age   7:     235208 bytes,    3221216 total
- age   8:     103504 bytes,    3324720 total
: 90507K->3262K(109248K), 0.0050423 secs] 123352K->36310K(502464K), 0.0051001 secs] [Times: user=0.02 sys=0.00, real=0.00 secs] 
Heap after GC invocations=35 (full 1):
 par new generation   total 109248K, used 3262K [0x00000007a0000000, 0x00000007a8000000, 0x00000007a8000000)
  eden space 87424K,   0% used [0x00000007a0000000, 0x00000007a0000000, 0x00000007a5560000)
  from space 21824K,  14% used [0x00000007a6ab0000, 0x00000007a6ddfbd0, 0x00000007a8000000)
  to   space 21824K,   0% used [0x00000007a5560000, 0x00000007a5560000, 0x00000007a6ab0000)
 concurrent mark-sweep generation total 393216K, used 33047K [0x00000007a8000000, 0x00000007c0000000, 0x00000007c0000000)
 Metaspace       used 33836K, capacity 34802K, committed 35172K, reserved 1079296K
  class space    used 4064K, capacity 4352K, committed 4452K, reserved 1048576K
}
2018-04-03T13:39:23.846+0700: 4.107: Total time for which application threads were stopped: 0.0055160 seconds, Stopping threads took: 0.0000149 seconds
{Heap before GC invocations=35 (full 1):
 par new generation   total 109248K, used 90686K [0x00000007a0000000, 0x00000007a8000000, 0x00000007a8000000)
  eden space 87424K, 100% used [0x00000007a0000000, 0x00000007a5560000, 0x00000007a5560000)
  from space 21824K,  14% used [0x00000007a6ab0000, 0x00000007a6ddfbd0, 0x00000007a8000000)
  to   space 21824K,   0% used [0x00000007a5560000, 0x00000007a5560000, 0x00000007a6ab0000)
 concurrent mark-sweep generation total 393216K, used 33047K [0x00000007a8000000, 0x00000007c0000000, 0x00000007c0000000)
 Metaspace       used 33836K, capacity 34802K, committed 35172K, reserved 1079296K
  class space    used 4064K, capacity 4352K, committed 4452K, reserved 1048576K
2018-04-03T13:39:23.874+0700: 4.135: [GC (Allocation Failure) 2018-04-03T13:39:23.874+0700: 4.135: [ParNew
Desired survivor size 20112992 bytes, new threshold 8 (max 8)
- age   1:     626160 bytes,     626160 total
- age   2:    1980472 bytes,    2606632 total
- age   3:     236288 bytes,    2842920 total
- age   4:     273016 bytes,    3115936 total
- age   5:     136632 bytes,    3252568 total
- age   6:     170160 bytes,    3422728 total
- age   7:     218552 bytes,    3641280 total
- age   8:     235208 bytes,    3876488 total
: 90686K->3799K(109248K), 0.0049690 secs] 123734K->36948K(502464K), 0.0050295 secs] [Times: user=0.01 sys=0.00, real=0.00 secs] 
Heap after GC invocations=36 (full 1):
 par new generation   total 109248K, used 3799K [0x00000007a0000000, 0x00000007a8000000, 0x00000007a8000000)
  eden space 87424K,   0% used [0x00000007a0000000, 0x00000007a0000000, 0x00000007a5560000)
  from space 21824K,  17% used [0x00000007a5560000, 0x00000007a5915f18, 0x00000007a6ab0000)
  to   space 21824K,   0% used [0x00000007a6ab0000, 0x00000007a6ab0000, 0x00000007a8000000)
 concurrent mark-sweep generation total 393216K, used 33148K [0x00000007a8000000, 0x00000007c0000000, 0x00000007c0000000)
 Metaspace       used 33836K, capacity 34802K, committed 35172K, reserved 1079296K
  class space    used 4064K, capacity 4352K, committed 4452K, reserved 1048576K
}
2018-04-03T13:39:23.879+0700: 4.140: Total time for which application threads were stopped: 0.0051688 seconds, Stopping threads took: 0.0000135 seconds
{Heap before GC invocations=36 (full 1):
 par new generation   total 109248K, used 91223K [0x00000007a0000000, 0x00000007a8000000, 0x00000007a8000000)
  eden space 87424K, 100% used [0x00000007a0000000, 0x00000007a5560000, 0x00000007a5560000)
  from space 21824K,  17% used [0x00000007a5560000, 0x00000007a5915f18, 0x00000007a6ab0000)
  to   space 21824K,   0% used [0x00000007a6ab0000, 0x00000007a6ab0000, 0x00000007a8000000)
 concurrent mark-sweep generation total 393216K, used 33148K [0x00000007a8000000, 0x00000007c0000000, 0x00000007c0000000)
 Metaspace       used 33836K, capacity 34802K, committed 35172K, reserved 1079296K
  class space    used 4064K, capacity 4352K, committed 4452K, reserved 1048576K
2018-04-03T13:39:23.912+0700: 4.173: [GC (Allocation Failure) 2018-04-03T13:39:23.912+0700: 4.173: [ParNew
Desired survivor size 20112992 bytes, new threshold 8 (max 8)
- age   1:     313472 bytes,     313472 total
- age   2:     537456 bytes,     850928 total
- age   3:    1849864 bytes,    2700792 total
- age   4:     235696 bytes,    2936488 total
- age   5:     273016 bytes,    3209504 total
- age   6:     136632 bytes,    3346136 total
- age   7:     170160 bytes,    3516296 total
- age   8:     218552 bytes,    3734848 total
: 91223K->3670K(109248K), 0.0051798 secs] 124372K->37048K(502464K), 0.0052386 secs] [Times: user=0.02 sys=0.00, real=0.00 secs] 
Heap after GC invocations=37 (full 1):
 par new generation   total 109248K, used 3670K [0x00000007a0000000, 0x00000007a8000000, 0x00000007a8000000)
  eden space 87424K,   0% used [0x00000007a0000000, 0x00000007a0000000, 0x00000007a5560000)
  from space 21824K,  16% used [0x00000007a6ab0000, 0x00000007a6e458d0, 0x00000007a8000000)
  to   space 21824K,   0% used [0x00000007a5560000, 0x00000007a5560000, 0x00000007a6ab0000)
 concurrent mark-sweep generation total 393216K, used 33378K [0x00000007a8000000, 0x00000007c0000000, 0x00000007c0000000)
 Metaspace       used 33836K, capacity 34802K, committed 35172K, reserved 1079296K
  class space    used 4064K, capacity 4352K, committed 4452K, reserved 1048576K
}
2018-04-03T13:39:23.917+0700: 4.178: Total time for which application threads were stopped: 0.0053822 seconds, Stopping threads took: 0.0000147 seconds
{Heap before GC invocations=37 (full 1):
 par new generation   total 109248K, used 91094K [0x00000007a0000000, 0x00000007a8000000, 0x00000007a8000000)
  eden space 87424K, 100% used [0x00000007a0000000, 0x00000007a5560000, 0x00000007a5560000)
  from space 21824K,  16% used [0x00000007a6ab0000, 0x00000007a6e458d0, 0x00000007a8000000)
  to   space 21824K,   0% used [0x00000007a5560000, 0x00000007a5560000, 0x00000007a6ab0000)
 concurrent mark-sweep generation total 393216K, used 33378K [0x00000007a8000000, 0x00000007c0000000, 0x00000007c0000000)
 Metaspace       used 33837K, capacity 34802K, committed 35172K, reserved 1079296K
  class space    used 4064K, capacity 4352K, committed 4452K, reserved 1048576K
2018-04-03T13:39:23.952+0700: 4.213: [GC (Allocation Failure) 2018-04-03T13:39:23.952+0700: 4.213: [ParNew
Desired survivor size 20112992 bytes, new threshold 8 (max 8)
- age   1:    3209648 bytes,    3209648 total
- age   2:     203192 bytes,    3412840 total
- age   3:     537456 bytes,    3950296 total
- age   4:     269784 bytes,    4220080 total
- age   5:     235696 bytes,    4455776 total
- age   6:     273016 bytes,    4728792 total
- age   7:     136632 bytes,    4865424 total
- age   8:     170160 bytes,    5035584 total
: 91094K->4961K(109248K), 0.0047637 secs] 124472K->38553K(502464K), 0.0048333 secs] [Times: user=0.02 sys=0.00, real=0.00 secs] 
Heap after GC invocations=38 (full 1):
 par new generation   total 109248K, used 4961K [0x00000007a0000000, 0x00000007a8000000, 0x00000007a8000000)
  eden space 87424K,   0% used [0x00000007a0000000, 0x00000007a0000000, 0x00000007a5560000)
  from space 21824K,  22% used [0x00000007a5560000, 0x00000007a5a38750, 0x00000007a6ab0000)
  to   space 21824K,   0% used [0x00000007a6ab0000, 0x00000007a6ab0000, 0x00000007a8000000)
 concurrent mark-sweep generation total 393216K, used 33591K [0x00000007a8000000, 0x00000007c0000000, 0x00000007c0000000)
 Metaspace       used 33837K, capacity 34802K, committed 35172K, reserved 1079296K
  class space    used 4064K, capacity 4352K, committed 4452K, reserved 1048576K
}
2018-04-03T13:39:23.957+0700: 4.218: Total time for which application threads were stopped: 0.0049745 seconds, Stopping threads took: 0.0000132 seconds
{Heap before GC invocations=38 (full 1):
 par new generation   total 109248K, used 92385K [0x00000007a0000000, 0x00000007a8000000, 0x00000007a8000000)
  eden space 87424K, 100% used [0x00000007a0000000, 0x00000007a5560000, 0x00000007a5560000)
  from space 21824K,  22% used [0x00000007a5560000, 0x00000007a5a38750, 0x00000007a6ab0000)
  to   space 21824K,   0% used [0x00000007a6ab0000, 0x00000007a6ab0000, 0x00000007a8000000)
 concurrent mark-sweep generation total 393216K, used 33591K [0x00000007a8000000, 0x00000007c0000000, 0x00000007c0000000)
 Metaspace       used 33837K, capacity 34802K, committed 35172K, reserved 1079296K
  class space    used 4064K, capacity 4352K, committed 4452K, reserved 1048576K
2018-04-03T13:39:23.984+0700: 4.245: [GC (Allocation Failure) 2018-04-03T13:39:23.984+0700: 4.245: [ParNew
Desired survivor size 20112992 bytes, new threshold 8 (max 8)
- age   1:     264080 bytes,     264080 total
- age   2:    3061112 bytes,    3325192 total
- age   3:     203192 bytes,    3528384 total
- age   4:     537456 bytes,    4065840 total
- age   5:     268120 bytes,    4333960 total
- age   6:     235696 bytes,    4569656 total
- age   7:     273016 bytes,    4842672 total
- age   8:     136632 bytes,    4979304 total
: 92385K->4888K(109248K), 0.0043795 secs] 125977K->38646K(502464K), 0.0044444 secs] [Times: user=0.02 sys=0.01, real=0.00 secs] 
Heap after GC invocations=39 (full 1):
 par new generation   total 109248K, used 4888K [0x00000007a0000000, 0x00000007a8000000, 0x00000007a8000000)
  eden space 87424K,   0% used [0x00000007a0000000, 0x00000007a0000000, 0x00000007a5560000)
  from space 21824K,  22% used [0x00000007a6ab0000, 0x00000007a6f76290, 0x00000007a8000000)
  to   space 21824K,   0% used [0x00000007a5560000, 0x00000007a5560000, 0x00000007a6ab0000)
 concurrent mark-sweep generation total 393216K, used 33757K [0x00000007a8000000, 0x00000007c0000000, 0x00000007c0000000)
 Metaspace       used 33837K, capacity 34802K, committed 35172K, reserved 1079296K
  class space    used 4064K, capacity 4352K, committed 4452K, reserved 1048576K
}
2018-04-03T13:39:23.989+0700: 4.250: Total time for which application threads were stopped: 0.0045768 seconds, Stopping threads took: 0.0000139 seconds
{Heap before GC invocations=39 (full 1):
 par new generation   total 109248K, used 92312K [0x00000007a0000000, 0x00000007a8000000, 0x00000007a8000000)
  eden space 87424K, 100% used [0x00000007a0000000, 0x00000007a5560000, 0x00000007a5560000)
  from space 21824K,  22% used [0x00000007a6ab0000, 0x00000007a6f76290, 0x00000007a8000000)
  to   space 21824K,   0% used [0x00000007a5560000, 0x00000007a5560000, 0x00000007a6ab0000)
 concurrent mark-sweep generation total 393216K, used 33757K [0x00000007a8000000, 0x00000007c0000000, 0x00000007c0000000)
 Metaspace       used 33837K, capacity 34802K, committed 35172K, reserved 1079296K
  class space    used 4064K, capacity 4352K, committed 4452K, reserved 1048576K
2018-04-03T13:39:24.020+0700: 4.281: [GC (Allocation Failure) 2018-04-03T13:39:24.020+0700: 4.281: [ParNew
Desired survivor size 20112992 bytes, new threshold 8 (max 8)
- age   1:     344832 bytes,     344832 total
- age   2:     176808 bytes,     521640 total
- age   3:    3208048 bytes,    3729688 total
- age   4:     202968 bytes,    3932656 total
- age   5:     537456 bytes,    4470112 total
- age   6:     268120 bytes,    4738232 total
- age   7:     235600 bytes,    4973832 total
- age   8:     273016 bytes,    5246848 total
: 92312K->5142K(109248K), 0.0052108 secs] 126070K->39033K(502464K), 0.0053070 secs] [Times: user=0.02 sys=0.00, real=0.00 secs] 
Heap after GC invocations=40 (full 1):
 par new generation   total 109248K, used 5142K [0x00000007a0000000, 0x00000007a8000000, 0x00000007a8000000)
  eden space 87424K,   0% used [0x00000007a0000000, 0x00000007a0000000, 0x00000007a5560000)
  from space 21824K,  23% used [0x00000007a5560000, 0x00000007a5a65898, 0x00000007a6ab0000)
  to   space 21824K,   0% used [0x00000007a6ab0000, 0x00000007a6ab0000, 0x00000007a8000000)
 concurrent mark-sweep generation total 393216K, used 33891K [0x00000007a8000000, 0x00000007c0000000, 0x00000007c0000000)
 Metaspace       used 33837K, capacity 34802K, committed 35172K, reserved 1079296K
  class space    used 4064K, capacity 4352K, committed 4452K, reserved 1048576K
}
2018-04-03T13:39:24.025+0700: 4.286: Total time for which application threads were stopped: 0.0055068 seconds, Stopping threads took: 0.0000139 seconds
{Heap before GC invocations=40 (full 1):
 par new generation   total 109248K, used 92566K [0x00000007a0000000, 0x00000007a8000000, 0x00000007a8000000)
  eden space 87424K, 100% used [0x00000007a0000000, 0x00000007a5560000, 0x00000007a5560000)
  from space 21824K,  23% used [0x00000007a5560000, 0x00000007a5a65898, 0x00000007a6ab0000)
  to   space 21824K,   0% used [0x00000007a6ab0000, 0x00000007a6ab0000, 0x00000007a8000000)
 concurrent mark-sweep generation total 393216K, used 33891K [0x00000007a8000000, 0x00000007c0000000, 0x00000007c0000000)
 Metaspace       used 33837K, capacity 34802K, committed 35172K, reserved 1079296K
  class space    used 4064K, capacity 4352K, committed 4452K, reserved 1048576K
2018-04-03T13:39:24.057+0700: 4.318: [GC (Allocation Failure) 2018-04-03T13:39:24.057+0700: 4.318: [ParNew
Desired survivor size 20112992 bytes, new threshold 8 (max 8)
- age   1:    2969976 bytes,    2969976 total
- age   2:     235272 bytes,    3205248 total
- age   3:     176808 bytes,    3382056 total
- age   4:    1283888 bytes,    4665944 total
- age   5:     202528 bytes,    4868472 total
- age   6:     136560 bytes,    5005032 total
- age   7:     268120 bytes,    5273152 total
- age   8:     235600 bytes,    5508752 total
: 92566K->5418K(109248K), 0.0053001 secs] 126457K->39575K(502464K), 0.0053672 secs] [Times: user=0.02 sys=0.00, real=0.01 secs] 
Heap after GC invocations=41 (full 1):
 par new generation   total 109248K, used 5418K [0x00000007a0000000, 0x00000007a8000000, 0x00000007a8000000)
  eden space 87424K,   0% used [0x00000007a0000000, 0x00000007a0000000, 0x00000007a5560000)
  from space 21824K,  24% used [0x00000007a6ab0000, 0x00000007a6ffa920, 0x00000007a8000000)
  to   space 21824K,   0% used [0x00000007a5560000, 0x00000007a5560000, 0x00000007a6ab0000)
 concurrent mark-sweep generation total 393216K, used 34157K [0x00000007a8000000, 0x00000007c0000000, 0x00000007c0000000)
 Metaspace       used 33837K, capacity 34802K, committed 35172K, reserved 1079296K
  class space    used 4064K, capacity 4352K, committed 4452K, reserved 1048576K
}
2018-04-03T13:39:24.062+0700: 4.323: Total time for which application threads were stopped: 0.0055163 seconds, Stopping threads took: 0.0000143 seconds
{Heap before GC invocations=41 (full 1):
 par new generation   total 109248K, used 92842K [0x00000007a0000000, 0x00000007a8000000, 0x00000007a8000000)
  eden space 87424K, 100% used [0x00000007a0000000, 0x00000007a5560000, 0x00000007a5560000)
  from space 21824K,  24% used [0x00000007a6ab0000, 0x00000007a6ffa920, 0x00000007a8000000)
  to   space 21824K,   0% used [0x00000007a5560000, 0x00000007a5560000, 0x00000007a6ab0000)
 concurrent mark-sweep generation total 393216K, used 34157K [0x00000007a8000000, 0x00000007c0000000, 0x00000007c0000000)
 Metaspace       used 33837K, capacity 34802K, committed 35172K, reserved 1079296K
  class space    used 4064K, capacity 4352K, committed 4452K, reserved 1048576K
2018-04-03T13:39:24.090+0700: 4.351: [GC (Allocation Failure) 2018-04-03T13:39:24.090+0700: 4.351: [ParNew
Desired survivor size 20112992 bytes, new threshold 8 (max 8)
- age   1:     258608 bytes,     258608 total
- age   2:    2653432 bytes,    2912040 total
- age   3:     235272 bytes,    3147312 total
- age   4:     176808 bytes,    3324120 total
- age   5:    1283520 bytes,    4607640 total
- age   6:     202528 bytes,    4810168 total
- age   7:     136560 bytes,    4946728 total
- age   8:     268120 bytes,    5214848 total
: 92842K->5112K(109248K), 0.0055962 secs] 126999K->39500K(502464K), 0.0056731 secs] [Times: user=0.01 sys=0.00, real=0.00 secs] 
Heap after GC invocations=42 (full 1):
 par new generation   total 109248K, used 5112K [0x00000007a0000000, 0x00000007a8000000, 0x00000007a8000000)
  eden space 87424K,   0% used [0x00000007a0000000, 0x00000007a0000000, 0x00000007a5560000)
  from space 21824K,  23% used [0x00000007a5560000, 0x00000007a5a5e208, 0x00000007a6ab0000)
  to   space 21824K,   0% used [0x00000007a6ab0000, 0x00000007a6ab0000, 0x00000007a8000000)
 concurrent mark-sweep generation total 393216K, used 34387K [0x00000007a8000000, 0x00000007c0000000, 0x00000007c0000000)
 Metaspace       used 33837K, capacity 34802K, committed 35172K, reserved 1079296K
  class space    used 4064K, capacity 4352K, committed 4452K, reserved 1048576K
}
2018-04-03T13:39:24.095+0700: 4.356: Total time for which application threads were stopped: 0.0058181 seconds, Stopping threads took: 0.0000144 seconds
{Heap before GC invocations=42 (full 1):
 par new generation   total 109248K, used 92536K [0x00000007a0000000, 0x00000007a8000000, 0x00000007a8000000)
  eden space 87424K, 100% used [0x00000007a0000000, 0x00000007a5560000, 0x00000007a5560000)
  from space 21824K,  23% used [0x00000007a5560000, 0x00000007a5a5e208, 0x00000007a6ab0000)
  to   space 21824K,   0% used [0x00000007a6ab0000, 0x00000007a6ab0000, 0x00000007a8000000)
 concurrent mark-sweep generation total 393216K, used 34387K [0x00000007a8000000, 0x00000007c0000000, 0x00000007c0000000)
 Metaspace       used 33837K, capacity 34802K, committed 35172K, reserved 1079296K
  class space    used 4064K, capacity 4352K, committed 4452K, reserved 1048576K
2018-04-03T13:39:24.123+0700: 4.384: [GC (Allocation Failure) 2018-04-03T13:39:24.123+0700: 4.384: [ParNew
Desired survivor size 20112992 bytes, new threshold 8 (max 8)
- age   1:     380400 bytes,     380400 total
- age   2:     170016 bytes,     550416 total
- age   3:    2653432 bytes,    3203848 total
- age   4:     235024 bytes,    3438872 total
- age   5:     174888 bytes,    3613760 total
- age   6:    1283520 bytes,    4897280 total
- age   7:     202528 bytes,    5099808 total
- age   8:     136560 bytes,    5236368 total
: 92536K->5125K(109248K), 0.0042732 secs] 126924K->39774K(502464K), 0.0043376 secs] [Times: user=0.01 sys=0.00, real=0.00 secs] 
Heap after GC invocations=43 (full 1):
 par new generation   total 109248K, used 5125K [0x00000007a0000000, 0x00000007a8000000, 0x00000007a8000000)
  eden space 87424K,   0% used [0x00000007a0000000, 0x00000007a0000000, 0x00000007a5560000)
  from space 21824K,  23% used [0x00000007a6ab0000, 0x00000007a6fb1550, 0x00000007a8000000)
  to   space 21824K,   0% used [0x00000007a5560000, 0x00000007a5560000, 0x00000007a6ab0000)
 concurrent mark-sweep generation total 393216K, used 34649K [0x00000007a8000000, 0x00000007c0000000, 0x00000007c0000000)
 Metaspace       used 33837K, capacity 34802K, committed 35172K, reserved 1079296K
  class space    used 4064K, capacity 4352K, committed 4452K, reserved 1048576K
}
2018-04-03T13:39:24.127+0700: 4.388: Total time for which application threads were stopped: 0.0044933 seconds, Stopping threads took: 0.0000240 seconds
{Heap before GC invocations=43 (full 1):
 par new generation   total 109248K, used 92549K [0x00000007a0000000, 0x00000007a8000000, 0x00000007a8000000)
  eden space 87424K, 100% used [0x00000007a0000000, 0x00000007a5560000, 0x00000007a5560000)
  from space 21824K,  23% used [0x00000007a6ab0000, 0x00000007a6fb1550, 0x00000007a8000000)
  to   space 21824K,   0% used [0x00000007a5560000, 0x00000007a5560000, 0x00000007a6ab0000)
 concurrent mark-sweep generation total 393216K, used 34649K [0x00000007a8000000, 0x00000007c0000000, 0x00000007c0000000)
 Metaspace       used 33837K, capacity 34802K, committed 35172K, reserved 1079296K
  class space    used 4064K, capacity 4352K, committed 4452K, reserved 1048576K
2018-04-03T13:39:24.155+0700: 4.416: [GC (Allocation Failure) 2018-04-03T13:39:24.155+0700: 4.417: [ParNew
Desired survivor size 20112992 bytes, new threshold 8 (max 8)
- age   1:    1176032 bytes,    1176032 total
- age   2:     237376 bytes,    1413408 total
- age   3:     170016 bytes,    1583424 total
- age   4:    2202416 bytes,    3785840 total
- age   5:     235024 bytes,    4020864 total
- age   6:     174888 bytes,    4195752 total
- age   7:    1283520 bytes,    5479272 total
- age   8:     202528 bytes,    5681800 total
: 92549K->5575K(109248K), 0.0054326 secs] 127198K->40358K(502464K), 0.0055052 secs] [Times: user=0.01 sys=0.00, real=0.01 secs] 
Heap after GC invocations=44 (full 1):
 par new generation   total 109248K, used 5575K [0x00000007a0000000, 0x00000007a8000000, 0x00000007a8000000)
  eden space 87424K,   0% used [0x00000007a0000000, 0x00000007a0000000, 0x00000007a5560000)
  from space 21824K,  25% used [0x00000007a5560000, 0x00000007a5ad1e88, 0x00000007a6ab0000)
  to   space 21824K,   0% used [0x00000007a6ab0000, 0x00000007a6ab0000, 0x00000007a8000000)
 concurrent mark-sweep generation total 393216K, used 34783K [0x00000007a8000000, 0x00000007c0000000, 0x00000007c0000000)
 Metaspace       used 33837K, capacity 34802K, committed 35172K, reserved 1079296K
  class space    used 4064K, capacity 4352K, committed 4452K, reserved 1048576K
}
2018-04-03T13:39:24.161+0700: 4.422: Total time for which application threads were stopped: 0.0056744 seconds, Stopping threads took: 0.0000151 seconds
{Heap before GC invocations=44 (full 1):
 par new generation   total 109248K, used 92999K [0x00000007a0000000, 0x00000007a8000000, 0x00000007a8000000)
  eden space 87424K, 100% used [0x00000007a0000000, 0x00000007a5560000, 0x00000007a5560000)
  from space 21824K,  25% used [0x00000007a5560000, 0x00000007a5ad1e88, 0x00000007a6ab0000)
  to   space 21824K,   0% used [0x00000007a6ab0000, 0x00000007a6ab0000, 0x00000007a8000000)
 concurrent mark-sweep generation total 393216K, used 34783K [0x00000007a8000000, 0x00000007c0000000, 0x00000007c0000000)
 Metaspace       used 33837K, capacity 34802K, committed 35172K, reserved 1079296K
  class space    used 4064K, capacity 4352K, committed 4452K, reserved 1048576K
2018-04-03T13:39:24.189+0700: 4.450: [GC (Allocation Failure) 2018-04-03T13:39:24.189+0700: 4.450: [ParNew
Desired survivor size 20112992 bytes, new threshold 8 (max 8)
- age   1:    2539984 bytes,    2539984 total
- age   2:    1069736 bytes,    3609720 total
- age   3:     237096 bytes,    3846816 total
- age   4:     170016 bytes,    4016832 total
- age   5:     202552 bytes,    4219384 total
- age   6:     234912 bytes,    4454296 total
- age   7:     174888 bytes,    4629184 total
- age   8:    1283520 bytes,    5912704 total
: 92999K->5786K(109248K), 0.0049099 secs] 127782K->40766K(502464K), 0.0049721 secs] [Times: user=0.01 sys=0.01, real=0.01 secs] 
Heap after GC invocations=45 (full 1):
 par new generation   total 109248K, used 5786K [0x00000007a0000000, 0x00000007a8000000, 0x00000007a8000000)
  eden space 87424K,   0% used [0x00000007a0000000, 0x00000007a0000000, 0x00000007a5560000)
  from space 21824K,  26% used [0x00000007a6ab0000, 0x00000007a7056880, 0x00000007a8000000)
  to   space 21824K,   0% used [0x00000007a5560000, 0x00000007a5560000, 0x00000007a6ab0000)
 concurrent mark-sweep generation total 393216K, used 34980K [0x00000007a8000000, 0x00000007c0000000, 0x00000007c0000000)
 Metaspace       used 33837K, capacity 34802K, committed 35172K, reserved 1079296K
  class space    used 4064K, capacity 4352K, committed 4452K, reserved 1048576K
}
2018-04-03T13:39:24.194+0700: 4.455: Total time for which application threads were stopped: 0.0051166 seconds, Stopping threads took: 0.0000168 seconds
{Heap before GC invocations=45 (full 1):
 par new generation   total 109248K, used 93210K [0x00000007a0000000, 0x00000007a8000000, 0x00000007a8000000)
  eden space 87424K, 100% used [0x00000007a0000000, 0x00000007a5560000, 0x00000007a5560000)
  from space 21824K,  26% used [0x00000007a6ab0000, 0x00000007a7056880, 0x00000007a8000000)
  to   space 21824K,   0% used [0x00000007a5560000, 0x00000007a5560000, 0x00000007a6ab0000)
 concurrent mark-sweep generation total 393216K, used 34980K [0x00000007a8000000, 0x00000007c0000000, 0x00000007c0000000)
 Metaspace       used 33837K, capacity 34802K, committed 35172K, reserved 1079296K
  class space    used 4064K, capacity 4352K, committed 4452K, reserved 1048576K
2018-04-03T13:39:24.220+0700: 4.481: [GC (Allocation Failure) 2018-04-03T13:39:24.220+0700: 4.481: [ParNew
Desired survivor size 20112992 bytes, new threshold 8 (max 8)
- age   1:     340248 bytes,     340248 total
- age   2:    2456968 bytes,    2797216 total
- age   3:    1069736 bytes,    3866952 total
- age   4:     237096 bytes,    4104048 total
- age   5:     169600 bytes,    4273648 total
- age   6:     202552 bytes,    4476200 total
- age   7:     234912 bytes,    4711112 total
- age   8:     174888 bytes,    4886000 total
: 93210K->4811K(109248K), 0.0055715 secs] 128190K->41045K(502464K), 0.0056312 secs] [Times: user=0.01 sys=0.00, real=0.00 secs] 
Heap after GC invocations=46 (full 1):
 par new generation   total 109248K, used 4811K [0x00000007a0000000, 0x00000007a8000000, 0x00000007a8000000)
  eden space 87424K,   0% used [0x00000007a0000000, 0x00000007a0000000, 0x00000007a5560000)
  from space 21824K,  22% used [0x00000007a5560000, 0x00000007a5a12e48, 0x00000007a6ab0000)
  to   space 21824K,   0% used [0x00000007a6ab0000, 0x00000007a6ab0000, 0x00000007a8000000)
 concurrent mark-sweep generation total 393216K, used 36234K [0x00000007a8000000, 0x00000007c0000000, 0x00000007c0000000)
 Metaspace       used 33837K, capacity 34802K, committed 35172K, reserved 1079296K
  class space    used 4064K, capacity 4352K, committed 4452K, reserved 1048576K
}
2018-04-03T13:39:24.226+0700: 4.487: Total time for which application threads were stopped: 0.0057781 seconds, Stopping threads took: 0.0000151 seconds
{Heap before GC invocations=46 (full 1):
 par new generation   total 109248K, used 92235K [0x00000007a0000000, 0x00000007a8000000, 0x00000007a8000000)
  eden space 87424K, 100% used [0x00000007a0000000, 0x00000007a5560000, 0x00000007a5560000)
  from space 21824K,  22% used [0x00000007a5560000, 0x00000007a5a12e48, 0x00000007a6ab0000)
  to   space 21824K,   0% used [0x00000007a6ab0000, 0x00000007a6ab0000, 0x00000007a8000000)
 concurrent mark-sweep generation total 393216K, used 36234K [0x00000007a8000000, 0x00000007c0000000, 0x00000007c0000000)
 Metaspace       used 33838K, capacity 34802K, committed 35172K, reserved 1079296K
  class space    used 4064K, capacity 4352K, committed 4452K, reserved 1048576K
2018-04-03T13:39:24.254+0700: 4.515: [GC (Allocation Failure) 2018-04-03T13:39:24.254+0700: 4.515: [ParNew
Desired survivor size 20112992 bytes, new threshold 8 (max 8)
- age   1:     280064 bytes,     280064 total
- age   2:     202472 bytes,     482536 total
- age   3:    2456968 bytes,    2939504 total
- age   4:    1069736 bytes,    4009240 total
- age   5:     234952 bytes,    4244192 total
- age   6:     169600 bytes,    4413792 total
- age   7:     202552 bytes,    4616344 total
- age   8:     234912 bytes,    4851256 total
: 92235K->4752K(109248K), 0.0053441 secs] 128469K->41157K(502464K), 0.0054089 secs] [Times: user=0.01 sys=0.00, real=0.00 secs] 
Heap after GC invocations=47 (full 1):
 par new generation   total 109248K, used 4752K [0x00000007a0000000, 0x00000007a8000000, 0x00000007a8000000)
  eden space 87424K,   0% used [0x00000007a0000000, 0x00000007a0000000, 0x00000007a5560000)
  from space 21824K,  21% used [0x00000007a6ab0000, 0x00000007a6f542c0, 0x00000007a8000000)
  to   space 21824K,   0% used [0x00000007a5560000, 0x00000007a5560000, 0x00000007a6ab0000)
 concurrent mark-sweep generation total 393216K, used 36405K [0x00000007a8000000, 0x00000007c0000000, 0x00000007c0000000)
 Metaspace       used 33838K, capacity 34802K, committed 35172K, reserved 1079296K
  class space    used 4064K, capacity 4352K, committed 4452K, reserved 1048576K
}
2018-04-03T13:39:24.259+0700: 4.520: Total time for which application threads were stopped: 0.0055598 seconds, Stopping threads took: 0.0000159 seconds
{Heap before GC invocations=47 (full 1):
 par new generation   total 109248K, used 92176K [0x00000007a0000000, 0x00000007a8000000, 0x00000007a8000000)
  eden space 87424K, 100% used [0x00000007a0000000, 0x00000007a5560000, 0x00000007a5560000)
  from space 21824K,  21% used [0x00000007a6ab0000, 0x00000007a6f542c0, 0x00000007a8000000)
  to   space 21824K,   0% used [0x00000007a5560000, 0x00000007a5560000, 0x00000007a6ab0000)
 concurrent mark-sweep generation total 393216K, used 36405K [0x00000007a8000000, 0x00000007c0000000, 0x00000007c0000000)
 Metaspace       used 33838K, capacity 34802K, committed 35172K, reserved 1079296K
  class space    used 4064K, capacity 4352K, committed 4452K, reserved 1048576K
2018-04-03T13:39:24.286+0700: 4.547: [GC (Allocation Failure) 2018-04-03T13:39:24.286+0700: 4.547: [ParNew
Desired survivor size 20112992 bytes, new threshold 8 (max 8)
- age   1:     964960 bytes,     964960 total
- age   2:     172072 bytes,    1137032 total
- age   3:     202472 bytes,    1339504 total
- age   4:    2456968 bytes,    3796472 total
- age   5:     562384 bytes,    4358856 total
- age   6:     234952 bytes,    4593808 total
- age   7:     169600 bytes,    4763408 total
- age   8:     202552 bytes,    4965960 total
: 92176K->4852K(109248K), 0.0051350 secs] 128581K->41487K(502464K), 0.0052361 secs] [Times: user=0.01 sys=0.00, real=0.01 secs] 
Heap after GC invocations=48 (full 1):
 par new generation   total 109248K, used 4852K [0x00000007a0000000, 0x00000007a8000000, 0x00000007a8000000)
  eden space 87424K,   0% used [0x00000007a0000000, 0x00000007a0000000, 0x00000007a5560000)
  from space 21824K,  22% used [0x00000007a5560000, 0x00000007a5a1d278, 0x00000007a6ab0000)
  to   space 21824K,   0% used [0x00000007a6ab0000, 0x00000007a6ab0000, 0x00000007a8000000)
 concurrent mark-sweep generation total 393216K, used 36634K [0x00000007a8000000, 0x00000007c0000000, 0x00000007c0000000)
 Metaspace       used 33838K, capacity 34802K, committed 35172K, reserved 1079296K
  class space    used 4064K, capacity 4352K, committed 4452K, reserved 1048576K
}
2018-04-03T13:39:24.291+0700: 4.552: Total time for which application threads were stopped: 0.0053985 seconds, Stopping threads took: 0.0000234 seconds
{Heap before GC invocations=48 (full 1):
 par new generation   total 109248K, used 92276K [0x00000007a0000000, 0x00000007a8000000, 0x00000007a8000000)
  eden space 87424K, 100% used [0x00000007a0000000, 0x00000007a5560000, 0x00000007a5560000)
  from space 21824K,  22% used [0x00000007a5560000, 0x00000007a5a1d278, 0x00000007a6ab0000)
  to   space 21824K,   0% used [0x00000007a6ab0000, 0x00000007a6ab0000, 0x00000007a8000000)
 concurrent mark-sweep generation total 393216K, used 36634K [0x00000007a8000000, 0x00000007c0000000, 0x00000007c0000000)
 Metaspace       used 33838K, capacity 34802K, committed 35172K, reserved 1079296K
  class space    used 4064K, capacity 4352K, committed 4452K, reserved 1048576K
2018-04-03T13:39:24.318+0700: 4.579: [GC (Allocation Failure) 2018-04-03T13:39:24.318+0700: 4.579: [ParNew
Desired survivor size 20112992 bytes, new threshold 8 (max 8)
- age   1:    2911568 bytes,    2911568 total
- age   2:     838112 bytes,    3749680 total
- age   3:     172072 bytes,    3921752 total
- age   4:     202472 bytes,    4124224 total
- age   5:     206816 bytes,    4331040 total
- age   6:     562384 bytes,    4893424 total
- age   7:     234952 bytes,    5128376 total
- age   8:     169600 bytes,    5297976 total
: 92276K->5187K(109248K), 0.0058370 secs] 128911K->42019K(502464K), 0.0059187 secs] [Times: user=0.02 sys=0.00, real=0.01 secs] 
Heap after GC invocations=49 (full 1):
 par new generation   total 109248K, used 5187K [0x00000007a0000000, 0x00000007a8000000, 0x00000007a8000000)
  eden space 87424K,   0% used [0x00000007a0000000, 0x00000007a0000000, 0x00000007a5560000)
  from space 21824K,  23% used [0x00000007a6ab0000, 0x00000007a6fc0d20, 0x00000007a8000000)
  to   space 21824K,   0% used [0x00000007a5560000, 0x00000007a5560000, 0x00000007a6ab0000)
 concurrent mark-sweep generation total 393216K, used 36832K [0x00000007a8000000, 0x00000007c0000000, 0x00000007c0000000)
 Metaspace       used 33838K, capacity 34802K, committed 35172K, reserved 1079296K
  class space    used 4064K, capacity 4352K, committed 4452K, reserved 1048576K
}
2018-04-03T13:39:24.324+0700: 4.585: Total time for which application threads were stopped: 0.0060613 seconds, Stopping threads took: 0.0000151 seconds
{Heap before GC invocations=49 (full 1):
 par new generation   total 109248K, used 92611K [0x00000007a0000000, 0x00000007a8000000, 0x00000007a8000000)
  eden space 87424K, 100% used [0x00000007a0000000, 0x00000007a5560000, 0x00000007a5560000)
  from space 21824K,  23% used [0x00000007a6ab0000, 0x00000007a6fc0d20, 0x00000007a8000000)
  to   space 21824K,   0% used [0x00000007a5560000, 0x00000007a5560000, 0x00000007a6ab0000)
 concurrent mark-sweep generation total 393216K, used 36832K [0x00000007a8000000, 0x00000007c0000000, 0x00000007c0000000)
 Metaspace       used 33838K, capacity 34802K, committed 35172K, reserved 1079296K
  class space    used 4064K, capacity 4352K, committed 4452K, reserved 1048576K
2018-04-03T13:39:24.351+0700: 4.612: [GC (Allocation Failure) 2018-04-03T13:39:24.351+0700: 4.612: [ParNew
Desired survivor size 20112992 bytes, new threshold 8 (max 8)
- age   1:     349584 bytes,     349584 total
- age   2:    2766272 bytes,    3115856 total
- age   3:     838112 bytes,    3953968 total
- age   4:     172072 bytes,    4126040 total
- age   5:     202472 bytes,    4328512 total
- age   6:     206688 bytes,    4535200 total
- age   7:     562384 bytes,    5097584 total
- age   8:     234952 bytes,    5332536 total
: 92611K->5233K(109248K), 0.0050616 secs] 129443K->42231K(502464K), 0.0051246 secs] [Times: user=0.02 sys=0.00, real=0.00 secs] 
Heap after GC invocations=50 (full 1):
 par new generation   total 109248K, used 5233K [0x00000007a0000000, 0x00000007a8000000, 0x00000007a8000000)
  eden space 87424K,   0% used [0x00000007a0000000, 0x00000007a0000000, 0x00000007a5560000)
  from space 21824K,  23% used [0x00000007a5560000, 0x00000007a5a7c4b0, 0x00000007a6ab0000)
  to   space 21824K,   0% used [0x00000007a6ab0000, 0x00000007a6ab0000, 0x00000007a8000000)
 concurrent mark-sweep generation total 393216K, used 36997K [0x00000007a8000000, 0x00000007c0000000, 0x00000007c0000000)
 Metaspace       used 33838K, capacity 34802K, committed 35172K, reserved 1079296K
  class space    used 4064K, capacity 4352K, committed 4452K, reserved 1048576K
}
2018-04-03T13:39:24.356+0700: 4.617: Total time for which application threads were stopped: 0.0052699 seconds, Stopping threads took: 0.0000151 seconds
{Heap before GC invocations=50 (full 1):
 par new generation   total 109248K, used 92657K [0x00000007a0000000, 0x00000007a8000000, 0x00000007a8000000)
  eden space 87424K, 100% used [0x00000007a0000000, 0x00000007a5560000, 0x00000007a5560000)
  from space 21824K,  23% used [0x00000007a5560000, 0x00000007a5a7c4b0, 0x00000007a6ab0000)
  to   space 21824K,   0% used [0x00000007a6ab0000, 0x00000007a6ab0000, 0x00000007a8000000)
 concurrent mark-sweep generation total 393216K, used 36997K [0x00000007a8000000, 0x00000007c0000000, 0x00000007c0000000)
 Metaspace       used 33838K, capacity 34802K, committed 35172K, reserved 1079296K
  class space    used 4064K, capacity 4352K, committed 4452K, reserved 1048576K
2018-04-03T13:39:24.382+0700: 4.644: [GC (Allocation Failure) 2018-04-03T13:39:24.382+0700: 4.644: [ParNew
Desired survivor size 20112992 bytes, new threshold 8 (max 8)
- age   1:     246408 bytes,     246408 total
- age   2:     267864 bytes,     514272 total
- age   3:    2975488 bytes,    3489760 total
- age   4:     838112 bytes,    4327872 total
- age   5:     172072 bytes,    4499944 total
- age   6:     202000 bytes,    4701944 total
- age   7:     206688 bytes,    4908632 total
- age   8:     562384 bytes,    5471016 total
: 92657K->5351K(109248K), 0.0053815 secs] 129655K->42579K(502464K), 0.0054505 secs] [Times: user=0.02 sys=0.00, real=0.00 secs] 
Heap after GC invocations=51 (full 1):
 par new generation   total 109248K, used 5351K [0x00000007a0000000, 0x00000007a8000000, 0x00000007a8000000)
  eden space 87424K,   0% used [0x00000007a0000000, 0x00000007a0000000, 0x00000007a5560000)
  from space 21824K,  24% used [0x00000007a6ab0000, 0x00000007a6fe9fd8, 0x00000007a8000000)
  to   space 21824K,   0% used [0x00000007a5560000, 0x00000007a5560000, 0x00000007a6ab0000)
 concurrent mark-sweep generation total 393216K, used 37227K [0x00000007a8000000, 0x00000007c0000000, 0x00000007c0000000)
 Metaspace       used 33838K, capacity 34802K, committed 35172K, reserved 1079296K
  class space    used 4064K, capacity 4352K, committed 4452K, reserved 1048576K
}
2018-04-03T13:39:24.388+0700: 4.649: Total time for which application threads were stopped: 0.0056274 seconds, Stopping threads took: 0.0000231 seconds
{Heap before GC invocations=51 (full 1):
 par new generation   total 109248K, used 92775K [0x00000007a0000000, 0x00000007a8000000, 0x00000007a8000000)
  eden space 87424K, 100% used [0x00000007a0000000, 0x00000007a5560000, 0x00000007a5560000)
  from space 21824K,  24% used [0x00000007a6ab0000, 0x00000007a6fe9fd8, 0x00000007a8000000)
  to   space 21824K,   0% used [0x00000007a5560000, 0x00000007a5560000, 0x00000007a6ab0000)
 concurrent mark-sweep generation total 393216K, used 37227K [0x00000007a8000000, 0x00000007c0000000, 0x00000007c0000000)
 Metaspace       used 33838K, capacity 34802K, committed 35172K, reserved 1079296K
  class space    used 4064K, capacity 4352K, committed 4452K, reserved 1048576K
2018-04-03T13:39:24.420+0700: 4.681: [GC (Allocation Failure) 2018-04-03T13:39:24.420+0700: 4.681: [ParNew
Desired survivor size 20112992 bytes, new threshold 8 (max 8)
- age   1:     376712 bytes,     376712 total
- age   2:     141800 bytes,     518512 total
- age   3:     267864 bytes,     786376 total
- age   4:    2765920 bytes,    3552296 total
- age   5:     838112 bytes,    4390408 total
- age   6:     169640 bytes,    4560048 total
- age   7:     202000 bytes,    4762048 total
- age   8:     206688 bytes,    4968736 total
: 92775K->4891K(109248K), 0.0047181 secs] 130003K->42667K(502464K), 0.0047839 secs] [Times: user=0.02 sys=0.00, real=0.00 secs] 
Heap after GC invocations=52 (full 1):
 par new generation   total 109248K, used 4891K [0x00000007a0000000, 0x00000007a8000000, 0x00000007a8000000)
  eden space 87424K,   0% used [0x00000007a0000000, 0x00000007a0000000, 0x00000007a5560000)
  from space 21824K,  22% used [0x00000007a5560000, 0x00000007a5a26cb0, 0x00000007a6ab0000)
  to   space 21824K,   0% used [0x00000007a6ab0000, 0x00000007a6ab0000, 0x00000007a8000000)
 concurrent mark-sweep generation total 393216K, used 37776K [0x00000007a8000000, 0x00000007c0000000, 0x00000007c0000000)
 Metaspace       used 33838K, capacity 34802K, committed 35172K, reserved 1079296K
  class space    used 4064K, capacity 4352K, committed 4452K, reserved 1048576K
}
2018-04-03T13:39:24.424+0700: 4.686: Total time for which application threads were stopped: 0.0049679 seconds, Stopping threads took: 0.0000259 seconds
{Heap before GC invocations=52 (full 1):
 par new generation   total 109248K, used 92315K [0x00000007a0000000, 0x00000007a8000000, 0x00000007a8000000)
  eden space 87424K, 100% used [0x00000007a0000000, 0x00000007a5560000, 0x00000007a5560000)
  from space 21824K,  22% used [0x00000007a5560000, 0x00000007a5a26cb0, 0x00000007a6ab0000)
  to   space 21824K,   0% used [0x00000007a6ab0000, 0x00000007a6ab0000, 0x00000007a8000000)
 concurrent mark-sweep generation total 393216K, used 37776K [0x00000007a8000000, 0x00000007c0000000, 0x00000007c0000000)
 Metaspace       used 33838K, capacity 34802K, committed 35172K, reserved 1079296K
  class space    used 4064K, capacity 4352K, committed 4452K, reserved 1048576K
2018-04-03T13:39:24.452+0700: 4.713: [GC (Allocation Failure) 2018-04-03T13:39:24.452+0700: 4.713: [ParNew
Desired survivor size 20112992 bytes, new threshold 8 (max 8)
- age   1:     936672 bytes,     936672 total
- age   2:     303656 bytes,    1240328 total
- age   3:     141800 bytes,    1382128 total
- age   4:     267864 bytes,    1649992 total
- age   5:    2765920 bytes,    4415912 total
- age   6:     267312 bytes,    4683224 total
- age   7:     169640 bytes,    4852864 total
- age   8:     202000 bytes,    5054864 total
: 92315K->4959K(109248K), 0.0051636 secs] 130091K->42937K(502464K), 0.0052438 secs] [Times: user=0.01 sys=0.00, real=0.00 secs] 
Heap after GC invocations=53 (full 1):
 par new generation   total 109248K, used 4959K [0x00000007a0000000, 0x00000007a8000000, 0x00000007a8000000)
  eden space 87424K,   0% used [0x00000007a0000000, 0x00000007a0000000, 0x00000007a5560000)
  from space 21824K,  22% used [0x00000007a6ab0000, 0x00000007a6f87d48, 0x00000007a8000000)
  to   space 21824K,   0% used [0x00000007a5560000, 0x00000007a5560000, 0x00000007a6ab0000)
 concurrent mark-sweep generation total 393216K, used 37978K [0x00000007a8000000, 0x00000007c0000000, 0x00000007c0000000)
 Metaspace       used 33838K, capacity 34802K, committed 35172K, reserved 1079296K
  class space    used 4064K, capacity 4352K, committed 4452K, reserved 1048576K
}
2018-04-03T13:39:24.457+0700: 4.718: Total time for which application threads were stopped: 0.0053862 seconds, Stopping threads took: 0.0000141 seconds
{Heap before GC invocations=53 (full 1):
 par new generation   total 109248K, used 92383K [0x00000007a0000000, 0x00000007a8000000, 0x00000007a8000000)
  eden space 87424K, 100% used [0x00000007a0000000, 0x00000007a5560000, 0x00000007a5560000)
  from space 21824K,  22% used [0x00000007a6ab0000, 0x00000007a6f87d48, 0x00000007a8000000)
  to   space 21824K,   0% used [0x00000007a5560000, 0x00000007a5560000, 0x00000007a6ab0000)
 concurrent mark-sweep generation total 393216K, used 37978K [0x00000007a8000000, 0x00000007c0000000, 0x00000007c0000000)
 Metaspace       used 33838K, capacity 34802K, committed 35172K, reserved 1079296K
  class space    used 4064K, capacity 4352K, committed 4452K, reserved 1048576K
2018-04-03T13:39:24.483+0700: 4.745: [GC (Allocation Failure) 2018-04-03T13:39:24.484+0700: 4.745: [ParNew
Desired survivor size 20112992 bytes, new threshold 8 (max 8)
- age   1:    3179752 bytes,    3179752 total
- age   2:     844696 bytes,    4024448 total
- age   3:     303656 bytes,    4328104 total
- age   4:     141800 bytes,    4469904 total
- age   5:     267864 bytes,    4737768 total
- age   6:     234824 bytes,    4972592 total
- age   7:     267312 bytes,    5239904 total
- age   8:     169640 bytes,    5409544 total
: 92383K->5297K(109248K), 0.0050893 secs] 130361K->43473K(502464K), 0.0051610 secs] [Times: user=0.02 sys=0.00, real=0.00 secs] 
Heap after GC invocations=54 (full 1):
 par new generation   total 109248K, used 5297K [0x00000007a0000000, 0x00000007a8000000, 0x00000007a8000000)
  eden space 87424K,   0% used [0x00000007a0000000, 0x00000007a0000000, 0x00000007a5560000)
  from space 21824K,  24% used [0x00000007a5560000, 0x00000007a5a8c6a8, 0x00000007a6ab0000)
  to   space 21824K,   0% used [0x00000007a6ab0000, 0x00000007a6ab0000, 0x00000007a8000000)
 concurrent mark-sweep generation total 393216K, used 38175K [0x00000007a8000000, 0x00000007c0000000, 0x00000007c0000000)
 Metaspace       used 33838K, capacity 34802K, committed 35172K, reserved 1079296K
  class space    used 4064K, capacity 4352K, committed 4452K, reserved 1048576K
}
2018-04-03T13:39:24.489+0700: 4.750: Total time for which application threads were stopped: 0.0053134 seconds, Stopping threads took: 0.0000147 seconds
{Heap before GC invocations=54 (full 1):
 par new generation   total 109248K, used 92721K [0x00000007a0000000, 0x00000007a8000000, 0x00000007a8000000)
  eden space 87424K, 100% used [0x00000007a0000000, 0x00000007a5560000, 0x00000007a5560000)
  from space 21824K,  24% used [0x00000007a5560000, 0x00000007a5a8c6a8, 0x00000007a6ab0000)
  to   space 21824K,   0% used [0x00000007a6ab0000, 0x00000007a6ab0000, 0x00000007a8000000)
 concurrent mark-sweep generation total 393216K, used 38175K [0x00000007a8000000, 0x00000007c0000000, 0x00000007c0000000)
 Metaspace       used 33838K, capacity 34802K, committed 35172K, reserved 1079296K
  class space    used 4064K, capacity 4352K, committed 4452K, reserved 1048576K
2018-04-03T13:39:24.516+0700: 4.777: [GC (Allocation Failure) 2018-04-03T13:39:24.516+0700: 4.777: [ParNew
Desired survivor size 20112992 bytes, new threshold 8 (max 8)
- age   1:     386704 bytes,     386704 total
- age   2:    3082896 bytes,    3469600 total
- age   3:     844696 bytes,    4314296 total
- age   4:     303656 bytes,    4617952 total
- age   5:     141800 bytes,    4759752 total
- age   6:     267864 bytes,    5027616 total
- age   7:     234824 bytes,    5262440 total
- age   8:     267312 bytes,    5529752 total
: 92721K->5437K(109248K), 0.0056176 secs] 130897K->43778K(502464K), 0.0056847 secs] [Times: user=0.02 sys=0.00, real=0.01 secs] 
Heap after GC invocations=55 (full 1):
 par new generation   total 109248K, used 5437K [0x00000007a0000000, 0x00000007a8000000, 0x00000007a8000000)
  eden space 87424K,   0% used [0x00000007a0000000, 0x00000007a0000000, 0x00000007a5560000)
  from space 21824K,  24% used [0x00000007a6ab0000, 0x00000007a6fff470, 0x00000007a8000000)
  to   space 21824K,   0% used [0x00000007a5560000, 0x00000007a5560000, 0x00000007a6ab0000)
 concurrent mark-sweep generation total 393216K, used 38341K [0x00000007a8000000, 0x00000007c0000000, 0x00000007c0000000)
 Metaspace       used 33838K, capacity 34802K, committed 35172K, reserved 1079296K
  class space    used 4064K, capacity 4352K, committed 4452K, reserved 1048576K
}
2018-04-03T13:39:24.522+0700: 4.783: Total time for which application threads were stopped: 0.0058407 seconds, Stopping threads took: 0.0000148 seconds
{Heap before GC invocations=55 (full 1):
 par new generation   total 109248K, used 92861K [0x00000007a0000000, 0x00000007a8000000, 0x00000007a8000000)
  eden space 87424K, 100% used [0x00000007a0000000, 0x00000007a5560000, 0x00000007a5560000)
  from space 21824K,  24% used [0x00000007a6ab0000, 0x00000007a6fff470, 0x00000007a8000000)
  to   space 21824K,   0% used [0x00000007a5560000, 0x00000007a5560000, 0x00000007a6ab0000)
 concurrent mark-sweep generation total 393216K, used 38341K [0x00000007a8000000, 0x00000007c0000000, 0x00000007c0000000)
 Metaspace       used 33838K, capacity 34802K, committed 35172K, reserved 1079296K
  class space    used 4064K, capacity 4352K, committed 4452K, reserved 1048576K
2018-04-03T13:39:24.552+0700: 4.813: [GC (Allocation Failure) 2018-04-03T13:39:24.552+0700: 4.813: [ParNew
Desired survivor size 20112992 bytes, new threshold 8 (max 8)
- age   1:     324304 bytes,     324304 total
- age   2:     202168 bytes,     526472 total
- age   3:    3082896 bytes,    3609368 total
- age   4:     844696 bytes,    4454064 total
- age   5:     303656 bytes,    4757720 total
- age   6:     141800 bytes,    4899520 total
- age   7:     267720 bytes,    5167240 total
- age   8:     234824 bytes,    5402064 total
: 92861K->5291K(109248K), 0.0067223 secs] 131202K->43894K(502464K), 0.0068112 secs] [Times: user=0.01 sys=0.00, real=0.00 secs] 
Heap after GC invocations=56 (full 1):
 par new generation   total 109248K, used 5291K [0x00000007a0000000, 0x00000007a8000000, 0x00000007a8000000)
  eden space 87424K,   0% used [0x00000007a0000000, 0x00000007a0000000, 0x00000007a5560000)
  from space 21824K,  24% used [0x00000007a5560000, 0x00000007a5a8aff0, 0x00000007a6ab0000)
  to   space 21824K,   0% used [0x00000007a6ab0000, 0x00000007a6ab0000, 0x00000007a8000000)
 concurrent mark-sweep generation total 393216K, used 38602K [0x00000007a8000000, 0x00000007c0000000, 0x00000007c0000000)
 Metaspace       used 33838K, capacity 34802K, committed 35172K, reserved 1079296K
  class space    used 4064K, capacity 4352K, committed 4452K, reserved 1048576K
}
2018-04-03T13:39:24.559+0700: 4.820: Total time for which application threads were stopped: 0.0070173 seconds, Stopping threads took: 0.0000193 seconds
{Heap before GC invocations=56 (full 1):
 par new generation   total 109248K, used 92715K [0x00000007a0000000, 0x00000007a8000000, 0x00000007a8000000)
  eden space 87424K, 100% used [0x00000007a0000000, 0x00000007a5560000, 0x00000007a5560000)
  from space 21824K,  24% used [0x00000007a5560000, 0x00000007a5a8aff0, 0x00000007a6ab0000)
  to   space 21824K,   0% used [0x00000007a6ab0000, 0x00000007a6ab0000, 0x00000007a8000000)
 concurrent mark-sweep generation total 393216K, used 38602K [0x00000007a8000000, 0x00000007c0000000, 0x00000007c0000000)
 Metaspace       used 33838K, capacity 34802K, committed 35172K, reserved 1079296K
  class space    used 4064K, capacity 4352K, committed 4452K, reserved 1048576K
2018-04-03T13:39:24.600+0700: 4.861: [GC (Allocation Failure) 2018-04-03T13:39:24.600+0700: 4.861: [ParNew
Desired survivor size 20112992 bytes, new threshold 8 (max 8)
- age   1:     352200 bytes,     352200 total
- age   2:     202800 bytes,     555000 total
- age   3:     202168 bytes,     757168 total
- age   4:    3318264 bytes,    4075432 total
- age   5:     844696 bytes,    4920128 total
- age   6:     303264 bytes,    5223392 total
- age   7:     141264 bytes,    5364656 total
- age   8:     267720 bytes,    5632376 total
: 92715K->5516K(109248K), 0.0069113 secs] 131318K->44348K(502464K), 0.0069835 secs] [Times: user=0.02 sys=0.00, real=0.00 secs] 
Heap after GC invocations=57 (full 1):
 par new generation   total 109248K, used 5516K [0x00000007a0000000, 0x00000007a8000000, 0x00000007a8000000)
  eden space 87424K,   0% used [0x00000007a0000000, 0x00000007a0000000, 0x00000007a5560000)
  from space 21824K,  25% used [0x00000007a6ab0000, 0x00000007a70132d0, 0x00000007a8000000)
  to   space 21824K,   0% used [0x00000007a5560000, 0x00000007a5560000, 0x00000007a6ab0000)
 concurrent mark-sweep generation total 393216K, used 38831K [0x00000007a8000000, 0x00000007c0000000, 0x00000007c0000000)
 Metaspace       used 33838K, capacity 34802K, committed 35172K, reserved 1079296K
  class space    used 4064K, capacity 4352K, committed 4452K, reserved 1048576K
}
2018-04-03T13:39:24.607+0700: 4.868: Total time for which application threads were stopped: 0.0071799 seconds, Stopping threads took: 0.0000173 seconds
{Heap before GC invocations=57 (full 1):
 par new generation   total 109248K, used 92940K [0x00000007a0000000, 0x00000007a8000000, 0x00000007a8000000)
  eden space 87424K, 100% used [0x00000007a0000000, 0x00000007a5560000, 0x00000007a5560000)
  from space 21824K,  25% used [0x00000007a6ab0000, 0x00000007a70132d0, 0x00000007a8000000)
  to   space 21824K,   0% used [0x00000007a5560000, 0x00000007a5560000, 0x00000007a6ab0000)
 concurrent mark-sweep generation total 393216K, used 38831K [0x00000007a8000000, 0x00000007c0000000, 0x00000007c0000000)
 Metaspace       used 33838K, capacity 34802K, committed 35172K, reserved 1079296K
  class space    used 4064K, capacity 4352K, committed 4452K, reserved 1048576K
2018-04-03T13:39:24.648+0700: 4.909: [GC (Allocation Failure) 2018-04-03T13:39:24.648+0700: 4.909: [ParNew
Desired survivor size 20112992 bytes, new threshold 8 (max 8)
- age   1:     254880 bytes,     254880 total
- age   2:     240920 bytes,     495800 total
- age   3:     202800 bytes,     698600 total
- age   4:     202168 bytes,     900768 total
- age   5:    3082896 bytes,    3983664 total
- age   6:     844696 bytes,    4828360 total
- age   7:     300480 bytes,    5128840 total
- age   8:     141264 bytes,    5270104 total
: 92940K->5189K(109248K), 0.0060165 secs] 131772K->44282K(502464K), 0.0061083 secs] [Times: user=0.02 sys=0.00, real=0.01 secs] 
Heap after GC invocations=58 (full 1):
 par new generation   total 109248K, used 5189K [0x00000007a0000000, 0x00000007a8000000, 0x00000007a8000000)
  eden space 87424K,   0% used [0x00000007a0000000, 0x00000007a0000000, 0x00000007a5560000)
  from space 21824K,  23% used [0x00000007a5560000, 0x00000007a5a71548, 0x00000007a6ab0000)
  to   space 21824K,   0% used [0x00000007a6ab0000, 0x00000007a6ab0000, 0x00000007a8000000)
 concurrent mark-sweep generation total 393216K, used 39093K [0x00000007a8000000, 0x00000007c0000000, 0x00000007c0000000)
 Metaspace       used 33838K, capacity 34802K, committed 35172K, reserved 1079296K
  class space    used 4064K, capacity 4352K, committed 4452K, reserved 1048576K
}
2018-04-03T13:39:24.654+0700: 4.915: Total time for which application threads were stopped: 0.0066859 seconds, Stopping threads took: 0.0003958 seconds
{Heap before GC invocations=58 (full 1):
 par new generation   total 109248K, used 92613K [0x00000007a0000000, 0x00000007a8000000, 0x00000007a8000000)
  eden space 87424K, 100% used [0x00000007a0000000, 0x00000007a5560000, 0x00000007a5560000)
  from space 21824K,  23% used [0x00000007a5560000, 0x00000007a5a71548, 0x00000007a6ab0000)
  to   space 21824K,   0% used [0x00000007a6ab0000, 0x00000007a6ab0000, 0x00000007a8000000)
 concurrent mark-sweep generation total 393216K, used 39093K [0x00000007a8000000, 0x00000007c0000000, 0x00000007c0000000)
 Metaspace       used 33838K, capacity 34802K, committed 35172K, reserved 1079296K
  class space    used 4064K, capacity 4352K, committed 4452K, reserved 1048576K
2018-04-03T13:39:24.691+0700: 4.952: [GC (Allocation Failure) 2018-04-03T13:39:24.691+0700: 4.952: [ParNew
Desired survivor size 20112992 bytes, new threshold 8 (max 8)
- age   1:    4185144 bytes,    4185144 total
- age   2:     172808 bytes,    4357952 total
- age   3:     240920 bytes,    4598872 total
- age   4:     202800 bytes,    4801672 total
- age   5:     202168 bytes,    5003840 total
- age   6:     258384 bytes,    5262224 total
- age   7:     202552 bytes,    5464776 total
- age   8:     300480 bytes,    5765256 total
: 92613K->5637K(109248K), 0.0059860 secs] 131706K->44868K(502464K), 0.0060775 secs] [Times: user=0.01 sys=0.00, real=0.00 secs] 
Heap after GC invocations=59 (full 1):
 par new generation   total 109248K, used 5637K [0x00000007a0000000, 0x00000007a8000000, 0x00000007a8000000)
  eden space 87424K,   0% used [0x00000007a0000000, 0x00000007a0000000, 0x00000007a5560000)
  from space 21824K,  25% used [0x00000007a6ab0000, 0x00000007a7031658, 0x00000007a8000000)
  to   space 21824K,   0% used [0x00000007a5560000, 0x00000007a5560000, 0x00000007a6ab0000)
 concurrent mark-sweep generation total 393216K, used 39231K [0x00000007a8000000, 0x00000007c0000000, 0x00000007c0000000)
 Metaspace       used 33838K, capacity 34802K, committed 35172K, reserved 1079296K
  class space    used 4064K, capacity 4352K, committed 4452K, reserved 1048576K
}
2018-04-03T13:39:24.697+0700: 4.958: Total time for which application threads were stopped: 0.0062756 seconds, Stopping threads took: 0.0000163 seconds
{Heap before GC invocations=59 (full 1):
 par new generation   total 109248K, used 93061K [0x00000007a0000000, 0x00000007a8000000, 0x00000007a8000000)
  eden space 87424K, 100% used [0x00000007a0000000, 0x00000007a5560000, 0x00000007a5560000)
  from space 21824K,  25% used [0x00000007a6ab0000, 0x00000007a7031658, 0x00000007a8000000)
  to   space 21824K,   0% used [0x00000007a5560000, 0x00000007a5560000, 0x00000007a6ab0000)
 concurrent mark-sweep generation total 393216K, used 39231K [0x00000007a8000000, 0x00000007c0000000, 0x00000007c0000000)
 Metaspace       used 33838K, capacity 34802K, committed 35172K, reserved 1079296K
  class space    used 4064K, capacity 4352K, committed 4452K, reserved 1048576K
2018-04-03T13:39:24.738+0700: 4.999: [GC (Allocation Failure) 2018-04-03T13:39:24.738+0700: 4.999: [ParNew
Desired survivor size 20112992 bytes, new threshold 8 (max 8)
- age   1:     365072 bytes,     365072 total
- age   2:    4102280 bytes,    4467352 total
- age   3:     172808 bytes,    4640160 total
- age   4:     240920 bytes,    4881080 total
- age   5:     202800 bytes,    5083880 total
- age   6:     202168 bytes,    5286048 total
- age   7:     235424 bytes,    5521472 total
- age   8:     202552 bytes,    5724024 total
: 93061K->5615K(109248K), 0.0067649 secs] 132292K->45139K(502464K), 0.0068422 secs] [Times: user=0.01 sys=0.00, real=0.01 secs] 
Heap after GC invocations=60 (full 1):
 par new generation   total 109248K, used 5615K [0x00000007a0000000, 0x00000007a8000000, 0x00000007a8000000)
  eden space 87424K,   0% used [0x00000007a0000000, 0x00000007a0000000, 0x00000007a5560000)
  from space 21824K,  25% used [0x00000007a5560000, 0x00000007a5adbce8, 0x00000007a6ab0000)
  to   space 21824K,   0% used [0x00000007a6ab0000, 0x00000007a6ab0000, 0x00000007a8000000)
 concurrent mark-sweep generation total 393216K, used 39524K [0x00000007a8000000, 0x00000007c0000000, 0x00000007c0000000)
 Metaspace       used 33838K, capacity 34802K, committed 35172K, reserved 1079296K
  class space    used 4064K, capacity 4352K, committed 4452K, reserved 1048576K
}
2018-04-03T13:39:24.745+0700: 5.006: Total time for which application threads were stopped: 0.0070486 seconds, Stopping threads took: 0.0000173 seconds
{Heap before GC invocations=60 (full 1):
 par new generation   total 109248K, used 93039K [0x00000007a0000000, 0x00000007a8000000, 0x00000007a8000000)
  eden space 87424K, 100% used [0x00000007a0000000, 0x00000007a5560000, 0x00000007a5560000)
  from space 21824K,  25% used [0x00000007a5560000, 0x00000007a5adbce8, 0x00000007a6ab0000)
  to   space 21824K,   0% used [0x00000007a6ab0000, 0x00000007a6ab0000, 0x00000007a8000000)
 concurrent mark-sweep generation total 393216K, used 39524K [0x00000007a8000000, 0x00000007c0000000, 0x00000007c0000000)
 Metaspace       used 33840K, capacity 34802K, committed 35172K, reserved 1079296K
  class space    used 4064K, capacity 4352K, committed 4452K, reserved 1048576K
2018-04-03T13:39:24.779+0700: 5.041: [GC (Allocation Failure) 2018-04-03T13:39:24.779+0700: 5.041: [ParNew
Desired survivor size 20112992 bytes, new threshold 8 (max 8)
- age   1:     342536 bytes,     342536 total
- age   2:     228088 bytes,     570624 total
- age   3:    4102280 bytes,    4672904 total
- age   4:     172808 bytes,    4845712 total
- age   5:     240920 bytes,    5086632 total
- age   6:     202640 bytes,    5289272 total
- age   7:     202168 bytes,    5491440 total
- age   8:     235424 bytes,    5726864 total
: 93039K->5601K(109248K), 0.0051395 secs] 132563K->45324K(502464K), 0.0052203 secs] [Times: user=0.02 sys=0.00, real=0.01 secs] 
Heap after GC invocations=61 (full 1):
 par new generation   total 109248K, used 5601K [0x00000007a0000000, 0x00000007a8000000, 0x00000007a8000000)
  eden space 87424K,   0% used [0x00000007a0000000, 0x00000007a0000000, 0x00000007a5560000)
  from space 21824K,  25% used [0x00000007a6ab0000, 0x00000007a7028650, 0x00000007a8000000)
  to   space 21824K,   0% used [0x00000007a5560000, 0x00000007a5560000, 0x00000007a6ab0000)
 concurrent mark-sweep generation total 393216K, used 39722K [0x00000007a8000000, 0x00000007c0000000, 0x00000007c0000000)
 Metaspace       used 33840K, capacity 34802K, committed 35172K, reserved 1079296K
  class space    used 4064K, capacity 4352K, committed 4452K, reserved 1048576K
}
2018-04-03T13:39:24.785+0700: 5.046: Total time for which application threads were stopped: 0.0053722 seconds, Stopping threads took: 0.0000156 seconds
{Heap before GC invocations=61 (full 1):
 par new generation   total 109248K, used 93025K [0x00000007a0000000, 0x00000007a8000000, 0x00000007a8000000)
  eden space 87424K, 100% used [0x00000007a0000000, 0x00000007a5560000, 0x00000007a5560000)
  from space 21824K,  25% used [0x00000007a6ab0000, 0x00000007a7028650, 0x00000007a8000000)
  to   space 21824K,   0% used [0x00000007a5560000, 0x00000007a5560000, 0x00000007a6ab0000)
 concurrent mark-sweep generation total 393216K, used 39722K [0x00000007a8000000, 0x00000007c0000000, 0x00000007c0000000)
 Metaspace       used 33840K, capacity 34802K, committed 35172K, reserved 1079296K
  class space    used 4064K, capacity 4352K, committed 4452K, reserved 1048576K
2018-04-03T13:39:24.816+0700: 5.078: [GC (Allocation Failure) 2018-04-03T13:39:24.816+0700: 5.078: [ParNew
Desired survivor size 20112992 bytes, new threshold 8 (max 8)
- age   1:     266584 bytes,     266584 total
- age   2:     235640 bytes,     502224 total
- age   3:     228088 bytes,     730312 total
- age   4:    4367064 bytes,    5097376 total
- age   5:     172808 bytes,    5270184 total
- age   6:     240920 bytes,    5511104 total
- age   7:     202640 bytes,    5713744 total
- age   8:     202168 bytes,    5915912 total
: 93025K->5786K(109248K), 0.0056170 secs] 132748K->45739K(502464K), 0.0056979 secs] [Times: user=0.01 sys=0.00, real=0.01 secs] 
Heap after GC invocations=62 (full 1):
 par new generation   total 109248K, used 5786K [0x00000007a0000000, 0x00000007a8000000, 0x00000007a8000000)
  eden space 87424K,   0% used [0x00000007a0000000, 0x00000007a0000000, 0x00000007a5560000)
  from space 21824K,  26% used [0x00000007a5560000, 0x00000007a5b06b38, 0x00000007a6ab0000)
  to   space 21824K,   0% used [0x00000007a6ab0000, 0x00000007a6ab0000, 0x00000007a8000000)
 concurrent mark-sweep generation total 393216K, used 39952K [0x00000007a8000000, 0x00000007c0000000, 0x00000007c0000000)
 Metaspace       used 33840K, capacity 34802K, committed 35172K, reserved 1079296K
  class space    used 4064K, capacity 4352K, committed 4452K, reserved 1048576K
}
2018-04-03T13:39:24.822+0700: 5.083: Total time for which application threads were stopped: 0.0058658 seconds, Stopping threads took: 0.0000151 seconds
{Heap before GC invocations=62 (full 1):
 par new generation   total 109248K, used 93210K [0x00000007a0000000, 0x00000007a8000000, 0x00000007a8000000)
  eden space 87424K, 100% used [0x00000007a0000000, 0x00000007a5560000, 0x00000007a5560000)
  from space 21824K,  26% used [0x00000007a5560000, 0x00000007a5b06b38, 0x00000007a6ab0000)
  to   space 21824K,   0% used [0x00000007a6ab0000, 0x00000007a6ab0000, 0x00000007a8000000)
 concurrent mark-sweep generation total 393216K, used 39952K [0x00000007a8000000, 0x00000007c0000000, 0x00000007c0000000)
 Metaspace       used 33840K, capacity 34802K, committed 35172K, reserved 1079296K
  class space    used 4064K, capacity 4352K, committed 4452K, reserved 1048576K
2018-04-03T13:39:24.864+0700: 5.125: [GC (Allocation Failure) 2018-04-03T13:39:24.864+0700: 5.125: [ParNew
Desired survivor size 20112992 bytes, new threshold 8 (max 8)
- age   1:     308472 bytes,     308472 total
- age   2:     136816 bytes,     445288 total
- age   3:     235640 bytes,     680928 total
- age   4:     228088 bytes,     909016 total
- age   5:    4102280 bytes,    5011296 total
- age   6:     172808 bytes,    5184104 total
- age   7:     240312 bytes,    5424416 total
- age   8:     202640 bytes,    5627056 total
: 93210K->5524K(109248K), 0.0063847 secs] 133163K->45674K(502464K), 0.0064540 secs] [Times: user=0.02 sys=0.00, real=0.01 secs] 
Heap after GC invocations=63 (full 1):
 par new generation   total 109248K, used 5524K [0x00000007a0000000, 0x00000007a8000000, 0x00000007a8000000)
  eden space 87424K,   0% used [0x00000007a0000000, 0x00000007a0000000, 0x00000007a5560000)
  from space 21824K,  25% used [0x00000007a6ab0000, 0x00000007a70151a8, 0x00000007a8000000)
  to   space 21824K,   0% used [0x00000007a5560000, 0x00000007a5560000, 0x00000007a6ab0000)
 concurrent mark-sweep generation total 393216K, used 40149K [0x00000007a8000000, 0x00000007c0000000, 0x00000007c0000000)
 Metaspace       used 33840K, capacity 34802K, committed 35172K, reserved 1079296K
  class space    used 4064K, capacity 4352K, committed 4452K, reserved 1048576K
}
2018-04-03T13:39:24.870+0700: 5.131: Total time for which application threads were stopped: 0.0066361 seconds, Stopping threads took: 0.0000164 seconds
{Heap before GC invocations=63 (full 1):
 par new generation   total 109248K, used 92948K [0x00000007a0000000, 0x00000007a8000000, 0x00000007a8000000)
  eden space 87424K, 100% used [0x00000007a0000000, 0x00000007a5560000, 0x00000007a5560000)
  from space 21824K,  25% used [0x00000007a6ab0000, 0x00000007a70151a8, 0x00000007a8000000)
  to   space 21824K,   0% used [0x00000007a5560000, 0x00000007a5560000, 0x00000007a6ab0000)
 concurrent mark-sweep generation total 393216K, used 40149K [0x00000007a8000000, 0x00000007c0000000, 0x00000007c0000000)
 Metaspace       used 33840K, capacity 34802K, committed 35172K, reserved 1079296K
  class space    used 4064K, capacity 4352K, committed 4452K, reserved 1048576K
2018-04-03T13:39:24.906+0700: 5.167: [GC (Allocation Failure) 2018-04-03T13:39:24.906+0700: 5.167: [ParNew
Desired survivor size 20112992 bytes, new threshold 8 (max 8)
- age   1:     293280 bytes,     293280 total
- age   2:     208160 bytes,     501440 total
- age   3:     136816 bytes,     638256 total
- age   4:     235640 bytes,     873896 total
- age   5:     228088 bytes,    1101984 total
- age   6:    4102280 bytes,    5204264 total
- age   7:     172808 bytes,    5377072 total
- age   8:     239872 bytes,    5616944 total
: 92948K->5498K(109248K), 0.0064290 secs] 133098K->45846K(502464K), 0.0065060 secs] [Times: user=0.01 sys=0.00, real=0.01 secs] 
Heap after GC invocations=64 (full 1):
 par new generation   total 109248K, used 5498K [0x00000007a0000000, 0x00000007a8000000, 0x00000007a8000000)
  eden space 87424K,   0% used [0x00000007a0000000, 0x00000007a0000000, 0x00000007a5560000)
  from space 21824K,  25% used [0x00000007a5560000, 0x00000007a5abe978, 0x00000007a6ab0000)
  to   space 21824K,   0% used [0x00000007a6ab0000, 0x00000007a6ab0000, 0x00000007a8000000)
 concurrent mark-sweep generation total 393216K, used 40347K [0x00000007a8000000, 0x00000007c0000000, 0x00000007c0000000)
 Metaspace       used 33840K, capacity 34802K, committed 35172K, reserved 1079296K
  class space    used 4064K, capacity 4352K, committed 4452K, reserved 1048576K
}
2018-04-03T13:39:24.912+0700: 5.174: Total time for which application threads were stopped: 0.0067124 seconds, Stopping threads took: 0.0000197 seconds
2018-04-03T13:39:25.276+0700: 5.537: Total time for which application threads were stopped: 0.0001544 seconds, Stopping threads took: 0.0000155 seconds
{Heap before GC invocations=64 (full 1):
 par new generation   total 109248K, used 92922K [0x00000007a0000000, 0x00000007a8000000, 0x00000007a8000000)
  eden space 87424K, 100% used [0x00000007a0000000, 0x00000007a5560000, 0x00000007a5560000)
  from space 21824K,  25% used [0x00000007a5560000, 0x00000007a5abe978, 0x00000007a6ab0000)
  to   space 21824K,   0% used [0x00000007a6ab0000, 0x00000007a6ab0000, 0x00000007a8000000)
 concurrent mark-sweep generation total 393216K, used 40347K [0x00000007a8000000, 0x00000007c0000000, 0x00000007c0000000)
 Metaspace       used 34053K, capacity 34994K, committed 35172K, reserved 1079296K
  class space    used 4073K, capacity 4352K, committed 4452K, reserved 1048576K
2018-04-03T13:39:25.803+0700: 6.064: [GC (Allocation Failure) 2018-04-03T13:39:25.803+0700: 6.064: [ParNew
Desired survivor size 20112992 bytes, new threshold 8 (max 8)
- age   1:    3846728 bytes,    3846728 total
- age   2:     170648 bytes,    4017376 total
- age   3:     208160 bytes,    4225536 total
- age   4:     136816 bytes,    4362352 total
- age   5:     235640 bytes,    4597992 total
- age   6:     228088 bytes,    4826080 total
- age   7:    3379888 bytes,    8205968 total
- age   8:     169640 bytes,    8375608 total
: 92922K->8186K(109248K), 0.0058045 secs] 133270K->48768K(502464K), 0.0058961 secs] [Times: user=0.02 sys=0.00, real=0.00 secs] 
Heap after GC invocations=65 (full 1):
 par new generation   total 109248K, used 8186K [0x00000007a0000000, 0x00000007a8000000, 0x00000007a8000000)
  eden space 87424K,   0% used [0x00000007a0000000, 0x00000007a0000000, 0x00000007a5560000)
  from space 21824K,  37% used [0x00000007a6ab0000, 0x00000007a72aeab8, 0x00000007a8000000)
  to   space 21824K,   0% used [0x00000007a5560000, 0x00000007a5560000, 0x00000007a6ab0000)
 concurrent mark-sweep generation total 393216K, used 40581K [0x00000007a8000000, 0x00000007c0000000, 0x00000007c0000000)
 Metaspace       used 34053K, capacity 34994K, committed 35172K, reserved 1079296K
  class space    used 4073K, capacity 4352K, committed 4452K, reserved 1048576K
}
2018-04-03T13:39:25.809+0700: 6.070: Total time for which application threads were stopped: 0.0062261 seconds, Stopping threads took: 0.0000183 seconds
{Heap before GC invocations=65 (full 1):
 par new generation   total 109248K, used 95610K [0x00000007a0000000, 0x00000007a8000000, 0x00000007a8000000)
  eden space 87424K, 100% used [0x00000007a0000000, 0x00000007a5560000, 0x00000007a5560000)
  from space 21824K,  37% used [0x00000007a6ab0000, 0x00000007a72aeab8, 0x00000007a8000000)
  to   space 21824K,   0% used [0x00000007a5560000, 0x00000007a5560000, 0x00000007a6ab0000)
 concurrent mark-sweep generation total 393216K, used 40581K [0x00000007a8000000, 0x00000007c0000000, 0x00000007c0000000)
 Metaspace       used 34054K, capacity 34994K, committed 35172K, reserved 1079296K
  class space    used 4074K, capacity 4352K, committed 4452K, reserved 1048576K
2018-04-03T13:39:26.667+0700: 6.928: [GC (Allocation Failure) 2018-04-03T13:39:26.667+0700: 6.928: [ParNew
Desired survivor size 20112992 bytes, new threshold 8 (max 8)
- age   1:      51320 bytes,      51320 total
- age   2:    3751376 bytes,    3802696 total
- age   3:     170648 bytes,    3973344 total
- age   4:     208160 bytes,    4181504 total
- age   5:     136816 bytes,    4318320 total
- age   6:     235640 bytes,    4553960 total
- age   7:     228088 bytes,    4782048 total
- age   8:    3379888 bytes,    8161936 total
: 95610K->8063K(109248K), 0.0068629 secs] 136192K->48811K(502464K), 0.0069819 secs] [Times: user=0.02 sys=0.00, real=0.01 secs] 
Heap after GC invocations=66 (full 1):
 par new generation   total 109248K, used 8063K [0x00000007a0000000, 0x00000007a8000000, 0x00000007a8000000)
  eden space 87424K,   0% used [0x00000007a0000000, 0x00000007a0000000, 0x00000007a5560000)
  from space 21824K,  36% used [0x00000007a5560000, 0x00000007a5d3fdc0, 0x00000007a6ab0000)
  to   space 21824K,   0% used [0x00000007a6ab0000, 0x00000007a6ab0000, 0x00000007a8000000)
 concurrent mark-sweep generation total 393216K, used 40747K [0x00000007a8000000, 0x00000007c0000000, 0x00000007c0000000)
 Metaspace       used 34054K, capacity 34994K, committed 35172K, reserved 1079296K
  class space    used 4074K, capacity 4352K, committed 4452K, reserved 1048576K
}
2018-04-03T13:39:26.674+0700: 6.935: Total time for which application threads were stopped: 0.0072038 seconds, Stopping threads took: 0.0000177 seconds
{Heap before GC invocations=66 (full 1):
 par new generation   total 109248K, used 95487K [0x00000007a0000000, 0x00000007a8000000, 0x00000007a8000000)
  eden space 87424K, 100% used [0x00000007a0000000, 0x00000007a5560000, 0x00000007a5560000)
  from space 21824K,  36% used [0x00000007a5560000, 0x00000007a5d3fdc0, 0x00000007a6ab0000)
  to   space 21824K,   0% used [0x00000007a6ab0000, 0x00000007a6ab0000, 0x00000007a8000000)
 concurrent mark-sweep generation total 393216K, used 40747K [0x00000007a8000000, 0x00000007c0000000, 0x00000007c0000000)
 Metaspace       used 34054K, capacity 34994K, committed 35172K, reserved 1079296K
  class space    used 4074K, capacity 4352K, committed 4452K, reserved 1048576K
2018-04-03T13:39:27.036+0700: 7.297: [GC (Allocation Failure) 2018-04-03T13:39:27.036+0700: 7.297: [ParNew
Desired survivor size 20112992 bytes, new threshold 8 (max 8)
- age   1:      11512 bytes,      11512 total
- age   2:       1160 bytes,      12672 total
- age   3:    3751376 bytes,    3764048 total
- age   4:     170648 bytes,    3934696 total
- age   5:     208160 bytes,    4142856 total
- age   6:     136816 bytes,    4279672 total
- age   7:     235640 bytes,    4515312 total
- age   8:     228088 bytes,    4743400 total
: 95487K->4954K(109248K), 0.0053075 secs] 136235K->49002K(502464K), 0.0053782 secs] [Times: user=0.02 sys=0.00, real=0.01 secs] 
Heap after GC invocations=67 (full 1):
 par new generation   total 109248K, used 4954K [0x00000007a0000000, 0x00000007a8000000, 0x00000007a8000000)
  eden space 87424K,   0% used [0x00000007a0000000, 0x00000007a0000000, 0x00000007a5560000)
  from space 21824K,  22% used [0x00000007a6ab0000, 0x00000007a6f86930, 0x00000007a8000000)
  to   space 21824K,   0% used [0x00000007a5560000, 0x00000007a5560000, 0x00000007a6ab0000)
 concurrent mark-sweep generation total 393216K, used 44048K [0x00000007a8000000, 0x00000007c0000000, 0x00000007c0000000)
 Metaspace       used 34054K, capacity 34994K, committed 35172K, reserved 1079296K
  class space    used 4074K, capacity 4352K, committed 4452K, reserved 1048576K
}
2018-04-03T13:39:27.041+0700: 7.303: Total time for which application threads were stopped: 0.0055279 seconds, Stopping threads took: 0.0000178 seconds
{Heap before GC invocations=67 (full 1):
 par new generation   total 109248K, used 92378K [0x00000007a0000000, 0x00000007a8000000, 0x00000007a8000000)
  eden space 87424K, 100% used [0x00000007a0000000, 0x00000007a5560000, 0x00000007a5560000)
  from space 21824K,  22% used [0x00000007a6ab0000, 0x00000007a6f86930, 0x00000007a8000000)
  to   space 21824K,   0% used [0x00000007a5560000, 0x00000007a5560000, 0x00000007a6ab0000)
 concurrent mark-sweep generation total 393216K, used 44048K [0x00000007a8000000, 0x00000007c0000000, 0x00000007c0000000)
 Metaspace       used 34054K, capacity 34994K, committed 35172K, reserved 1079296K
  class space    used 4074K, capacity 4352K, committed 4452K, reserved 1048576K
2018-04-03T13:39:27.352+0700: 7.614: [GC (Allocation Failure) 2018-04-03T13:39:27.352+0700: 7.614: [ParNew
Desired survivor size 20112992 bytes, new threshold 8 (max 8)
- age   1:      32728 bytes,      32728 total
- age   3:       1160 bytes,      33888 total
- age   4:    3751376 bytes,    3785264 total
- age   5:     170648 bytes,    3955912 total
- age   6:     208160 bytes,    4164072 total
- age   7:     136816 bytes,    4300888 total
- age   8:     235640 bytes,    4536528 total
: 92378K->4624K(109248K), 0.0052690 secs] 136426K->48895K(502464K), 0.0053518 secs] [Times: user=0.02 sys=0.00, real=0.00 secs] 
Heap after GC invocations=68 (full 1):
 par new generation   total 109248K, used 4624K [0x00000007a0000000, 0x00000007a8000000, 0x00000007a8000000)
  eden space 87424K,   0% used [0x00000007a0000000, 0x00000007a0000000, 0x00000007a5560000)
  from space 21824K,  21% used [0x00000007a5560000, 0x00000007a59e4388, 0x00000007a6ab0000)
  to   space 21824K,   0% used [0x00000007a6ab0000, 0x00000007a6ab0000, 0x00000007a8000000)
 concurrent mark-sweep generation total 393216K, used 44271K [0x00000007a8000000, 0x00000007c0000000, 0x00000007c0000000)
 Metaspace       used 34054K, capacity 34994K, committed 35172K, reserved 1079296K
  class space    used 4074K, capacity 4352K, committed 4452K, reserved 1048576K
}
2018-04-03T13:39:27.358+0700: 7.619: Total time for which application threads were stopped: 0.0055274 seconds, Stopping threads took: 0.0000196 seconds
{Heap before GC invocations=68 (full 1):
 par new generation   total 109248K, used 92048K [0x00000007a0000000, 0x00000007a8000000, 0x00000007a8000000)
  eden space 87424K, 100% used [0x00000007a0000000, 0x00000007a5560000, 0x00000007a5560000)
  from space 21824K,  21% used [0x00000007a5560000, 0x00000007a59e4388, 0x00000007a6ab0000)
  to   space 21824K,   0% used [0x00000007a6ab0000, 0x00000007a6ab0000, 0x00000007a8000000)
 concurrent mark-sweep generation total 393216K, used 44271K [0x00000007a8000000, 0x00000007c0000000, 0x00000007c0000000)
 Metaspace       used 34055K, capacity 34994K, committed 35172K, reserved 1079296K
  class space    used 4074K, capacity 4352K, committed 4452K, reserved 1048576K
2018-04-03T13:39:27.694+0700: 7.956: [GC (Allocation Failure) 2018-04-03T13:39:27.694+0700: 7.956: [ParNew
Desired survivor size 20112992 bytes, new threshold 8 (max 8)
- age   1:       8408 bytes,       8408 total
- age   4:       1088 bytes,       9496 total
- age   5:    3751312 bytes,    3760808 total
- age   6:     170648 bytes,    3931456 total
- age   7:     208160 bytes,    4139616 total
- age   8:     136816 bytes,    4276432 total
: 92048K->4363K(109248K), 0.0039416 secs] 136319K->48864K(502464K), 0.0040040 secs] [Times: user=0.01 sys=0.00, real=0.00 secs] 
Heap after GC invocations=69 (full 1):
 par new generation   total 109248K, used 4363K [0x00000007a0000000, 0x00000007a8000000, 0x00000007a8000000)
  eden space 87424K,   0% used [0x00000007a0000000, 0x00000007a0000000, 0x00000007a5560000)
  from space 21824K,  19% used [0x00000007a6ab0000, 0x00000007a6ef2d90, 0x00000007a8000000)
  to   space 21824K,   0% used [0x00000007a5560000, 0x00000007a5560000, 0x00000007a6ab0000)
 concurrent mark-sweep generation total 393216K, used 44501K [0x00000007a8000000, 0x00000007c0000000, 0x00000007c0000000)
 Metaspace       used 34055K, capacity 34994K, committed 35172K, reserved 1079296K
  class space    used 4074K, capacity 4352K, committed 4452K, reserved 1048576K
}
2018-04-03T13:39:27.698+0700: 7.960: Total time for which application threads were stopped: 0.0041553 seconds, Stopping threads took: 0.0000184 seconds
{Heap before GC invocations=69 (full 1):
 par new generation   total 109248K, used 91787K [0x00000007a0000000, 0x00000007a8000000, 0x00000007a8000000)
  eden space 87424K, 100% used [0x00000007a0000000, 0x00000007a5560000, 0x00000007a5560000)
  from space 21824K,  19% used [0x00000007a6ab0000, 0x00000007a6ef2d90, 0x00000007a8000000)
  to   space 21824K,   0% used [0x00000007a5560000, 0x00000007a5560000, 0x00000007a6ab0000)
 concurrent mark-sweep generation total 393216K, used 44501K [0x00000007a8000000, 0x00000007c0000000, 0x00000007c0000000)
 Metaspace       used 34055K, capacity 34994K, committed 35172K, reserved 1079296K
  class space    used 4074K, capacity 4352K, committed 4452K, reserved 1048576K
2018-04-03T13:39:28.040+0700: 8.301: [GC (Allocation Failure) 2018-04-03T13:39:28.040+0700: 8.301: [ParNew
Desired survivor size 20112992 bytes, new threshold 8 (max 8)
- age   1:      13288 bytes,      13288 total
- age   2:         72 bytes,      13360 total
- age   5:       1088 bytes,      14448 total
- age   6:    3751312 bytes,    3765760 total
- age   7:     170648 bytes,    3936408 total
- age   8:     208160 bytes,    4144568 total
: 91787K->4349K(109248K), 0.0045164 secs] 136288K->48984K(502464K), 0.0045808 secs] [Times: user=0.01 sys=0.00, real=0.00 secs] 
Heap after GC invocations=70 (full 1):
 par new generation   total 109248K, used 4349K [0x00000007a0000000, 0x00000007a8000000, 0x00000007a8000000)
  eden space 87424K,   0% used [0x00000007a0000000, 0x00000007a0000000, 0x00000007a5560000)
  from space 21824K,  19% used [0x00000007a5560000, 0x00000007a599f5f0, 0x00000007a6ab0000)
  to   space 21824K,   0% used [0x00000007a6ab0000, 0x00000007a6ab0000, 0x00000007a8000000)
 concurrent mark-sweep generation total 393216K, used 44634K [0x00000007a8000000, 0x00000007c0000000, 0x00000007c0000000)
 Metaspace       used 34055K, capacity 34994K, committed 35172K, reserved 1079296K
  class space    used 4074K, capacity 4352K, committed 4452K, reserved 1048576K
}
2018-04-03T13:39:28.044+0700: 8.306: Total time for which application threads were stopped: 0.0047408 seconds, Stopping threads took: 0.0000189 seconds
2018-04-03T13:39:28.454+0700: 8.715: Total time for which application threads were stopped: 0.0006351 seconds, Stopping threads took: 0.0000191 seconds
{Heap before GC invocations=70 (full 1):
 par new generation   total 109248K, used 91773K [0x00000007a0000000, 0x00000007a8000000, 0x00000007a8000000)
  eden space 87424K, 100% used [0x00000007a0000000, 0x00000007a5560000, 0x00000007a5560000)
  from space 21824K,  19% used [0x00000007a5560000, 0x00000007a599f5f0, 0x00000007a6ab0000)
  to   space 21824K,   0% used [0x00000007a6ab0000, 0x00000007a6ab0000, 0x00000007a8000000)
 concurrent mark-sweep generation total 393216K, used 44634K [0x00000007a8000000, 0x00000007c0000000, 0x00000007c0000000)
 Metaspace       used 34164K, capacity 35058K, committed 35428K, reserved 1081344K
  class space    used 4081K, capacity 4352K, committed 4452K, reserved 1048576K
2018-04-03T13:39:29.088+0700: 9.350: [GC (Allocation Failure) 2018-04-03T13:39:29.088+0700: 9.350: [ParNew
Desired survivor size 20112992 bytes, new threshold 8 (max 8)
- age   1:     419592 bytes,     419592 total
- age   6:       1088 bytes,     420680 total
- age   7:    3680264 bytes,    4100944 total
- age   8:     170648 bytes,    4271592 total
: 91773K->4451K(109248K), 0.0066651 secs] 136408K->49289K(502464K), 0.0067540 secs] [Times: user=0.03 sys=0.00, real=0.01 secs] 
Heap after GC invocations=71 (full 1):
 par new generation   total 109248K, used 4451K [0x00000007a0000000, 0x00000007a8000000, 0x00000007a8000000)
  eden space 87424K,   0% used [0x00000007a0000000, 0x00000007a0000000, 0x00000007a5560000)
  from space 21824K,  20% used [0x00000007a6ab0000, 0x00000007a6f08de8, 0x00000007a8000000)
  to   space 21824K,   0% used [0x00000007a5560000, 0x00000007a5560000, 0x00000007a6ab0000)
 concurrent mark-sweep generation total 393216K, used 44838K [0x00000007a8000000, 0x00000007c0000000, 0x00000007c0000000)
 Metaspace       used 34164K, capacity 35058K, committed 35428K, reserved 1081344K
  class space    used 4081K, capacity 4352K, committed 4452K, reserved 1048576K
}
2018-04-03T13:39:29.095+0700: 9.357: Total time for which application threads were stopped: 0.0070116 seconds, Stopping threads took: 0.0000190 seconds
2018-04-03T13:39:29.246+0700: 9.508: Total time for which application threads were stopped: 0.0001270 seconds, Stopping threads took: 0.0000182 seconds
{Heap before GC invocations=71 (full 1):
 par new generation   total 109248K, used 91875K [0x00000007a0000000, 0x00000007a8000000, 0x00000007a8000000)
  eden space 87424K, 100% used [0x00000007a0000000, 0x00000007a5560000, 0x00000007a5560000)
  from space 21824K,  20% used [0x00000007a6ab0000, 0x00000007a6f08de8, 0x00000007a8000000)
  to   space 21824K,   0% used [0x00000007a5560000, 0x00000007a5560000, 0x00000007a6ab0000)
 concurrent mark-sweep generation total 393216K, used 44838K [0x00000007a8000000, 0x00000007c0000000, 0x00000007c0000000)
 Metaspace       used 34213K, capacity 35122K, committed 35428K, reserved 1081344K
  class space    used 4083K, capacity 4352K, committed 4452K, reserved 1048576K
2018-04-03T13:39:29.351+0700: 9.613: [GC (Allocation Failure) 2018-04-03T13:39:29.351+0700: 9.613: [ParNew
Desired survivor size 20112992 bytes, new threshold 8 (max 8)
- age   1:      92256 bytes,      92256 total
- age   2:      56496 bytes,     148752 total
- age   7:       1088 bytes,     149840 total
- age   8:    5777448 bytes,    5927288 total
: 91875K->5933K(109248K), 0.0065188 secs] 136713K->50937K(502464K), 0.0066191 secs] [Times: user=0.03 sys=0.00, real=0.00 secs] 
Heap after GC invocations=72 (full 1):
 par new generation   total 109248K, used 5933K [0x00000007a0000000, 0x00000007a8000000, 0x00000007a8000000)
  eden space 87424K,   0% used [0x00000007a0000000, 0x00000007a0000000, 0x00000007a5560000)
  from space 21824K,  27% used [0x00000007a5560000, 0x00000007a5b2b420, 0x00000007a6ab0000)
  to   space 21824K,   0% used [0x00000007a6ab0000, 0x00000007a6ab0000, 0x00000007a8000000)
 concurrent mark-sweep generation total 393216K, used 45004K [0x00000007a8000000, 0x00000007c0000000, 0x00000007c0000000)
 Metaspace       used 34213K, capacity 35122K, committed 35428K, reserved 1081344K
  class space    used 4083K, capacity 4352K, committed 4452K, reserved 1048576K
}
2018-04-03T13:39:29.358+0700: 9.619: Total time for which application threads were stopped: 0.0068597 seconds, Stopping threads took: 0.0000202 seconds
{Heap before GC invocations=72 (full 1):
 par new generation   total 109248K, used 93357K [0x00000007a0000000, 0x00000007a8000000, 0x00000007a8000000)
  eden space 87424K, 100% used [0x00000007a0000000, 0x00000007a5560000, 0x00000007a5560000)
  from space 21824K,  27% used [0x00000007a5560000, 0x00000007a5b2b420, 0x00000007a6ab0000)
  to   space 21824K,   0% used [0x00000007a6ab0000, 0x00000007a6ab0000, 0x00000007a8000000)
 concurrent mark-sweep generation total 393216K, used 45004K [0x00000007a8000000, 0x00000007c0000000, 0x00000007c0000000)
 Metaspace       used 34216K, capacity 35122K, committed 35428K, reserved 1081344K
  class space    used 4083K, capacity 4352K, committed 4452K, reserved 1048576K
2018-04-03T13:39:29.782+0700: 10.044: [GC (Allocation Failure) 2018-04-03T13:39:29.782+0700: 10.044: [ParNew
Desired survivor size 20112992 bytes, new threshold 8 (max 8)
- age   1:     190456 bytes,     190456 total
- age   2:      16120 bytes,     206576 total
- age   3:      56496 bytes,     263072 total
- age   8:       1088 bytes,     264160 total
: 93357K->690K(109248K), 0.0078265 secs] 138361K->49289K(502464K), 0.0079229 secs] [Times: user=0.02 sys=0.01, real=0.01 secs] 
Heap after GC invocations=73 (full 1):
 par new generation   total 109248K, used 690K [0x00000007a0000000, 0x00000007a8000000, 0x00000007a8000000)
  eden space 87424K,   0% used [0x00000007a0000000, 0x00000007a0000000, 0x00000007a5560000)
  from space 21824K,   3% used [0x00000007a6ab0000, 0x00000007a6b5ca08, 0x00000007a8000000)
  to   space 21824K,   0% used [0x00000007a5560000, 0x00000007a5560000, 0x00000007a6ab0000)
 concurrent mark-sweep generation total 393216K, used 48599K [0x00000007a8000000, 0x00000007c0000000, 0x00000007c0000000)
 Metaspace       used 34216K, capacity 35122K, committed 35428K, reserved 1081344K
  class space    used 4083K, capacity 4352K, committed 4452K, reserved 1048576K
}
2018-04-03T13:39:29.790+0700: 10.052: Total time for which application threads were stopped: 0.0081568 seconds, Stopping threads took: 0.0000200 seconds
{Heap before GC invocations=73 (full 1):
 par new generation   total 109248K, used 88114K [0x00000007a0000000, 0x00000007a8000000, 0x00000007a8000000)
  eden space 87424K, 100% used [0x00000007a0000000, 0x00000007a5560000, 0x00000007a5560000)
  from space 21824K,   3% used [0x00000007a6ab0000, 0x00000007a6b5ca08, 0x00000007a8000000)
  to   space 21824K,   0% used [0x00000007a5560000, 0x00000007a5560000, 0x00000007a6ab0000)
 concurrent mark-sweep generation total 393216K, used 48599K [0x00000007a8000000, 0x00000007c0000000, 0x00000007c0000000)
 Metaspace       used 34227K, capacity 35186K, committed 35428K, reserved 1081344K
  class space    used 4083K, capacity 4352K, committed 4452K, reserved 1048576K
2018-04-03T13:39:29.996+0700: 10.258: [GC (Allocation Failure) 2018-04-03T13:39:29.996+0700: 10.258: [ParNew
Desired survivor size 20112992 bytes, new threshold 8 (max 8)
- age   1:     752944 bytes,     752944 total
- age   3:       1936 bytes,     754880 total
- age   4:       7712 bytes,     762592 total
: 88114K->845K(109248K), 0.0061819 secs] 136713K->49445K(502464K), 0.0062778 secs] [Times: user=0.02 sys=0.01, real=0.01 secs] 
Heap after GC invocations=74 (full 1):
 par new generation   total 109248K, used 845K [0x00000007a0000000, 0x00000007a8000000, 0x00000007a8000000)
  eden space 87424K,   0% used [0x00000007a0000000, 0x00000007a0000000, 0x00000007a5560000)
  from space 21824K,   3% used [0x00000007a5560000, 0x00000007a56335a8, 0x00000007a6ab0000)
  to   space 21824K,   0% used [0x00000007a6ab0000, 0x00000007a6ab0000, 0x00000007a8000000)
 concurrent mark-sweep generation total 393216K, used 48600K [0x00000007a8000000, 0x00000007c0000000, 0x00000007c0000000)
 Metaspace       used 34227K, capacity 35186K, committed 35428K, reserved 1081344K
  class space    used 4083K, capacity 4352K, committed 4452K, reserved 1048576K
}
2018-04-03T13:39:30.003+0700: 10.264: Total time for which application threads were stopped: 0.0065199 seconds, Stopping threads took: 0.0000197 seconds
{Heap before GC invocations=74 (full 1):
 par new generation   total 109248K, used 88269K [0x00000007a0000000, 0x00000007a8000000, 0x00000007a8000000)
  eden space 87424K, 100% used [0x00000007a0000000, 0x00000007a5560000, 0x00000007a5560000)
  from space 21824K,   3% used [0x00000007a5560000, 0x00000007a56335a8, 0x00000007a6ab0000)
  to   space 21824K,   0% used [0x00000007a6ab0000, 0x00000007a6ab0000, 0x00000007a8000000)
 concurrent mark-sweep generation total 393216K, used 48600K [0x00000007a8000000, 0x00000007c0000000, 0x00000007c0000000)
 Metaspace       used 34227K, capacity 35186K, committed 35428K, reserved 1081344K
  class space    used 4083K, capacity 4352K, committed 4452K, reserved 1048576K
2018-04-03T13:39:30.059+0700: 10.321: [GC (Allocation Failure) 2018-04-03T13:39:30.059+0700: 10.321: [ParNew
Desired survivor size 20112992 bytes, new threshold 8 (max 8)
- age   1:     589112 bytes,     589112 total
- age   2:     559376 bytes,    1148488 total
- age   4:       1936 bytes,    1150424 total
- age   5:       7712 bytes,    1158136 total
: 88269K->1197K(109248K), 0.0052394 secs] 136869K->49797K(502464K), 0.0053109 secs] [Times: user=0.03 sys=0.00, real=0.01 secs] 
Heap after GC invocations=75 (full 1):
 par new generation   total 109248K, used 1197K [0x00000007a0000000, 0x00000007a8000000, 0x00000007a8000000)
  eden space 87424K,   0% used [0x00000007a0000000, 0x00000007a0000000, 0x00000007a5560000)
  from space 21824K,   5% used [0x00000007a6ab0000, 0x00000007a6bdb740, 0x00000007a8000000)
  to   space 21824K,   0% used [0x00000007a5560000, 0x00000007a5560000, 0x00000007a6ab0000)
 concurrent mark-sweep generation total 393216K, used 48600K [0x00000007a8000000, 0x00000007c0000000, 0x00000007c0000000)
 Metaspace       used 34227K, capacity 35186K, committed 35428K, reserved 1081344K
  class space    used 4083K, capacity 4352K, committed 4452K, reserved 1048576K
}
2018-04-03T13:39:30.065+0700: 10.326: Total time for which application threads were stopped: 0.0054708 seconds, Stopping threads took: 0.0000174 seconds
{Heap before GC invocations=75 (full 1):
 par new generation   total 109248K, used 88621K [0x00000007a0000000, 0x00000007a8000000, 0x00000007a8000000)
  eden space 87424K, 100% used [0x00000007a0000000, 0x00000007a5560000, 0x00000007a5560000)
  from space 21824K,   5% used [0x00000007a6ab0000, 0x00000007a6bdb740, 0x00000007a8000000)
  to   space 21824K,   0% used [0x00000007a5560000, 0x00000007a5560000, 0x00000007a6ab0000)
 concurrent mark-sweep generation total 393216K, used 48600K [0x00000007a8000000, 0x00000007c0000000, 0x00000007c0000000)
 Metaspace       used 34227K, capacity 35186K, committed 35428K, reserved 1081344K
  class space    used 4083K, capacity 4352K, committed 4452K, reserved 1048576K
2018-04-03T13:39:30.109+0700: 10.370: [GC (Allocation Failure) 2018-04-03T13:39:30.109+0700: 10.370: [ParNew
Desired survivor size 20112992 bytes, new threshold 8 (max 8)
- age   1:     574808 bytes,     574808 total
- age   2:     268080 bytes,     842888 total
- age   3:     497040 bytes,    1339928 total
- age   5:       1936 bytes,    1341864 total
- age   6:       7712 bytes,    1349576 total
: 88621K->1438K(109248K), 0.0059851 secs] 137221K->50038K(502464K), 0.0060805 secs] [Times: user=0.02 sys=0.01, real=0.01 secs] 
Heap after GC invocations=76 (full 1):
 par new generation   total 109248K, used 1438K [0x00000007a0000000, 0x00000007a8000000, 0x00000007a8000000)
  eden space 87424K,   0% used [0x00000007a0000000, 0x00000007a0000000, 0x00000007a5560000)
  from space 21824K,   6% used [0x00000007a5560000, 0x00000007a56c7a88, 0x00000007a6ab0000)
  to   space 21824K,   0% used [0x00000007a6ab0000, 0x00000007a6ab0000, 0x00000007a8000000)
 concurrent mark-sweep generation total 393216K, used 48600K [0x00000007a8000000, 0x00000007c0000000, 0x00000007c0000000)
 Metaspace       used 34227K, capacity 35186K, committed 35428K, reserved 1081344K
  class space    used 4083K, capacity 4352K, committed 4452K, reserved 1048576K
}
2018-04-03T13:39:30.115+0700: 10.377: Total time for which application threads were stopped: 0.0063477 seconds, Stopping threads took: 0.0000419 seconds
{Heap before GC invocations=76 (full 1):
 par new generation   total 109248K, used 88862K [0x00000007a0000000, 0x00000007a8000000, 0x00000007a8000000)
  eden space 87424K, 100% used [0x00000007a0000000, 0x00000007a5560000, 0x00000007a5560000)
  from space 21824K,   6% used [0x00000007a5560000, 0x00000007a56c7a88, 0x00000007a6ab0000)
  to   space 21824K,   0% used [0x00000007a6ab0000, 0x00000007a6ab0000, 0x00000007a8000000)
 concurrent mark-sweep generation total 393216K, used 48600K [0x00000007a8000000, 0x00000007c0000000, 0x00000007c0000000)
 Metaspace       used 34227K, capacity 35186K, committed 35428K, reserved 1081344K
  class space    used 4083K, capacity 4352K, committed 4452K, reserved 1048576K
2018-04-03T13:39:30.165+0700: 10.426: [GC (Allocation Failure) 2018-04-03T13:39:30.165+0700: 10.426: [ParNew
Desired survivor size 20112992 bytes, new threshold 8 (max 8)
- age   1:     855440 bytes,     855440 total
- age   2:     219360 bytes,    1074800 total
- age   3:     202512 bytes,    1277312 total
- age   4:     529768 bytes,    1807080 total
- age   6:       1936 bytes,    1809016 total
- age   7:       7712 bytes,    1816728 total
: 88862K->2082K(109248K), 0.0152487 secs] 137462K->50683K(502464K), 0.0153501 secs] [Times: user=0.02 sys=0.00, real=0.02 secs] 
Heap after GC invocations=77 (full 1):
 par new generation   total 109248K, used 2082K [0x00000007a0000000, 0x00000007a8000000, 0x00000007a8000000)
  eden space 87424K,   0% used [0x00000007a0000000, 0x00000007a0000000, 0x00000007a5560000)
  from space 21824K,   9% used [0x00000007a6ab0000, 0x00000007a6cb8b98, 0x00000007a8000000)
  to   space 21824K,   0% used [0x00000007a5560000, 0x00000007a5560000, 0x00000007a6ab0000)
 concurrent mark-sweep generation total 393216K, used 48600K [0x00000007a8000000, 0x00000007c0000000, 0x00000007c0000000)
 Metaspace       used 34227K, capacity 35186K, committed 35428K, reserved 1081344K
  class space    used 4083K, capacity 4352K, committed 4452K, reserved 1048576K
}
2018-04-03T13:39:30.180+0700: 10.442: Total time for which application threads were stopped: 0.0155670 seconds, Stopping threads took: 0.0000196 seconds
{Heap before GC invocations=77 (full 1):
 par new generation   total 109248K, used 89506K [0x00000007a0000000, 0x00000007a8000000, 0x00000007a8000000)
  eden space 87424K, 100% used [0x00000007a0000000, 0x00000007a5560000, 0x00000007a5560000)
  from space 21824K,   9% used [0x00000007a6ab0000, 0x00000007a6cb8b98, 0x00000007a8000000)
  to   space 21824K,   0% used [0x00000007a5560000, 0x00000007a5560000, 0x00000007a6ab0000)
 concurrent mark-sweep generation total 393216K, used 48600K [0x00000007a8000000, 0x00000007c0000000, 0x00000007c0000000)
 Metaspace       used 34227K, capacity 35186K, committed 35428K, reserved 1081344K
  class space    used 4083K, capacity 4352K, committed 4452K, reserved 1048576K
2018-04-03T13:39:30.239+0700: 10.501: [GC (Allocation Failure) 2018-04-03T13:39:30.239+0700: 10.501: [ParNew
Desired survivor size 20112992 bytes, new threshold 8 (max 8)
- age   1:     767048 bytes,     767048 total
- age   2:     366400 bytes,    1133448 total
- age   3:     186576 bytes,    1320024 total
- age   4:     202512 bytes,    1522536 total
- age   5:     496904 bytes,    2019440 total
- age   7:       1936 bytes,    2021376 total
- age   8:       7712 bytes,    2029088 total
: 89506K->2099K(109248K), 0.0067959 secs] 138107K->50699K(502464K), 0.0068902 secs] [Times: user=0.03 sys=0.00, real=0.01 secs] 
Heap after GC invocations=78 (full 1):
 par new generation   total 109248K, used 2099K [0x00000007a0000000, 0x00000007a8000000, 0x00000007a8000000)
  eden space 87424K,   0% used [0x00000007a0000000, 0x00000007a0000000, 0x00000007a5560000)
  from space 21824K,   9% used [0x00000007a5560000, 0x00000007a576cec8, 0x00000007a6ab0000)
  to   space 21824K,   0% used [0x00000007a6ab0000, 0x00000007a6ab0000, 0x00000007a8000000)
 concurrent mark-sweep generation total 393216K, used 48600K [0x00000007a8000000, 0x00000007c0000000, 0x00000007c0000000)
 Metaspace       used 34227K, capacity 35186K, committed 35428K, reserved 1081344K
  class space    used 4083K, capacity 4352K, committed 4452K, reserved 1048576K
}
2018-04-03T13:39:30.246+0700: 10.508: Total time for which application threads were stopped: 0.0071230 seconds, Stopping threads took: 0.0000218 seconds
{Heap before GC invocations=78 (full 1):
 par new generation   total 109248K, used 89523K [0x00000007a0000000, 0x00000007a8000000, 0x00000007a8000000)
  eden space 87424K, 100% used [0x00000007a0000000, 0x00000007a5560000, 0x00000007a5560000)
  from space 21824K,   9% used [0x00000007a5560000, 0x00000007a576cec8, 0x00000007a6ab0000)
  to   space 21824K,   0% used [0x00000007a6ab0000, 0x00000007a6ab0000, 0x00000007a8000000)
 concurrent mark-sweep generation total 393216K, used 48600K [0x00000007a8000000, 0x00000007c0000000, 0x00000007c0000000)
 Metaspace       used 34227K, capacity 35186K, committed 35428K, reserved 1081344K
  class space    used 4083K, capacity 4352K, committed 4452K, reserved 1048576K
2018-04-03T13:39:30.297+0700: 10.558: [GC (Allocation Failure) 2018-04-03T13:39:30.297+0700: 10.558: [ParNew
Desired survivor size 20112992 bytes, new threshold 8 (max 8)
- age   1:     937664 bytes,     937664 total
- age   2:     235832 bytes,    1173496 total
- age   3:     366400 bytes,    1539896 total
- age   4:     186576 bytes,    1726472 total
- age   5:     202512 bytes,    1928984 total
- age   6:     496904 bytes,    2425888 total
- age   8:       1936 bytes,    2427824 total
: 89523K->2475K(109248K), 0.0065117 secs] 138123K->51083K(502464K), 0.0066087 secs] [Times: user=0.03 sys=0.00, real=0.01 secs] 
Heap after GC invocations=79 (full 1):
 par new generation   total 109248K, used 2475K [0x00000007a0000000, 0x00000007a8000000, 0x00000007a8000000)
  eden space 87424K,   0% used [0x00000007a0000000, 0x00000007a0000000, 0x00000007a5560000)
  from space 21824K,  11% used [0x00000007a6ab0000, 0x00000007a6d1ae08, 0x00000007a8000000)
  to   space 21824K,   0% used [0x00000007a5560000, 0x00000007a5560000, 0x00000007a6ab0000)
 concurrent mark-sweep generation total 393216K, used 48607K [0x00000007a8000000, 0x00000007c0000000, 0x00000007c0000000)
 Metaspace       used 34227K, capacity 35186K, committed 35428K, reserved 1081344K
  class space    used 4083K, capacity 4352K, committed 4452K, reserved 1048576K
}
2018-04-03T13:39:30.304+0700: 10.565: Total time for which application threads were stopped: 0.0068815 seconds, Stopping threads took: 0.0000203 seconds
{Heap before GC invocations=79 (full 1):
 par new generation   total 109248K, used 89899K [0x00000007a0000000, 0x00000007a8000000, 0x00000007a8000000)
  eden space 87424K, 100% used [0x00000007a0000000, 0x00000007a5560000, 0x00000007a5560000)
  from space 21824K,  11% used [0x00000007a6ab0000, 0x00000007a6d1ae08, 0x00000007a8000000)
  to   space 21824K,   0% used [0x00000007a5560000, 0x00000007a5560000, 0x00000007a6ab0000)
 concurrent mark-sweep generation total 393216K, used 48607K [0x00000007a8000000, 0x00000007c0000000, 0x00000007c0000000)
 Metaspace       used 34227K, capacity 35186K, committed 35428K, reserved 1081344K
  class space    used 4083K, capacity 4352K, committed 4452K, reserved 1048576K
2018-04-03T13:39:30.350+0700: 10.612: [GC (Allocation Failure) 2018-04-03T13:39:30.350+0700: 10.612: [ParNew
Desired survivor size 20112992 bytes, new threshold 8 (max 8)
- age   1:    1294368 bytes,    1294368 total
- age   2:     235272 bytes,    1529640 total
- age   3:     235736 bytes,    1765376 total
- age   4:     235296 bytes,    2000672 total
- age   5:     186576 bytes,    2187248 total
- age   6:     202512 bytes,    2389760 total
- age   7:     496904 bytes,    2886664 total
: 89899K->2897K(109248K), 0.0056641 secs] 138507K->51507K(502464K), 0.0057489 secs] [Times: user=0.03 sys=0.00, real=0.00 secs] 
Heap after GC invocations=80 (full 1):
 par new generation   total 109248K, used 2897K [0x00000007a0000000, 0x00000007a8000000, 0x00000007a8000000)
  eden space 87424K,   0% used [0x00000007a0000000, 0x00000007a0000000, 0x00000007a5560000)
  from space 21824K,  13% used [0x00000007a5560000, 0x00000007a5834690, 0x00000007a6ab0000)
  to   space 21824K,   0% used [0x00000007a6ab0000, 0x00000007a6ab0000, 0x00000007a8000000)
 concurrent mark-sweep generation total 393216K, used 48609K [0x00000007a8000000, 0x00000007c0000000, 0x00000007c0000000)
 Metaspace       used 34227K, capacity 35186K, committed 35428K, reserved 1081344K
  class space    used 4083K, capacity 4352K, committed 4452K, reserved 1048576K
}
2018-04-03T13:39:30.356+0700: 10.617: Total time for which application threads were stopped: 0.0059428 seconds, Stopping threads took: 0.0000224 seconds
{Heap before GC invocations=80 (full 1):
 par new generation   total 109248K, used 90321K [0x00000007a0000000, 0x00000007a8000000, 0x00000007a8000000)
  eden space 87424K, 100% used [0x00000007a0000000, 0x00000007a5560000, 0x00000007a5560000)
  from space 21824K,  13% used [0x00000007a5560000, 0x00000007a5834690, 0x00000007a6ab0000)
  to   space 21824K,   0% used [0x00000007a6ab0000, 0x00000007a6ab0000, 0x00000007a8000000)
 concurrent mark-sweep generation total 393216K, used 48609K [0x00000007a8000000, 0x00000007c0000000, 0x00000007c0000000)
 Metaspace       used 34228K, capacity 35186K, committed 35428K, reserved 1081344K
  class space    used 4083K, capacity 4352K, committed 4452K, reserved 1048576K
2018-04-03T13:39:30.401+0700: 10.663: [GC (Allocation Failure) 2018-04-03T13:39:30.401+0700: 10.663: [ParNew
Desired survivor size 20112992 bytes, new threshold 8 (max 8)
- age   1:     793440 bytes,     793440 total
- age   2:     724528 bytes,    1517968 total
- age   3:     235168 bytes,    1753136 total
- age   4:     235736 bytes,    1988872 total
- age   5:     235296 bytes,    2224168 total
- age   6:     186576 bytes,    2410744 total
- age   7:     202512 bytes,    2613256 total
- age   8:     529688 bytes,    3142944 total
: 90321K->3128K(109248K), 0.0063851 secs] 138931K->51737K(502464K), 0.0064825 secs] [Times: user=0.03 sys=0.00, real=0.00 secs] 
Heap after GC invocations=81 (full 1):
 par new generation   total 109248K, used 3128K [0x00000007a0000000, 0x00000007a8000000, 0x00000007a8000000)
  eden space 87424K,   0% used [0x00000007a0000000, 0x00000007a0000000, 0x00000007a5560000)
  from space 21824K,  14% used [0x00000007a6ab0000, 0x00000007a6dbe018, 0x00000007a8000000)
  to   space 21824K,   0% used [0x00000007a5560000, 0x00000007a5560000, 0x00000007a6ab0000)
 concurrent mark-sweep generation total 393216K, used 48609K [0x00000007a8000000, 0x00000007c0000000, 0x00000007c0000000)
 Metaspace       used 34228K, capacity 35186K, committed 35428K, reserved 1081344K
  class space    used 4083K, capacity 4352K, committed 4452K, reserved 1048576K
}
2018-04-03T13:39:30.408+0700: 10.669: Total time for which application threads were stopped: 0.0067417 seconds, Stopping threads took: 0.0000216 seconds
{Heap before GC invocations=81 (full 1):
 par new generation   total 109248K, used 90552K [0x00000007a0000000, 0x00000007a8000000, 0x00000007a8000000)
  eden space 87424K, 100% used [0x00000007a0000000, 0x00000007a5560000, 0x00000007a5560000)
  from space 21824K,  14% used [0x00000007a6ab0000, 0x00000007a6dbe018, 0x00000007a8000000)
  to   space 21824K,   0% used [0x00000007a5560000, 0x00000007a5560000, 0x00000007a6ab0000)
 concurrent mark-sweep generation total 393216K, used 48609K [0x00000007a8000000, 0x00000007c0000000, 0x00000007c0000000)
 Metaspace       used 34228K, capacity 35186K, committed 35428K, reserved 1081344K
  class space    used 4083K, capacity 4352K, committed 4452K, reserved 1048576K
2018-04-03T13:39:30.450+0700: 10.712: [GC (Allocation Failure) 2018-04-03T13:39:30.450+0700: 10.712: [ParNew
Desired survivor size 20112992 bytes, new threshold 8 (max 8)
- age   1:    1220368 bytes,    1220368 total
- age   2:     235552 bytes,    1455920 total
- age   3:     502048 bytes,    1957968 total
- age   4:     235168 bytes,    2193136 total
- age   5:     170184 bytes,    2363320 total
- age   6:     235296 bytes,    2598616 total
- age   7:     186576 bytes,    2785192 total
- age   8:     202512 bytes,    2987704 total
: 90552K->3020K(109248K), 0.0059031 secs] 139161K->52116K(502464K), 0.0059744 secs] [Times: user=0.02 sys=0.00, real=0.00 secs] 
Heap after GC invocations=82 (full 1):
 par new generation   total 109248K, used 3020K [0x00000007a0000000, 0x00000007a8000000, 0x00000007a8000000)
  eden space 87424K,   0% used [0x00000007a0000000, 0x00000007a0000000, 0x00000007a5560000)
  from space 21824K,  13% used [0x00000007a5560000, 0x00000007a58533f0, 0x00000007a6ab0000)
  to   space 21824K,   0% used [0x00000007a6ab0000, 0x00000007a6ab0000, 0x00000007a8000000)
 concurrent mark-sweep generation total 393216K, used 49095K [0x00000007a8000000, 0x00000007c0000000, 0x00000007c0000000)
 Metaspace       used 34228K, capacity 35186K, committed 35428K, reserved 1081344K
  class space    used 4083K, capacity 4352K, committed 4452K, reserved 1048576K
}
2018-04-03T13:39:30.456+0700: 10.718: Total time for which application threads were stopped: 0.0061778 seconds, Stopping threads took: 0.0000193 seconds
{Heap before GC invocations=82 (full 1):
 par new generation   total 109248K, used 90444K [0x00000007a0000000, 0x00000007a8000000, 0x00000007a8000000)
  eden space 87424K, 100% used [0x00000007a0000000, 0x00000007a5560000, 0x00000007a5560000)
  from space 21824K,  13% used [0x00000007a5560000, 0x00000007a58533f0, 0x00000007a6ab0000)
  to   space 21824K,   0% used [0x00000007a6ab0000, 0x00000007a6ab0000, 0x00000007a8000000)
 concurrent mark-sweep generation total 393216K, used 49095K [0x00000007a8000000, 0x00000007c0000000, 0x00000007c0000000)
 Metaspace       used 34228K, capacity 35186K, committed 35428K, reserved 1081344K
  class space    used 4083K, capacity 4352K, committed 4452K, reserved 1048576K
2018-04-03T13:39:30.498+0700: 10.760: [GC (Allocation Failure) 2018-04-03T13:39:30.498+0700: 10.760: [ParNew
Desired survivor size 20112992 bytes, new threshold 8 (max 8)
- age   1:     962440 bytes,     962440 total
- age   2:     550864 bytes,    1513304 total
- age   3:     235552 bytes,    1748856 total
- age   4:     502048 bytes,    2250904 total
- age   5:     235168 bytes,    2486072 total
- age   6:     170184 bytes,    2656256 total
- age   7:     235296 bytes,    2891552 total
- age   8:     186576 bytes,    3078128 total
: 90444K->3071K(109248K), 0.0066220 secs] 139540K->52365K(502464K), 0.0066890 secs] [Times: user=0.03 sys=0.00, real=0.01 secs] 
Heap after GC invocations=83 (full 1):
 par new generation   total 109248K, used 3071K [0x00000007a0000000, 0x00000007a8000000, 0x00000007a8000000)
  eden space 87424K,   0% used [0x00000007a0000000, 0x00000007a0000000, 0x00000007a5560000)
  from space 21824K,  14% used [0x00000007a6ab0000, 0x00000007a6daff98, 0x00000007a8000000)
  to   space 21824K,   0% used [0x00000007a5560000, 0x00000007a5560000, 0x00000007a6ab0000)
 concurrent mark-sweep generation total 393216K, used 49293K [0x00000007a8000000, 0x00000007c0000000, 0x00000007c0000000)
 Metaspace       used 34228K, capacity 35186K, committed 35428K, reserved 1081344K
  class space    used 4083K, capacity 4352K, committed 4452K, reserved 1048576K
}
2018-04-03T13:39:30.505+0700: 10.766: Total time for which application threads were stopped: 0.0068696 seconds, Stopping threads took: 0.0000174 seconds
{Heap before GC invocations=83 (full 1):
 par new generation   total 109248K, used 90495K [0x00000007a0000000, 0x00000007a8000000, 0x00000007a8000000)
  eden space 87424K, 100% used [0x00000007a0000000, 0x00000007a5560000, 0x00000007a5560000)
  from space 21824K,  14% used [0x00000007a6ab0000, 0x00000007a6daff98, 0x00000007a8000000)
  to   space 21824K,   0% used [0x00000007a5560000, 0x00000007a5560000, 0x00000007a6ab0000)
 concurrent mark-sweep generation total 393216K, used 49293K [0x00000007a8000000, 0x00000007c0000000, 0x00000007c0000000)
 Metaspace       used 34228K, capacity 35186K, committed 35428K, reserved 1081344K
  class space    used 4083K, capacity 4352K, committed 4452K, reserved 1048576K
2018-04-03T13:39:30.535+0700: 10.797: [GC (Allocation Failure) 2018-04-03T13:39:30.535+0700: 10.797: [ParNew
Desired survivor size 20112992 bytes, new threshold 8 (max 8)
- age   1:    1314728 bytes,    1314728 total
- age   2:     205872 bytes,    1520600 total
- age   3:     300472 bytes,    1821072 total
- age   4:     235552 bytes,    2056624 total
- age   5:     502048 bytes,    2558672 total
- age   6:     235168 bytes,    2793840 total
- age   7:     170184 bytes,    2964024 total
- age   8:     235296 bytes,    3199320 total
: 90495K->3149K(109248K), 0.0061259 secs] 139789K->52624K(502464K), 0.0061915 secs] [Times: user=0.02 sys=0.00, real=0.01 secs] 
Heap after GC invocations=84 (full 1):
 par new generation   total 109248K, used 3149K [0x00000007a0000000, 0x00000007a8000000, 0x00000007a8000000)
  eden space 87424K,   0% used [0x00000007a0000000, 0x00000007a0000000, 0x00000007a5560000)
  from space 21824K,  14% used [0x00000007a5560000, 0x00000007a58734b8, 0x00000007a6ab0000)
  to   space 21824K,   0% used [0x00000007a6ab0000, 0x00000007a6ab0000, 0x00000007a8000000)
 concurrent mark-sweep generation total 393216K, used 49475K [0x00000007a8000000, 0x00000007c0000000, 0x00000007c0000000)
 Metaspace       used 34228K, capacity 35186K, committed 35428K, reserved 1081344K
  class space    used 4083K, capacity 4352K, committed 4452K, reserved 1048576K
}
2018-04-03T13:39:30.542+0700: 10.803: Total time for which application threads were stopped: 0.0063518 seconds, Stopping threads took: 0.0000163 seconds
{Heap before GC invocations=84 (full 1):
 par new generation   total 109248K, used 90573K [0x00000007a0000000, 0x00000007a8000000, 0x00000007a8000000)
  eden space 87424K, 100% used [0x00000007a0000000, 0x00000007a5560000, 0x00000007a5560000)
  from space 21824K,  14% used [0x00000007a5560000, 0x00000007a58734b8, 0x00000007a6ab0000)
  to   space 21824K,   0% used [0x00000007a6ab0000, 0x00000007a6ab0000, 0x00000007a8000000)
 concurrent mark-sweep generation total 393216K, used 49475K [0x00000007a8000000, 0x00000007c0000000, 0x00000007c0000000)
 Metaspace       used 34228K, capacity 35186K, committed 35428K, reserved 1081344K
  class space    used 4083K, capacity 4352K, committed 4452K, reserved 1048576K
2018-04-03T13:39:30.585+0700: 10.846: [GC (Allocation Failure) 2018-04-03T13:39:30.585+0700: 10.846: [ParNew
Desired survivor size 20112992 bytes, new threshold 8 (max 8)
- age   1:     335632 bytes,     335632 total
- age   2:    1204392 bytes,    1540024 total
- age   3:     205776 bytes,    1745800 total
- age   4:     300472 bytes,    2046272 total
- age   5:     235552 bytes,    2281824 total
- age   6:     502048 bytes,    2783872 total
- age   7:     235168 bytes,    3019040 total
- age   8:     170184 bytes,    3189224 total
: 90573K->3129K(109248K), 0.0063423 secs] 140048K->52834K(502464K), 0.0064188 secs] [Times: user=0.03 sys=0.00, real=0.01 secs] 
Heap after GC invocations=85 (full 1):
 par new generation   total 109248K, used 3129K [0x00000007a0000000, 0x00000007a8000000, 0x00000007a8000000)
  eden space 87424K,   0% used [0x00000007a0000000, 0x00000007a0000000, 0x00000007a5560000)
  from space 21824K,  14% used [0x00000007a6ab0000, 0x00000007a6dbe6f8, 0x00000007a8000000)
  to   space 21824K,   0% used [0x00000007a5560000, 0x00000007a5560000, 0x00000007a6ab0000)
 concurrent mark-sweep generation total 393216K, used 49705K [0x00000007a8000000, 0x00000007c0000000, 0x00000007c0000000)
 Metaspace       used 34228K, capacity 35186K, committed 35428K, reserved 1081344K
  class space    used 4083K, capacity 4352K, committed 4452K, reserved 1048576K
}
2018-04-03T13:39:30.591+0700: 10.853: Total time for which application threads were stopped: 0.0066417 seconds, Stopping threads took: 0.0000185 seconds
{Heap before GC invocations=85 (full 1):
 par new generation   total 109248K, used 90553K [0x00000007a0000000, 0x00000007a8000000, 0x00000007a8000000)
  eden space 87424K, 100% used [0x00000007a0000000, 0x00000007a5560000, 0x00000007a5560000)
  from space 21824K,  14% used [0x00000007a6ab0000, 0x00000007a6dbe6f8, 0x00000007a8000000)
  to   space 21824K,   0% used [0x00000007a5560000, 0x00000007a5560000, 0x00000007a6ab0000)
 concurrent mark-sweep generation total 393216K, used 49705K [0x00000007a8000000, 0x00000007c0000000, 0x00000007c0000000)
 Metaspace       used 34228K, capacity 35186K, committed 35428K, reserved 1081344K
  class space    used 4083K, capacity 4352K, committed 4452K, reserved 1048576K
2018-04-03T13:39:30.629+0700: 10.891: [GC (Allocation Failure) 2018-04-03T13:39:30.629+0700: 10.891: [ParNew
Desired survivor size 20112992 bytes, new threshold 8 (max 8)
- age   1:    1126936 bytes,    1126936 total
- age   2:     175728 bytes,    1302664 total
- age   3:     516944 bytes,    1819608 total
- age   4:     205776 bytes,    2025384 total
- age   5:     300472 bytes,    2325856 total
- age   6:     235552 bytes,    2561408 total
- age   7:     502048 bytes,    3063456 total
- age   8:     235168 bytes,    3298624 total
: 90553K->3238K(109248K), 0.0054217 secs] 140258K->53109K(502464K), 0.0055058 secs] [Times: user=0.03 sys=0.00, real=0.01 secs] 
Heap after GC invocations=86 (full 1):
 par new generation   total 109248K, used 3238K [0x00000007a0000000, 0x00000007a8000000, 0x00000007a8000000)
  eden space 87424K,   0% used [0x00000007a0000000, 0x00000007a0000000, 0x00000007a5560000)
  from space 21824K,  14% used [0x00000007a5560000, 0x00000007a5889a50, 0x00000007a6ab0000)
  to   space 21824K,   0% used [0x00000007a6ab0000, 0x00000007a6ab0000, 0x00000007a8000000)
 concurrent mark-sweep generation total 393216K, used 49871K [0x00000007a8000000, 0x00000007c0000000, 0x00000007c0000000)
 Metaspace       used 34228K, capacity 35186K, committed 35428K, reserved 1081344K
  class space    used 4083K, capacity 4352K, committed 4452K, reserved 1048576K
}
2018-04-03T13:39:30.635+0700: 10.896: Total time for which application threads were stopped: 0.0056879 seconds, Stopping threads took: 0.0000160 seconds
{Heap before GC invocations=86 (full 1):
 par new generation   total 109248K, used 90662K [0x00000007a0000000, 0x00000007a8000000, 0x00000007a8000000)
  eden space 87424K, 100% used [0x00000007a0000000, 0x00000007a5560000, 0x00000007a5560000)
  from space 21824K,  14% used [0x00000007a5560000, 0x00000007a5889a50, 0x00000007a6ab0000)
  to   space 21824K,   0% used [0x00000007a6ab0000, 0x00000007a6ab0000, 0x00000007a8000000)
 concurrent mark-sweep generation total 393216K, used 49871K [0x00000007a8000000, 0x00000007c0000000, 0x00000007c0000000)
 Metaspace       used 34229K, capacity 35186K, committed 35428K, reserved 1081344K
  class space    used 4083K, capacity 4352K, committed 4452K, reserved 1048576K
2018-04-03T13:39:30.671+0700: 10.932: [GC (Allocation Failure) 2018-04-03T13:39:30.671+0700: 10.932: [ParNew
Desired survivor size 20112992 bytes, new threshold 8 (max 8)
- age   1:    1646888 bytes,    1646888 total
- age   2:     239824 bytes,    1886712 total
- age   3:     169344 bytes,    2056056 total
- age   4:     516944 bytes,    2573000 total
- age   5:     205776 bytes,    2778776 total
- age   6:     300472 bytes,    3079248 total
- age   7:     235552 bytes,    3314800 total
- age   8:     239872 bytes,    3554672 total
: 90662K->3515K(109248K), 0.0054301 secs] 140533K->53616K(502464K), 0.0054971 secs] [Times: user=0.03 sys=0.00, real=0.00 secs] 
Heap after GC invocations=87 (full 1):
 par new generation   total 109248K, used 3515K [0x00000007a0000000, 0x00000007a8000000, 0x00000007a8000000)
  eden space 87424K,   0% used [0x00000007a0000000, 0x00000007a0000000, 0x00000007a5560000)
  from space 21824K,  16% used [0x00000007a6ab0000, 0x00000007a6e1eed0, 0x00000007a8000000)
  to   space 21824K,   0% used [0x00000007a5560000, 0x00000007a5560000, 0x00000007a6ab0000)
 concurrent mark-sweep generation total 393216K, used 50101K [0x00000007a8000000, 0x00000007c0000000, 0x00000007c0000000)
 Metaspace       used 34229K, capacity 35186K, committed 35428K, reserved 1081344K
  class space    used 4083K, capacity 4352K, committed 4452K, reserved 1048576K
}
2018-04-03T13:39:30.677+0700: 10.938: Total time for which application threads were stopped: 0.0056601 seconds, Stopping threads took: 0.0000163 seconds
{Heap before GC invocations=87 (full 1):
 par new generation   total 109248K, used 90939K [0x00000007a0000000, 0x00000007a8000000, 0x00000007a8000000)
  eden space 87424K, 100% used [0x00000007a0000000, 0x00000007a5560000, 0x00000007a5560000)
  from space 21824K,  16% used [0x00000007a6ab0000, 0x00000007a6e1eed0, 0x00000007a8000000)
  to   space 21824K,   0% used [0x00000007a5560000, 0x00000007a5560000, 0x00000007a6ab0000)
 concurrent mark-sweep generation total 393216K, used 50101K [0x00000007a8000000, 0x00000007c0000000, 0x00000007c0000000)
 Metaspace       used 34229K, capacity 35186K, committed 35428K, reserved 1081344K
  class space    used 4083K, capacity 4352K, committed 4452K, reserved 1048576K
2018-04-03T13:39:30.709+0700: 10.970: [GC (Allocation Failure) 2018-04-03T13:39:30.709+0700: 10.970: [ParNew
Desired survivor size 20112992 bytes, new threshold 8 (max 8)
- age   1:     302824 bytes,     302824 total
- age   2:    1570488 bytes,    1873312 total
- age   3:     239616 bytes,    2112928 total
- age   4:     169344 bytes,    2282272 total
- age   5:     516944 bytes,    2799216 total
- age   6:     205776 bytes,    3004992 total
- age   7:     300472 bytes,    3305464 total
- age   8:     235552 bytes,    3541016 total
: 90939K->3475K(109248K), 0.0042504 secs] 141040K->53810K(502464K), 0.0043346 secs] [Times: user=0.02 sys=0.00, real=0.01 secs] 
Heap after GC invocations=88 (full 1):
 par new generation   total 109248K, used 3475K [0x00000007a0000000, 0x00000007a8000000, 0x00000007a8000000)
  eden space 87424K,   0% used [0x00000007a0000000, 0x00000007a0000000, 0x00000007a5560000)
  from space 21824K,  15% used [0x00000007a5560000, 0x00000007a58c4d80, 0x00000007a6ab0000)
  to   space 21824K,   0% used [0x00000007a6ab0000, 0x00000007a6ab0000, 0x00000007a8000000)
 concurrent mark-sweep generation total 393216K, used 50335K [0x00000007a8000000, 0x00000007c0000000, 0x00000007c0000000)
 Metaspace       used 34229K, capacity 35186K, committed 35428K, reserved 1081344K
  class space    used 4083K, capacity 4352K, committed 4452K, reserved 1048576K
}
2018-04-03T13:39:30.713+0700: 10.974: Total time for which application threads were stopped: 0.0044952 seconds, Stopping threads took: 0.0000168 seconds
{Heap before GC invocations=88 (full 1):
 par new generation   total 109248K, used 90899K [0x00000007a0000000, 0x00000007a8000000, 0x00000007a8000000)
  eden space 87424K, 100% used [0x00000007a0000000, 0x00000007a5560000, 0x00000007a5560000)
  from space 21824K,  15% used [0x00000007a5560000, 0x00000007a58c4d80, 0x00000007a6ab0000)
  to   space 21824K,   0% used [0x00000007a6ab0000, 0x00000007a6ab0000, 0x00000007a8000000)
 concurrent mark-sweep generation total 393216K, used 50335K [0x00000007a8000000, 0x00000007c0000000, 0x00000007c0000000)
 Metaspace       used 34229K, capacity 35186K, committed 35428K, reserved 1081344K
  class space    used 4083K, capacity 4352K, committed 4452K, reserved 1048576K
2018-04-03T13:39:30.742+0700: 11.004: [GC (Allocation Failure) 2018-04-03T13:39:30.743+0700: 11.004: [ParNew
Desired survivor size 20112992 bytes, new threshold 8 (max 8)
- age   1:    1336648 bytes,    1336648 total
- age   2:     203624 bytes,    1540272 total
- age   3:     693536 bytes,    2233808 total
- age   4:     239616 bytes,    2473424 total
- age   5:     169344 bytes,    2642768 total
- age   6:     516944 bytes,    3159712 total
- age   7:     205776 bytes,    3365488 total
- age   8:     300472 bytes,    3665960 total
: 90899K->3598K(109248K), 0.0061763 secs] 141234K->54163K(502464K), 0.0062512 secs] [Times: user=0.02 sys=0.01, real=0.00 secs] 
Heap after GC invocations=89 (full 1):
 par new generation   total 109248K, used 3598K [0x00000007a0000000, 0x00000007a8000000, 0x00000007a8000000)
  eden space 87424K,   0% used [0x00000007a0000000, 0x00000007a0000000, 0x00000007a5560000)
  from space 21824K,  16% used [0x00000007a6ab0000, 0x00000007a6e33858, 0x00000007a8000000)
  to   space 21824K,   0% used [0x00000007a5560000, 0x00000007a5560000, 0x00000007a6ab0000)
 concurrent mark-sweep generation total 393216K, used 50565K [0x00000007a8000000, 0x00000007c0000000, 0x00000007c0000000)
 Metaspace       used 34229K, capacity 35186K, committed 35428K, reserved 1081344K
  class space    used 4083K, capacity 4352K, committed 4452K, reserved 1048576K
}
2018-04-03T13:39:30.749+0700: 11.010: Total time for which application threads were stopped: 0.0064190 seconds, Stopping threads took: 0.0000176 seconds
{Heap before GC invocations=89 (full 1):
 par new generation   total 109248K, used 91022K [0x00000007a0000000, 0x00000007a8000000, 0x00000007a8000000)
  eden space 87424K, 100% used [0x00000007a0000000, 0x00000007a5560000, 0x00000007a5560000)
  from space 21824K,  16% used [0x00000007a6ab0000, 0x00000007a6e33858, 0x00000007a8000000)
  to   space 21824K,   0% used [0x00000007a5560000, 0x00000007a5560000, 0x00000007a6ab0000)
 concurrent mark-sweep generation total 393216K, used 50565K [0x00000007a8000000, 0x00000007c0000000, 0x00000007c0000000)
 Metaspace       used 34229K, capacity 35186K, committed 35428K, reserved 1081344K
  class space    used 4083K, capacity 4352K, committed 4452K, reserved 1048576K
2018-04-03T13:39:30.778+0700: 11.040: [GC (Allocation Failure) 2018-04-03T13:39:30.778+0700: 11.040: [ParNew
Desired survivor size 20112992 bytes, new threshold 8 (max 8)
- age   1:     251112 bytes,     251112 total
- age   2:    1221536 bytes,    1472648 total
- age   3:     203384 bytes,    1676032 total
- age   4:     693536 bytes,    2369568 total
- age   5:     239616 bytes,    2609184 total
- age   6:     169344 bytes,    2778528 total
- age   7:     516944 bytes,    3295472 total
- age   8:     205776 bytes,    3501248 total
: 91022K->3469K(109248K), 0.0055834 secs] 141587K->54328K(502464K), 0.0056534 secs] [Times: user=0.02 sys=0.00, real=0.01 secs] 
Heap after GC invocations=90 (full 1):
 par new generation   total 109248K, used 3469K [0x00000007a0000000, 0x00000007a8000000, 0x00000007a8000000)
  eden space 87424K,   0% used [0x00000007a0000000, 0x00000007a0000000, 0x00000007a5560000)
  from space 21824K,  15% used [0x00000007a5560000, 0x00000007a58c3790, 0x00000007a6ab0000)
  to   space 21824K,   0% used [0x00000007a6ab0000, 0x00000007a6ab0000, 0x00000007a8000000)
 concurrent mark-sweep generation total 393216K, used 50858K [0x00000007a8000000, 0x00000007c0000000, 0x00000007c0000000)
 Metaspace       used 34229K, capacity 35186K, committed 35428K, reserved 1081344K
  class space    used 4083K, capacity 4352K, committed 4452K, reserved 1048576K
}
2018-04-03T13:39:30.784+0700: 11.045: Total time for which application threads were stopped: 0.0058110 seconds, Stopping threads took: 0.0000164 seconds
{Heap before GC invocations=90 (full 1):
 par new generation   total 109248K, used 90893K [0x00000007a0000000, 0x00000007a8000000, 0x00000007a8000000)
  eden space 87424K, 100% used [0x00000007a0000000, 0x00000007a5560000, 0x00000007a5560000)
  from space 21824K,  15% used [0x00000007a5560000, 0x00000007a58c3790, 0x00000007a6ab0000)
  to   space 21824K,   0% used [0x00000007a6ab0000, 0x00000007a6ab0000, 0x00000007a8000000)
 concurrent mark-sweep generation total 393216K, used 50858K [0x00000007a8000000, 0x00000007c0000000, 0x00000007c0000000)
 Metaspace       used 34229K, capacity 35186K, committed 35428K, reserved 1081344K
  class space    used 4083K, capacity 4352K, committed 4452K, reserved 1048576K
2018-04-03T13:39:30.813+0700: 11.074: [GC (Allocation Failure) 2018-04-03T13:39:30.813+0700: 11.074: [ParNew
Desired survivor size 20112992 bytes, new threshold 8 (max 8)
- age   1:    1815496 bytes,    1815496 total
- age   2:     170552 bytes,    1986048 total
- age   3:     235136 bytes,    2221184 total
- age   4:     203384 bytes,    2424568 total
- age   5:     693536 bytes,    3118104 total
- age   6:     239616 bytes,    3357720 total
- age   7:     169344 bytes,    3527064 total
- age   8:     235384 bytes,    3762448 total
: 90893K->3699K(109248K), 0.0044982 secs] 141752K->54759K(502464K), 0.0045675 secs] [Times: user=0.01 sys=0.00, real=0.00 secs] 
Heap after GC invocations=91 (full 1):
 par new generation   total 109248K, used 3699K [0x00000007a0000000, 0x00000007a8000000, 0x00000007a8000000)
  eden space 87424K,   0% used [0x00000007a0000000, 0x00000007a0000000, 0x00000007a5560000)
  from space 21824K,  16% used [0x00000007a6ab0000, 0x00000007a6e4ced0, 0x00000007a8000000)
  to   space 21824K,   0% used [0x00000007a5560000, 0x00000007a5560000, 0x00000007a6ab0000)
 concurrent mark-sweep generation total 393216K, used 51059K [0x00000007a8000000, 0x00000007c0000000, 0x00000007c0000000)
 Metaspace       used 34229K, capacity 35186K, committed 35428K, reserved 1081344K
  class space    used 4083K, capacity 4352K, committed 4452K, reserved 1048576K
}
2018-04-03T13:39:30.818+0700: 11.079: Total time for which application threads were stopped: 0.0047355 seconds, Stopping threads took: 0.0000156 seconds
{Heap before GC invocations=91 (full 1):
 par new generation   total 109248K, used 91123K [0x00000007a0000000, 0x00000007a8000000, 0x00000007a8000000)
  eden space 87424K, 100% used [0x00000007a0000000, 0x00000007a5560000, 0x00000007a5560000)
  from space 21824K,  16% used [0x00000007a6ab0000, 0x00000007a6e4ced0, 0x00000007a8000000)
  to   space 21824K,   0% used [0x00000007a5560000, 0x00000007a5560000, 0x00000007a6ab0000)
 concurrent mark-sweep generation total 393216K, used 51059K [0x00000007a8000000, 0x00000007c0000000, 0x00000007c0000000)
 Metaspace       used 34231K, capacity 35186K, committed 35428K, reserved 1081344K
  class space    used 4083K, capacity 4352K, committed 4452K, reserved 1048576K
2018-04-03T13:39:30.847+0700: 11.108: [GC (Allocation Failure) 2018-04-03T13:39:30.847+0700: 11.108: [ParNew
Desired survivor size 20112992 bytes, new threshold 8 (max 8)
- age   1:     320792 bytes,     320792 total
- age   2:    1693896 bytes,    2014688 total
- age   3:     170280 bytes,    2184968 total
- age   4:     234912 bytes,    2419880 total
- age   5:     202296 bytes,    2622176 total
- age   6:     693536 bytes,    3315712 total
- age   7:     239616 bytes,    3555328 total
- age   8:     169344 bytes,    3724672 total
: 91123K->3649K(109248K), 0.0053419 secs] 142183K->54939K(502464K), 0.0054081 secs] [Times: user=0.01 sys=0.00, real=0.01 secs] 
Heap after GC invocations=92 (full 1):
 par new generation   total 109248K, used 3649K [0x00000007a0000000, 0x00000007a8000000, 0x00000007a8000000)
  eden space 87424K,   0% used [0x00000007a0000000, 0x00000007a0000000, 0x00000007a5560000)
  from space 21824K,  16% used [0x00000007a5560000, 0x00000007a58f0688, 0x00000007a6ab0000)
  to   space 21824K,   0% used [0x00000007a6ab0000, 0x00000007a6ab0000, 0x00000007a8000000)
 concurrent mark-sweep generation total 393216K, used 51289K [0x00000007a8000000, 0x00000007c0000000, 0x00000007c0000000)
 Metaspace       used 34231K, capacity 35186K, committed 35428K, reserved 1081344K
  class space    used 4083K, capacity 4352K, committed 4452K, reserved 1048576K
}
2018-04-03T13:39:30.852+0700: 11.114: Total time for which application threads were stopped: 0.0055672 seconds, Stopping threads took: 0.0000149 seconds
{Heap before GC invocations=92 (full 1):
 par new generation   total 109248K, used 91073K [0x00000007a0000000, 0x00000007a8000000, 0x00000007a8000000)
  eden space 87424K, 100% used [0x00000007a0000000, 0x00000007a5560000, 0x00000007a5560000)
  from space 21824K,  16% used [0x00000007a5560000, 0x00000007a58f0688, 0x00000007a6ab0000)
  to   space 21824K,   0% used [0x00000007a6ab0000, 0x00000007a6ab0000, 0x00000007a8000000)
 concurrent mark-sweep generation total 393216K, used 51289K [0x00000007a8000000, 0x00000007c0000000, 0x00000007c0000000)
 Metaspace       used 34231K, capacity 35186K, committed 35428K, reserved 1081344K
  class space    used 4083K, capacity 4352K, committed 4452K, reserved 1048576K
2018-04-03T13:39:30.882+0700: 11.143: [GC (Allocation Failure) 2018-04-03T13:39:30.882+0700: 11.143: [ParNew
Desired survivor size 20112992 bytes, new threshold 8 (max 8)
- age   1:    1591480 bytes,    1591480 total
- age   2:     176064 bytes,    1767544 total
- age   3:     584376 bytes,    2351920 total
- age   4:     170280 bytes,    2522200 total
- age   5:     234912 bytes,    2757112 total
- age   6:     202296 bytes,    2959408 total
- age   7:     693536 bytes,    3652944 total
- age   8:     239616 bytes,    3892560 total
: 91073K->3848K(109248K), 0.0044234 secs] 142363K->55303K(502464K), 0.0044926 secs] [Times: user=0.02 sys=0.00, real=0.00 secs] 
Heap after GC invocations=93 (full 1):
 par new generation   total 109248K, used 3848K [0x00000007a0000000, 0x00000007a8000000, 0x00000007a8000000)
  eden space 87424K,   0% used [0x00000007a0000000, 0x00000007a0000000, 0x00000007a5560000)
  from space 21824K,  17% used [0x00000007a6ab0000, 0x00000007a6e72188, 0x00000007a8000000)
  to   space 21824K,   0% used [0x00000007a5560000, 0x00000007a5560000, 0x00000007a6ab0000)
 concurrent mark-sweep generation total 393216K, used 51454K [0x00000007a8000000, 0x00000007c0000000, 0x00000007c0000000)
 Metaspace       used 34231K, capacity 35186K, committed 35428K, reserved 1081344K
  class space    used 4083K, capacity 4352K, committed 4452K, reserved 1048576K
}
2018-04-03T13:39:30.887+0700: 11.148: Total time for which application threads were stopped: 0.0046475 seconds, Stopping threads took: 0.0000153 seconds
{Heap before GC invocations=93 (full 1):
 par new generation   total 109248K, used 91272K [0x00000007a0000000, 0x00000007a8000000, 0x00000007a8000000)
  eden space 87424K, 100% used [0x00000007a0000000, 0x00000007a5560000, 0x00000007a5560000)
  from space 21824K,  17% used [0x00000007a6ab0000, 0x00000007a6e72188, 0x00000007a8000000)
  to   space 21824K,   0% used [0x00000007a5560000, 0x00000007a5560000, 0x00000007a6ab0000)
 concurrent mark-sweep generation total 393216K, used 51454K [0x00000007a8000000, 0x00000007c0000000, 0x00000007c0000000)
 Metaspace       used 34231K, capacity 35186K, committed 35428K, reserved 1081344K
  class space    used 4083K, capacity 4352K, committed 4452K, reserved 1048576K
2018-04-03T13:39:30.934+0700: 11.195: [GC (Allocation Failure) 2018-04-03T13:39:30.934+0700: 11.195: [ParNew
Desired survivor size 20112992 bytes, new threshold 8 (max 8)
- age   1:     755472 bytes,     755472 total
- age   2:    1515864 bytes,    2271336 total
- age   3:     175584 bytes,    2446920 total
- age   4:     267648 bytes,    2714568 total
- age   5:     170280 bytes,    2884848 total
- age   6:     234912 bytes,    3119760 total
- age   7:     202296 bytes,    3322056 total
- age   8:     693536 bytes,    4015592 total
: 91272K->3933K(109248K), 0.0043397 secs] 142727K->55622K(502464K), 0.0044073 secs] [Times: user=0.01 sys=0.01, real=0.00 secs] 
Heap after GC invocations=94 (full 1):
 par new generation   total 109248K, used 3933K [0x00000007a0000000, 0x00000007a8000000, 0x00000007a8000000)
  eden space 87424K,   0% used [0x00000007a0000000, 0x00000007a0000000, 0x00000007a5560000)
  from space 21824K,  18% used [0x00000007a5560000, 0x00000007a5937458, 0x00000007a6ab0000)
  to   space 21824K,   0% used [0x00000007a6ab0000, 0x00000007a6ab0000, 0x00000007a8000000)
 concurrent mark-sweep generation total 393216K, used 51688K [0x00000007a8000000, 0x00000007c0000000, 0x00000007c0000000)
 Metaspace       used 34231K, capacity 35186K, committed 35428K, reserved 1081344K
  class space    used 4083K, capacity 4352K, committed 4452K, reserved 1048576K
}
2018-04-03T13:39:30.938+0700: 11.199: Total time for which application threads were stopped: 0.0045746 seconds, Stopping threads took: 0.0000154 seconds
{Heap before GC invocations=94 (full 1):
 par new generation   total 109248K, used 91357K [0x00000007a0000000, 0x00000007a8000000, 0x00000007a8000000)
  eden space 87424K, 100% used [0x00000007a0000000, 0x00000007a5560000, 0x00000007a5560000)
  from space 21824K,  18% used [0x00000007a5560000, 0x00000007a5937458, 0x00000007a6ab0000)
  to   space 21824K,   0% used [0x00000007a6ab0000, 0x00000007a6ab0000, 0x00000007a8000000)
 concurrent mark-sweep generation total 393216K, used 51688K [0x00000007a8000000, 0x00000007c0000000, 0x00000007c0000000)
 Metaspace       used 34231K, capacity 35186K, committed 35428K, reserved 1081344K
  class space    used 4083K, capacity 4352K, committed 4452K, reserved 1048576K
2018-04-03T13:39:30.978+0700: 11.240: [GC (Allocation Failure) 2018-04-03T13:39:30.978+0700: 11.240: [ParNew
Desired survivor size 20112992 bytes, new threshold 8 (max 8)
- age   1:    1781248 bytes,    1781248 total
- age   2:     629808 bytes,    2411056 total
- age   3:     267696 bytes,    2678752 total
- age   4:     174048 bytes,    2852800 total
- age   5:     267648 bytes,    3120448 total
- age   6:     170280 bytes,    3290728 total
- age   7:     234912 bytes,    3525640 total
- age   8:     202296 bytes,    3727936 total
: 91357K->3678K(109248K), 0.0050423 secs] 143046K->56044K(502464K), 0.0051146 secs] [Times: user=0.01 sys=0.00, real=0.01 secs] 
Heap after GC invocations=95 (full 1):
 par new generation   total 109248K, used 3678K [0x00000007a0000000, 0x00000007a8000000, 0x00000007a8000000)
  eden space 87424K,   0% used [0x00000007a0000000, 0x00000007a0000000, 0x00000007a5560000)
  from space 21824K,  16% used [0x00000007a6ab0000, 0x00000007a6e47890, 0x00000007a8000000)
  to   space 21824K,   0% used [0x00000007a5560000, 0x00000007a5560000, 0x00000007a6ab0000)
 concurrent mark-sweep generation total 393216K, used 52366K [0x00000007a8000000, 0x00000007c0000000, 0x00000007c0000000)
 Metaspace       used 34231K, capacity 35186K, committed 35428K, reserved 1081344K
  class space    used 4083K, capacity 4352K, committed 4452K, reserved 1048576K
}
2018-04-03T13:39:30.983+0700: 11.245: Total time for which application threads were stopped: 0.0052745 seconds, Stopping threads took: 0.0000160 seconds
{Heap before GC invocations=95 (full 1):
 par new generation   total 109248K, used 91102K [0x00000007a0000000, 0x00000007a8000000, 0x00000007a8000000)
  eden space 87424K, 100% used [0x00000007a0000000, 0x00000007a5560000, 0x00000007a5560000)
  from space 21824K,  16% used [0x00000007a6ab0000, 0x00000007a6e47890, 0x00000007a8000000)
  to   space 21824K,   0% used [0x00000007a5560000, 0x00000007a5560000, 0x00000007a6ab0000)
 concurrent mark-sweep generation total 393216K, used 52366K [0x00000007a8000000, 0x00000007c0000000, 0x00000007c0000000)
 Metaspace       used 34231K, capacity 35186K, committed 35428K, reserved 1081344K
  class space    used 4083K, capacity 4352K, committed 4452K, reserved 1048576K
2018-04-03T13:39:31.017+0700: 11.279: [GC (Allocation Failure) 2018-04-03T13:39:31.017+0700: 11.279: [ParNew
Desired survivor size 20112992 bytes, new threshold 8 (max 8)
- age   1:     313144 bytes,     313144 total
- age   2:    1641040 bytes,    1954184 total
- age   3:     629608 bytes,    2583792 total
- age   4:     267696 bytes,    2851488 total
- age   5:     174048 bytes,    3025536 total
- age   6:     267648 bytes,    3293184 total
- age   7:     170280 bytes,    3463464 total
- age   8:     234912 bytes,    3698376 total
: 91102K->3633K(109248K), 0.0041247 secs] 143468K->56196K(502464K), 0.0041942 secs] [Times: user=0.02 sys=0.00, real=0.01 secs] 
Heap after GC invocations=96 (full 1):
 par new generation   total 109248K, used 3633K [0x00000007a0000000, 0x00000007a8000000, 0x00000007a8000000)
  eden space 87424K,   0% used [0x00000007a0000000, 0x00000007a0000000, 0x00000007a5560000)
  from space 21824K,  16% used [0x00000007a5560000, 0x00000007a58ec460, 0x00000007a6ab0000)
  to   space 21824K,   0% used [0x00000007a6ab0000, 0x00000007a6ab0000, 0x00000007a8000000)
 concurrent mark-sweep generation total 393216K, used 52563K [0x00000007a8000000, 0x00000007c0000000, 0x00000007c0000000)
 Metaspace       used 34231K, capacity 35186K, committed 35428K, reserved 1081344K
  class space    used 4083K, capacity 4352K, committed 4452K, reserved 1048576K
}
2018-04-03T13:39:31.022+0700: 11.283: Total time for which application threads were stopped: 0.0043576 seconds, Stopping threads took: 0.0000170 seconds
{Heap before GC invocations=96 (full 1):
 par new generation   total 109248K, used 91057K [0x00000007a0000000, 0x00000007a8000000, 0x00000007a8000000)
  eden space 87424K, 100% used [0x00000007a0000000, 0x00000007a5560000, 0x00000007a5560000)
  from space 21824K,  16% used [0x00000007a5560000, 0x00000007a58ec460, 0x00000007a6ab0000)
  to   space 21824K,   0% used [0x00000007a6ab0000, 0x00000007a6ab0000, 0x00000007a8000000)
 concurrent mark-sweep generation total 393216K, used 52563K [0x00000007a8000000, 0x00000007c0000000, 0x00000007c0000000)
 Metaspace       used 34231K, capacity 35186K, committed 35428K, reserved 1081344K
  class space    used 4083K, capacity 4352K, committed 4452K, reserved 1048576K
2018-04-03T13:39:31.053+0700: 11.314: [GC (Allocation Failure) 2018-04-03T13:39:31.053+0700: 11.314: [ParNew
Desired survivor size 20112992 bytes, new threshold 8 (max 8)
- age   1:     732424 bytes,     732424 total
- age   2:     235176 bytes,     967600 total
- age   3:    1640752 bytes,    2608352 total
- age   4:     272944 bytes,    2881296 total
- age   5:     267696 bytes,    3148992 total
- age   6:     174048 bytes,    3323040 total
- age   7:     267648 bytes,    3590688 total
- age   8:     170280 bytes,    3760968 total
: 91057K->3686K(109248K), 0.0056048 secs] 143620K->56479K(502464K), 0.0056767 secs] [Times: user=0.02 sys=0.00, real=0.00 secs] 
Heap after GC invocations=97 (full 1):
 par new generation   total 109248K, used 3686K [0x00000007a0000000, 0x00000007a8000000, 0x00000007a8000000)
  eden space 87424K,   0% used [0x00000007a0000000, 0x00000007a0000000, 0x00000007a5560000)
  from space 21824K,  16% used [0x00000007a6ab0000, 0x00000007a6e498a8, 0x00000007a8000000)
  to   space 21824K,   0% used [0x00000007a5560000, 0x00000007a5560000, 0x00000007a6ab0000)
 concurrent mark-sweep generation total 393216K, used 52793K [0x00000007a8000000, 0x00000007c0000000, 0x00000007c0000000)
 Metaspace       used 34231K, capacity 35186K, committed 35428K, reserved 1081344K
  class space    used 4083K, capacity 4352K, committed 4452K, reserved 1048576K
}
2018-04-03T13:39:31.059+0700: 11.320: Total time for which application threads were stopped: 0.0058311 seconds, Stopping threads took: 0.0000157 seconds
{Heap before GC invocations=97 (full 1):
 par new generation   total 109248K, used 91110K [0x00000007a0000000, 0x00000007a8000000, 0x00000007a8000000)
  eden space 87424K, 100% used [0x00000007a0000000, 0x00000007a5560000, 0x00000007a5560000)
  from space 21824K,  16% used [0x00000007a6ab0000, 0x00000007a6e498a8, 0x00000007a8000000)
  to   space 21824K,   0% used [0x00000007a5560000, 0x00000007a5560000, 0x00000007a6ab0000)
 concurrent mark-sweep generation total 393216K, used 52793K [0x00000007a8000000, 0x00000007c0000000, 0x00000007c0000000)
 Metaspace       used 34231K, capacity 35186K, committed 35428K, reserved 1081344K
  class space    used 4083K, capacity 4352K, committed 4452K, reserved 1048576K
2018-04-03T13:39:31.094+0700: 11.355: [GC (Allocation Failure) 2018-04-03T13:39:31.094+0700: 11.355: [ParNew
Desired survivor size 20112992 bytes, new threshold 8 (max 8)
- age   1:    1931272 bytes,    1931272 total
- age   2:     603584 bytes,    2534856 total
- age   3:     234952 bytes,    2769808 total
- age   4:     235040 bytes,    3004848 total
- age   5:     272944 bytes,    3277792 total
- age   6:     267696 bytes,    3545488 total
- age   7:     174048 bytes,    3719536 total
- age   8:     267648 bytes,    3987184 total
: 91110K->3926K(109248K), 0.0054104 secs] 143903K->56886K(502464K), 0.0054753 secs] [Times: user=0.02 sys=0.00, real=0.00 secs] 
Heap after GC invocations=98 (full 1):
 par new generation   total 109248K, used 3926K [0x00000007a0000000, 0x00000007a8000000, 0x00000007a8000000)
  eden space 87424K,   0% used [0x00000007a0000000, 0x00000007a0000000, 0x00000007a5560000)
  from space 21824K,  17% used [0x00000007a5560000, 0x00000007a5935b20, 0x00000007a6ab0000)
  to   space 21824K,   0% used [0x00000007a6ab0000, 0x00000007a6ab0000, 0x00000007a8000000)
 concurrent mark-sweep generation total 393216K, used 52959K [0x00000007a8000000, 0x00000007c0000000, 0x00000007c0000000)
 Metaspace       used 34231K, capacity 35186K, committed 35428K, reserved 1081344K
  class space    used 4083K, capacity 4352K, committed 4452K, reserved 1048576K
}
2018-04-03T13:39:31.099+0700: 11.361: Total time for which application threads were stopped: 0.0056465 seconds, Stopping threads took: 0.0000258 seconds
{Heap before GC invocations=98 (full 1):
 par new generation   total 109248K, used 91350K [0x00000007a0000000, 0x00000007a8000000, 0x00000007a8000000)
  eden space 87424K, 100% used [0x00000007a0000000, 0x00000007a5560000, 0x00000007a5560000)
  from space 21824K,  17% used [0x00000007a5560000, 0x00000007a5935b20, 0x00000007a6ab0000)
  to   space 21824K,   0% used [0x00000007a6ab0000, 0x00000007a6ab0000, 0x00000007a8000000)
 concurrent mark-sweep generation total 393216K, used 52959K [0x00000007a8000000, 0x00000007c0000000, 0x00000007c0000000)
 Metaspace       used 34231K, capacity 35186K, committed 35428K, reserved 1081344K
  class space    used 4083K, capacity 4352K, committed 4452K, reserved 1048576K
2018-04-03T13:39:31.141+0700: 11.403: [GC (Allocation Failure) 2018-04-03T13:39:31.141+0700: 11.403: [ParNew
Desired survivor size 20112992 bytes, new threshold 8 (max 8)
- age   1:     796616 bytes,     796616 total
- age   2:    1821280 bytes,    2617896 total
- age   3:     202688 bytes,    2820584 total
- age   4:     234952 bytes,    3055536 total
- age   5:     235040 bytes,    3290576 total
- age   6:     272944 bytes,    3563520 total
- age   7:     267696 bytes,    3831216 total
- age   8:     174048 bytes,    4005264 total
: 91350K->3944K(109248K), 0.0064375 secs] 144310K->57165K(502464K), 0.0065180 secs] [Times: user=0.02 sys=0.00, real=0.00 secs] 
Heap after GC invocations=99 (full 1):
 par new generation   total 109248K, used 3944K [0x00000007a0000000, 0x00000007a8000000, 0x00000007a8000000)
  eden space 87424K,   0% used [0x00000007a0000000, 0x00000007a0000000, 0x00000007a5560000)
  from space 21824K,  18% used [0x00000007a6ab0000, 0x00000007a6e8a298, 0x00000007a8000000)
  to   space 21824K,   0% used [0x00000007a5560000, 0x00000007a5560000, 0x00000007a6ab0000)
 concurrent mark-sweep generation total 393216K, used 53220K [0x00000007a8000000, 0x00000007c0000000, 0x00000007c0000000)
 Metaspace       used 34231K, capacity 35186K, committed 35428K, reserved 1081344K
  class space    used 4083K, capacity 4352K, committed 4452K, reserved 1048576K
}
2018-04-03T13:39:31.148+0700: 11.409: Total time for which application threads were stopped: 0.0067112 seconds, Stopping threads took: 0.0000171 seconds
{Heap before GC invocations=99 (full 1):
 par new generation   total 109248K, used 91368K [0x00000007a0000000, 0x00000007a8000000, 0x00000007a8000000)
  eden space 87424K, 100% used [0x00000007a0000000, 0x00000007a5560000, 0x00000007a5560000)
  from space 21824K,  18% used [0x00000007a6ab0000, 0x00000007a6e8a298, 0x00000007a8000000)
  to   space 21824K,   0% used [0x00000007a5560000, 0x00000007a5560000, 0x00000007a6ab0000)
 concurrent mark-sweep generation total 393216K, used 53220K [0x00000007a8000000, 0x00000007c0000000, 0x00000007c0000000)
 Metaspace       used 34231K, capacity 35186K, committed 35428K, reserved 1081344K
  class space    used 4083K, capacity 4352K, committed 4452K, reserved 1048576K
2018-04-03T13:39:31.180+0700: 11.441: [GC (Allocation Failure) 2018-04-03T13:39:31.180+0700: 11.441: [ParNew
Desired survivor size 20112992 bytes, new threshold 8 (max 8)
- age   1:     269712 bytes,     269712 total
- age   2:     686544 bytes,     956256 total
- age   3:    1821280 bytes,    2777536 total
- age   4:     202296 bytes,    2979832 total
- age   5:     234952 bytes,    3214784 total
- age   6:     235040 bytes,    3449824 total
- age   7:     272944 bytes,    3722768 total
- age   8:     267696 bytes,    3990464 total
: 91368K->3902K(109248K), 0.0044148 secs] 144589K->57293K(502464K), 0.0044803 secs] [Times: user=0.01 sys=0.00, real=0.00 secs] 
Heap after GC invocations=100 (full 1):
 par new generation   total 109248K, used 3902K [0x00000007a0000000, 0x00000007a8000000, 0x00000007a8000000)
  eden space 87424K,   0% used [0x00000007a0000000, 0x00000007a0000000, 0x00000007a5560000)
  from space 21824K,  17% used [0x00000007a5560000, 0x00000007a592faf8, 0x00000007a6ab0000)
  to   space 21824K,   0% used [0x00000007a6ab0000, 0x00000007a6ab0000, 0x00000007a8000000)
 concurrent mark-sweep generation total 393216K, used 53390K [0x00000007a8000000, 0x00000007c0000000, 0x00000007c0000000)
 Metaspace       used 34231K, capacity 35186K, committed 35428K, reserved 1081344K
  class space    used 4083K, capacity 4352K, committed 4452K, reserved 1048576K
}
2018-04-03T13:39:31.184+0700: 11.446: Total time for which application threads were stopped: 0.0046409 seconds, Stopping threads took: 0.0000165 seconds
{Heap before GC invocations=100 (full 1):
 par new generation   total 109248K, used 91326K [0x00000007a0000000, 0x00000007a8000000, 0x00000007a8000000)
  eden space 87424K, 100% used [0x00000007a0000000, 0x00000007a5560000, 0x00000007a5560000)
  from space 21824K,  17% used [0x00000007a5560000, 0x00000007a592faf8, 0x00000007a6ab0000)
  to   space 21824K,   0% used [0x00000007a6ab0000, 0x00000007a6ab0000, 0x00000007a8000000)
 concurrent mark-sweep generation total 393216K, used 53390K [0x00000007a8000000, 0x00000007c0000000, 0x00000007c0000000)
 Metaspace       used 34231K, capacity 35186K, committed 35428K, reserved 1081344K
  class space    used 4083K, capacity 4352K, committed 4452K, reserved 1048576K
2018-04-03T13:39:31.220+0700: 11.481: [GC (Allocation Failure) 2018-04-03T13:39:31.220+0700: 11.481: [ParNew
Desired survivor size 20112992 bytes, new threshold 8 (max 8)
- age   1:    3233040 bytes,    3233040 total
- age   2:     170464 bytes,    3403504 total
- age   3:     686544 bytes,    4090048 total
- age   4:     241280 bytes,    4331328 total
- age   5:     201968 bytes,    4533296 total
- age   6:     234952 bytes,    4768248 total
- age   7:     235040 bytes,    5003288 total
- age   8:     272944 bytes,    5276232 total
: 91326K->5174K(109248K), 0.0042254 secs] 144717K->58826K(502464K), 0.0043030 secs] [Times: user=0.01 sys=0.00, real=0.00 secs] 
Heap after GC invocations=101 (full 1):
 par new generation   total 109248K, used 5174K [0x00000007a0000000, 0x00000007a8000000, 0x00000007a8000000)
  eden space 87424K,   0% used [0x00000007a0000000, 0x00000007a0000000, 0x00000007a5560000)
  from space 21824K,  23% used [0x00000007a6ab0000, 0x00000007a6fbd9b8, 0x00000007a8000000)
  to   space 21824K,   0% used [0x00000007a5560000, 0x00000007a5560000, 0x00000007a6ab0000)
 concurrent mark-sweep generation total 393216K, used 53652K [0x00000007a8000000, 0x00000007c0000000, 0x00000007c0000000)
 Metaspace       used 34231K, capacity 35186K, committed 35428K, reserved 1081344K
  class space    used 4083K, capacity 4352K, committed 4452K, reserved 1048576K
}
2018-04-03T13:39:31.224+0700: 11.485: Total time for which application threads were stopped: 0.0044539 seconds, Stopping threads took: 0.0000155 seconds
{Heap before GC invocations=101 (full 1):
 par new generation   total 109248K, used 92598K [0x00000007a0000000, 0x00000007a8000000, 0x00000007a8000000)
  eden space 87424K, 100% used [0x00000007a0000000, 0x00000007a5560000, 0x00000007a5560000)
  from space 21824K,  23% used [0x00000007a6ab0000, 0x00000007a6fbd9b8, 0x00000007a8000000)
  to   space 21824K,   0% used [0x00000007a5560000, 0x00000007a5560000, 0x00000007a6ab0000)
 concurrent mark-sweep generation total 393216K, used 53652K [0x00000007a8000000, 0x00000007c0000000, 0x00000007c0000000)
 Metaspace       used 34231K, capacity 35186K, committed 35428K, reserved 1081344K
  class space    used 4083K, capacity 4352K, committed 4452K, reserved 1048576K
2018-04-03T13:39:31.257+0700: 11.518: [GC (Allocation Failure) 2018-04-03T13:39:31.257+0700: 11.518: [ParNew
Desired survivor size 20112992 bytes, new threshold 8 (max 8)
- age   1:    1014064 bytes,    1014064 total
- age   2:    3094432 bytes,    4108496 total
- age   3:     170464 bytes,    4278960 total
- age   4:     235528 bytes,    4514488 total
- age   5:     239616 bytes,    4754104 total
- age   6:     201872 bytes,    4955976 total
- age   7:     234952 bytes,    5190928 total
- age   8:     235040 bytes,    5425968 total
: 92598K->5356K(109248K), 0.0052740 secs] 146250K->59274K(502464K), 0.0053406 secs] [Times: user=0.02 sys=0.00, real=0.01 secs] 
Heap after GC invocations=102 (full 1):
 par new generation   total 109248K, used 5356K [0x00000007a0000000, 0x00000007a8000000, 0x00000007a8000000)
  eden space 87424K,   0% used [0x00000007a0000000, 0x00000007a0000000, 0x00000007a5560000)
  from space 21824K,  24% used [0x00000007a5560000, 0x00000007a5a9b098, 0x00000007a6ab0000)
  to   space 21824K,   0% used [0x00000007a6ab0000, 0x00000007a6ab0000, 0x00000007a8000000)
 concurrent mark-sweep generation total 393216K, used 53918K [0x00000007a8000000, 0x00000007c0000000, 0x00000007c0000000)
 Metaspace       used 34231K, capacity 35186K, committed 35428K, reserved 1081344K
  class space    used 4083K, capacity 4352K, committed 4452K, reserved 1048576K
}
2018-04-03T13:39:31.262+0700: 11.524: Total time for which application threads were stopped: 0.0054974 seconds, Stopping threads took: 0.0000155 seconds
{Heap before GC invocations=102 (full 1):
 par new generation   total 109248K, used 92780K [0x00000007a0000000, 0x00000007a8000000, 0x00000007a8000000)
  eden space 87424K, 100% used [0x00000007a0000000, 0x00000007a5560000, 0x00000007a5560000)
  from space 21824K,  24% used [0x00000007a5560000, 0x00000007a5a9b098, 0x00000007a6ab0000)
  to   space 21824K,   0% used [0x00000007a6ab0000, 0x00000007a6ab0000, 0x00000007a8000000)
 concurrent mark-sweep generation total 393216K, used 53918K [0x00000007a8000000, 0x00000007c0000000, 0x00000007c0000000)
 Metaspace       used 34231K, capacity 35186K, committed 35428K, reserved 1081344K
  class space    used 4083K, capacity 4352K, committed 4452K, reserved 1048576K
2018-04-03T13:39:31.292+0700: 11.554: [GC (Allocation Failure) 2018-04-03T13:39:31.292+0700: 11.554: [ParNew
Desired survivor size 20112992 bytes, new threshold 8 (max 8)
- age   1:     329144 bytes,     329144 total
- age   2:     941584 bytes,    1270728 total
- age   3:    3094432 bytes,    4365160 total
- age   4:     170464 bytes,    4535624 total
- age   5:     235528 bytes,    4771152 total
- age   6:     239616 bytes,    5010768 total
- age   7:     201872 bytes,    5212640 total
- age   8:     234952 bytes,    5447592 total
: 92780K->5340K(109248K), 0.0059091 secs] 146698K->59489K(502464K), 0.0059850 secs] [Times: user=0.01 sys=0.01, real=0.00 secs] 
Heap after GC invocations=103 (full 1):
 par new generation   total 109248K, used 5340K [0x00000007a0000000, 0x00000007a8000000, 0x00000007a8000000)
  eden space 87424K,   0% used [0x00000007a0000000, 0x00000007a0000000, 0x00000007a5560000)
  from space 21824K,  24% used [0x00000007a6ab0000, 0x00000007a6fe72f0, 0x00000007a8000000)
  to   space 21824K,   0% used [0x00000007a5560000, 0x00000007a5560000, 0x00000007a6ab0000)
 concurrent mark-sweep generation total 393216K, used 54148K [0x00000007a8000000, 0x00000007c0000000, 0x00000007c0000000)
 Metaspace       used 34231K, capacity 35186K, committed 35428K, reserved 1081344K
  class space    used 4083K, capacity 4352K, committed 4452K, reserved 1048576K
}
2018-04-03T13:39:31.298+0700: 11.560: Total time for which application threads were stopped: 0.0061704 seconds, Stopping threads took: 0.0000157 seconds
{Heap before GC invocations=103 (full 1):
 par new generation   total 109248K, used 92764K [0x00000007a0000000, 0x00000007a8000000, 0x00000007a8000000)
  eden space 87424K, 100% used [0x00000007a0000000, 0x00000007a5560000, 0x00000007a5560000)
  from space 21824K,  24% used [0x00000007a6ab0000, 0x00000007a6fe72f0, 0x00000007a8000000)
  to   space 21824K,   0% used [0x00000007a5560000, 0x00000007a5560000, 0x00000007a6ab0000)
 concurrent mark-sweep generation total 393216K, used 54148K [0x00000007a8000000, 0x00000007c0000000, 0x00000007c0000000)
 Metaspace       used 34231K, capacity 35186K, committed 35428K, reserved 1081344K
  class space    used 4083K, capacity 4352K, committed 4452K, reserved 1048576K
2018-04-03T13:39:31.338+0700: 11.599: [GC (Allocation Failure) 2018-04-03T13:39:31.338+0700: 11.599: [ParNew
Desired survivor size 20112992 bytes, new threshold 8 (max 8)
- age   1:    2312784 bytes,    2312784 total
- age   2:     202408 bytes,    2515192 total
- age   3:     941584 bytes,    3456776 total
- age   4:    1316840 bytes,    4773616 total
- age   5:     170024 bytes,    4943640 total
- age   6:     235528 bytes,    5179168 total
- age   7:     239616 bytes,    5418784 total
- age   8:     201872 bytes,    5620656 total
: 92764K->5495K(109248K), 0.0080162 secs] 146913K->59873K(502464K), 0.0080974 secs] [Times: user=0.02 sys=0.00, real=0.01 secs] 
Heap after GC invocations=104 (full 1):
 par new generation   total 109248K, used 5495K [0x00000007a0000000, 0x00000007a8000000, 0x00000007a8000000)
  eden space 87424K,   0% used [0x00000007a0000000, 0x00000007a0000000, 0x00000007a5560000)
  from space 21824K,  25% used [0x00000007a5560000, 0x00000007a5abde18, 0x00000007a6ab0000)
  to   space 21824K,   0% used [0x00000007a6ab0000, 0x00000007a6ab0000, 0x00000007a8000000)
 concurrent mark-sweep generation total 393216K, used 54377K [0x00000007a8000000, 0x00000007c0000000, 0x00000007c0000000)
 Metaspace       used 34231K, capacity 35186K, committed 35428K, reserved 1081344K
  class space    used 4083K, capacity 4352K, committed 4452K, reserved 1048576K
}
2018-04-03T13:39:31.346+0700: 11.608: Total time for which application threads were stopped: 0.0082921 seconds, Stopping threads took: 0.0000187 seconds
{Heap before GC invocations=104 (full 1):
 par new generation   total 109248K, used 92919K [0x00000007a0000000, 0x00000007a8000000, 0x00000007a8000000)
  eden space 87424K, 100% used [0x00000007a0000000, 0x00000007a5560000, 0x00000007a5560000)
  from space 21824K,  25% used [0x00000007a5560000, 0x00000007a5abde18, 0x00000007a6ab0000)
  to   space 21824K,   0% used [0x00000007a6ab0000, 0x00000007a6ab0000, 0x00000007a8000000)
 concurrent mark-sweep generation total 393216K, used 54377K [0x00000007a8000000, 0x00000007c0000000, 0x00000007c0000000)
 Metaspace       used 34231K, capacity 35186K, committed 35428K, reserved 1081344K
  class space    used 4083K, capacity 4352K, committed 4452K, reserved 1048576K
2018-04-03T13:39:31.380+0700: 11.641: [GC (Allocation Failure) 2018-04-03T13:39:31.380+0700: 11.641: [ParNew
Desired survivor size 20112992 bytes, new threshold 8 (max 8)
- age   1:     343568 bytes,     343568 total
- age   2:    2207368 bytes,    2550936 total
- age   3:     202408 bytes,    2753344 total
- age   4:     941584 bytes,    3694928 total
- age   5:    1316560 bytes,    5011488 total
- age   6:     170024 bytes,    5181512 total
- age   7:     235528 bytes,    5417040 total
- age   8:     239616 bytes,    5656656 total
: 92919K->5555K(109248K), 0.0053488 secs] 147297K->60130K(502464K), 0.0054394 secs] [Times: user=0.01 sys=0.00, real=0.00 secs] 
Heap after GC invocations=105 (full 1):
 par new generation   total 109248K, used 5555K [0x00000007a0000000, 0x00000007a8000000, 0x00000007a8000000)
  eden space 87424K,   0% used [0x00000007a0000000, 0x00000007a0000000, 0x00000007a5560000)
  from space 21824K,  25% used [0x00000007a6ab0000, 0x00000007a701cee8, 0x00000007a8000000)
  to   space 21824K,   0% used [0x00000007a5560000, 0x00000007a5560000, 0x00000007a6ab0000)
 concurrent mark-sweep generation total 393216K, used 54574K [0x00000007a8000000, 0x00000007c0000000, 0x00000007c0000000)
 Metaspace       used 34231K, capacity 35186K, committed 35428K, reserved 1081344K
  class space    used 4083K, capacity 4352K, committed 4452K, reserved 1048576K
}
2018-04-03T13:39:31.385+0700: 11.647: Total time for which application threads were stopped: 0.0056955 seconds, Stopping threads took: 0.0000481 seconds
{Heap before GC invocations=105 (full 1):
 par new generation   total 109248K, used 92979K [0x00000007a0000000, 0x00000007a8000000, 0x00000007a8000000)
  eden space 87424K, 100% used [0x00000007a0000000, 0x00000007a5560000, 0x00000007a5560000)
  from space 21824K,  25% used [0x00000007a6ab0000, 0x00000007a701cee8, 0x00000007a8000000)
  to   space 21824K,   0% used [0x00000007a5560000, 0x00000007a5560000, 0x00000007a6ab0000)
 concurrent mark-sweep generation total 393216K, used 54574K [0x00000007a8000000, 0x00000007c0000000, 0x00000007c0000000)
 Metaspace       used 34231K, capacity 35186K, committed 35428K, reserved 1081344K
  class space    used 4083K, capacity 4352K, committed 4452K, reserved 1048576K
2018-04-03T13:39:31.428+0700: 11.689: [GC (Allocation Failure) 2018-04-03T13:39:31.428+0700: 11.689: [ParNew
Desired survivor size 20112992 bytes, new threshold 8 (max 8)
- age   1:     323624 bytes,     323624 total
- age   2:     235608 bytes,     559232 total
- age   3:    2207368 bytes,    2766600 total
- age   4:     202408 bytes,    2969008 total
- age   5:     939664 bytes,    3908672 total
- age   6:    1316560 bytes,    5225232 total
- age   7:     170024 bytes,    5395256 total
- age   8:     235528 bytes,    5630784 total
: 92979K->5512K(109248K), 0.0058761 secs] 147554K->60321K(502464K), 0.0059646 secs] [Times: user=0.02 sys=0.00, real=0.01 secs] 
Heap after GC invocations=106 (full 1):
 par new generation   total 109248K, used 5512K [0x00000007a0000000, 0x00000007a8000000, 0x00000007a8000000)
  eden space 87424K,   0% used [0x00000007a0000000, 0x00000007a0000000, 0x00000007a5560000)
  from space 21824K,  25% used [0x00000007a5560000, 0x00000007a5ac22b8, 0x00000007a6ab0000)
  to   space 21824K,   0% used [0x00000007a6ab0000, 0x00000007a6ab0000, 0x00000007a8000000)
 concurrent mark-sweep generation total 393216K, used 54808K [0x00000007a8000000, 0x00000007c0000000, 0x00000007c0000000)
 Metaspace       used 34231K, capacity 35186K, committed 35428K, reserved 1081344K
  class space    used 4083K, capacity 4352K, committed 4452K, reserved 1048576K
}
2018-04-03T13:39:31.434+0700: 11.695: Total time for which application threads were stopped: 0.0061623 seconds, Stopping threads took: 0.0000193 seconds
{Heap before GC invocations=106 (full 1):
 par new generation   total 109248K, used 92936K [0x00000007a0000000, 0x00000007a8000000, 0x00000007a8000000)
  eden space 87424K, 100% used [0x00000007a0000000, 0x00000007a5560000, 0x00000007a5560000)
  from space 21824K,  25% used [0x00000007a5560000, 0x00000007a5ac22b8, 0x00000007a6ab0000)
  to   space 21824K,   0% used [0x00000007a6ab0000, 0x00000007a6ab0000, 0x00000007a8000000)
 concurrent mark-sweep generation total 393216K, used 54808K [0x00000007a8000000, 0x00000007c0000000, 0x00000007c0000000)
 Metaspace       used 34231K, capacity 35186K, committed 35428K, reserved 1081344K
  class space    used 4083K, capacity 4352K, committed 4452K, reserved 1048576K
2018-04-03T13:39:31.469+0700: 11.731: [GC (Allocation Failure) 2018-04-03T13:39:31.469+0700: 11.731: [ParNew
Desired survivor size 20112992 bytes, new threshold 8 (max 8)
- age   1:     889384 bytes,     889384 total
- age   2:     225976 bytes,    1115360 total
- age   3:     235608 bytes,    1350968 total
- age   4:    2207368 bytes,    3558336 total
- age   5:     202408 bytes,    3760744 total
- age   6:     432312 bytes,    4193056 total
- age   7:    1316560 bytes,    5509616 total
- age   8:     170024 bytes,    5679640 total
: 92936K->5569K(109248K), 0.0061985 secs] 147745K->60608K(502464K), 0.0062804 secs] [Times: user=0.03 sys=0.00, real=0.01 secs] 
Heap after GC invocations=107 (full 1):
 par new generation   total 109248K, used 5569K [0x00000007a0000000, 0x00000007a8000000, 0x00000007a8000000)
  eden space 87424K,   0% used [0x00000007a0000000, 0x00000007a0000000, 0x00000007a5560000)
  from space 21824K,  25% used [0x00000007a6ab0000, 0x00000007a7020458, 0x00000007a8000000)
  to   space 21824K,   0% used [0x00000007a5560000, 0x00000007a5560000, 0x00000007a6ab0000)
 concurrent mark-sweep generation total 393216K, used 55038K [0x00000007a8000000, 0x00000007c0000000, 0x00000007c0000000)
 Metaspace       used 34231K, capacity 35186K, committed 35428K, reserved 1081344K
  class space    used 4083K, capacity 4352K, committed 4452K, reserved 1048576K
}
2018-04-03T13:39:31.476+0700: 11.737: Total time for which application threads were stopped: 0.0064771 seconds, Stopping threads took: 0.0000176 seconds
{Heap before GC invocations=107 (full 1):
 par new generation   total 109248K, used 92993K [0x00000007a0000000, 0x00000007a8000000, 0x00000007a8000000)
  eden space 87424K, 100% used [0x00000007a0000000, 0x00000007a5560000, 0x00000007a5560000)
  from space 21824K,  25% used [0x00000007a6ab0000, 0x00000007a7020458, 0x00000007a8000000)
  to   space 21824K,   0% used [0x00000007a5560000, 0x00000007a5560000, 0x00000007a6ab0000)
 concurrent mark-sweep generation total 393216K, used 55038K [0x00000007a8000000, 0x00000007c0000000, 0x00000007c0000000)
 Metaspace       used 34231K, capacity 35186K, committed 35428K, reserved 1081344K
  class space    used 4083K, capacity 4352K, committed 4452K, reserved 1048576K
2018-04-03T13:39:31.509+0700: 11.771: [GC (Allocation Failure) 2018-04-03T13:39:31.510+0700: 11.771: [ParNew
Desired survivor size 20112992 bytes, new threshold 8 (max 8)
- age   1:    2778856 bytes,    2778856 total
- age   2:     772800 bytes,    3551656 total
- age   3:     225976 bytes,    3777632 total
- age   4:     235296 bytes,    4012928 total
- age   5:     207504 bytes,    4220432 total
- age   6:     202408 bytes,    4422840 total
- age   7:     432200 bytes,    4855040 total
- age   8:    1316560 bytes,    6171600 total
: 92993K->6088K(109248K), 0.0058372 secs] 148032K->61293K(502464K), 0.0059132 secs] [Times: user=0.02 sys=0.00, real=0.01 secs] 
Heap after GC invocations=108 (full 1):
 par new generation   total 109248K, used 6088K [0x00000007a0000000, 0x00000007a8000000, 0x00000007a8000000)
  eden space 87424K,   0% used [0x00000007a0000000, 0x00000007a0000000, 0x00000007a5560000)
  from space 21824K,  27% used [0x00000007a5560000, 0x00000007a5b52140, 0x00000007a6ab0000)
  to   space 21824K,   0% used [0x00000007a6ab0000, 0x00000007a6ab0000, 0x00000007a8000000)
 concurrent mark-sweep generation total 393216K, used 55205K [0x00000007a8000000, 0x00000007c0000000, 0x00000007c0000000)
 Metaspace       used 34231K, capacity 35186K, committed 35428K, reserved 1081344K
  class space    used 4083K, capacity 4352K, committed 4452K, reserved 1048576K
}
2018-04-03T13:39:31.515+0700: 11.777: Total time for which application threads were stopped: 0.0060750 seconds, Stopping threads took: 0.0000163 seconds
{Heap before GC invocations=108 (full 1):
 par new generation   total 109248K, used 93512K [0x00000007a0000000, 0x00000007a8000000, 0x00000007a8000000)
  eden space 87424K, 100% used [0x00000007a0000000, 0x00000007a5560000, 0x00000007a5560000)
  from space 21824K,  27% used [0x00000007a5560000, 0x00000007a5b52140, 0x00000007a6ab0000)
  to   space 21824K,   0% used [0x00000007a6ab0000, 0x00000007a6ab0000, 0x00000007a8000000)
 concurrent mark-sweep generation total 393216K, used 55205K [0x00000007a8000000, 0x00000007c0000000, 0x00000007c0000000)
 Metaspace       used 34231K, capacity 35186K, committed 35428K, reserved 1081344K
  class space    used 4083K, capacity 4352K, committed 4452K, reserved 1048576K
2018-04-03T13:39:31.546+0700: 11.807: [GC (Allocation Failure) 2018-04-03T13:39:31.546+0700: 11.807: [ParNew
Desired survivor size 20112992 bytes, new threshold 8 (max 8)
- age   1:     331752 bytes,     331752 total
- age   2:    2485400 bytes,    2817152 total
- age   3:     772800 bytes,    3589952 total
- age   4:     225976 bytes,    3815928 total
- age   5:     235296 bytes,    4051224 total
- age   6:     207088 bytes,    4258312 total
- age   7:     202408 bytes,    4460720 total
- age   8:     432200 bytes,    4892920 total
: 93512K->4794K(109248K), 0.0066923 secs] 148717K->61285K(502464K), 0.0067840 secs] [Times: user=0.02 sys=0.00, real=0.01 secs] 
Heap after GC invocations=109 (full 1):
 par new generation   total 109248K, used 4794K [0x00000007a0000000, 0x00000007a8000000, 0x00000007a8000000)
  eden space 87424K,   0% used [0x00000007a0000000, 0x00000007a0000000, 0x00000007a5560000)
  from space 21824K,  21% used [0x00000007a6ab0000, 0x00000007a6f5eae8, 0x00000007a8000000)
  to   space 21824K,   0% used [0x00000007a5560000, 0x00000007a5560000, 0x00000007a6ab0000)
 concurrent mark-sweep generation total 393216K, used 56490K [0x00000007a8000000, 0x00000007c0000000, 0x00000007c0000000)
 Metaspace       used 34231K, capacity 35186K, committed 35428K, reserved 1081344K
  class space    used 4083K, capacity 4352K, committed 4452K, reserved 1048576K
}
2018-04-03T13:39:31.553+0700: 11.814: Total time for which application threads were stopped: 0.0070047 seconds, Stopping threads took: 0.0000181 seconds
{Heap before GC invocations=109 (full 1):
 par new generation   total 109248K, used 92218K [0x00000007a0000000, 0x00000007a8000000, 0x00000007a8000000)
  eden space 87424K, 100% used [0x00000007a0000000, 0x00000007a5560000, 0x00000007a5560000)
  from space 21824K,  21% used [0x00000007a6ab0000, 0x00000007a6f5eae8, 0x00000007a8000000)
  to   space 21824K,   0% used [0x00000007a5560000, 0x00000007a5560000, 0x00000007a6ab0000)
 concurrent mark-sweep generation total 393216K, used 56490K [0x00000007a8000000, 0x00000007c0000000, 0x00000007c0000000)
 Metaspace       used 34231K, capacity 35186K, committed 35428K, reserved 1081344K
  class space    used 4083K, capacity 4352K, committed 4452K, reserved 1048576K
2018-04-03T13:39:31.583+0700: 11.844: [GC (Allocation Failure) 2018-04-03T13:39:31.583+0700: 11.844: [ParNew
Desired survivor size 20112992 bytes, new threshold 8 (max 8)
- age   1:     298480 bytes,     298480 total
- age   2:     202600 bytes,     501080 total
- age   3:    2485400 bytes,    2986480 total
- age   4:     772800 bytes,    3759280 total
- age   5:     223832 bytes,    3983112 total
- age   6:     235296 bytes,    4218408 total
- age   7:     207088 bytes,    4425496 total
- age   8:     202408 bytes,    4627904 total
: 92218K->4537K(109248K), 0.0057741 secs] 148709K->61450K(502464K), 0.0058575 secs] [Times: user=0.01 sys=0.00, real=0.00 secs] 
Heap after GC invocations=110 (full 1):
 par new generation   total 109248K, used 4537K [0x00000007a0000000, 0x00000007a8000000, 0x00000007a8000000)
  eden space 87424K,   0% used [0x00000007a0000000, 0x00000007a0000000, 0x00000007a5560000)
  from space 21824K,  20% used [0x00000007a5560000, 0x00000007a59ce6c0, 0x00000007a6ab0000)
  to   space 21824K,   0% used [0x00000007a6ab0000, 0x00000007a6ab0000, 0x00000007a8000000)
 concurrent mark-sweep generation total 393216K, used 56912K [0x00000007a8000000, 0x00000007c0000000, 0x00000007c0000000)
 Metaspace       used 34231K, capacity 35186K, committed 35428K, reserved 1081344K
  class space    used 4083K, capacity 4352K, committed 4452K, reserved 1048576K
}
2018-04-03T13:39:31.589+0700: 11.850: Total time for which application threads were stopped: 0.0060631 seconds, Stopping threads took: 0.0000202 seconds
{Heap before GC invocations=110 (full 1):
 par new generation   total 109248K, used 91961K [0x00000007a0000000, 0x00000007a8000000, 0x00000007a8000000)
  eden space 87424K, 100% used [0x00000007a0000000, 0x00000007a5560000, 0x00000007a5560000)
  from space 21824K,  20% used [0x00000007a5560000, 0x00000007a59ce6c0, 0x00000007a6ab0000)
  to   space 21824K,   0% used [0x00000007a6ab0000, 0x00000007a6ab0000, 0x00000007a8000000)
 concurrent mark-sweep generation total 393216K, used 56912K [0x00000007a8000000, 0x00000007c0000000, 0x00000007c0000000)
 Metaspace       used 34231K, capacity 35186K, committed 35428K, reserved 1081344K
  class space    used 4083K, capacity 4352K, committed 4452K, reserved 1048576K
2018-04-03T13:39:31.627+0700: 11.888: [GC (Allocation Failure) 2018-04-03T13:39:31.627+0700: 11.888: [ParNew
Desired survivor size 20112992 bytes, new threshold 8 (max 8)
- age   1:     357184 bytes,     357184 total
- age   2:     176736 bytes,     533920 total
- age   3:     202600 bytes,     736520 total
- age   4:    2485400 bytes,    3221920 total
- age   5:     772800 bytes,    3994720 total
- age   6:     223832 bytes,    4218552 total
- age   7:     235296 bytes,    4453848 total
- age   8:     207088 bytes,    4660936 total
: 91961K->4596K(109248K), 0.0057381 secs] 148874K->61706K(502464K), 0.0058196 secs] [Times: user=0.02 sys=0.00, real=0.01 secs] 
Heap after GC invocations=111 (full 1):
 par new generation   total 109248K, used 4596K [0x00000007a0000000, 0x00000007a8000000, 0x00000007a8000000)
  eden space 87424K,   0% used [0x00000007a0000000, 0x00000007a0000000, 0x00000007a5560000)
  from space 21824K,  21% used [0x00000007a6ab0000, 0x00000007a6f2d138, 0x00000007a8000000)
  to   space 21824K,   0% used [0x00000007a5560000, 0x00000007a5560000, 0x00000007a6ab0000)
 concurrent mark-sweep generation total 393216K, used 57110K [0x00000007a8000000, 0x00000007c0000000, 0x00000007c0000000)
 Metaspace       used 34231K, capacity 35186K, committed 35428K, reserved 1081344K
  class space    used 4083K, capacity 4352K, committed 4452K, reserved 1048576K
}
2018-04-03T13:39:31.632+0700: 11.894: Total time for which application threads were stopped: 0.0060315 seconds, Stopping threads took: 0.0000191 seconds
{Heap before GC invocations=111 (full 1):
 par new generation   total 109248K, used 92020K [0x00000007a0000000, 0x00000007a8000000, 0x00000007a8000000)
  eden space 87424K, 100% used [0x00000007a0000000, 0x00000007a5560000, 0x00000007a5560000)
  from space 21824K,  21% used [0x00000007a6ab0000, 0x00000007a6f2d138, 0x00000007a8000000)
  to   space 21824K,   0% used [0x00000007a5560000, 0x00000007a5560000, 0x00000007a6ab0000)
 concurrent mark-sweep generation total 393216K, used 57110K [0x00000007a8000000, 0x00000007c0000000, 0x00000007c0000000)
 Metaspace       used 34231K, capacity 35186K, committed 35428K, reserved 1081344K
  class space    used 4083K, capacity 4352K, committed 4452K, reserved 1048576K
2018-04-03T13:39:31.663+0700: 11.924: [GC (Allocation Failure) 2018-04-03T13:39:31.663+0700: 11.924: [ParNew
Desired survivor size 20112992 bytes, new threshold 8 (max 8)
- age   1:    2811648 bytes,    2811648 total
- age   2:     235296 bytes,    3046944 total
- age   3:     176736 bytes,    3223680 total
- age   4:     202600 bytes,    3426280 total
- age   5:     253128 bytes,    3679408 total
- age   6:     772800 bytes,    4452208 total
- age   7:     223832 bytes,    4676040 total
- age   8:     235296 bytes,    4911336 total
: 92020K->4809K(109248K), 0.0060391 secs] 149130K->62122K(502464K), 0.0061360 secs] [Times: user=0.01 sys=0.01, real=0.00 secs] 
Heap after GC invocations=112 (full 1):
 par new generation   total 109248K, used 4809K [0x00000007a0000000, 0x00000007a8000000, 0x00000007a8000000)
  eden space 87424K,   0% used [0x00000007a0000000, 0x00000007a0000000, 0x00000007a5560000)
  from space 21824K,  22% used [0x00000007a5560000, 0x00000007a5a12760, 0x00000007a6ab0000)
  to   space 21824K,   0% used [0x00000007a6ab0000, 0x00000007a6ab0000, 0x00000007a8000000)
 concurrent mark-sweep generation total 393216K, used 57312K [0x00000007a8000000, 0x00000007c0000000, 0x00000007c0000000)
 Metaspace       used 34231K, capacity 35186K, committed 35428K, reserved 1081344K
  class space    used 4083K, capacity 4352K, committed 4452K, reserved 1048576K
}
2018-04-03T13:39:31.669+0700: 11.931: Total time for which application threads were stopped: 0.0063527 seconds, Stopping threads took: 0.0000199 seconds
{Heap before GC invocations=112 (full 1):
 par new generation   total 109248K, used 92233K [0x00000007a0000000, 0x00000007a8000000, 0x00000007a8000000)
  eden space 87424K, 100% used [0x00000007a0000000, 0x00000007a5560000, 0x00000007a5560000)
  from space 21824K,  22% used [0x00000007a5560000, 0x00000007a5a12760, 0x00000007a6ab0000)
  to   space 21824K,   0% used [0x00000007a6ab0000, 0x00000007a6ab0000, 0x00000007a8000000)
 concurrent mark-sweep generation total 393216K, used 57312K [0x00000007a8000000, 0x00000007c0000000, 0x00000007c0000000)
 Metaspace       used 34231K, capacity 35186K, committed 35428K, reserved 1081344K
  class space    used 4083K, capacity 4352K, committed 4452K, reserved 1048576K
2018-04-03T13:39:31.702+0700: 11.963: [GC (Allocation Failure) 2018-04-03T13:39:31.702+0700: 11.963: [ParNew
Desired survivor size 20112992 bytes, new threshold 8 (max 8)
- age   1:     438672 bytes,     438672 total
- age   2:    2714128 bytes,    3152800 total
- age   3:     235296 bytes,    3388096 total
- age   4:     176736 bytes,    3564832 total
- age   5:     202600 bytes,    3767432 total
- age   6:     235080 bytes,    4002512 total
- age   7:     772800 bytes,    4775312 total
- age   8:     223832 bytes,    4999144 total
: 92233K->4909K(109248K), 0.0061260 secs] 149546K->62452K(502464K), 0.0062194 secs] [Times: user=0.02 sys=0.00, real=0.00 secs] 
Heap after GC invocations=113 (full 1):
 par new generation   total 109248K, used 4909K [0x00000007a0000000, 0x00000007a8000000, 0x00000007a8000000)
  eden space 87424K,   0% used [0x00000007a0000000, 0x00000007a0000000, 0x00000007a5560000)
  from space 21824K,  22% used [0x00000007a6ab0000, 0x00000007a6f7b6a0, 0x00000007a8000000)
  to   space 21824K,   0% used [0x00000007a5560000, 0x00000007a5560000, 0x00000007a6ab0000)
 concurrent mark-sweep generation total 393216K, used 57542K [0x00000007a8000000, 0x00000007c0000000, 0x00000007c0000000)
 Metaspace       used 34231K, capacity 35186K, committed 35428K, reserved 1081344K
  class space    used 4083K, capacity 4352K, committed 4452K, reserved 1048576K
}
2018-04-03T13:39:31.708+0700: 11.969: Total time for which application threads were stopped: 0.0064548 seconds, Stopping threads took: 0.0000203 seconds
{Heap before GC invocations=113 (full 1):
 par new generation   total 109248K, used 92333K [0x00000007a0000000, 0x00000007a8000000, 0x00000007a8000000)
  eden space 87424K, 100% used [0x00000007a0000000, 0x00000007a5560000, 0x00000007a5560000)
  from space 21824K,  22% used [0x00000007a6ab0000, 0x00000007a6f7b6a0, 0x00000007a8000000)
  to   space 21824K,   0% used [0x00000007a5560000, 0x00000007a5560000, 0x00000007a6ab0000)
 concurrent mark-sweep generation total 393216K, used 57542K [0x00000007a8000000, 0x00000007c0000000, 0x00000007c0000000)
 Metaspace       used 34231K, capacity 35186K, committed 35428K, reserved 1081344K
  class space    used 4083K, capacity 4352K, committed 4452K, reserved 1048576K
2018-04-03T13:39:31.741+0700: 12.002: [GC (Allocation Failure) 2018-04-03T13:39:31.741+0700: 12.002: [ParNew
Desired survivor size 20112992 bytes, new threshold 8 (max 8)
- age   1:     399784 bytes,     399784 total
- age   2:     288288 bytes,     688072 total
- age   3:    2714128 bytes,    3402200 total
- age   4:     235296 bytes,    3637496 total
- age   5:     176736 bytes,    3814232 total
- age   6:     202128 bytes,    4016360 total
- age   7:     235080 bytes,    4251440 total
- age   8:     772800 bytes,    5024240 total
: 92333K->4962K(109248K), 0.0063328 secs] 149876K->62723K(502464K), 0.0064141 secs] [Times: user=0.02 sys=0.00, real=0.00 secs] 
Heap after GC invocations=114 (full 1):
 par new generation   total 109248K, used 4962K [0x00000007a0000000, 0x00000007a8000000, 0x00000007a8000000)
  eden space 87424K,   0% used [0x00000007a0000000, 0x00000007a0000000, 0x00000007a5560000)
  from space 21824K,  22% used [0x00000007a5560000, 0x00000007a5a38b70, 0x00000007a6ab0000)
  to   space 21824K,   0% used [0x00000007a6ab0000, 0x00000007a6ab0000, 0x00000007a8000000)
 concurrent mark-sweep generation total 393216K, used 57761K [0x00000007a8000000, 0x00000007c0000000, 0x00000007c0000000)
 Metaspace       used 34231K, capacity 35186K, committed 35428K, reserved 1081344K
  class space    used 4083K, capacity 4352K, committed 4452K, reserved 1048576K
}
2018-04-03T13:39:31.747+0700: 12.008: Total time for which application threads were stopped: 0.0066030 seconds, Stopping threads took: 0.0000163 seconds
{Heap before GC invocations=114 (full 1):
 par new generation   total 109248K, used 92380K [0x00000007a0000000, 0x00000007a8000000, 0x00000007a8000000)
  eden space 87424K,  99% used [0x00000007a0000000, 0x00000007a555e710, 0x00000007a5560000)
  from space 21824K,  22% used [0x00000007a5560000, 0x00000007a5a38b70, 0x00000007a6ab0000)
  to   space 21824K,   0% used [0x00000007a6ab0000, 0x00000007a6ab0000, 0x00000007a8000000)
 concurrent mark-sweep generation total 393216K, used 57761K [0x00000007a8000000, 0x00000007c0000000, 0x00000007c0000000)
 Metaspace       used 34231K, capacity 35186K, committed 35428K, reserved 1081344K
  class space    used 4083K, capacity 4352K, committed 4452K, reserved 1048576K
2018-04-03T13:39:31.777+0700: 12.039: [GC (Allocation Failure) 2018-04-03T13:39:31.777+0700: 12.039: [ParNew
Desired survivor size 20112992 bytes, new threshold 8 (max 8)
- age   1:     961296 bytes,     961296 total
- age   2:     268272 bytes,    1229568 total
- age   3:     288288 bytes,    1517856 total
- age   4:    2714128 bytes,    4231984 total
- age   5:     235296 bytes,    4467280 total
- age   6:     176736 bytes,    4644016 total
- age   7:     202128 bytes,    4846144 total
- age   8:     235080 bytes,    5081224 total
: 92380K->4984K(109248K), 0.0049219 secs] 150141K->62943K(502464K), 0.0050028 secs] [Times: user=0.01 sys=0.00, real=0.01 secs] 
Heap after GC invocations=115 (full 1):
 par new generation   total 109248K, used 4984K [0x00000007a0000000, 0x00000007a8000000, 0x00000007a8000000)
  eden space 87424K,   0% used [0x00000007a0000000, 0x00000007a0000000, 0x00000007a5560000)
  from space 21824K,  22% used [0x00000007a6ab0000, 0x00000007a6f8e330, 0x00000007a8000000)
  to   space 21824K,   0% used [0x00000007a5560000, 0x00000007a5560000, 0x00000007a6ab0000)
 concurrent mark-sweep generation total 393216K, used 57958K [0x00000007a8000000, 0x00000007c0000000, 0x00000007c0000000)
 Metaspace       used 34231K, capacity 35186K, committed 35428K, reserved 1081344K
  class space    used 4083K, capacity 4352K, committed 4452K, reserved 1048576K
}
2018-04-03T13:39:31.782+0700: 12.044: Total time for which application threads were stopped: 0.0051644 seconds, Stopping threads took: 0.0000168 seconds
{Heap before GC invocations=115 (full 1):
 par new generation   total 109248K, used 92408K [0x00000007a0000000, 0x00000007a8000000, 0x00000007a8000000)
  eden space 87424K, 100% used [0x00000007a0000000, 0x00000007a5560000, 0x00000007a5560000)
  from space 21824K,  22% used [0x00000007a6ab0000, 0x00000007a6f8e330, 0x00000007a8000000)
  to   space 21824K,   0% used [0x00000007a5560000, 0x00000007a5560000, 0x00000007a6ab0000)
 concurrent mark-sweep generation total 393216K, used 57958K [0x00000007a8000000, 0x00000007c0000000, 0x00000007c0000000)
 Metaspace       used 34231K, capacity 35186K, committed 35428K, reserved 1081344K
  class space    used 4083K, capacity 4352K, committed 4452K, reserved 1048576K
2018-04-03T13:39:31.812+0700: 12.073: [GC (Allocation Failure) 2018-04-03T13:39:31.812+0700: 12.073: [ParNew
Desired survivor size 20112992 bytes, new threshold 8 (max 8)
- age   1:     298040 bytes,     298040 total
- age   2:     811616 bytes,    1109656 total
- age   3:     268272 bytes,    1377928 total
- age   4:     288288 bytes,    1666216 total
- age   5:    2714128 bytes,    4380344 total
- age   6:     235296 bytes,    4615640 total
- age   7:     174304 bytes,    4789944 total
- age   8:     202128 bytes,    4992072 total
: 92408K->4913K(109248K), 0.0054419 secs] 150367K->63101K(502464K), 0.0055116 secs] [Times: user=0.01 sys=0.00, real=0.00 secs] 
Heap after GC invocations=116 (full 1):
 par new generation   total 109248K, used 4913K [0x00000007a0000000, 0x00000007a8000000, 0x00000007a8000000)
  eden space 87424K,   0% used [0x00000007a0000000, 0x00000007a0000000, 0x00000007a5560000)
  from space 21824K,  22% used [0x00000007a5560000, 0x00000007a5a2c448, 0x00000007a6ab0000)
  to   space 21824K,   0% used [0x00000007a6ab0000, 0x00000007a6ab0000, 0x00000007a8000000)
 concurrent mark-sweep generation total 393216K, used 58187K [0x00000007a8000000, 0x00000007c0000000, 0x00000007c0000000)
 Metaspace       used 34231K, capacity 35186K, committed 35428K, reserved 1081344K
  class space    used 4083K, capacity 4352K, committed 4452K, reserved 1048576K
}
2018-04-03T13:39:31.817+0700: 12.078: Total time for which application threads were stopped: 0.0056776 seconds, Stopping threads took: 0.0000256 seconds
{Heap before GC invocations=116 (full 1):
 par new generation   total 109248K, used 92337K [0x00000007a0000000, 0x00000007a8000000, 0x00000007a8000000)
  eden space 87424K, 100% used [0x00000007a0000000, 0x00000007a5560000, 0x00000007a5560000)
  from space 21824K,  22% used [0x00000007a5560000, 0x00000007a5a2c448, 0x00000007a6ab0000)
  to   space 21824K,   0% used [0x00000007a6ab0000, 0x00000007a6ab0000, 0x00000007a8000000)
 concurrent mark-sweep generation total 393216K, used 58187K [0x00000007a8000000, 0x00000007c0000000, 0x00000007c0000000)
 Metaspace       used 34231K, capacity 35186K, committed 35428K, reserved 1081344K
  class space    used 4083K, capacity 4352K, committed 4452K, reserved 1048576K
2018-04-03T13:39:31.847+0700: 12.109: [GC (Allocation Failure) 2018-04-03T13:39:31.847+0700: 12.109: [ParNew
Desired survivor size 20112992 bytes, new threshold 8 (max 8)
- age   1:    3176856 bytes,    3176856 total
- age   2:     177728 bytes,    3354584 total
- age   3:     811616 bytes,    4166200 total
- age   4:     268272 bytes,    4434472 total
- age   5:     268120 bytes,    4702592 total
- age   6:     203440 bytes,    4906032 total
- age   7:     235296 bytes,    5141328 total
- age   8:     174304 bytes,    5315632 total
: 92337K->5211K(109248K), 0.0064684 secs] 150525K->63597K(502464K), 0.0065844 secs] [Times: user=0.02 sys=0.00, real=0.01 secs] 
Heap after GC invocations=117 (full 1):
 par new generation   total 109248K, used 5211K [0x00000007a0000000, 0x00000007a8000000, 0x00000007a8000000)
  eden space 87424K,   0% used [0x00000007a0000000, 0x00000007a0000000, 0x00000007a5560000)
  from space 21824K,  23% used [0x00000007a6ab0000, 0x00000007a6fc6f98, 0x00000007a8000000)
  to   space 21824K,   0% used [0x00000007a5560000, 0x00000007a5560000, 0x00000007a6ab0000)
 concurrent mark-sweep generation total 393216K, used 58385K [0x00000007a8000000, 0x00000007c0000000, 0x00000007c0000000)
 Metaspace       used 34231K, capacity 35186K, committed 35428K, reserved 1081344K
  class space    used 4083K, capacity 4352K, committed 4452K, reserved 1048576K
}
2018-04-03T13:39:31.854+0700: 12.115: Total time for which application threads were stopped: 0.0067976 seconds, Stopping threads took: 0.0000181 seconds
{Heap before GC invocations=117 (full 1):
 par new generation   total 109248K, used 92635K [0x00000007a0000000, 0x00000007a8000000, 0x00000007a8000000)
  eden space 87424K, 100% used [0x00000007a0000000, 0x00000007a5560000, 0x00000007a5560000)
  from space 21824K,  23% used [0x00000007a6ab0000, 0x00000007a6fc6f98, 0x00000007a8000000)
  to   space 21824K,   0% used [0x00000007a5560000, 0x00000007a5560000, 0x00000007a6ab0000)
 concurrent mark-sweep generation total 393216K, used 58385K [0x00000007a8000000, 0x00000007c0000000, 0x00000007c0000000)
 Metaspace       used 34231K, capacity 35186K, committed 35428K, reserved 1081344K
  class space    used 4083K, capacity 4352K, committed 4452K, reserved 1048576K
2018-04-03T13:39:31.885+0700: 12.147: [GC (Allocation Failure) 2018-04-03T13:39:31.885+0700: 12.147: [ParNew
Desired survivor size 20112992 bytes, new threshold 8 (max 8)
- age   1:     353144 bytes,     353144 total
- age   2:    3285080 bytes,    3638224 total
- age   3:     177728 bytes,    3815952 total
- age   4:     811616 bytes,    4627568 total
- age   5:     268272 bytes,    4895840 total
- age   6:     267976 bytes,    5163816 total
- age   7:     202808 bytes,    5366624 total
- age   8:     235296 bytes,    5601920 total
: 92635K->5516K(109248K), 0.0052893 secs] 151021K->64072K(502464K), 0.0053596 secs] [Times: user=0.01 sys=0.00, real=0.01 secs] 
Heap after GC invocations=118 (full 1):
 par new generation   total 109248K, used 5516K [0x00000007a0000000, 0x00000007a8000000, 0x00000007a8000000)
  eden space 87424K,   0% used [0x00000007a0000000, 0x00000007a0000000, 0x00000007a5560000)
  from space 21824K,  25% used [0x00000007a5560000, 0x00000007a5ac3260, 0x00000007a6ab0000)
  to   space 21824K,   0% used [0x00000007a6ab0000, 0x00000007a6ab0000, 0x00000007a8000000)
 concurrent mark-sweep generation total 393216K, used 58555K [0x00000007a8000000, 0x00000007c0000000, 0x00000007c0000000)
 Metaspace       used 34231K, capacity 35186K, committed 35428K, reserved 1081344K
  class space    used 4083K, capacity 4352K, committed 4452K, reserved 1048576K
}
2018-04-03T13:39:31.891+0700: 12.152: Total time for which application threads were stopped: 0.0055201 seconds, Stopping threads took: 0.0000172 seconds
{Heap before GC invocations=118 (full 1):
 par new generation   total 109248K, used 92940K [0x00000007a0000000, 0x00000007a8000000, 0x00000007a8000000)
  eden space 87424K, 100% used [0x00000007a0000000, 0x00000007a5560000, 0x00000007a5560000)
  from space 21824K,  25% used [0x00000007a5560000, 0x00000007a5ac3260, 0x00000007a6ab0000)
  to   space 21824K,   0% used [0x00000007a6ab0000, 0x00000007a6ab0000, 0x00000007a8000000)
 concurrent mark-sweep generation total 393216K, used 58555K [0x00000007a8000000, 0x00000007c0000000, 0x00000007c0000000)
 Metaspace       used 34232K, capacity 35186K, committed 35428K, reserved 1081344K
  class space    used 4083K, capacity 4352K, committed 4452K, reserved 1048576K
2018-04-03T13:39:31.920+0700: 12.181: [GC (Allocation Failure) 2018-04-03T13:39:31.920+0700: 12.181: [ParNew
Desired survivor size 20112992 bytes, new threshold 8 (max 8)
- age   1:     224904 bytes,     224904 total
- age   2:     203040 bytes,     427944 total
- age   3:    3049712 bytes,    3477656 total
- age   4:     177728 bytes,    3655384 total
- age   5:     811616 bytes,    4467000 total
- age   6:     267736 bytes,    4734736 total
- age   7:     267976 bytes,    5002712 total
- age   8:     202808 bytes,    5205520 total
: 92940K->5114K(109248K), 0.0054598 secs] 151496K->63899K(502464K), 0.0055350 secs] [Times: user=0.02 sys=0.00, real=0.00 secs] 
Heap after GC invocations=119 (full 1):
 par new generation   total 109248K, used 5114K [0x00000007a0000000, 0x00000007a8000000, 0x00000007a8000000)
  eden space 87424K,   0% used [0x00000007a0000000, 0x00000007a0000000, 0x00000007a5560000)
  from space 21824K,  23% used [0x00000007a6ab0000, 0x00000007a6fae960, 0x00000007a8000000)
  to   space 21824K,   0% used [0x00000007a5560000, 0x00000007a5560000, 0x00000007a6ab0000)
 concurrent mark-sweep generation total 393216K, used 58785K [0x00000007a8000000, 0x00000007c0000000, 0x00000007c0000000)
 Metaspace       used 34232K, capacity 35186K, committed 35428K, reserved 1081344K
  class space    used 4083K, capacity 4352K, committed 4452K, reserved 1048576K
}
2018-04-03T13:39:31.926+0700: 12.187: Total time for which application threads were stopped: 0.0057166 seconds, Stopping threads took: 0.0000164 seconds
{Heap before GC invocations=119 (full 1):
 par new generation   total 109248K, used 92538K [0x00000007a0000000, 0x00000007a8000000, 0x00000007a8000000)
  eden space 87424K, 100% used [0x00000007a0000000, 0x00000007a5560000, 0x00000007a5560000)
  from space 21824K,  23% used [0x00000007a6ab0000, 0x00000007a6fae960, 0x00000007a8000000)
  to   space 21824K,   0% used [0x00000007a5560000, 0x00000007a5560000, 0x00000007a6ab0000)
 concurrent mark-sweep generation total 393216K, used 58785K [0x00000007a8000000, 0x00000007c0000000, 0x00000007c0000000)
 Metaspace       used 34232K, capacity 35186K, committed 35428K, reserved 1081344K
  class space    used 4083K, capacity 4352K, committed 4452K, reserved 1048576K
2018-04-03T13:39:31.955+0700: 12.217: [GC (Allocation Failure) 2018-04-03T13:39:31.956+0700: 12.217: [ParNew
Desired survivor size 20112992 bytes, new threshold 8 (max 8)
- age   1:     379552 bytes,     379552 total
- age   2:     137160 bytes,     516712 total
- age   3:     203040 bytes,     719752 total
- age   4:    3049712 bytes,    3769464 total
- age   5:     177728 bytes,    3947192 total
- age   6:     811616 bytes,    4758808 total
- age   7:     267736 bytes,    5026544 total
- age   8:     267976 bytes,    5294520 total
: 92538K->5182K(109248K), 0.0061712 secs] 151323K->64166K(502464K), 0.0062417 secs] [Times: user=0.01 sys=0.00, real=0.01 secs] 
Heap after GC invocations=120 (full 1):
 par new generation   total 109248K, used 5182K [0x00000007a0000000, 0x00000007a8000000, 0x00000007a8000000)
  eden space 87424K,   0% used [0x00000007a0000000, 0x00000007a0000000, 0x00000007a5560000)
  from space 21824K,  23% used [0x00000007a5560000, 0x00000007a5a6fb00, 0x00000007a6ab0000)
  to   space 21824K,   0% used [0x00000007a6ab0000, 0x00000007a6ab0000, 0x00000007a8000000)
 concurrent mark-sweep generation total 393216K, used 58983K [0x00000007a8000000, 0x00000007c0000000, 0x00000007c0000000)
 Metaspace       used 34232K, capacity 35186K, committed 35428K, reserved 1081344K
  class space    used 4083K, capacity 4352K, committed 4452K, reserved 1048576K
}
2018-04-03T13:39:31.962+0700: 12.223: Total time for which application threads were stopped: 0.0064204 seconds, Stopping threads took: 0.0000200 seconds
{Heap before GC invocations=120 (full 1):
 par new generation   total 109248K, used 92606K [0x00000007a0000000, 0x00000007a8000000, 0x00000007a8000000)
  eden space 87424K, 100% used [0x00000007a0000000, 0x00000007a5560000, 0x00000007a5560000)
  from space 21824K,  23% used [0x00000007a5560000, 0x00000007a5a6fb00, 0x00000007a6ab0000)
  to   space 21824K,   0% used [0x00000007a6ab0000, 0x00000007a6ab0000, 0x00000007a8000000)
 concurrent mark-sweep generation total 393216K, used 58983K [0x00000007a8000000, 0x00000007c0000000, 0x00000007c0000000)
 Metaspace       used 34232K, capacity 35186K, committed 35428K, reserved 1081344K
  class space    used 4083K, capacity 4352K, committed 4452K, reserved 1048576K
2018-04-03T13:39:31.990+0700: 12.251: [GC (Allocation Failure) 2018-04-03T13:39:31.990+0700: 12.251: [ParNew
Desired survivor size 20112992 bytes, new threshold 8 (max 8)
- age   1:     251744 bytes,     251744 total
- age   2:     202424 bytes,     454168 total
- age   3:     137160 bytes,     591328 total
- age   4:     203040 bytes,     794368 total
- age   5:    3049712 bytes,    3844080 total
- age   6:     177728 bytes,    4021808 total
- age   7:     811616 bytes,    4833424 total
- age   8:     267736 bytes,    5101160 total
: 92606K->5028K(109248K), 0.0048742 secs] 151590K->64273K(502464K), 0.0049527 secs] [Times: user=0.01 sys=0.00, real=0.00 secs] 
Heap after GC invocations=121 (full 1):
 par new generation   total 109248K, used 5028K [0x00000007a0000000, 0x00000007a8000000, 0x00000007a8000000)
  eden space 87424K,   0% used [0x00000007a0000000, 0x00000007a0000000, 0x00000007a5560000)
  from space 21824K,  23% used [0x00000007a6ab0000, 0x00000007a6f99250, 0x00000007a8000000)
  to   space 21824K,   0% used [0x00000007a5560000, 0x00000007a5560000, 0x00000007a6ab0000)
 concurrent mark-sweep generation total 393216K, used 59245K [0x00000007a8000000, 0x00000007c0000000, 0x00000007c0000000)
 Metaspace       used 34232K, capacity 35186K, committed 35428K, reserved 1081344K
  class space    used 4083K, capacity 4352K, committed 4452K, reserved 1048576K
}
2018-04-03T13:39:31.995+0700: 12.256: Total time for which application threads were stopped: 0.0051340 seconds, Stopping threads took: 0.0000163 seconds
{Heap before GC invocations=121 (full 1):
 par new generation   total 109248K, used 92452K [0x00000007a0000000, 0x00000007a8000000, 0x00000007a8000000)
  eden space 87424K, 100% used [0x00000007a0000000, 0x00000007a5560000, 0x00000007a5560000)
  from space 21824K,  23% used [0x00000007a6ab0000, 0x00000007a6f99250, 0x00000007a8000000)
  to   space 21824K,   0% used [0x00000007a5560000, 0x00000007a5560000, 0x00000007a6ab0000)
 concurrent mark-sweep generation total 393216K, used 59245K [0x00000007a8000000, 0x00000007c0000000, 0x00000007c0000000)
 Metaspace       used 34232K, capacity 35186K, committed 35428K, reserved 1081344K
  class space    used 4083K, capacity 4352K, committed 4452K, reserved 1048576K
2018-04-03T13:39:32.046+0700: 12.307: [GC (Allocation Failure) 2018-04-03T13:39:32.046+0700: 12.307: [ParNew
Desired survivor size 20112992 bytes, new threshold 8 (max 8)
- age   1:     316112 bytes,     316112 total
- age   2:     169600 bytes,     485712 total
- age   3:     202424 bytes,     688136 total
- age   4:     137160 bytes,     825296 total
- age   5:     203040 bytes,    1028336 total
- age   6:    3049712 bytes,    4078048 total
- age   7:     174944 bytes,    4252992 total
- age   8:     811616 bytes,    5064608 total
: 92452K->4971K(109248K), 0.0079483 secs] 151697K->64478K(502464K), 0.0080442 secs] [Times: user=0.02 sys=0.00, real=0.01 secs] 
Heap after GC invocations=122 (full 1):
 par new generation   total 109248K, used 4971K [0x00000007a0000000, 0x00000007a8000000, 0x00000007a8000000)
  eden space 87424K,   0% used [0x00000007a0000000, 0x00000007a0000000, 0x00000007a5560000)
  from space 21824K,  22% used [0x00000007a5560000, 0x00000007a5a3af40, 0x00000007a6ab0000)
  to   space 21824K,   0% used [0x00000007a6ab0000, 0x00000007a6ab0000, 0x00000007a8000000)
 concurrent mark-sweep generation total 393216K, used 59506K [0x00000007a8000000, 0x00000007c0000000, 0x00000007c0000000)
 Metaspace       used 34232K, capacity 35186K, committed 35428K, reserved 1081344K
  class space    used 4083K, capacity 4352K, committed 4452K, reserved 1048576K
}
2018-04-03T13:39:32.054+0700: 12.315: Total time for which application threads were stopped: 0.0082620 seconds, Stopping threads took: 0.0000198 seconds
{Heap before GC invocations=122 (full 1):
 par new generation   total 109248K, used 92395K [0x00000007a0000000, 0x00000007a8000000, 0x00000007a8000000)
  eden space 87424K, 100% used [0x00000007a0000000, 0x00000007a5560000, 0x00000007a5560000)
  from space 21824K,  22% used [0x00000007a5560000, 0x00000007a5a3af40, 0x00000007a6ab0000)
  to   space 21824K,   0% used [0x00000007a6ab0000, 0x00000007a6ab0000, 0x00000007a8000000)
 concurrent mark-sweep generation total 393216K, used 59506K [0x00000007a8000000, 0x00000007c0000000, 0x00000007c0000000)
 Metaspace       used 34232K, capacity 35186K, committed 35428K, reserved 1081344K
  class space    used 4083K, capacity 4352K, committed 4452K, reserved 1048576K
2018-04-03T13:39:32.088+0700: 12.349: [GC (Allocation Failure) 2018-04-03T13:39:32.088+0700: 12.349: [ParNew
Desired survivor size 20112992 bytes, new threshold 8 (max 8)
- age   1:    3482928 bytes,    3482928 total
- age   2:     211024 bytes,    3693952 total
- age   3:     169600 bytes,    3863552 total
- age   4:     202424 bytes,    4065976 total
- age   5:     137160 bytes,    4203136 total
- age   6:     202328 bytes,    4405464 total
- age   7:     202952 bytes,    4608416 total
- age   8:     174944 bytes,    4783360 total
: 92395K->4699K(109248K), 0.0052887 secs] 151902K->64999K(502464K), 0.0053712 secs] [Times: user=0.01 sys=0.00, real=0.01 secs] 
Heap after GC invocations=123 (full 1):
 par new generation   total 109248K, used 4699K [0x00000007a0000000, 0x00000007a8000000, 0x00000007a8000000)
  eden space 87424K,   0% used [0x00000007a0000000, 0x00000007a0000000, 0x00000007a5560000)
  from space 21824K,  21% used [0x00000007a6ab0000, 0x00000007a6f46f28, 0x00000007a8000000)
  to   space 21824K,   0% used [0x00000007a5560000, 0x00000007a5560000, 0x00000007a6ab0000)
 concurrent mark-sweep generation total 393216K, used 60299K [0x00000007a8000000, 0x00000007c0000000, 0x00000007c0000000)
 Metaspace       used 34232K, capacity 35186K, committed 35428K, reserved 1081344K
  class space    used 4083K, capacity 4352K, committed 4452K, reserved 1048576K
}
2018-04-03T13:39:32.093+0700: 12.355: Total time for which application threads were stopped: 0.0055678 seconds, Stopping threads took: 0.0000312 seconds
{Heap before GC invocations=123 (full 1):
 par new generation   total 109248K, used 92123K [0x00000007a0000000, 0x00000007a8000000, 0x00000007a8000000)
  eden space 87424K, 100% used [0x00000007a0000000, 0x00000007a5560000, 0x00000007a5560000)
  from space 21824K,  21% used [0x00000007a6ab0000, 0x00000007a6f46f28, 0x00000007a8000000)
  to   space 21824K,   0% used [0x00000007a5560000, 0x00000007a5560000, 0x00000007a6ab0000)
 concurrent mark-sweep generation total 393216K, used 60299K [0x00000007a8000000, 0x00000007c0000000, 0x00000007c0000000)
 Metaspace       used 34232K, capacity 35186K, committed 35428K, reserved 1081344K
  class space    used 4083K, capacity 4352K, committed 4452K, reserved 1048576K
2018-04-03T13:39:32.127+0700: 12.388: [GC (Allocation Failure) 2018-04-03T13:39:32.127+0700: 12.388: [ParNew
Desired survivor size 20112992 bytes, new threshold 8 (max 8)
- age   1:     250760 bytes,     250760 total
- age   2:    3373064 bytes,    3623824 total
- age   3:     211024 bytes,    3834848 total
- age   4:     169600 bytes,    4004448 total
- age   5:     202424 bytes,    4206872 total
- age   6:     137160 bytes,    4344032 total
- age   7:     202168 bytes,    4546200 total
- age   8:     202952 bytes,    4749152 total
: 92123K->4655K(109248K), 0.0053906 secs] 152423K->65125K(502464K), 0.0054637 secs] [Times: user=0.02 sys=0.00, real=0.01 secs] 
Heap after GC invocations=124 (full 1):
 par new generation   total 109248K, used 4655K [0x00000007a0000000, 0x00000007a8000000, 0x00000007a8000000)
  eden space 87424K,   0% used [0x00000007a0000000, 0x00000007a0000000, 0x00000007a5560000)
  from space 21824K,  21% used [0x00000007a5560000, 0x00000007a59ebea0, 0x00000007a6ab0000)
  to   space 21824K,   0% used [0x00000007a6ab0000, 0x00000007a6ab0000, 0x00000007a8000000)
 concurrent mark-sweep generation total 393216K, used 60470K [0x00000007a8000000, 0x00000007c0000000, 0x00000007c0000000)
 Metaspace       used 34232K, capacity 35186K, committed 35428K, reserved 1081344K
  class space    used 4083K, capacity 4352K, committed 4452K, reserved 1048576K
}
2018-04-03T13:39:32.132+0700: 12.394: Total time for which application threads were stopped: 0.0056282 seconds, Stopping threads took: 0.0000200 seconds
{Heap before GC invocations=124 (full 1):
 par new generation   total 109248K, used 92079K [0x00000007a0000000, 0x00000007a8000000, 0x00000007a8000000)
  eden space 87424K, 100% used [0x00000007a0000000, 0x00000007a5560000, 0x00000007a5560000)
  from space 21824K,  21% used [0x00000007a5560000, 0x00000007a59ebea0, 0x00000007a6ab0000)
  to   space 21824K,   0% used [0x00000007a6ab0000, 0x00000007a6ab0000, 0x00000007a8000000)
 concurrent mark-sweep generation total 393216K, used 60470K [0x00000007a8000000, 0x00000007c0000000, 0x00000007c0000000)
 Metaspace       used 34232K, capacity 35186K, committed 35428K, reserved 1081344K
  class space    used 4083K, capacity 4352K, committed 4452K, reserved 1048576K
2018-04-03T13:39:32.166+0700: 12.427: [GC (Allocation Failure) 2018-04-03T13:39:32.166+0700: 12.427: [ParNew
Desired survivor size 20112992 bytes, new threshold 8 (max 8)
- age   1:    1089848 bytes,    1089848 total
- age   2:     170200 bytes,    1260048 total
- age   3:    3373064 bytes,    4633112 total
- age   4:     211024 bytes,    4844136 total
- age   5:     169600 bytes,    5013736 total
- age   6:     202424 bytes,    5216160 total
- age   7:     137160 bytes,    5353320 total
- age   8:     202168 bytes,    5555488 total
: 92079K->5434K(109248K), 0.0052779 secs] 152549K->66102K(502464K), 0.0053517 secs] [Times: user=0.02 sys=0.00, real=0.01 secs] 
Heap after GC invocations=125 (full 1):
 par new generation   total 109248K, used 5434K [0x00000007a0000000, 0x00000007a8000000, 0x00000007a8000000)
  eden space 87424K,   0% used [0x00000007a0000000, 0x00000007a0000000, 0x00000007a5560000)
  from space 21824K,  24% used [0x00000007a6ab0000, 0x00000007a6ffeb78, 0x00000007a8000000)
  to   space 21824K,   0% used [0x00000007a5560000, 0x00000007a5560000, 0x00000007a6ab0000)
 concurrent mark-sweep generation total 393216K, used 60667K [0x00000007a8000000, 0x00000007c0000000, 0x00000007c0000000)
 Metaspace       used 34232K, capacity 35186K, committed 35428K, reserved 1081344K
  class space    used 4083K, capacity 4352K, committed 4452K, reserved 1048576K
}
2018-04-03T13:39:32.171+0700: 12.433: Total time for which application threads were stopped: 0.0055198 seconds, Stopping threads took: 0.0000204 seconds
{Heap before GC invocations=125 (full 1):
 par new generation   total 109248K, used 92858K [0x00000007a0000000, 0x00000007a8000000, 0x00000007a8000000)
  eden space 87424K, 100% used [0x00000007a0000000, 0x00000007a5560000, 0x00000007a5560000)
  from space 21824K,  24% used [0x00000007a6ab0000, 0x00000007a6ffeb78, 0x00000007a8000000)
  to   space 21824K,   0% used [0x00000007a5560000, 0x00000007a5560000, 0x00000007a6ab0000)
 concurrent mark-sweep generation total 393216K, used 60667K [0x00000007a8000000, 0x00000007c0000000, 0x00000007c0000000)
 Metaspace       used 34232K, capacity 35186K, committed 35428K, reserved 1081344K
  class space    used 4083K, capacity 4352K, committed 4452K, reserved 1048576K
2018-04-03T13:39:32.200+0700: 12.462: [GC (Allocation Failure) 2018-04-03T13:39:32.201+0700: 12.462: [ParNew
Desired survivor size 20112992 bytes, new threshold 8 (max 8)
- age   1:     238856 bytes,     238856 total
- age   2:     958184 bytes,    1197040 total
- age   3:     170200 bytes,    1367240 total
- age   4:    3373064 bytes,    4740304 total
- age   5:     211024 bytes,    4951328 total
- age   6:     169600 bytes,    5120928 total
- age   7:     202424 bytes,    5323352 total
- age   8:     136552 bytes,    5459904 total
: 92858K->5350K(109248K), 0.0055934 secs] 153526K->66215K(502464K), 0.0056724 secs] [Times: user=0.02 sys=0.00, real=0.00 secs] 
Heap after GC invocations=126 (full 1):
 par new generation   total 109248K, used 5350K [0x00000007a0000000, 0x00000007a8000000, 0x00000007a8000000)
  eden space 87424K,   0% used [0x00000007a0000000, 0x00000007a0000000, 0x00000007a5560000)
  from space 21824K,  24% used [0x00000007a5560000, 0x00000007a5a99830, 0x00000007a6ab0000)
  to   space 21824K,   0% used [0x00000007a6ab0000, 0x00000007a6ab0000, 0x00000007a8000000)
 concurrent mark-sweep generation total 393216K, used 60865K [0x00000007a8000000, 0x00000007c0000000, 0x00000007c0000000)
 Metaspace       used 34232K, capacity 35186K, committed 35428K, reserved 1081344K
  class space    used 4083K, capacity 4352K, committed 4452K, reserved 1048576K
}
2018-04-03T13:39:32.206+0700: 12.468: Total time for which application threads were stopped: 0.0058598 seconds, Stopping threads took: 0.0000193 seconds
{Heap before GC invocations=126 (full 1):
 par new generation   total 109248K, used 92774K [0x00000007a0000000, 0x00000007a8000000, 0x00000007a8000000)
  eden space 87424K, 100% used [0x00000007a0000000, 0x00000007a5560000, 0x00000007a5560000)
  from space 21824K,  24% used [0x00000007a5560000, 0x00000007a5a99830, 0x00000007a6ab0000)
  to   space 21824K,   0% used [0x00000007a6ab0000, 0x00000007a6ab0000, 0x00000007a8000000)
 concurrent mark-sweep generation total 393216K, used 60865K [0x00000007a8000000, 0x00000007c0000000, 0x00000007c0000000)
 Metaspace       used 34232K, capacity 35186K, committed 35428K, reserved 1081344K
  class space    used 4083K, capacity 4352K, committed 4452K, reserved 1048576K
2018-04-03T13:39:32.239+0700: 12.501: [GC (Allocation Failure) 2018-04-03T13:39:32.239+0700: 12.501: [ParNew
Desired survivor size 20112992 bytes, new threshold 8 (max 8)
- age   1:     333032 bytes,     333032 total
- age   2:     169800 bytes,     502832 total
- age   3:     958184 bytes,    1461016 total
- age   4:     170200 bytes,    1631216 total
- age   5:    3373064 bytes,    5004280 total
- age   6:     211024 bytes,    5215304 total
- age   7:     169600 bytes,    5384904 total
- age   8:     202424 bytes,    5587328 total
: 92774K->5471K(109248K), 0.0057621 secs] 153639K->66470K(502464K), 0.0058332 secs] [Times: user=0.01 sys=0.00, real=0.01 secs] 
Heap after GC invocations=127 (full 1):
 par new generation   total 109248K, used 5471K [0x00000007a0000000, 0x00000007a8000000, 0x00000007a8000000)
  eden space 87424K,   0% used [0x00000007a0000000, 0x00000007a0000000, 0x00000007a5560000)
  from space 21824K,  25% used [0x00000007a6ab0000, 0x00000007a7007e68, 0x00000007a8000000)
  to   space 21824K,   0% used [0x00000007a5560000, 0x00000007a5560000, 0x00000007a6ab0000)
 concurrent mark-sweep generation total 393216K, used 60998K [0x00000007a8000000, 0x00000007c0000000, 0x00000007c0000000)
 Metaspace       used 34232K, capacity 35186K, committed 35428K, reserved 1081344K
  class space    used 4083K, capacity 4352K, committed 4452K, reserved 1048576K
}
2018-04-03T13:39:32.245+0700: 12.507: Total time for which application threads were stopped: 0.0059921 seconds, Stopping threads took: 0.0000173 seconds
{Heap before GC invocations=127 (full 1):
 par new generation   total 109248K, used 92895K [0x00000007a0000000, 0x00000007a8000000, 0x00000007a8000000)
  eden space 87424K, 100% used [0x00000007a0000000, 0x00000007a5560000, 0x00000007a5560000)
  from space 21824K,  25% used [0x00000007a6ab0000, 0x00000007a7007e68, 0x00000007a8000000)
  to   space 21824K,   0% used [0x00000007a5560000, 0x00000007a5560000, 0x00000007a6ab0000)
 concurrent mark-sweep generation total 393216K, used 60998K [0x00000007a8000000, 0x00000007c0000000, 0x00000007c0000000)
 Metaspace       used 34234K, capacity 35186K, committed 35428K, reserved 1081344K
  class space    used 4083K, capacity 4352K, committed 4452K, reserved 1048576K
2018-04-03T13:39:32.681+0700: 12.942: [GC (Allocation Failure) 2018-04-03T13:39:32.681+0700: 12.942: [ParNew
Desired survivor size 20112992 bytes, new threshold 8 (max 8)
- age   1:     881104 bytes,     881104 total
- age   2:     207984 bytes,    1089088 total
- age   3:     169800 bytes,    1258888 total
- age   4:     958184 bytes,    2217072 total
- age   5:     170024 bytes,    2387096 total
- age   6:    3373064 bytes,    5760160 total
- age   7:     207856 bytes,    5968016 total
- age   8:     169600 bytes,    6137616 total
: 92895K->6009K(109248K), 0.0051268 secs] 153894K->67206K(502464K), 0.0052105 secs] [Times: user=0.03 sys=0.00, real=0.00 secs] 
Heap after GC invocations=128 (full 1):
 par new generation   total 109248K, used 6009K [0x00000007a0000000, 0x00000007a8000000, 0x00000007a8000000)
  eden space 87424K,   0% used [0x00000007a0000000, 0x00000007a0000000, 0x00000007a5560000)
  from space 21824K,  27% used [0x00000007a5560000, 0x00000007a5b3e7d0, 0x00000007a6ab0000)
  to   space 21824K,   0% used [0x00000007a6ab0000, 0x00000007a6ab0000, 0x00000007a8000000)
 concurrent mark-sweep generation total 393216K, used 61196K [0x00000007a8000000, 0x00000007c0000000, 0x00000007c0000000)
 Metaspace       used 34234K, capacity 35186K, committed 35428K, reserved 1081344K
  class space    used 4083K, capacity 4352K, committed 4452K, reserved 1048576K
}
2018-04-03T13:39:32.686+0700: 12.947: Total time for which application threads were stopped: 0.0054672 seconds, Stopping threads took: 0.0000181 seconds
{Heap before GC invocations=128 (full 1):
 par new generation   total 109248K, used 93433K [0x00000007a0000000, 0x00000007a8000000, 0x00000007a8000000)
  eden space 87424K, 100% used [0x00000007a0000000, 0x00000007a5560000, 0x00000007a5560000)
  from space 21824K,  27% used [0x00000007a5560000, 0x00000007a5b3e7d0, 0x00000007a6ab0000)
  to   space 21824K,   0% used [0x00000007a6ab0000, 0x00000007a6ab0000, 0x00000007a8000000)
 concurrent mark-sweep generation total 393216K, used 61196K [0x00000007a8000000, 0x00000007c0000000, 0x00000007c0000000)
 Metaspace       used 34234K, capacity 35186K, committed 35428K, reserved 1081344K
  class space    used 4083K, capacity 4352K, committed 4452K, reserved 1048576K
2018-04-03T13:39:33.056+0700: 13.318: [GC (Allocation Failure) 2018-04-03T13:39:33.056+0700: 13.318: [ParNew
Desired survivor size 20112992 bytes, new threshold 8 (max 8)
- age   1:      17760 bytes,      17760 total
- age   2:     833224 bytes,     850984 total
- age   3:     207984 bytes,    1058968 total
- age   4:     169800 bytes,    1228768 total
- age   5:     958184 bytes,    2186952 total
- age   6:     170024 bytes,    2356976 total
- age   7:    3373064 bytes,    5730040 total
- age   8:     207856 bytes,    5937896 total
: 93433K->5839K(109248K), 0.0044657 secs] 154630K->67201K(502464K), 0.0045433 secs] [Times: user=0.01 sys=0.00, real=0.01 secs] 
Heap after GC invocations=129 (full 1):
 par new generation   total 109248K, used 5839K [0x00000007a0000000, 0x00000007a8000000, 0x00000007a8000000)
  eden space 87424K,   0% used [0x00000007a0000000, 0x00000007a0000000, 0x00000007a5560000)
  from space 21824K,  26% used [0x00000007a6ab0000, 0x00000007a7063c10, 0x00000007a8000000)
  to   space 21824K,   0% used [0x00000007a5560000, 0x00000007a5560000, 0x00000007a6ab0000)
 concurrent mark-sweep generation total 393216K, used 61361K [0x00000007a8000000, 0x00000007c0000000, 0x00000007c0000000)
 Metaspace       used 34234K, capacity 35186K, committed 35428K, reserved 1081344K
  class space    used 4083K, capacity 4352K, committed 4452K, reserved 1048576K
}
2018-04-03T13:39:33.061+0700: 13.322: Total time for which application threads were stopped: 0.0047196 seconds, Stopping threads took: 0.0000203 seconds
{Heap before GC invocations=129 (full 1):
 par new generation   total 109248K, used 93263K [0x00000007a0000000, 0x00000007a8000000, 0x00000007a8000000)
  eden space 87424K, 100% used [0x00000007a0000000, 0x00000007a5560000, 0x00000007a5560000)
  from space 21824K,  26% used [0x00000007a6ab0000, 0x00000007a7063c10, 0x00000007a8000000)
  to   space 21824K,   0% used [0x00000007a5560000, 0x00000007a5560000, 0x00000007a6ab0000)
 concurrent mark-sweep generation total 393216K, used 61361K [0x00000007a8000000, 0x00000007c0000000, 0x00000007c0000000)
 Metaspace       used 34234K, capacity 35186K, committed 35428K, reserved 1081344K
  class space    used 4083K, capacity 4352K, committed 4452K, reserved 1048576K
2018-04-03T13:39:33.380+0700: 13.642: [GC (Allocation Failure) 2018-04-03T13:39:33.380+0700: 13.642: [ParNew
Desired survivor size 20112992 bytes, new threshold 8 (max 8)
- age   1:      11920 bytes,      11920 total
- age   2:         88 bytes,      12008 total
- age   3:     833224 bytes,     845232 total
- age   4:     207984 bytes,    1053216 total
- age   5:     169800 bytes,    1223016 total
- age   6:     958184 bytes,    2181200 total
- age   7:     170024 bytes,    2351224 total
- age   8:    3373064 bytes,    5724288 total
: 93263K->5648K(109248K), 0.0045782 secs] 154625K->67213K(502464K), 0.0046636 secs] [Times: user=0.01 sys=0.00, real=0.00 secs] 
Heap after GC invocations=130 (full 1):
 par new generation   total 109248K, used 5648K [0x00000007a0000000, 0x00000007a8000000, 0x00000007a8000000)
  eden space 87424K,   0% used [0x00000007a0000000, 0x00000007a0000000, 0x00000007a5560000)
  from space 21824K,  25% used [0x00000007a5560000, 0x00000007a5ae4150, 0x00000007a6ab0000)
  to   space 21824K,   0% used [0x00000007a6ab0000, 0x00000007a6ab0000, 0x00000007a8000000)
 concurrent mark-sweep generation total 393216K, used 61564K [0x00000007a8000000, 0x00000007c0000000, 0x00000007c0000000)
 Metaspace       used 34234K, capacity 35186K, committed 35428K, reserved 1081344K
  class space    used 4083K, capacity 4352K, committed 4452K, reserved 1048576K
}
2018-04-03T13:39:33.385+0700: 13.646: Total time for which application threads were stopped: 0.0048402 seconds, Stopping threads took: 0.0000214 seconds
{Heap before GC invocations=130 (full 1):
 par new generation   total 109248K, used 93072K [0x00000007a0000000, 0x00000007a8000000, 0x00000007a8000000)
  eden space 87424K, 100% used [0x00000007a0000000, 0x00000007a5560000, 0x00000007a5560000)
  from space 21824K,  25% used [0x00000007a5560000, 0x00000007a5ae4150, 0x00000007a6ab0000)
  to   space 21824K,   0% used [0x00000007a6ab0000, 0x00000007a6ab0000, 0x00000007a8000000)
 concurrent mark-sweep generation total 393216K, used 61564K [0x00000007a8000000, 0x00000007c0000000, 0x00000007c0000000)
 Metaspace       used 34234K, capacity 35186K, committed 35428K, reserved 1081344K
  class space    used 4083K, capacity 4352K, committed 4452K, reserved 1048576K
2018-04-03T13:39:33.690+0700: 13.952: [GC (Allocation Failure) 2018-04-03T13:39:33.690+0700: 13.952: [ParNew
Desired survivor size 20112992 bytes, new threshold 8 (max 8)
- age   1:      14408 bytes,      14408 total
- age   3:         88 bytes,      14496 total
- age   4:     833224 bytes,     847720 total
- age   5:     207984 bytes,    1055704 total
- age   6:     169800 bytes,    1225504 total
- age   7:     958184 bytes,    2183688 total
- age   8:     170024 bytes,    2353712 total
: 93072K->2597K(109248K), 0.0058666 secs] 154637K->67456K(502464K), 0.0059431 secs] [Times: user=0.01 sys=0.00, real=0.00 secs] 
Heap after GC invocations=131 (full 1):
 par new generation   total 109248K, used 2597K [0x00000007a0000000, 0x00000007a8000000, 0x00000007a8000000)
  eden space 87424K,   0% used [0x00000007a0000000, 0x00000007a0000000, 0x00000007a5560000)
  from space 21824K,  11% used [0x00000007a6ab0000, 0x00000007a6d39588, 0x00000007a8000000)
  to   space 21824K,   0% used [0x00000007a5560000, 0x00000007a5560000, 0x00000007a6ab0000)
 concurrent mark-sweep generation total 393216K, used 64859K [0x00000007a8000000, 0x00000007c0000000, 0x00000007c0000000)
 Metaspace       used 34234K, capacity 35186K, committed 35428K, reserved 1081344K
  class space    used 4083K, capacity 4352K, committed 4452K, reserved 1048576K
}
2018-04-03T13:39:33.696+0700: 13.958: Total time for which application threads were stopped: 0.0061186 seconds, Stopping threads took: 0.0000195 seconds
{Heap before GC invocations=131 (full 1):
 par new generation   total 109248K, used 90021K [0x00000007a0000000, 0x00000007a8000000, 0x00000007a8000000)
  eden space 87424K, 100% used [0x00000007a0000000, 0x00000007a5560000, 0x00000007a5560000)
  from space 21824K,  11% used [0x00000007a6ab0000, 0x00000007a6d39588, 0x00000007a8000000)
  to   space 21824K,   0% used [0x00000007a5560000, 0x00000007a5560000, 0x00000007a6ab0000)
 concurrent mark-sweep generation total 393216K, used 64859K [0x00000007a8000000, 0x00000007c0000000, 0x00000007c0000000)
 Metaspace       used 34234K, capacity 35186K, committed 35428K, reserved 1081344K
  class space    used 4083K, capacity 4352K, committed 4452K, reserved 1048576K
2018-04-03T13:39:34.119+0700: 14.381: [GC (Allocation Failure) 2018-04-03T13:39:34.119+0700: 14.381: [ParNew
Desired survivor size 20112992 bytes, new threshold 8 (max 8)
- age   1:      25368 bytes,      25368 total
- age   4:         88 bytes,      25456 total
- age   5:     833224 bytes,     858680 total
- age   6:     207984 bytes,    1066664 total
- age   7:     169800 bytes,    1236464 total
- age   8:     958184 bytes,    2194648 total
: 90021K->2435K(109248K), 0.0058562 secs] 154880K->67460K(502464K), 0.0059411 secs] [Times: user=0.02 sys=0.00, real=0.01 secs] 
Heap after GC invocations=132 (full 1):
 par new generation   total 109248K, used 2435K [0x00000007a0000000, 0x00000007a8000000, 0x00000007a8000000)
  eden space 87424K,   0% used [0x00000007a0000000, 0x00000007a0000000, 0x00000007a5560000)
  from space 21824K,  11% used [0x00000007a5560000, 0x00000007a57c0df0, 0x00000007a6ab0000)
  to   space 21824K,   0% used [0x00000007a6ab0000, 0x00000007a6ab0000, 0x00000007a8000000)
 concurrent mark-sweep generation total 393216K, used 65025K [0x00000007a8000000, 0x00000007c0000000, 0x00000007c0000000)
 Metaspace       used 34234K, capacity 35186K, committed 35428K, reserved 1081344K
  class space    used 4083K, capacity 4352K, committed 4452K, reserved 1048576K
}
2018-04-03T13:39:34.125+0700: 14.387: Total time for which application threads were stopped: 0.0061324 seconds, Stopping threads took: 0.0000213 seconds
{Heap before GC invocations=132 (full 1):
 par new generation   total 109248K, used 89859K [0x00000007a0000000, 0x00000007a8000000, 0x00000007a8000000)
  eden space 87424K, 100% used [0x00000007a0000000, 0x00000007a5560000, 0x00000007a5560000)
  from space 21824K,  11% used [0x00000007a5560000, 0x00000007a57c0df0, 0x00000007a6ab0000)
  to   space 21824K,   0% used [0x00000007a6ab0000, 0x00000007a6ab0000, 0x00000007a8000000)
 concurrent mark-sweep generation total 393216K, used 65025K [0x00000007a8000000, 0x00000007c0000000, 0x00000007c0000000)
 Metaspace       used 34235K, capacity 35186K, committed 35428K, reserved 1081344K
  class space    used 4083K, capacity 4352K, committed 4452K, reserved 1048576K
2018-04-03T13:39:34.580+0700: 14.842: [GC (Allocation Failure) 2018-04-03T13:39:34.580+0700: 14.842: [ParNew
Desired survivor size 20112992 bytes, new threshold 8 (max 8)
- age   1:      39664 bytes,      39664 total
- age   5:         88 bytes,      39752 total
- age   6:     833224 bytes,     872976 total
- age   7:     207984 bytes,    1080960 total
- age   8:     169800 bytes,    1250760 total
: 89859K->1387K(109248K), 0.0047370 secs] 154884K->67348K(502464K), 0.0048043 secs] [Times: user=0.01 sys=0.00, real=0.00 secs] 
Heap after GC invocations=133 (full 1):
 par new generation   total 109248K, used 1387K [0x00000007a0000000, 0x00000007a8000000, 0x00000007a8000000)
  eden space 87424K,   0% used [0x00000007a0000000, 0x00000007a0000000, 0x00000007a5560000)
  from space 21824K,   6% used [0x00000007a6ab0000, 0x00000007a6c0ad70, 0x00000007a8000000)
  to   space 21824K,   0% used [0x00000007a5560000, 0x00000007a5560000, 0x00000007a6ab0000)
 concurrent mark-sweep generation total 393216K, used 65960K [0x00000007a8000000, 0x00000007c0000000, 0x00000007c0000000)
 Metaspace       used 34235K, capacity 35186K, committed 35428K, reserved 1081344K
  class space    used 4083K, capacity 4352K, committed 4452K, reserved 1048576K
}
2018-04-03T13:39:34.585+0700: 14.846: Total time for which application threads were stopped: 0.0049554 seconds, Stopping threads took: 0.0000188 seconds
{Heap before GC invocations=133 (full 1):
 par new generation   total 109248K, used 88811K [0x00000007a0000000, 0x00000007a8000000, 0x00000007a8000000)
  eden space 87424K, 100% used [0x00000007a0000000, 0x00000007a5560000, 0x00000007a5560000)
  from space 21824K,   6% used [0x00000007a6ab0000, 0x00000007a6c0ad70, 0x00000007a8000000)
  to   space 21824K,   0% used [0x00000007a5560000, 0x00000007a5560000, 0x00000007a6ab0000)
 concurrent mark-sweep generation total 393216K, used 65960K [0x00000007a8000000, 0x00000007c0000000, 0x00000007c0000000)
 Metaspace       used 34235K, capacity 35186K, committed 35428K, reserved 1081344K
  class space    used 4083K, capacity 4352K, committed 4452K, reserved 1048576K
2018-04-03T13:39:34.963+0700: 15.225: [GC (Allocation Failure) 2018-04-03T13:39:34.964+0700: 15.225: [ParNew
Desired survivor size 20112992 bytes, new threshold 8 (max 8)
- age   1:       7928 bytes,       7928 total
- age   7:     762216 bytes,     770144 total
- age   8:     207984 bytes,     978128 total
: 88811K->1292K(109248K), 0.0077161 secs] 154772K->67418K(502464K), 0.0078065 secs] [Times: user=0.02 sys=0.00, real=0.01 secs] 
Heap after GC invocations=134 (full 1):
 par new generation   total 109248K, used 1292K [0x00000007a0000000, 0x00000007a8000000, 0x00000007a8000000)
  eden space 87424K,   0% used [0x00000007a0000000, 0x00000007a0000000, 0x00000007a5560000)
  from space 21824K,   5% used [0x00000007a5560000, 0x00000007a56a3150, 0x00000007a6ab0000)
  to   space 21824K,   0% used [0x00000007a6ab0000, 0x00000007a6ab0000, 0x00000007a8000000)
 concurrent mark-sweep generation total 393216K, used 66126K [0x00000007a8000000, 0x00000007c0000000, 0x00000007c0000000)
 Metaspace       used 34235K, capacity 35186K, committed 35428K, reserved 1081344K
  class space    used 4083K, capacity 4352K, committed 4452K, reserved 1048576K
}
2018-04-03T13:39:34.971+0700: 15.233: Total time for which application threads were stopped: 0.0079924 seconds, Stopping threads took: 0.0000181 seconds
{Heap before GC invocations=134 (full 1):
 par new generation   total 109248K, used 88716K [0x00000007a0000000, 0x00000007a8000000, 0x00000007a8000000)
  eden space 87424K, 100% used [0x00000007a0000000, 0x00000007a5560000, 0x00000007a5560000)
  from space 21824K,   5% used [0x00000007a5560000, 0x00000007a56a3150, 0x00000007a6ab0000)
  to   space 21824K,   0% used [0x00000007a6ab0000, 0x00000007a6ab0000, 0x00000007a8000000)
 concurrent mark-sweep generation total 393216K, used 66126K [0x00000007a8000000, 0x00000007c0000000, 0x00000007c0000000)
 Metaspace       used 34237K, capacity 35186K, committed 35428K, reserved 1081344K
  class space    used 4083K, capacity 4352K, committed 4452K, reserved 1048576K
2018-04-03T13:39:35.494+0700: 15.756: [GC (Allocation Failure) 2018-04-03T13:39:35.494+0700: 15.756: [ParNew
Desired survivor size 20112992 bytes, new threshold 8 (max 8)
- age   1:     120032 bytes,     120032 total
- age   2:        112 bytes,     120144 total
- age   8:     762216 bytes,     882360 total
: 88716K->995K(109248K), 0.0061252 secs] 154842K->67324K(502464K), 0.0062201 secs] [Times: user=0.02 sys=0.00, real=0.01 secs] 
Heap after GC invocations=135 (full 1):
 par new generation   total 109248K, used 995K [0x00000007a0000000, 0x00000007a8000000, 0x00000007a8000000)
  eden space 87424K,   0% used [0x00000007a0000000, 0x00000007a0000000, 0x00000007a5560000)
  from space 21824K,   4% used [0x00000007a6ab0000, 0x00000007a6ba8c50, 0x00000007a8000000)
  to   space 21824K,   0% used [0x00000007a5560000, 0x00000007a5560000, 0x00000007a6ab0000)
 concurrent mark-sweep generation total 393216K, used 66329K [0x00000007a8000000, 0x00000007c0000000, 0x00000007c0000000)
 Metaspace       used 34237K, capacity 35186K, committed 35428K, reserved 1081344K
  class space    used 4083K, capacity 4352K, committed 4452K, reserved 1048576K
}
2018-04-03T13:39:35.501+0700: 15.762: Total time for which application threads were stopped: 0.0067113 seconds, Stopping threads took: 0.0001821 seconds
{Heap before GC invocations=135 (full 1):
 par new generation   total 109248K, used 88419K [0x00000007a0000000, 0x00000007a8000000, 0x00000007a8000000)
  eden space 87424K, 100% used [0x00000007a0000000, 0x00000007a5560000, 0x00000007a5560000)
  from space 21824K,   4% used [0x00000007a6ab0000, 0x00000007a6ba8c50, 0x00000007a8000000)
  to   space 21824K,   0% used [0x00000007a5560000, 0x00000007a5560000, 0x00000007a6ab0000)
 concurrent mark-sweep generation total 393216K, used 66329K [0x00000007a8000000, 0x00000007c0000000, 0x00000007c0000000)
 Metaspace       used 34240K, capacity 35186K, committed 35428K, reserved 1081344K
  class space    used 4083K, capacity 4352K, committed 4452K, reserved 1048576K
2018-04-03T13:39:35.795+0700: 16.056: [GC (Allocation Failure) 2018-04-03T13:39:35.795+0700: 16.056: [ParNew
Desired survivor size 20112992 bytes, new threshold 8 (max 8)
- age   1:     145040 bytes,     145040 total
- age   2:      65040 bytes,     210080 total
- age   3:        112 bytes,     210192 total
: 88419K->598K(109248K), 0.0144562 secs] 154748K->67673K(502464K), 0.0145647 secs] [Times: user=0.03 sys=0.00, real=0.01 secs] 
Heap after GC invocations=136 (full 1):
 par new generation   total 109248K, used 598K [0x00000007a0000000, 0x00000007a8000000, 0x00000007a8000000)
  eden space 87424K,   0% used [0x00000007a0000000, 0x00000007a0000000, 0x00000007a5560000)
  from space 21824K,   2% used [0x00000007a5560000, 0x00000007a55f5bf0, 0x00000007a6ab0000)
  to   space 21824K,   0% used [0x00000007a6ab0000, 0x00000007a6ab0000, 0x00000007a8000000)
 concurrent mark-sweep generation total 393216K, used 67074K [0x00000007a8000000, 0x00000007c0000000, 0x00000007c0000000)
 Metaspace       used 34240K, capacity 35186K, committed 35428K, reserved 1081344K
  class space    used 4083K, capacity 4352K, committed 4452K, reserved 1048576K
}
2018-04-03T13:39:35.809+0700: 16.071: Total time for which application threads were stopped: 0.0253705 seconds, Stopping threads took: 0.0105184 seconds
{Heap before GC invocations=136 (full 1):
 par new generation   total 109248K, used 88022K [0x00000007a0000000, 0x00000007a8000000, 0x00000007a8000000)
  eden space 87424K, 100% used [0x00000007a0000000, 0x00000007a5560000, 0x00000007a5560000)
  from space 21824K,   2% used [0x00000007a5560000, 0x00000007a55f5bf0, 0x00000007a6ab0000)
  to   space 21824K,   0% used [0x00000007a6ab0000, 0x00000007a6ab0000, 0x00000007a8000000)
 concurrent mark-sweep generation total 393216K, used 67074K [0x00000007a8000000, 0x00000007c0000000, 0x00000007c0000000)
 Metaspace       used 34245K, capacity 35186K, committed 35428K, reserved 1081344K
  class space    used 4083K, capacity 4352K, committed 4452K, reserved 1048576K
2018-04-03T13:39:36.087+0700: 16.349: [GC (Allocation Failure) 2018-04-03T13:39:36.087+0700: 16.349: [ParNew
Desired survivor size 20112992 bytes, new threshold 8 (max 8)
- age   1:     724048 bytes,     724048 total
- age   2:       2216 bytes,     726264 total
- age   3:       2336 bytes,     728600 total
- age   4:         32 bytes,     728632 total
: 88022K->786K(109248K), 0.0059773 secs] 155097K->67860K(502464K), 0.0060684 secs] [Times: user=0.01 sys=0.00, real=0.01 secs] 
Heap after GC invocations=137 (full 1):
 par new generation   total 109248K, used 786K [0x00000007a0000000, 0x00000007a8000000, 0x00000007a8000000)
  eden space 87424K,   0% used [0x00000007a0000000, 0x00000007a0000000, 0x00000007a5560000)
  from space 21824K,   3% used [0x00000007a6ab0000, 0x00000007a6b74980, 0x00000007a8000000)
  to   space 21824K,   0% used [0x00000007a5560000, 0x00000007a5560000, 0x00000007a6ab0000)
 concurrent mark-sweep generation total 393216K, used 67074K [0x00000007a8000000, 0x00000007c0000000, 0x00000007c0000000)
 Metaspace       used 34245K, capacity 35186K, committed 35428K, reserved 1081344K
  class space    used 4083K, capacity 4352K, committed 4452K, reserved 1048576K
}
2018-04-03T13:39:36.093+0700: 16.355: Total time for which application threads were stopped: 0.0063015 seconds, Stopping threads took: 0.0000176 seconds
{Heap before GC invocations=137 (full 1):
 par new generation   total 109248K, used 88210K [0x00000007a0000000, 0x00000007a8000000, 0x00000007a8000000)
  eden space 87424K, 100% used [0x00000007a0000000, 0x00000007a5560000, 0x00000007a5560000)
  from space 21824K,   3% used [0x00000007a6ab0000, 0x00000007a6b74980, 0x00000007a8000000)
  to   space 21824K,   0% used [0x00000007a5560000, 0x00000007a5560000, 0x00000007a6ab0000)
 concurrent mark-sweep generation total 393216K, used 67074K [0x00000007a8000000, 0x00000007c0000000, 0x00000007c0000000)
 Metaspace       used 34245K, capacity 35186K, committed 35428K, reserved 1081344K
  class space    used 4083K, capacity 4352K, committed 4452K, reserved 1048576K
2018-04-03T13:39:36.140+0700: 16.402: [GC (Allocation Failure) 2018-04-03T13:39:36.140+0700: 16.402: [ParNew
Desired survivor size 20112992 bytes, new threshold 8 (max 8)
- age   1:     661624 bytes,     661624 total
- age   2:     458816 bytes,    1120440 total
- age   3:       2216 bytes,    1122656 total
- age   4:       2336 bytes,    1124992 total
- age   5:         32 bytes,    1125024 total
: 88210K->1223K(109248K), 0.0063071 secs] 155284K->68297K(502464K), 0.0064069 secs] [Times: user=0.01 sys=0.00, real=0.00 secs] 
Heap after GC invocations=138 (full 1):
 par new generation   total 109248K, used 1223K [0x00000007a0000000, 0x00000007a8000000, 0x00000007a8000000)
  eden space 87424K,   0% used [0x00000007a0000000, 0x00000007a0000000, 0x00000007a5560000)
  from space 21824K,   5% used [0x00000007a5560000, 0x00000007a5691d08, 0x00000007a6ab0000)
  to   space 21824K,   0% used [0x00000007a6ab0000, 0x00000007a6ab0000, 0x00000007a8000000)
 concurrent mark-sweep generation total 393216K, used 67074K [0x00000007a8000000, 0x00000007c0000000, 0x00000007c0000000)
 Metaspace       used 34245K, capacity 35186K, committed 35428K, reserved 1081344K
  class space    used 4083K, capacity 4352K, committed 4452K, reserved 1048576K
}
2018-04-03T13:39:36.147+0700: 16.408: Total time for which application threads were stopped: 0.0066323 seconds, Stopping threads took: 0.0000209 seconds
{Heap before GC invocations=138 (full 1):
 par new generation   total 109248K, used 88647K [0x00000007a0000000, 0x00000007a8000000, 0x00000007a8000000)
  eden space 87424K, 100% used [0x00000007a0000000, 0x00000007a5560000, 0x00000007a5560000)
  from space 21824K,   5% used [0x00000007a5560000, 0x00000007a5691d08, 0x00000007a6ab0000)
  to   space 21824K,   0% used [0x00000007a6ab0000, 0x00000007a6ab0000, 0x00000007a8000000)
 concurrent mark-sweep generation total 393216K, used 67074K [0x00000007a8000000, 0x00000007c0000000, 0x00000007c0000000)
 Metaspace       used 34245K, capacity 35186K, committed 35428K, reserved 1081344K
  class space    used 4083K, capacity 4352K, committed 4452K, reserved 1048576K
2018-04-03T13:39:36.190+0700: 16.452: [GC (Allocation Failure) 2018-04-03T13:39:36.190+0700: 16.452: [ParNew
Desired survivor size 20112992 bytes, new threshold 8 (max 8)
- age   1:     495192 bytes,     495192 total
- age   2:     355160 bytes,     850352 total
- age   3:     458672 bytes,    1309024 total
- age   4:       2216 bytes,    1311240 total
- age   5:       2336 bytes,    1313576 total
- age   6:         32 bytes,    1313608 total
: 88647K->1345K(109248K), 0.0058844 secs] 155721K->68419K(502464K), 0.0059678 secs] [Times: user=0.01 sys=0.00, real=0.00 secs] 
Heap after GC invocations=139 (full 1):
 par new generation   total 109248K, used 1345K [0x00000007a0000000, 0x00000007a8000000, 0x00000007a8000000)
  eden space 87424K,   0% used [0x00000007a0000000, 0x00000007a0000000, 0x00000007a5560000)
  from space 21824K,   6% used [0x00000007a6ab0000, 0x00000007a6c00620, 0x00000007a8000000)
  to   space 21824K,   0% used [0x00000007a5560000, 0x00000007a5560000, 0x00000007a6ab0000)
 concurrent mark-sweep generation total 393216K, used 67074K [0x00000007a8000000, 0x00000007c0000000, 0x00000007c0000000)
 Metaspace       used 34245K, capacity 35186K, committed 35428K, reserved 1081344K
  class space    used 4083K, capacity 4352K, committed 4452K, reserved 1048576K
}
2018-04-03T13:39:36.196+0700: 16.458: Total time for which application threads were stopped: 0.0061662 seconds, Stopping threads took: 0.0000182 seconds
{Heap before GC invocations=139 (full 1):
 par new generation   total 109248K, used 88769K [0x00000007a0000000, 0x00000007a8000000, 0x00000007a8000000)
  eden space 87424K, 100% used [0x00000007a0000000, 0x00000007a5560000, 0x00000007a5560000)
  from space 21824K,   6% used [0x00000007a6ab0000, 0x00000007a6c00620, 0x00000007a8000000)
  to   space 21824K,   0% used [0x00000007a5560000, 0x00000007a5560000, 0x00000007a6ab0000)
 concurrent mark-sweep generation total 393216K, used 67074K [0x00000007a8000000, 0x00000007c0000000, 0x00000007c0000000)
 Metaspace       used 34245K, capacity 35186K, committed 35428K, reserved 1081344K
  class space    used 4083K, capacity 4352K, committed 4452K, reserved 1048576K
2018-04-03T13:39:36.234+0700: 16.496: [GC (Allocation Failure) 2018-04-03T13:39:36.234+0700: 16.496: [ParNew
Desired survivor size 20112992 bytes, new threshold 8 (max 8)
- age   1:     815984 bytes,     815984 total
- age   2:     169192 bytes,     985176 total
- age   3:     289592 bytes,    1274768 total
- age   4:     491400 bytes,    1766168 total
- age   5:       2216 bytes,    1768384 total
- age   6:       2336 bytes,    1770720 total
- age   7:         32 bytes,    1770752 total
: 88769K->1813K(109248K), 0.0068021 secs] 155843K->68887K(502464K), 0.0068745 secs] [Times: user=0.02 sys=0.00, real=0.01 secs] 
Heap after GC invocations=140 (full 1):
 par new generation   total 109248K, used 1813K [0x00000007a0000000, 0x00000007a8000000, 0x00000007a8000000)
  eden space 87424K,   0% used [0x00000007a0000000, 0x00000007a0000000, 0x00000007a5560000)
  from space 21824K,   8% used [0x00000007a5560000, 0x00000007a5725618, 0x00000007a6ab0000)
  to   space 21824K,   0% used [0x00000007a6ab0000, 0x00000007a6ab0000, 0x00000007a8000000)
 concurrent mark-sweep generation total 393216K, used 67074K [0x00000007a8000000, 0x00000007c0000000, 0x00000007c0000000)
 Metaspace       used 34245K, capacity 35186K, committed 35428K, reserved 1081344K
  class space    used 4083K, capacity 4352K, committed 4452K, reserved 1048576K
}
2018-04-03T13:39:36.241+0700: 16.503: Total time for which application threads were stopped: 0.0070376 seconds, Stopping threads took: 0.0000174 seconds
{Heap before GC invocations=140 (full 1):
 par new generation   total 109248K, used 89237K [0x00000007a0000000, 0x00000007a8000000, 0x00000007a8000000)
  eden space 87424K, 100% used [0x00000007a0000000, 0x00000007a5560000, 0x00000007a5560000)
  from space 21824K,   8% used [0x00000007a5560000, 0x00000007a5725618, 0x00000007a6ab0000)
  to   space 21824K,   0% used [0x00000007a6ab0000, 0x00000007a6ab0000, 0x00000007a8000000)
 concurrent mark-sweep generation total 393216K, used 67074K [0x00000007a8000000, 0x00000007c0000000, 0x00000007c0000000)
 Metaspace       used 34245K, capacity 35186K, committed 35428K, reserved 1081344K
  class space    used 4083K, capacity 4352K, committed 4452K, reserved 1048576K
2018-04-03T13:39:36.276+0700: 16.538: [GC (Allocation Failure) 2018-04-03T13:39:36.276+0700: 16.538: [ParNew
Desired survivor size 20112992 bytes, new threshold 8 (max 8)
- age   1:     828928 bytes,     828928 total
- age   2:     333360 bytes,    1162288 total
- age   3:     169192 bytes,    1331480 total
- age   4:     256808 bytes,    1588288 total
- age   5:     458536 bytes,    2046824 total
- age   6:       2216 bytes,    2049040 total
- age   7:       2336 bytes,    2051376 total
- age   8:         32 bytes,    2051408 total
: 89237K->2199K(109248K), 0.0064973 secs] 156311K->69274K(502464K), 0.0065968 secs] [Times: user=0.01 sys=0.00, real=0.01 secs] 
Heap after GC invocations=141 (full 1):
 par new generation   total 109248K, used 2199K [0x00000007a0000000, 0x00000007a8000000, 0x00000007a8000000)
  eden space 87424K,   0% used [0x00000007a0000000, 0x00000007a0000000, 0x00000007a5560000)
  from space 21824K,  10% used [0x00000007a6ab0000, 0x00000007a6cd5f18, 0x00000007a8000000)
  to   space 21824K,   0% used [0x00000007a5560000, 0x00000007a5560000, 0x00000007a6ab0000)
 concurrent mark-sweep generation total 393216K, used 67074K [0x00000007a8000000, 0x00000007c0000000, 0x00000007c0000000)
 Metaspace       used 34245K, capacity 35186K, committed 35428K, reserved 1081344K
  class space    used 4083K, capacity 4352K, committed 4452K, reserved 1048576K
}
2018-04-03T13:39:36.283+0700: 16.544: Total time for which application threads were stopped: 0.0068231 seconds, Stopping threads took: 0.0000214 seconds
{Heap before GC invocations=141 (full 1):
 par new generation   total 109248K, used 89623K [0x00000007a0000000, 0x00000007a8000000, 0x00000007a8000000)
  eden space 87424K, 100% used [0x00000007a0000000, 0x00000007a5560000, 0x00000007a5560000)
  from space 21824K,  10% used [0x00000007a6ab0000, 0x00000007a6cd5f18, 0x00000007a8000000)
  to   space 21824K,   0% used [0x00000007a5560000, 0x00000007a5560000, 0x00000007a6ab0000)
 concurrent mark-sweep generation total 393216K, used 67074K [0x00000007a8000000, 0x00000007c0000000, 0x00000007c0000000)
 Metaspace       used 34245K, capacity 35186K, committed 35428K, reserved 1081344K
  class space    used 4083K, capacity 4352K, committed 4452K, reserved 1048576K
2018-04-03T13:39:36.324+0700: 16.586: [GC (Allocation Failure) 2018-04-03T13:39:36.324+0700: 16.586: [ParNew
Desired survivor size 20112992 bytes, new threshold 8 (max 8)
- age   1:     739880 bytes,     739880 total
- age   2:     268200 bytes,    1008080 total
- age   3:     333360 bytes,    1341440 total
- age   4:     169192 bytes,    1510632 total
- age   5:     256808 bytes,    1767440 total
- age   6:     458536 bytes,    2225976 total
- age   7:       2216 bytes,    2228192 total
- age   8:       2336 bytes,    2230528 total
: 89623K->2268K(109248K), 0.0060009 secs] 156698K->69342K(502464K), 0.0060715 secs] [Times: user=0.01 sys=0.00, real=0.01 secs] 
Heap after GC invocations=142 (full 1):
 par new generation   total 109248K, used 2268K [0x00000007a0000000, 0x00000007a8000000, 0x00000007a8000000)
  eden space 87424K,   0% used [0x00000007a0000000, 0x00000007a0000000, 0x00000007a5560000)
  from space 21824K,  10% used [0x00000007a5560000, 0x00000007a5797240, 0x00000007a6ab0000)
  to   space 21824K,   0% used [0x00000007a6ab0000, 0x00000007a6ab0000, 0x00000007a8000000)
 concurrent mark-sweep generation total 393216K, used 67074K [0x00000007a8000000, 0x00000007c0000000, 0x00000007c0000000)
 Metaspace       used 34245K, capacity 35186K, committed 35428K, reserved 1081344K
  class space    used 4083K, capacity 4352K, committed 4452K, reserved 1048576K
}
2018-04-03T13:39:36.330+0700: 16.592: Total time for which application threads were stopped: 0.0062525 seconds, Stopping threads took: 0.0000324 seconds
{Heap before GC invocations=142 (full 1):
 par new generation   total 109248K, used 89692K [0x00000007a0000000, 0x00000007a8000000, 0x00000007a8000000)
  eden space 87424K, 100% used [0x00000007a0000000, 0x00000007a5560000, 0x00000007a5560000)
  from space 21824K,  10% used [0x00000007a5560000, 0x00000007a5797240, 0x00000007a6ab0000)
  to   space 21824K,   0% used [0x00000007a6ab0000, 0x00000007a6ab0000, 0x00000007a8000000)
 concurrent mark-sweep generation total 393216K, used 67074K [0x00000007a8000000, 0x00000007c0000000, 0x00000007c0000000)
 Metaspace       used 34245K, capacity 35186K, committed 35428K, reserved 1081344K
  class space    used 4083K, capacity 4352K, committed 4452K, reserved 1048576K
2018-04-03T13:39:36.381+0700: 16.642: [GC (Allocation Failure) 2018-04-03T13:39:36.381+0700: 16.642: [ParNew
Desired survivor size 20112992 bytes, new threshold 8 (max 8)
- age   1:    1328712 bytes,    1328712 total
- age   2:     136536 bytes,    1465248 total
- age   3:     268104 bytes,    1733352 total
- age   4:     202256 bytes,    1935608 total
- age   5:     169192 bytes,    2104800 total
- age   6:     256808 bytes,    2361608 total
- age   7:     458536 bytes,    2820144 total
- age   8:       2216 bytes,    2822360 total
: 89692K->2858K(109248K), 0.0055966 secs] 156766K->69935K(502464K), 0.0056933 secs] [Times: user=0.02 sys=0.00, real=0.00 secs] 
Heap after GC invocations=143 (full 1):
 par new generation   total 109248K, used 2858K [0x00000007a0000000, 0x00000007a8000000, 0x00000007a8000000)
  eden space 87424K,   0% used [0x00000007a0000000, 0x00000007a0000000, 0x00000007a5560000)
  from space 21824K,  13% used [0x00000007a6ab0000, 0x00000007a6d7ab50, 0x00000007a8000000)
  to   space 21824K,   0% used [0x00000007a5560000, 0x00000007a5560000, 0x00000007a6ab0000)
 concurrent mark-sweep generation total 393216K, used 67076K [0x00000007a8000000, 0x00000007c0000000, 0x00000007c0000000)
 Metaspace       used 34245K, capacity 35186K, committed 35428K, reserved 1081344K
  class space    used 4083K, capacity 4352K, committed 4452K, reserved 1048576K
}
2018-04-03T13:39:36.386+0700: 16.648: Total time for which application threads were stopped: 0.0059110 seconds, Stopping threads took: 0.0000211 seconds
{Heap before GC invocations=143 (full 1):
 par new generation   total 109248K, used 90282K [0x00000007a0000000, 0x00000007a8000000, 0x00000007a8000000)
  eden space 87424K, 100% used [0x00000007a0000000, 0x00000007a5560000, 0x00000007a5560000)
  from space 21824K,  13% used [0x00000007a6ab0000, 0x00000007a6d7ab50, 0x00000007a8000000)
  to   space 21824K,   0% used [0x00000007a5560000, 0x00000007a5560000, 0x00000007a6ab0000)
 concurrent mark-sweep generation total 393216K, used 67076K [0x00000007a8000000, 0x00000007c0000000, 0x00000007c0000000)
 Metaspace       used 34245K, capacity 35186K, committed 35428K, reserved 1081344K
  class space    used 4083K, capacity 4352K, committed 4452K, reserved 1048576K
2018-04-03T13:39:36.420+0700: 16.681: [GC (Allocation Failure) 2018-04-03T13:39:36.420+0700: 16.681: [ParNew
Desired survivor size 20112992 bytes, new threshold 8 (max 8)
- age   1:    1093256 bytes,    1093256 total
- age   2:     567232 bytes,    1660488 total
- age   3:     136432 bytes,    1796920 total
- age   4:     268104 bytes,    2065024 total
- age   5:     202256 bytes,    2267280 total
- age   6:     169192 bytes,    2436472 total
- age   7:     256808 bytes,    2693280 total
- age   8:     458536 bytes,    3151816 total
: 90282K->3123K(109248K), 0.0081354 secs] 157359K->70202K(502464K), 0.0082199 secs] [Times: user=0.02 sys=0.01, real=0.00 secs] 
Heap after GC invocations=144 (full 1):
 par new generation   total 109248K, used 3123K [0x00000007a0000000, 0x00000007a8000000, 0x00000007a8000000)
  eden space 87424K,   0% used [0x00000007a0000000, 0x00000007a0000000, 0x00000007a5560000)
  from space 21824K,  14% used [0x00000007a5560000, 0x00000007a586cdb0, 0x00000007a6ab0000)
  to   space 21824K,   0% used [0x00000007a6ab0000, 0x00000007a6ab0000, 0x00000007a8000000)
 concurrent mark-sweep generation total 393216K, used 67078K [0x00000007a8000000, 0x00000007c0000000, 0x00000007c0000000)
 Metaspace       used 34245K, capacity 35186K, committed 35428K, reserved 1081344K
  class space    used 4083K, capacity 4352K, committed 4452K, reserved 1048576K
}
2018-04-03T13:39:36.428+0700: 16.690: Total time for which application threads were stopped: 0.0084075 seconds, Stopping threads took: 0.0000180 seconds
{Heap before GC invocations=144 (full 1):
 par new generation   total 109248K, used 90547K [0x00000007a0000000, 0x00000007a8000000, 0x00000007a8000000)
  eden space 87424K, 100% used [0x00000007a0000000, 0x00000007a5560000, 0x00000007a5560000)
  from space 21824K,  14% used [0x00000007a5560000, 0x00000007a586cdb0, 0x00000007a6ab0000)
  to   space 21824K,   0% used [0x00000007a6ab0000, 0x00000007a6ab0000, 0x00000007a8000000)
 concurrent mark-sweep generation total 393216K, used 67078K [0x00000007a8000000, 0x00000007c0000000, 0x00000007c0000000)
 Metaspace       used 34245K, capacity 35186K, committed 35428K, reserved 1081344K
  class space    used 4083K, capacity 4352K, committed 4452K, reserved 1048576K
2018-04-03T13:39:36.461+0700: 16.722: [GC (Allocation Failure) 2018-04-03T13:39:36.461+0700: 16.722: [ParNew
Desired survivor size 20112992 bytes, new threshold 8 (max 8)
- age   1:    1211752 bytes,    1211752 total
- age   2:     235040 bytes,    1446792 total
- age   3:     567232 bytes,    2014024 total
- age   4:     136432 bytes,    2150456 total
- age   5:     202552 bytes,    2353008 total
- age   6:     202256 bytes,    2555264 total
- age   7:     169192 bytes,    2724456 total
- age   8:     256808 bytes,    2981264 total
: 90547K->2960K(109248K), 0.0088501 secs] 157626K->70487K(502464K), 0.0089268 secs] [Times: user=0.02 sys=0.00, real=0.01 secs] 
Heap after GC invocations=145 (full 1):
 par new generation   total 109248K, used 2960K [0x00000007a0000000, 0x00000007a8000000, 0x00000007a8000000)
  eden space 87424K,   0% used [0x00000007a0000000, 0x00000007a0000000, 0x00000007a5560000)
  from space 21824K,  13% used [0x00000007a6ab0000, 0x00000007a6d94208, 0x00000007a8000000)
  to   space 21824K,   0% used [0x00000007a5560000, 0x00000007a5560000, 0x00000007a6ab0000)
 concurrent mark-sweep generation total 393216K, used 67526K [0x00000007a8000000, 0x00000007c0000000, 0x00000007c0000000)
 Metaspace       used 34245K, capacity 35186K, committed 35428K, reserved 1081344K
  class space    used 4083K, capacity 4352K, committed 4452K, reserved 1048576K
}
2018-04-03T13:39:36.470+0700: 16.731: Total time for which application threads were stopped: 0.0091111 seconds, Stopping threads took: 0.0000215 seconds
{Heap before GC invocations=145 (full 1):
 par new generation   total 109248K, used 90384K [0x00000007a0000000, 0x00000007a8000000, 0x00000007a8000000)
  eden space 87424K, 100% used [0x00000007a0000000, 0x00000007a5560000, 0x00000007a5560000)
  from space 21824K,  13% used [0x00000007a6ab0000, 0x00000007a6d94208, 0x00000007a8000000)
  to   space 21824K,   0% used [0x00000007a5560000, 0x00000007a5560000, 0x00000007a6ab0000)
 concurrent mark-sweep generation total 393216K, used 67526K [0x00000007a8000000, 0x00000007c0000000, 0x00000007c0000000)
 Metaspace       used 34245K, capacity 35186K, committed 35428K, reserved 1081344K
  class space    used 4083K, capacity 4352K, committed 4452K, reserved 1048576K
2018-04-03T13:39:36.505+0700: 16.766: [GC (Allocation Failure) 2018-04-03T13:39:36.505+0700: 16.766: [ParNew
Desired survivor size 20112992 bytes, new threshold 8 (max 8)
- age   1:     885928 bytes,     885928 total
- age   2:     583240 bytes,    1469168 total
- age   3:     235040 bytes,    1704208 total
- age   4:     567232 bytes,    2271440 total
- age   5:     136432 bytes,    2407872 total
- age   6:     202552 bytes,    2610424 total
- age   7:     202256 bytes,    2812680 total
- age   8:     169192 bytes,    2981872 total
: 90384K->3002K(109248K), 0.0057978 secs] 157911K->70780K(502464K), 0.0058733 secs] [Times: user=0.02 sys=0.00, real=0.01 secs] 
Heap after GC invocations=146 (full 1):
 par new generation   total 109248K, used 3002K [0x00000007a0000000, 0x00000007a8000000, 0x00000007a8000000)
  eden space 87424K,   0% used [0x00000007a0000000, 0x00000007a0000000, 0x00000007a5560000)
  from space 21824K,  13% used [0x00000007a5560000, 0x00000007a584e9a0, 0x00000007a6ab0000)
  to   space 21824K,   0% used [0x00000007a6ab0000, 0x00000007a6ab0000, 0x00000007a8000000)
 concurrent mark-sweep generation total 393216K, used 67777K [0x00000007a8000000, 0x00000007c0000000, 0x00000007c0000000)
 Metaspace       used 34245K, capacity 35186K, committed 35428K, reserved 1081344K
  class space    used 4083K, capacity 4352K, committed 4452K, reserved 1048576K
}
2018-04-03T13:39:36.511+0700: 16.772: Total time for which application threads were stopped: 0.0060622 seconds, Stopping threads took: 0.0000335 seconds
{Heap before GC invocations=146 (full 1):
 par new generation   total 109248K, used 90426K [0x00000007a0000000, 0x00000007a8000000, 0x00000007a8000000)
  eden space 87424K, 100% used [0x00000007a0000000, 0x00000007a5560000, 0x00000007a5560000)
  from space 21824K,  13% used [0x00000007a5560000, 0x00000007a584e9a0, 0x00000007a6ab0000)
  to   space 21824K,   0% used [0x00000007a6ab0000, 0x00000007a6ab0000, 0x00000007a8000000)
 concurrent mark-sweep generation total 393216K, used 67777K [0x00000007a8000000, 0x00000007c0000000, 0x00000007c0000000)
 Metaspace       used 34245K, capacity 35186K, committed 35428K, reserved 1081344K
  class space    used 4083K, capacity 4352K, committed 4452K, reserved 1048576K
2018-04-03T13:39:36.546+0700: 16.807: [GC (Allocation Failure) 2018-04-03T13:39:36.546+0700: 16.807: [ParNew
Desired survivor size 20112992 bytes, new threshold 8 (max 8)
- age   1:    1327680 bytes,    1327680 total
- age   2:     137096 bytes,    1464776 total
- age   3:     332984 bytes,    1797760 total
- age   4:     235040 bytes,    2032800 total
- age   5:     567232 bytes,    2600032 total
- age   6:     136432 bytes,    2736464 total
- age   7:     202552 bytes,    2939016 total
- age   8:     202256 bytes,    3141272 total
: 90426K->3147K(109248K), 0.0071587 secs] 158204K->71090K(502464K), 0.0072633 secs] [Times: user=0.01 sys=0.00, real=0.01 secs] 
Heap after GC invocations=147 (full 1):
 par new generation   total 109248K, used 3147K [0x00000007a0000000, 0x00000007a8000000, 0x00000007a8000000)
  eden space 87424K,   0% used [0x00000007a0000000, 0x00000007a0000000, 0x00000007a5560000)
  from space 21824K,  14% used [0x00000007a6ab0000, 0x00000007a6dc2f98, 0x00000007a8000000)
  to   space 21824K,   0% used [0x00000007a5560000, 0x00000007a5560000, 0x00000007a6ab0000)
 concurrent mark-sweep generation total 393216K, used 67942K [0x00000007a8000000, 0x00000007c0000000, 0x00000007c0000000)
 Metaspace       used 34245K, capacity 35186K, committed 35428K, reserved 1081344K
  class space    used 4083K, capacity 4352K, committed 4452K, reserved 1048576K
}
2018-04-03T13:39:36.553+0700: 16.815: Total time for which application threads were stopped: 0.0074767 seconds, Stopping threads took: 0.0000334 seconds
{Heap before GC invocations=147 (full 1):
 par new generation   total 109248K, used 90571K [0x00000007a0000000, 0x00000007a8000000, 0x00000007a8000000)
  eden space 87424K, 100% used [0x00000007a0000000, 0x00000007a5560000, 0x00000007a5560000)
  from space 21824K,  14% used [0x00000007a6ab0000, 0x00000007a6dc2f98, 0x00000007a8000000)
  to   space 21824K,   0% used [0x00000007a5560000, 0x00000007a5560000, 0x00000007a6ab0000)
 concurrent mark-sweep generation total 393216K, used 67942K [0x00000007a8000000, 0x00000007c0000000, 0x00000007c0000000)
 Metaspace       used 34245K, capacity 35186K, committed 35428K, reserved 1081344K
  class space    used 4083K, capacity 4352K, committed 4452K, reserved 1048576K
2018-04-03T13:39:36.591+0700: 16.852: [GC (Allocation Failure) 2018-04-03T13:39:36.591+0700: 16.852: [ParNew
Desired survivor size 20112992 bytes, new threshold 8 (max 8)
- age   1:     612648 bytes,     612648 total
- age   2:     890128 bytes,    1502776 total
- age   3:     136944 bytes,    1639720 total
- age   4:     332984 bytes,    1972704 total
- age   5:     235040 bytes,    2207744 total
- age   6:     567232 bytes,    2774976 total
- age   7:     169216 bytes,    2944192 total
- age   8:     235336 bytes,    3179528 total
: 90571K->3139K(109248K), 0.0079661 secs] 158514K->71280K(502464K), 0.0080392 secs] [Times: user=0.02 sys=0.00, real=0.00 secs] 
Heap after GC invocations=148 (full 1):
 par new generation   total 109248K, used 3139K [0x00000007a0000000, 0x00000007a8000000, 0x00000007a8000000)
  eden space 87424K,   0% used [0x00000007a0000000, 0x00000007a0000000, 0x00000007a5560000)
  from space 21824K,  14% used [0x00000007a5560000, 0x00000007a5870e98, 0x00000007a6ab0000)
  to   space 21824K,   0% used [0x00000007a6ab0000, 0x00000007a6ab0000, 0x00000007a8000000)
 concurrent mark-sweep generation total 393216K, used 68140K [0x00000007a8000000, 0x00000007c0000000, 0x00000007c0000000)
 Metaspace       used 34245K, capacity 35186K, committed 35428K, reserved 1081344K
  class space    used 4083K, capacity 4352K, committed 4452K, reserved 1048576K
}
2018-04-03T13:39:36.599+0700: 16.860: Total time for which application threads were stopped: 0.0082082 seconds, Stopping threads took: 0.0000197 seconds
{Heap before GC invocations=148 (full 1):
 par new generation   total 109248K, used 90563K [0x00000007a0000000, 0x00000007a8000000, 0x00000007a8000000)
  eden space 87424K, 100% used [0x00000007a0000000, 0x00000007a5560000, 0x00000007a5560000)
  from space 21824K,  14% used [0x00000007a5560000, 0x00000007a5870e98, 0x00000007a6ab0000)
  to   space 21824K,   0% used [0x00000007a6ab0000, 0x00000007a6ab0000, 0x00000007a8000000)
 concurrent mark-sweep generation total 393216K, used 68140K [0x00000007a8000000, 0x00000007c0000000, 0x00000007c0000000)
 Metaspace       used 34245K, capacity 35186K, committed 35428K, reserved 1081344K
  class space    used 4083K, capacity 4352K, committed 4452K, reserved 1048576K
2018-04-03T13:39:36.635+0700: 16.897: [GC (Allocation Failure) 2018-04-03T13:39:36.635+0700: 16.897: [ParNew
Desired survivor size 20112992 bytes, new threshold 8 (max 8)
- age   1:    1474032 bytes,    1474032 total
- age   2:     208496 bytes,    1682528 total
- age   3:     202680 bytes,    1885208 total
- age   4:     136944 bytes,    2022152 total
- age   5:     332984 bytes,    2355136 total
- age   6:     235040 bytes,    2590176 total
- age   7:     567232 bytes,    3157408 total
- age   8:     136432 bytes,    3293840 total
: 90563K->3249K(109248K), 0.0070263 secs] 158704K->71587K(502464K), 0.0071003 secs] [Times: user=0.02 sys=0.00, real=0.01 secs] 
Heap after GC invocations=149 (full 1):
 par new generation   total 109248K, used 3249K [0x00000007a0000000, 0x00000007a8000000, 0x00000007a8000000)
  eden space 87424K,   0% used [0x00000007a0000000, 0x00000007a0000000, 0x00000007a5560000)
  from space 21824K,  14% used [0x00000007a6ab0000, 0x00000007a6ddc5e0, 0x00000007a8000000)
  to   space 21824K,   0% used [0x00000007a5560000, 0x00000007a5560000, 0x00000007a6ab0000)
 concurrent mark-sweep generation total 393216K, used 68338K [0x00000007a8000000, 0x00000007c0000000, 0x00000007c0000000)
 Metaspace       used 34245K, capacity 35186K, committed 35428K, reserved 1081344K
  class space    used 4083K, capacity 4352K, committed 4452K, reserved 1048576K
}
2018-04-03T13:39:36.643+0700: 16.904: Total time for which application threads were stopped: 0.0072642 seconds, Stopping threads took: 0.0000168 seconds
{Heap before GC invocations=149 (full 1):
 par new generation   total 109248K, used 90673K [0x00000007a0000000, 0x00000007a8000000, 0x00000007a8000000)
  eden space 87424K, 100% used [0x00000007a0000000, 0x00000007a5560000, 0x00000007a5560000)
  from space 21824K,  14% used [0x00000007a6ab0000, 0x00000007a6ddc5e0, 0x00000007a8000000)
  to   space 21824K,   0% used [0x00000007a5560000, 0x00000007a5560000, 0x00000007a6ab0000)
 concurrent mark-sweep generation total 393216K, used 68338K [0x00000007a8000000, 0x00000007c0000000, 0x00000007c0000000)
 Metaspace       used 34245K, capacity 35186K, committed 35428K, reserved 1081344K
  class space    used 4083K, capacity 4352K, committed 4452K, reserved 1048576K
2018-04-03T13:39:36.726+0700: 16.987: [GC (Allocation Failure) 2018-04-03T13:39:36.726+0700: 16.987: [ParNew
Desired survivor size 20112992 bytes, new threshold 8 (max 8)
- age   1:    1723768 bytes,    1723768 total
- age   2:     564256 bytes,    2288024 total
- age   3:     202128 bytes,    2490152 total
- age   4:     202680 bytes,    2692832 total
- age   5:     136944 bytes,    2829776 total
- age   6:     332984 bytes,    3162760 total
- age   7:     235040 bytes,    3397800 total
- age   8:     305056 bytes,    3702856 total
: 90673K->3633K(109248K), 0.0071207 secs] 159011K->72104K(502464K), 0.0072340 secs] [Times: user=0.01 sys=0.00, real=0.01 secs] 
Heap after GC invocations=150 (full 1):
 par new generation   total 109248K, used 3633K [0x00000007a0000000, 0x00000007a8000000, 0x00000007a8000000)
  eden space 87424K,   0% used [0x00000007a0000000, 0x00000007a0000000, 0x00000007a5560000)
  from space 21824K,  16% used [0x00000007a5560000, 0x00000007a58ec530, 0x00000007a6ab0000)
  to   space 21824K,   0% used [0x00000007a6ab0000, 0x00000007a6ab0000, 0x00000007a8000000)
 concurrent mark-sweep generation total 393216K, used 68471K [0x00000007a8000000, 0x00000007c0000000, 0x00000007c0000000)
 Metaspace       used 34245K, capacity 35186K, committed 35428K, reserved 1081344K
  class space    used 4083K, capacity 4352K, committed 4452K, reserved 1048576K
}
2018-04-03T13:39:36.733+0700: 16.994: Total time for which application threads were stopped: 0.0074688 seconds, Stopping threads took: 0.0000206 seconds
{Heap before GC invocations=150 (full 1):
 par new generation   total 109248K, used 91057K [0x00000007a0000000, 0x00000007a8000000, 0x00000007a8000000)
  eden space 87424K, 100% used [0x00000007a0000000, 0x00000007a5560000, 0x00000007a5560000)
  from space 21824K,  16% used [0x00000007a5560000, 0x00000007a58ec530, 0x00000007a6ab0000)
  to   space 21824K,   0% used [0x00000007a6ab0000, 0x00000007a6ab0000, 0x00000007a8000000)
 concurrent mark-sweep generation total 393216K, used 68471K [0x00000007a8000000, 0x00000007c0000000, 0x00000007c0000000)
 Metaspace       used 34245K, capacity 35186K, committed 35428K, reserved 1081344K
  class space    used 4083K, capacity 4352K, committed 4452K, reserved 1048576K
2018-04-03T13:39:36.782+0700: 17.044: [GC (Allocation Failure) 2018-04-03T13:39:36.782+0700: 17.044: [ParNew
Desired survivor size 20112992 bytes, new threshold 8 (max 8)
- age   1:     326864 bytes,     326864 total
- age   2:    1571112 bytes,    1897976 total
- age   3:     564048 bytes,    2462024 total
- age   4:     202128 bytes,    2664152 total
- age   5:     235464 bytes,    2899616 total
- age   6:     136944 bytes,    3036560 total
- age   7:     398552 bytes,    3435112 total
- age   8:     300608 bytes,    3735720 total
: 91057K->3697K(109248K), 0.0059994 secs] 159528K->72466K(502464K), 0.0060914 secs] [Times: user=0.01 sys=0.00, real=0.00 secs] 
Heap after GC invocations=151 (full 1):
 par new generation   total 109248K, used 3697K [0x00000007a0000000, 0x00000007a8000000, 0x00000007a8000000)
  eden space 87424K,   0% used [0x00000007a0000000, 0x00000007a0000000, 0x00000007a5560000)
  from space 21824K,  16% used [0x00000007a6ab0000, 0x00000007a6e4c5a0, 0x00000007a8000000)
  to   space 21824K,   0% used [0x00000007a5560000, 0x00000007a5560000, 0x00000007a6ab0000)
 concurrent mark-sweep generation total 393216K, used 68769K [0x00000007a8000000, 0x00000007c0000000, 0x00000007c0000000)
 Metaspace       used 34245K, capacity 35186K, committed 35428K, reserved 1081344K
  class space    used 4083K, capacity 4352K, committed 4452K, reserved 1048576K
}
2018-04-03T13:39:36.788+0700: 17.050: Total time for which application threads were stopped: 0.0063022 seconds, Stopping threads took: 0.0000334 seconds
{Heap before GC invocations=151 (full 1):
 par new generation   total 109248K, used 91121K [0x00000007a0000000, 0x00000007a8000000, 0x00000007a8000000)
  eden space 87424K, 100% used [0x00000007a0000000, 0x00000007a5560000, 0x00000007a5560000)
  from space 21824K,  16% used [0x00000007a6ab0000, 0x00000007a6e4c5a0, 0x00000007a8000000)
  to   space 21824K,   0% used [0x00000007a5560000, 0x00000007a5560000, 0x00000007a6ab0000)
 concurrent mark-sweep generation total 393216K, used 68769K [0x00000007a8000000, 0x00000007c0000000, 0x00000007c0000000)
 Metaspace       used 34245K, capacity 35186K, committed 35428K, reserved 1081344K
  class space    used 4083K, capacity 4352K, committed 4452K, reserved 1048576K
2018-04-03T13:39:36.828+0700: 17.089: [GC (Allocation Failure) 2018-04-03T13:39:36.828+0700: 17.089: [ParNew
Desired survivor size 20112992 bytes, new threshold 8 (max 8)
- age   1:    1296688 bytes,    1296688 total
- age   2:     236920 bytes,    1533608 total
- age   3:     694288 bytes,    2227896 total
- age   4:     564048 bytes,    2791944 total
- age   5:     202128 bytes,    2994072 total
- age   6:     202680 bytes,    3196752 total
- age   7:     136944 bytes,    3333696 total
- age   8:     332984 bytes,    3666680 total
: 91121K->3587K(109248K), 0.0082242 secs] 159890K->72586K(502464K), 0.0083069 secs] [Times: user=0.01 sys=0.00, real=0.01 secs] 
Heap after GC invocations=152 (full 1):
 par new generation   total 109248K, used 3587K [0x00000007a0000000, 0x00000007a8000000, 0x00000007a8000000)
  eden space 87424K,   0% used [0x00000007a0000000, 0x00000007a0000000, 0x00000007a5560000)
  from space 21824K,  16% used [0x00000007a5560000, 0x00000007a58e0d38, 0x00000007a6ab0000)
  to   space 21824K,   0% used [0x00000007a6ab0000, 0x00000007a6ab0000, 0x00000007a8000000)
 concurrent mark-sweep generation total 393216K, used 68998K [0x00000007a8000000, 0x00000007c0000000, 0x00000007c0000000)
 Metaspace       used 34245K, capacity 35186K, committed 35428K, reserved 1081344K
  class space    used 4083K, capacity 4352K, committed 4452K, reserved 1048576K
}
2018-04-03T13:39:36.836+0700: 17.098: Total time for which application threads were stopped: 0.0084857 seconds, Stopping threads took: 0.0000194 seconds
{Heap before GC invocations=152 (full 1):
 par new generation   total 109248K, used 91011K [0x00000007a0000000, 0x00000007a8000000, 0x00000007a8000000)
  eden space 87424K, 100% used [0x00000007a0000000, 0x00000007a5560000, 0x00000007a5560000)
  from space 21824K,  16% used [0x00000007a5560000, 0x00000007a58e0d38, 0x00000007a6ab0000)
  to   space 21824K,   0% used [0x00000007a6ab0000, 0x00000007a6ab0000, 0x00000007a8000000)
 concurrent mark-sweep generation total 393216K, used 68998K [0x00000007a8000000, 0x00000007c0000000, 0x00000007c0000000)
 Metaspace       used 34245K, capacity 35186K, committed 35428K, reserved 1081344K
  class space    used 4083K, capacity 4352K, committed 4452K, reserved 1048576K
2018-04-03T13:39:36.875+0700: 17.137: [GC (Allocation Failure) 2018-04-03T13:39:36.875+0700: 17.137: [ParNew
Desired survivor size 20112992 bytes, new threshold 8 (max 8)
- age   1:     680432 bytes,     680432 total
- age   2:    1189072 bytes,    1869504 total
- age   3:     236680 bytes,    2106184 total
- age   4:     694176 bytes,    2800360 total
- age   5:     207728 bytes,    3008088 total
- age   6:     202128 bytes,    3210216 total
- age   7:     202680 bytes,    3412896 total
- age   8:     136944 bytes,    3549840 total
: 91011K->3489K(109248K), 0.0059886 secs] 160010K->72814K(502464K), 0.0060794 secs] [Times: user=0.01 sys=0.00, real=0.01 secs] 
Heap after GC invocations=153 (full 1):
 par new generation   total 109248K, used 3489K [0x00000007a0000000, 0x00000007a8000000, 0x00000007a8000000)
  eden space 87424K,   0% used [0x00000007a0000000, 0x00000007a0000000, 0x00000007a5560000)
  from space 21824K,  15% used [0x00000007a6ab0000, 0x00000007a6e187d8, 0x00000007a8000000)
  to   space 21824K,   0% used [0x00000007a5560000, 0x00000007a5560000, 0x00000007a6ab0000)
 concurrent mark-sweep generation total 393216K, used 69324K [0x00000007a8000000, 0x00000007c0000000, 0x00000007c0000000)
 Metaspace       used 34245K, capacity 35186K, committed 35428K, reserved 1081344K
  class space    used 4083K, capacity 4352K, committed 4452K, reserved 1048576K
}
2018-04-03T13:39:36.881+0700: 17.143: Total time for which application threads were stopped: 0.0062768 seconds, Stopping threads took: 0.0000195 seconds
{Heap before GC invocations=153 (full 1):
 par new generation   total 109248K, used 90913K [0x00000007a0000000, 0x00000007a8000000, 0x00000007a8000000)
  eden space 87424K, 100% used [0x00000007a0000000, 0x00000007a5560000, 0x00000007a5560000)
  from space 21824K,  15% used [0x00000007a6ab0000, 0x00000007a6e187d8, 0x00000007a8000000)
  to   space 21824K,   0% used [0x00000007a5560000, 0x00000007a5560000, 0x00000007a6ab0000)
 concurrent mark-sweep generation total 393216K, used 69324K [0x00000007a8000000, 0x00000007c0000000, 0x00000007c0000000)
 Metaspace       used 34245K, capacity 35186K, committed 35428K, reserved 1081344K
  class space    used 4083K, capacity 4352K, committed 4452K, reserved 1048576K
2018-04-03T13:39:36.912+0700: 17.174: [GC (Allocation Failure) 2018-04-03T13:39:36.912+0700: 17.174: [ParNew
Desired survivor size 20112992 bytes, new threshold 8 (max 8)
- age   1:    1410848 bytes,    1410848 total
- age   2:     571576 bytes,    1982424 total
- age   3:     202592 bytes,    2185016 total
- age   4:     236680 bytes,    2421696 total
- age   5:     694176 bytes,    3115872 total
- age   6:     207728 bytes,    3323600 total
- age   7:     202128 bytes,    3525728 total
- age   8:     202680 bytes,    3728408 total
: 90913K->3649K(109248K), 0.0059894 secs] 160238K->73107K(502464K), 0.0060856 secs] [Times: user=0.02 sys=0.00, real=0.00 secs] 
Heap after GC invocations=154 (full 1):
 par new generation   total 109248K, used 3649K [0x00000007a0000000, 0x00000007a8000000, 0x00000007a8000000)
  eden space 87424K,   0% used [0x00000007a0000000, 0x00000007a0000000, 0x00000007a5560000)
  from space 21824K,  16% used [0x00000007a5560000, 0x00000007a58f07c8, 0x00000007a6ab0000)
  to   space 21824K,   0% used [0x00000007a6ab0000, 0x00000007a6ab0000, 0x00000007a8000000)
 concurrent mark-sweep generation total 393216K, used 69457K [0x00000007a8000000, 0x00000007c0000000, 0x00000007c0000000)
 Metaspace       used 34245K, capacity 35186K, committed 35428K, reserved 1081344K
  class space    used 4083K, capacity 4352K, committed 4452K, reserved 1048576K
}
2018-04-03T13:39:36.918+0700: 17.180: Total time for which application threads were stopped: 0.0062802 seconds, Stopping threads took: 0.0000215 seconds
{Heap before GC invocations=154 (full 1):
 par new generation   total 109248K, used 91073K [0x00000007a0000000, 0x00000007a8000000, 0x00000007a8000000)
  eden space 87424K, 100% used [0x00000007a0000000, 0x00000007a5560000, 0x00000007a5560000)
  from space 21824K,  16% used [0x00000007a5560000, 0x00000007a58f07c8, 0x00000007a6ab0000)
  to   space 21824K,   0% used [0x00000007a6ab0000, 0x00000007a6ab0000, 0x00000007a8000000)
 concurrent mark-sweep generation total 393216K, used 69457K [0x00000007a8000000, 0x00000007c0000000, 0x00000007c0000000)
 Metaspace       used 34245K, capacity 35186K, committed 35428K, reserved 1081344K
  class space    used 4083K, capacity 4352K, committed 4452K, reserved 1048576K
2018-04-03T13:39:36.957+0700: 17.218: [GC (Allocation Failure) 2018-04-03T13:39:36.957+0700: 17.218: [ParNew
Desired survivor size 20112992 bytes, new threshold 8 (max 8)
- age   1:     295488 bytes,     295488 total
- age   2:    1279504 bytes,    1574992 total
- age   3:     571304 bytes,    2146296 total
- age   4:     202592 bytes,    2348888 total
- age   5:     235592 bytes,    2584480 total
- age   6:     694176 bytes,    3278656 total
- age   7:     207728 bytes,    3486384 total
- age   8:     202128 bytes,    3688512 total
: 91073K->3643K(109248K), 0.0083413 secs] 160531K->73299K(502464K), 0.0084335 secs] [Times: user=0.01 sys=0.01, real=0.01 secs] 
Heap after GC invocations=155 (full 1):
 par new generation   total 109248K, used 3643K [0x00000007a0000000, 0x00000007a8000000, 0x00000007a8000000)
  eden space 87424K,   0% used [0x00000007a0000000, 0x00000007a0000000, 0x00000007a5560000)
  from space 21824K,  16% used [0x00000007a6ab0000, 0x00000007a6e3ec98, 0x00000007a8000000)
  to   space 21824K,   0% used [0x00000007a5560000, 0x00000007a5560000, 0x00000007a6ab0000)
 concurrent mark-sweep generation total 393216K, used 69655K [0x00000007a8000000, 0x00000007c0000000, 0x00000007c0000000)
 Metaspace       used 34245K, capacity 35186K, committed 35428K, reserved 1081344K
  class space    used 4083K, capacity 4352K, committed 4452K, reserved 1048576K
}
2018-04-03T13:39:36.965+0700: 17.227: Total time for which application threads were stopped: 0.0086557 seconds, Stopping threads took: 0.0000324 seconds
{Heap before GC invocations=155 (full 1):
 par new generation   total 109248K, used 91067K [0x00000007a0000000, 0x00000007a8000000, 0x00000007a8000000)
  eden space 87424K, 100% used [0x00000007a0000000, 0x00000007a5560000, 0x00000007a5560000)
  from space 21824K,  16% used [0x00000007a6ab0000, 0x00000007a6e3ec98, 0x00000007a8000000)
  to   space 21824K,   0% used [0x00000007a5560000, 0x00000007a5560000, 0x00000007a6ab0000)
 concurrent mark-sweep generation total 393216K, used 69655K [0x00000007a8000000, 0x00000007c0000000, 0x00000007c0000000)
 Metaspace       used 34245K, capacity 35186K, committed 35428K, reserved 1081344K
  class space    used 4083K, capacity 4352K, committed 4452K, reserved 1048576K
2018-04-03T13:39:37.005+0700: 17.267: [GC (Allocation Failure) 2018-04-03T13:39:37.005+0700: 17.267: [ParNew
Desired survivor size 20112992 bytes, new threshold 8 (max 8)
- age   1:    1553200 bytes,    1553200 total
- age   2:     208800 bytes,    1762000 total
- age   3:     169984 bytes,    1931984 total
- age   4:     571176 bytes,    2503160 total
- age   5:     202592 bytes,    2705752 total
- age   6:     235592 bytes,    2941344 total
- age   7:     694176 bytes,    3635520 total
- age   8:     207728 bytes,    3843248 total
: 91067K->3766K(109248K), 0.0055960 secs] 160723K->73619K(502464K), 0.0056886 secs] [Times: user=0.02 sys=0.00, real=0.01 secs] 
Heap after GC invocations=156 (full 1):
 par new generation   total 109248K, used 3766K [0x00000007a0000000, 0x00000007a8000000, 0x00000007a8000000)
  eden space 87424K,   0% used [0x00000007a0000000, 0x00000007a0000000, 0x00000007a5560000)
  from space 21824K,  17% used [0x00000007a5560000, 0x00000007a590d8c0, 0x00000007a6ab0000)
  to   space 21824K,   0% used [0x00000007a6ab0000, 0x00000007a6ab0000, 0x00000007a8000000)
 concurrent mark-sweep generation total 393216K, used 69853K [0x00000007a8000000, 0x00000007c0000000, 0x00000007c0000000)
 Metaspace       used 34245K, capacity 35186K, committed 35428K, reserved 1081344K
  class space    used 4083K, capacity 4352K, committed 4452K, reserved 1048576K
}
2018-04-03T13:39:37.011+0700: 17.273: Total time for which application threads were stopped: 0.0058703 seconds, Stopping threads took: 0.0000197 seconds
{Heap before GC invocations=156 (full 1):
 par new generation   total 109248K, used 91190K [0x00000007a0000000, 0x00000007a8000000, 0x00000007a8000000)
  eden space 87424K, 100% used [0x00000007a0000000, 0x00000007a5560000, 0x00000007a5560000)
  from space 21824K,  17% used [0x00000007a5560000, 0x00000007a590d8c0, 0x00000007a6ab0000)
  to   space 21824K,   0% used [0x00000007a6ab0000, 0x00000007a6ab0000, 0x00000007a8000000)
 concurrent mark-sweep generation total 393216K, used 69853K [0x00000007a8000000, 0x00000007c0000000, 0x00000007c0000000)
 Metaspace       used 34245K, capacity 35186K, committed 35428K, reserved 1081344K
  class space    used 4083K, capacity 4352K, committed 4452K, reserved 1048576K
2018-04-03T13:39:37.040+0700: 17.302: [GC (Allocation Failure) 2018-04-03T13:39:37.040+0700: 17.302: [ParNew
Desired survivor size 20112992 bytes, new threshold 8 (max 8)
- age   1:     724336 bytes,     724336 total
- age   2:    1450440 bytes,    2174776 total
- age   3:     208496 bytes,    2383272 total
- age   4:     169728 bytes,    2553000 total
- age   5:     170280 bytes,    2723280 total
- age   6:     202592 bytes,    2925872 total
- age   7:     235592 bytes,    3161464 total
- age   8:     694176 bytes,    3855640 total
: 91190K->3794K(109248K), 0.0053232 secs] 161043K->73850K(502464K), 0.0054178 secs] [Times: user=0.02 sys=0.00, real=0.00 secs] 
Heap after GC invocations=157 (full 1):
 par new generation   total 109248K, used 3794K [0x00000007a0000000, 0x00000007a8000000, 0x00000007a8000000)
  eden space 87424K,   0% used [0x00000007a0000000, 0x00000007a0000000, 0x00000007a5560000)
  from space 21824K,  17% used [0x00000007a6ab0000, 0x00000007a6e64840, 0x00000007a8000000)
  to   space 21824K,   0% used [0x00000007a5560000, 0x00000007a5560000, 0x00000007a6ab0000)
 concurrent mark-sweep generation total 393216K, used 70056K [0x00000007a8000000, 0x00000007c0000000, 0x00000007c0000000)
 Metaspace       used 34245K, capacity 35186K, committed 35428K, reserved 1081344K
  class space    used 4083K, capacity 4352K, committed 4452K, reserved 1048576K
}
2018-04-03T13:39:37.046+0700: 17.307: Total time for which application threads were stopped: 0.0056237 seconds, Stopping threads took: 0.0000212 seconds
{Heap before GC invocations=157 (full 1):
 par new generation   total 109248K, used 91218K [0x00000007a0000000, 0x00000007a8000000, 0x00000007a8000000)
  eden space 87424K, 100% used [0x00000007a0000000, 0x00000007a5560000, 0x00000007a5560000)
  from space 21824K,  17% used [0x00000007a6ab0000, 0x00000007a6e64840, 0x00000007a8000000)
  to   space 21824K,   0% used [0x00000007a5560000, 0x00000007a5560000, 0x00000007a6ab0000)
 concurrent mark-sweep generation total 393216K, used 70056K [0x00000007a8000000, 0x00000007c0000000, 0x00000007c0000000)
 Metaspace       used 34245K, capacity 35186K, committed 35428K, reserved 1081344K
  class space    used 4083K, capacity 4352K, committed 4452K, reserved 1048576K
2018-04-03T13:39:37.083+0700: 17.344: [GC (Allocation Failure) 2018-04-03T13:39:37.083+0700: 17.344: [ParNew
Desired survivor size 20112992 bytes, new threshold 8 (max 8)
- age   1:    1726976 bytes,    1726976 total
- age   2:     654072 bytes,    2381048 total
- age   3:     202272 bytes,    2583320 total
- age   4:     207216 bytes,    2790536 total
- age   5:     169728 bytes,    2960264 total
- age   6:     170280 bytes,    3130544 total
- age   7:     202592 bytes,    3333136 total
- age   8:     235592 bytes,    3568728 total
: 91218K->3509K(109248K), 0.0058000 secs] 161274K->74243K(502464K), 0.0059081 secs] [Times: user=0.01 sys=0.00, real=0.00 secs] 
Heap after GC invocations=158 (full 1):
 par new generation   total 109248K, used 3509K [0x00000007a0000000, 0x00000007a8000000, 0x00000007a8000000)
  eden space 87424K,   0% used [0x00000007a0000000, 0x00000007a0000000, 0x00000007a5560000)
  from space 21824K,  16% used [0x00000007a5560000, 0x00000007a58cd460, 0x00000007a6ab0000)
  to   space 21824K,   0% used [0x00000007a6ab0000, 0x00000007a6ab0000, 0x00000007a8000000)
 concurrent mark-sweep generation total 393216K, used 70734K [0x00000007a8000000, 0x00000007c0000000, 0x00000007c0000000)
 Metaspace       used 34245K, capacity 35186K, committed 35428K, reserved 1081344K
  class space    used 4083K, capacity 4352K, committed 4452K, reserved 1048576K
}
2018-04-03T13:39:37.089+0700: 17.350: Total time for which application threads were stopped: 0.0061365 seconds, Stopping threads took: 0.0000212 seconds
{Heap before GC invocations=158 (full 1):
 par new generation   total 109248K, used 90933K [0x00000007a0000000, 0x00000007a8000000, 0x00000007a8000000)
  eden space 87424K, 100% used [0x00000007a0000000, 0x00000007a5560000, 0x00000007a5560000)
  from space 21824K,  16% used [0x00000007a5560000, 0x00000007a58cd460, 0x00000007a6ab0000)
  to   space 21824K,   0% used [0x00000007a6ab0000, 0x00000007a6ab0000, 0x00000007a8000000)
 concurrent mark-sweep generation total 393216K, used 70734K [0x00000007a8000000, 0x00000007c0000000, 0x00000007c0000000)
 Metaspace       used 34245K, capacity 35186K, committed 35428K, reserved 1081344K
  class space    used 4083K, capacity 4352K, committed 4452K, reserved 1048576K
2018-04-03T13:39:37.118+0700: 17.379: [GC (Allocation Failure) 2018-04-03T13:39:37.118+0700: 17.379: [ParNew
Desired survivor size 20112992 bytes, new threshold 8 (max 8)
- age   1:     311504 bytes,     311504 total
- age   2:    1607808 bytes,    1919312 total
- age   3:     653784 bytes,    2573096 total
- age   4:     202128 bytes,    2775224 total
- age   5:     207216 bytes,    2982440 total
- age   6:     169728 bytes,    3152168 total
- age   7:     170280 bytes,    3322448 total
- age   8:     202592 bytes,    3525040 total
: 90933K->3451K(109248K), 0.0083734 secs] 161667K->74415K(502464K), 0.0084667 secs] [Times: user=0.02 sys=0.00, real=0.01 secs] 
Heap after GC invocations=159 (full 1):
 par new generation   total 109248K, used 3451K [0x00000007a0000000, 0x00000007a8000000, 0x00000007a8000000)
  eden space 87424K,   0% used [0x00000007a0000000, 0x00000007a0000000, 0x00000007a5560000)
  from space 21824K,  15% used [0x00000007a6ab0000, 0x00000007a6e0ef70, 0x00000007a8000000)
  to   space 21824K,   0% used [0x00000007a5560000, 0x00000007a5560000, 0x00000007a6ab0000)
 concurrent mark-sweep generation total 393216K, used 70964K [0x00000007a8000000, 0x00000007c0000000, 0x00000007c0000000)
 Metaspace       used 34245K, capacity 35186K, committed 35428K, reserved 1081344K
  class space    used 4083K, capacity 4352K, committed 4452K, reserved 1048576K
}
2018-04-03T13:39:37.126+0700: 17.388: Total time for which application threads were stopped: 0.0086655 seconds, Stopping threads took: 0.0000179 seconds
{Heap before GC invocations=159 (full 1):
 par new generation   total 109248K, used 90875K [0x00000007a0000000, 0x00000007a8000000, 0x00000007a8000000)
  eden space 87424K, 100% used [0x00000007a0000000, 0x00000007a5560000, 0x00000007a5560000)
  from space 21824K,  15% used [0x00000007a6ab0000, 0x00000007a6e0ef70, 0x00000007a8000000)
  to   space 21824K,   0% used [0x00000007a5560000, 0x00000007a5560000, 0x00000007a6ab0000)
 concurrent mark-sweep generation total 393216K, used 70964K [0x00000007a8000000, 0x00000007c0000000, 0x00000007c0000000)
 Metaspace       used 34245K, capacity 35186K, committed 35428K, reserved 1081344K
  class space    used 4083K, capacity 4352K, committed 4452K, reserved 1048576K
2018-04-03T13:39:37.158+0700: 17.419: [GC (Allocation Failure) 2018-04-03T13:39:37.158+0700: 17.419: [ParNew
Desired survivor size 20112992 bytes, new threshold 8 (max 8)
- age   1:     378808 bytes,     378808 total
- age   2:     202624 bytes,     581432 total
- age   3:    1607808 bytes,    2189240 total
- age   4:     653440 bytes,    2842680 total
- age   5:     202128 bytes,    3044808 total
- age   6:     207216 bytes,    3252024 total
- age   7:     169728 bytes,    3421752 total
- age   8:     170280 bytes,    3592032 total
: 90875K->3529K(109248K), 0.0083375 secs] 161839K->74691K(502464K), 0.0084187 secs] [Times: user=0.01 sys=0.00, real=0.01 secs] 
Heap after GC invocations=160 (full 1):
 par new generation   total 109248K, used 3529K [0x00000007a0000000, 0x00000007a8000000, 0x00000007a8000000)
  eden space 87424K,   0% used [0x00000007a0000000, 0x00000007a0000000, 0x00000007a5560000)
  from space 21824K,  16% used [0x00000007a5560000, 0x00000007a58d2578, 0x00000007a6ab0000)
  to   space 21824K,   0% used [0x00000007a6ab0000, 0x00000007a6ab0000, 0x00000007a8000000)
 concurrent mark-sweep generation total 393216K, used 71161K [0x00000007a8000000, 0x00000007c0000000, 0x00000007c0000000)
 Metaspace       used 34245K, capacity 35186K, committed 35428K, reserved 1081344K
  class space    used 4083K, capacity 4352K, committed 4452K, reserved 1048576K
}
2018-04-03T13:39:37.166+0700: 17.428: Total time for which application threads were stopped: 0.0085896 seconds, Stopping threads took: 0.0000195 seconds
{Heap before GC invocations=160 (full 1):
 par new generation   total 109248K, used 90953K [0x00000007a0000000, 0x00000007a8000000, 0x00000007a8000000)
  eden space 87424K, 100% used [0x00000007a0000000, 0x00000007a5560000, 0x00000007a5560000)
  from space 21824K,  16% used [0x00000007a5560000, 0x00000007a58d2578, 0x00000007a6ab0000)
  to   space 21824K,   0% used [0x00000007a6ab0000, 0x00000007a6ab0000, 0x00000007a8000000)
 concurrent mark-sweep generation total 393216K, used 71161K [0x00000007a8000000, 0x00000007c0000000, 0x00000007c0000000)
 Metaspace       used 34245K, capacity 35186K, committed 35428K, reserved 1081344K
  class space    used 4083K, capacity 4352K, committed 4452K, reserved 1048576K
2018-04-03T13:39:37.197+0700: 17.458: [GC (Allocation Failure) 2018-04-03T13:39:37.197+0700: 17.458: [ParNew
Desired survivor size 20112992 bytes, new threshold 8 (max 8)
- age   1:    2449240 bytes,    2449240 total
- age   2:     267704 bytes,    2716944 total
- age   3:     202624 bytes,    2919568 total
- age   4:     202096 bytes,    3121664 total
- age   5:     202424 bytes,    3324088 total
- age   6:     202128 bytes,    3526216 total
- age   7:     207216 bytes,    3733432 total
- age   8:     169728 bytes,    3903160 total
: 90953K->3834K(109248K), 0.0073188 secs] 162115K->75162K(502464K), 0.0074138 secs] [Times: user=0.02 sys=0.00, real=0.01 secs] 
Heap after GC invocations=161 (full 1):
 par new generation   total 109248K, used 3834K [0x00000007a0000000, 0x00000007a8000000, 0x00000007a8000000)
  eden space 87424K,   0% used [0x00000007a0000000, 0x00000007a0000000, 0x00000007a5560000)
  from space 21824K,  17% used [0x00000007a6ab0000, 0x00000007a6e6e9d0, 0x00000007a8000000)
  to   space 21824K,   0% used [0x00000007a5560000, 0x00000007a5560000, 0x00000007a6ab0000)
 concurrent mark-sweep generation total 393216K, used 71328K [0x00000007a8000000, 0x00000007c0000000, 0x00000007c0000000)
 Metaspace       used 34245K, capacity 35186K, committed 35428K, reserved 1081344K
  class space    used 4083K, capacity 4352K, committed 4452K, reserved 1048576K
}
2018-04-03T13:39:37.204+0700: 17.466: Total time for which application threads were stopped: 0.0076097 seconds, Stopping threads took: 0.0000185 seconds
{Heap before GC invocations=161 (full 1):
 par new generation   total 109248K, used 91258K [0x00000007a0000000, 0x00000007a8000000, 0x00000007a8000000)
  eden space 87424K, 100% used [0x00000007a0000000, 0x00000007a5560000, 0x00000007a5560000)
  from space 21824K,  17% used [0x00000007a6ab0000, 0x00000007a6e6e9d0, 0x00000007a8000000)
  to   space 21824K,   0% used [0x00000007a5560000, 0x00000007a5560000, 0x00000007a6ab0000)
 concurrent mark-sweep generation total 393216K, used 71328K [0x00000007a8000000, 0x00000007c0000000, 0x00000007c0000000)
 Metaspace       used 34245K, capacity 35186K, committed 35428K, reserved 1081344K
  class space    used 4083K, capacity 4352K, committed 4452K, reserved 1048576K
2018-04-03T13:39:37.234+0700: 17.496: [GC (Allocation Failure) 2018-04-03T13:39:37.234+0700: 17.496: [ParNew
Desired survivor size 20112992 bytes, new threshold 8 (max 8)
- age   1:     540504 bytes,     540504 total
- age   2:    2296056 bytes,    2836560 total
- age   3:     267704 bytes,    3104264 total
- age   4:     202624 bytes,    3306888 total
- age   5:     202096 bytes,    3508984 total
- age   6:     202424 bytes,    3711408 total
- age   7:     202128 bytes,    3913536 total
- age   8:     207216 bytes,    4120752 total
: 91258K->4041K(109248K), 0.0063041 secs] 162586K->75535K(502464K), 0.0063939 secs] [Times: user=0.01 sys=0.00, real=0.01 secs] 
Heap after GC invocations=162 (full 1):
 par new generation   total 109248K, used 4041K [0x00000007a0000000, 0x00000007a8000000, 0x00000007a8000000)
  eden space 87424K,   0% used [0x00000007a0000000, 0x00000007a0000000, 0x00000007a5560000)
  from space 21824K,  18% used [0x00000007a5560000, 0x00000007a59525c8, 0x00000007a6ab0000)
  to   space 21824K,   0% used [0x00000007a6ab0000, 0x00000007a6ab0000, 0x00000007a8000000)
 concurrent mark-sweep generation total 393216K, used 71494K [0x00000007a8000000, 0x00000007c0000000, 0x00000007c0000000)
 Metaspace       used 34245K, capacity 35186K, committed 35428K, reserved 1081344K
  class space    used 4083K, capacity 4352K, committed 4452K, reserved 1048576K
}
2018-04-03T13:39:37.241+0700: 17.502: Total time for which application threads were stopped: 0.0065879 seconds, Stopping threads took: 0.0000186 seconds
{Heap before GC invocations=162 (full 1):
 par new generation   total 109248K, used 91465K [0x00000007a0000000, 0x00000007a8000000, 0x00000007a8000000)
  eden space 87424K, 100% used [0x00000007a0000000, 0x00000007a5560000, 0x00000007a5560000)
  from space 21824K,  18% used [0x00000007a5560000, 0x00000007a59525c8, 0x00000007a6ab0000)
  to   space 21824K,   0% used [0x00000007a6ab0000, 0x00000007a6ab0000, 0x00000007a8000000)
 concurrent mark-sweep generation total 393216K, used 71494K [0x00000007a8000000, 0x00000007c0000000, 0x00000007c0000000)
 Metaspace       used 34245K, capacity 35186K, committed 35428K, reserved 1081344K
  class space    used 4083K, capacity 4352K, committed 4452K, reserved 1048576K
2018-04-03T13:39:37.270+0700: 17.532: [GC (Allocation Failure) 2018-04-03T13:39:37.270+0700: 17.532: [ParNew
Desired survivor size 20112992 bytes, new threshold 8 (max 8)
- age   1:     282528 bytes,     282528 total
- age   2:     431736 bytes,     714264 total
- age   3:    2296056 bytes,    3010320 total
- age   4:     267312 bytes,    3277632 total
- age   5:     202296 bytes,    3479928 total
- age   6:     202096 bytes,    3682024 total
- age   7:     202424 bytes,    3884448 total
- age   8:     202128 bytes,    4086576 total
: 91465K->4015K(109248K), 0.0070157 secs] 162959K->75711K(502464K), 0.0071013 secs] [Times: user=0.02 sys=0.00, real=0.00 secs] 
Heap after GC invocations=163 (full 1):
 par new generation   total 109248K, used 4015K [0x00000007a0000000, 0x00000007a8000000, 0x00000007a8000000)
  eden space 87424K,   0% used [0x00000007a0000000, 0x00000007a0000000, 0x00000007a5560000)
  from space 21824K,  18% used [0x00000007a6ab0000, 0x00000007a6e9bc48, 0x00000007a8000000)
  to   space 21824K,   0% used [0x00000007a5560000, 0x00000007a5560000, 0x00000007a6ab0000)
 concurrent mark-sweep generation total 393216K, used 71696K [0x00000007a8000000, 0x00000007c0000000, 0x00000007c0000000)
 Metaspace       used 34245K, capacity 35186K, committed 35428K, reserved 1081344K
  class space    used 4083K, capacity 4352K, committed 4452K, reserved 1048576K
}
2018-04-03T13:39:37.277+0700: 17.539: Total time for which application threads were stopped: 0.0072738 seconds, Stopping threads took: 0.0000176 seconds
{Heap before GC invocations=163 (full 1):
 par new generation   total 109248K, used 91439K [0x00000007a0000000, 0x00000007a8000000, 0x00000007a8000000)
  eden space 87424K, 100% used [0x00000007a0000000, 0x00000007a5560000, 0x00000007a5560000)
  from space 21824K,  18% used [0x00000007a6ab0000, 0x00000007a6e9bc48, 0x00000007a8000000)
  to   space 21824K,   0% used [0x00000007a5560000, 0x00000007a5560000, 0x00000007a6ab0000)
 concurrent mark-sweep generation total 393216K, used 71696K [0x00000007a8000000, 0x00000007c0000000, 0x00000007c0000000)
 Metaspace       used 34245K, capacity 35186K, committed 35428K, reserved 1081344K
  class space    used 4083K, capacity 4352K, committed 4452K, reserved 1048576K
2018-04-03T13:39:37.315+0700: 17.576: [GC (Allocation Failure) 2018-04-03T13:39:37.315+0700: 17.576: [ParNew
Desired survivor size 20112992 bytes, new threshold 8 (max 8)
- age   1:    3178888 bytes,    3178888 total
- age   2:     203232 bytes,    3382120 total
- age   3:     431736 bytes,    3813856 total
- age   4:     716104 bytes,    4529960 total
- age   5:     267312 bytes,    4797272 total
- age   6:     202296 bytes,    4999568 total
- age   7:     202000 bytes,    5201568 total
- age   8:     202424 bytes,    5403992 total
: 91439K->5293K(109248K), 0.0061040 secs] 163135K->77187K(502464K), 0.0061945 secs] [Times: user=0.01 sys=0.00, real=0.01 secs] 
Heap after GC invocations=164 (full 1):
 par new generation   total 109248K, used 5293K [0x00000007a0000000, 0x00000007a8000000, 0x00000007a8000000)
  eden space 87424K,   0% used [0x00000007a0000000, 0x00000007a0000000, 0x00000007a5560000)
  from space 21824K,  24% used [0x00000007a5560000, 0x00000007a5a8b7b8, 0x00000007a6ab0000)
  to   space 21824K,   0% used [0x00000007a6ab0000, 0x00000007a6ab0000, 0x00000007a8000000)
 concurrent mark-sweep generation total 393216K, used 71893K [0x00000007a8000000, 0x00000007c0000000, 0x00000007c0000000)
 Metaspace       used 34245K, capacity 35186K, committed 35428K, reserved 1081344K
  class space    used 4083K, capacity 4352K, committed 4452K, reserved 1048576K
}
2018-04-03T13:39:37.321+0700: 17.582: Total time for which application threads were stopped: 0.0063896 seconds, Stopping threads took: 0.0000197 seconds
{Heap before GC invocations=164 (full 1):
 par new generation   total 109248K, used 92717K [0x00000007a0000000, 0x00000007a8000000, 0x00000007a8000000)
  eden space 87424K, 100% used [0x00000007a0000000, 0x00000007a5560000, 0x00000007a5560000)
  from space 21824K,  24% used [0x00000007a5560000, 0x00000007a5a8b7b8, 0x00000007a6ab0000)
  to   space 21824K,   0% used [0x00000007a6ab0000, 0x00000007a6ab0000, 0x00000007a8000000)
 concurrent mark-sweep generation total 393216K, used 71893K [0x00000007a8000000, 0x00000007c0000000, 0x00000007c0000000)
 Metaspace       used 34245K, capacity 35186K, committed 35428K, reserved 1081344K
  class space    used 4083K, capacity 4352K, committed 4452K, reserved 1048576K
2018-04-03T13:39:37.349+0700: 17.611: [GC (Allocation Failure) 2018-04-03T13:39:37.349+0700: 17.611: [ParNew
Desired survivor size 20112992 bytes, new threshold 8 (max 8)
- age   1:     910880 bytes,     910880 total
- age   2:    3094504 bytes,    4005384 total
- age   3:     203232 bytes,    4208616 total
- age   4:     431736 bytes,    4640352 total
- age   5:     207088 bytes,    4847440 total
- age   6:     267312 bytes,    5114752 total
- age   7:     202296 bytes,    5317048 total
- age   8:     202000 bytes,    5519048 total
: 92717K->5407K(109248K), 0.0054237 secs] 164611K->77499K(502464K), 0.0055180 secs] [Times: user=0.01 sys=0.00, real=0.01 secs] 
Heap after GC invocations=165 (full 1):
 par new generation   total 109248K, used 5407K [0x00000007a0000000, 0x00000007a8000000, 0x00000007a8000000)
  eden space 87424K,   0% used [0x00000007a0000000, 0x00000007a0000000, 0x00000007a5560000)
  from space 21824K,  24% used [0x00000007a6ab0000, 0x00000007a6ff7e90, 0x00000007a8000000)
  to   space 21824K,   0% used [0x00000007a5560000, 0x00000007a5560000, 0x00000007a6ab0000)
 concurrent mark-sweep generation total 393216K, used 72091K [0x00000007a8000000, 0x00000007c0000000, 0x00000007c0000000)
 Metaspace       used 34245K, capacity 35186K, committed 35428K, reserved 1081344K
  class space    used 4083K, capacity 4352K, committed 4452K, reserved 1048576K
}
2018-04-03T13:39:37.355+0700: 17.616: Total time for which application threads were stopped: 0.0057175 seconds, Stopping threads took: 0.0000188 seconds
{Heap before GC invocations=165 (full 1):
 par new generation   total 109248K, used 92831K [0x00000007a0000000, 0x00000007a8000000, 0x00000007a8000000)
  eden space 87424K, 100% used [0x00000007a0000000, 0x00000007a5560000, 0x00000007a5560000)
  from space 21824K,  24% used [0x00000007a6ab0000, 0x00000007a6ff7e90, 0x00000007a8000000)
  to   space 21824K,   0% used [0x00000007a5560000, 0x00000007a5560000, 0x00000007a6ab0000)
 concurrent mark-sweep generation total 393216K, used 72091K [0x00000007a8000000, 0x00000007c0000000, 0x00000007c0000000)
 Metaspace       used 34245K, capacity 35186K, committed 35428K, reserved 1081344K
  class space    used 4083K, capacity 4352K, committed 4452K, reserved 1048576K
2018-04-03T13:39:37.390+0700: 17.652: [GC (Allocation Failure) 2018-04-03T13:39:37.390+0700: 17.652: [ParNew
Desired survivor size 20112992 bytes, new threshold 8 (max 8)
- age   1:     274904 bytes,     274904 total
- age   2:     840312 bytes,    1115216 total
- age   3:    3094280 bytes,    4209496 total
- age   4:     203232 bytes,    4412728 total
- age   5:     431736 bytes,    4844464 total
- age   6:     207088 bytes,    5051552 total
- age   7:     267312 bytes,    5318864 total
- age   8:     202296 bytes,    5521160 total
: 92831K->5431K(109248K), 0.0061365 secs] 164923K->77720K(502464K), 0.0062341 secs] [Times: user=0.01 sys=0.00, real=0.00 secs] 
Heap after GC invocations=166 (full 1):
 par new generation   total 109248K, used 5431K [0x00000007a0000000, 0x00000007a8000000, 0x00000007a8000000)
  eden space 87424K,   0% used [0x00000007a0000000, 0x00000007a0000000, 0x00000007a5560000)
  from space 21824K,  24% used [0x00000007a5560000, 0x00000007a5aadec0, 0x00000007a6ab0000)
  to   space 21824K,   0% used [0x00000007a6ab0000, 0x00000007a6ab0000, 0x00000007a8000000)
 concurrent mark-sweep generation total 393216K, used 72288K [0x00000007a8000000, 0x00000007c0000000, 0x00000007c0000000)
 Metaspace       used 34245K, capacity 35186K, committed 35428K, reserved 1081344K
  class space    used 4083K, capacity 4352K, committed 4452K, reserved 1048576K
}
2018-04-03T13:39:37.396+0700: 17.658: Total time for which application threads were stopped: 0.0064443 seconds, Stopping threads took: 0.0000213 seconds
{Heap before GC invocations=166 (full 1):
 par new generation   total 109248K, used 92855K [0x00000007a0000000, 0x00000007a8000000, 0x00000007a8000000)
  eden space 87424K, 100% used [0x00000007a0000000, 0x00000007a5560000, 0x00000007a5560000)
  from space 21824K,  24% used [0x00000007a5560000, 0x00000007a5aadec0, 0x00000007a6ab0000)
  to   space 21824K,   0% used [0x00000007a6ab0000, 0x00000007a6ab0000, 0x00000007a8000000)
 concurrent mark-sweep generation total 393216K, used 72288K [0x00000007a8000000, 0x00000007c0000000, 0x00000007c0000000)
 Metaspace       used 34245K, capacity 35186K, committed 35428K, reserved 1081344K
  class space    used 4083K, capacity 4352K, committed 4452K, reserved 1048576K
2018-04-03T13:39:37.434+0700: 17.695: [GC (Allocation Failure) 2018-04-03T13:39:37.434+0700: 17.695: [ParNew
Desired survivor size 20112992 bytes, new threshold 8 (max 8)
- age   1:    2420448 bytes,    2420448 total
- age   2:     202120 bytes,    2622568 total
- age   3:     807528 bytes,    3430096 total
- age   4:    1317056 bytes,    4747152 total
- age   5:     202424 bytes,    4949576 total
- age   6:     431736 bytes,    5381312 total
- age   7:     207088 bytes,    5588400 total
- age   8:     267312 bytes,    5855712 total
: 92855K->5727K(109248K), 0.0058219 secs] 165144K->78213K(502464K), 0.0059090 secs] [Times: user=0.01 sys=0.00, real=0.00 secs] 
Heap after GC invocations=167 (full 1):
 par new generation   total 109248K, used 5727K [0x00000007a0000000, 0x00000007a8000000, 0x00000007a8000000)
  eden space 87424K,   0% used [0x00000007a0000000, 0x00000007a0000000, 0x00000007a5560000)
  from space 21824K,  26% used [0x00000007a6ab0000, 0x00000007a7047cf0, 0x00000007a8000000)
  to   space 21824K,   0% used [0x00000007a5560000, 0x00000007a5560000, 0x00000007a6ab0000)
 concurrent mark-sweep generation total 393216K, used 72486K [0x00000007a8000000, 0x00000007c0000000, 0x00000007c0000000)
 Metaspace       used 34245K, capacity 35186K, committed 35428K, reserved 1081344K
  class space    used 4083K, capacity 4352K, committed 4452K, reserved 1048576K
}
2018-04-03T13:39:37.440+0700: 17.701: Total time for which application threads were stopped: 0.0060771 seconds, Stopping threads took: 0.0000182 seconds
{Heap before GC invocations=167 (full 1):
 par new generation   total 109248K, used 93151K [0x00000007a0000000, 0x00000007a8000000, 0x00000007a8000000)
  eden space 87424K, 100% used [0x00000007a0000000, 0x00000007a5560000, 0x00000007a5560000)
  from space 21824K,  26% used [0x00000007a6ab0000, 0x00000007a7047cf0, 0x00000007a8000000)
  to   space 21824K,   0% used [0x00000007a5560000, 0x00000007a5560000, 0x00000007a6ab0000)
 concurrent mark-sweep generation total 393216K, used 72486K [0x00000007a8000000, 0x00000007c0000000, 0x00000007c0000000)
 Metaspace       used 34245K, capacity 35186K, committed 35428K, reserved 1081344K
  class space    used 4083K, capacity 4352K, committed 4452K, reserved 1048576K
2018-04-03T13:39:37.484+0700: 17.746: [GC (Allocation Failure) 2018-04-03T13:39:37.484+0700: 17.746: [ParNew
Desired survivor size 20112992 bytes, new threshold 8 (max 8)
- age   1:     370496 bytes,     370496 total
- age   2:    2305464 bytes,    2675960 total
- age   3:     201872 bytes,    2877832 total
- age   4:     807528 bytes,    3685360 total
- age   5:    1317056 bytes,    5002416 total
- age   6:     202424 bytes,    5204840 total
- age   7:     431736 bytes,    5636576 total
- age   8:     207088 bytes,    5843664 total
: 93151K->5719K(109248K), 0.0058751 secs] 165637K->78466K(502464K), 0.0059664 secs] [Times: user=0.01 sys=0.00, real=0.01 secs] 
Heap after GC invocations=168 (full 1):
 par new generation   total 109248K, used 5719K [0x00000007a0000000, 0x00000007a8000000, 0x00000007a8000000)
  eden space 87424K,   0% used [0x00000007a0000000, 0x00000007a0000000, 0x00000007a5560000)
  from space 21824K,  26% used [0x00000007a5560000, 0x00000007a5af5c50, 0x00000007a6ab0000)
  to   space 21824K,   0% used [0x00000007a6ab0000, 0x00000007a6ab0000, 0x00000007a8000000)
 concurrent mark-sweep generation total 393216K, used 72747K [0x00000007a8000000, 0x00000007c0000000, 0x00000007c0000000)
 Metaspace       used 34245K, capacity 35186K, committed 35428K, reserved 1081344K
  class space    used 4083K, capacity 4352K, committed 4452K, reserved 1048576K
}
2018-04-03T13:39:37.490+0700: 17.752: Total time for which application threads were stopped: 0.0061680 seconds, Stopping threads took: 0.0000181 seconds
{Heap before GC invocations=168 (full 1):
 par new generation   total 109248K, used 93143K [0x00000007a0000000, 0x00000007a8000000, 0x00000007a8000000)
  eden space 87424K, 100% used [0x00000007a0000000, 0x00000007a5560000, 0x00000007a5560000)
  from space 21824K,  26% used [0x00000007a5560000, 0x00000007a5af5c50, 0x00000007a6ab0000)
  to   space 21824K,   0% used [0x00000007a6ab0000, 0x00000007a6ab0000, 0x00000007a8000000)
 concurrent mark-sweep generation total 393216K, used 72747K [0x00000007a8000000, 0x00000007c0000000, 0x00000007c0000000)
 Metaspace       used 34245K, capacity 35186K, committed 35428K, reserved 1081344K
  class space    used 4083K, capacity 4352K, committed 4452K, reserved 1048576K
2018-04-03T13:39:37.532+0700: 17.794: [GC (Allocation Failure) 2018-04-03T13:39:37.532+0700: 17.794: [ParNew
Desired survivor size 20112992 bytes, new threshold 8 (max 8)
- age   1:     374456 bytes,     374456 total
- age   2:     267976 bytes,     642432 total
- age   3:    2305464 bytes,    2947896 total
- age   4:     201872 bytes,    3149768 total
- age   5:     805608 bytes,    3955376 total
- age   6:    1316944 bytes,    5272320 total
- age   7:     202424 bytes,    5474744 total
- age   8:     431736 bytes,    5906480 total
: 93143K->5819K(109248K), 0.0057636 secs] 165890K->78768K(502464K), 0.0058493 secs] [Times: user=0.02 sys=0.00, real=0.00 secs] 
Heap after GC invocations=169 (full 1):
 par new generation   total 109248K, used 5819K [0x00000007a0000000, 0x00000007a8000000, 0x00000007a8000000)
  eden space 87424K,   0% used [0x00000007a0000000, 0x00000007a0000000, 0x00000007a5560000)
  from space 21824K,  26% used [0x00000007a6ab0000, 0x00000007a705ecb0, 0x00000007a8000000)
  to   space 21824K,   0% used [0x00000007a5560000, 0x00000007a5560000, 0x00000007a6ab0000)
 concurrent mark-sweep generation total 393216K, used 72949K [0x00000007a8000000, 0x00000007c0000000, 0x00000007c0000000)
 Metaspace       used 34245K, capacity 35186K, committed 35428K, reserved 1081344K
  class space    used 4083K, capacity 4352K, committed 4452K, reserved 1048576K
}
2018-04-03T13:39:37.538+0700: 17.800: Total time for which application threads were stopped: 0.0060231 seconds, Stopping threads took: 0.0000199 seconds
{Heap before GC invocations=169 (full 1):
 par new generation   total 109248K, used 93243K [0x00000007a0000000, 0x00000007a8000000, 0x00000007a8000000)
  eden space 87424K, 100% used [0x00000007a0000000, 0x00000007a5560000, 0x00000007a5560000)
  from space 21824K,  26% used [0x00000007a6ab0000, 0x00000007a705ecb0, 0x00000007a8000000)
  to   space 21824K,   0% used [0x00000007a5560000, 0x00000007a5560000, 0x00000007a6ab0000)
 concurrent mark-sweep generation total 393216K, used 72949K [0x00000007a8000000, 0x00000007c0000000, 0x00000007c0000000)
 Metaspace       used 34245K, capacity 35186K, committed 35428K, reserved 1081344K
  class space    used 4083K, capacity 4352K, committed 4452K, reserved 1048576K
2018-04-03T13:39:37.581+0700: 17.842: [GC (Allocation Failure) 2018-04-03T13:39:37.581+0700: 17.842: [ParNew
Desired survivor size 20112992 bytes, new threshold 8 (max 8)
- age   1:     295552 bytes,     295552 total
- age   2:     270136 bytes,     565688 total
- age   3:     267696 bytes,     833384 total
- age   4:    2305464 bytes,    3138848 total
- age   5:     201872 bytes,    3340720 total
- age   6:     805608 bytes,    4146328 total
- age   7:    1316944 bytes,    5463272 total
- age   8:     202424 bytes,    5665696 total
: 93243K->5542K(109248K), 0.0089266 secs] 166192K->78913K(502464K), 0.0090092 secs] [Times: user=0.01 sys=0.00, real=0.01 secs] 
Heap after GC invocations=170 (full 1):
 par new generation   total 109248K, used 5542K [0x00000007a0000000, 0x00000007a8000000, 0x00000007a8000000)
  eden space 87424K,   0% used [0x00000007a0000000, 0x00000007a0000000, 0x00000007a5560000)
  from space 21824K,  25% used [0x00000007a5560000, 0x00000007a5ac98d0, 0x00000007a6ab0000)
  to   space 21824K,   0% used [0x00000007a6ab0000, 0x00000007a6ab0000, 0x00000007a8000000)
 concurrent mark-sweep generation total 393216K, used 73371K [0x00000007a8000000, 0x00000007c0000000, 0x00000007c0000000)
 Metaspace       used 34245K, capacity 35186K, committed 35428K, reserved 1081344K
  class space    used 4083K, capacity 4352K, committed 4452K, reserved 1048576K
}
2018-04-03T13:39:37.590+0700: 17.851: Total time for which application threads were stopped: 0.0091912 seconds, Stopping threads took: 0.0000231 seconds
{Heap before GC invocations=170 (full 1):
 par new generation   total 109248K, used 92966K [0x00000007a0000000, 0x00000007a8000000, 0x00000007a8000000)
  eden space 87424K, 100% used [0x00000007a0000000, 0x00000007a5560000, 0x00000007a5560000)
  from space 21824K,  25% used [0x00000007a5560000, 0x00000007a5ac98d0, 0x00000007a6ab0000)
  to   space 21824K,   0% used [0x00000007a6ab0000, 0x00000007a6ab0000, 0x00000007a8000000)
 concurrent mark-sweep generation total 393216K, used 73371K [0x00000007a8000000, 0x00000007c0000000, 0x00000007c0000000)
 Metaspace       used 34245K, capacity 35186K, committed 35428K, reserved 1081344K
  class space    used 4083K, capacity 4352K, committed 4452K, reserved 1048576K
2018-04-03T13:39:37.631+0700: 17.892: [GC (Allocation Failure) 2018-04-03T13:39:37.631+0700: 17.892: [ParNew
Desired survivor size 20112992 bytes, new threshold 8 (max 8)
- age   1:    2653064 bytes,    2653064 total
- age   2:     169528 bytes,    2822592 total
- age   3:     270136 bytes,    3092728 total
- age   4:     267696 bytes,    3360424 total
- age   5:     305184 bytes,    3665608 total
- age   6:     201872 bytes,    3867480 total
- age   7:     805608 bytes,    4673088 total
- age   8:    1316944 bytes,    5990032 total
: 92966K->5863K(109248K), 0.0077771 secs] 166337K->79432K(502464K), 0.0078867 secs] [Times: user=0.01 sys=0.00, real=0.00 secs] 
Heap after GC invocations=171 (full 1):
 par new generation   total 109248K, used 5863K [0x00000007a0000000, 0x00000007a8000000, 0x00000007a8000000)
  eden space 87424K,   0% used [0x00000007a0000000, 0x00000007a0000000, 0x00000007a5560000)
  from space 21824K,  26% used [0x00000007a6ab0000, 0x00000007a7069fe8, 0x00000007a8000000)
  to   space 21824K,   0% used [0x00000007a5560000, 0x00000007a5560000, 0x00000007a6ab0000)
 concurrent mark-sweep generation total 393216K, used 73568K [0x00000007a8000000, 0x00000007c0000000, 0x00000007c0000000)
 Metaspace       used 34245K, capacity 35186K, committed 35428K, reserved 1081344K
  class space    used 4083K, capacity 4352K, committed 4452K, reserved 1048576K
}
2018-04-03T13:39:37.639+0700: 17.900: Total time for which application threads were stopped: 0.0081119 seconds, Stopping threads took: 0.0000207 seconds
{Heap before GC invocations=171 (full 1):
 par new generation   total 109248K, used 93287K [0x00000007a0000000, 0x00000007a8000000, 0x00000007a8000000)
  eden space 87424K, 100% used [0x00000007a0000000, 0x00000007a5560000, 0x00000007a5560000)
  from space 21824K,  26% used [0x00000007a6ab0000, 0x00000007a7069fe8, 0x00000007a8000000)
  to   space 21824K,   0% used [0x00000007a5560000, 0x00000007a5560000, 0x00000007a6ab0000)
 concurrent mark-sweep generation total 393216K, used 73568K [0x00000007a8000000, 0x00000007c0000000, 0x00000007c0000000)
 Metaspace       used 34245K, capacity 35186K, committed 35428K, reserved 1081344K
  class space    used 4083K, capacity 4352K, committed 4452K, reserved 1048576K
2018-04-03T13:39:37.676+0700: 17.937: [GC (Allocation Failure) 2018-04-03T13:39:37.676+0700: 17.937: [ParNew
Desired survivor size 20112992 bytes, new threshold 8 (max 8)
- age   1:     945536 bytes,     945536 total
- age   2:    2518176 bytes,    3463712 total
- age   3:     169528 bytes,    3633240 total
- age   4:     270136 bytes,    3903376 total
- age   5:     267696 bytes,    4171072 total
- age   6:     305184 bytes,    4476256 total
- age   7:     201872 bytes,    4678128 total
- age   8:     234808 bytes,    4912936 total
: 93287K->4835K(109248K), 0.0078607 secs] 166856K->79690K(502464K), 0.0079488 secs] [Times: user=0.02 sys=0.00, real=0.01 secs] 
Heap after GC invocations=172 (full 1):
 par new generation   total 109248K, used 4835K [0x00000007a0000000, 0x00000007a8000000, 0x00000007a8000000)
  eden space 87424K,   0% used [0x00000007a0000000, 0x00000007a0000000, 0x00000007a5560000)
  from space 21824K,  22% used [0x00000007a5560000, 0x00000007a5a18f98, 0x00000007a6ab0000)
  to   space 21824K,   0% used [0x00000007a6ab0000, 0x00000007a6ab0000, 0x00000007a8000000)
 concurrent mark-sweep generation total 393216K, used 74855K [0x00000007a8000000, 0x00000007c0000000, 0x00000007c0000000)
 Metaspace       used 34245K, capacity 35186K, committed 35428K, reserved 1081344K
  class space    used 4083K, capacity 4352K, committed 4452K, reserved 1048576K
}
2018-04-03T13:39:37.684+0700: 17.945: Total time for which application threads were stopped: 0.0081547 seconds, Stopping threads took: 0.0000200 seconds
{Heap before GC invocations=172 (full 1):
 par new generation   total 109248K, used 92259K [0x00000007a0000000, 0x00000007a8000000, 0x00000007a8000000)
  eden space 87424K, 100% used [0x00000007a0000000, 0x00000007a5560000, 0x00000007a5560000)
  from space 21824K,  22% used [0x00000007a5560000, 0x00000007a5a18f98, 0x00000007a6ab0000)
  to   space 21824K,   0% used [0x00000007a6ab0000, 0x00000007a6ab0000, 0x00000007a8000000)
 concurrent mark-sweep generation total 393216K, used 74855K [0x00000007a8000000, 0x00000007c0000000, 0x00000007c0000000)
 Metaspace       used 34245K, capacity 35186K, committed 35428K, reserved 1081344K
  class space    used 4083K, capacity 4352K, committed 4452K, reserved 1048576K
2018-04-03T13:39:37.721+0700: 17.983: [GC (Allocation Failure) 2018-04-03T13:39:37.721+0700: 17.983: [ParNew
Desired survivor size 20112992 bytes, new threshold 8 (max 8)
- age   1:     301464 bytes,     301464 total
- age   2:     844544 bytes,    1146008 total
- age   3:    2518176 bytes,    3664184 total
- age   4:     169528 bytes,    3833712 total
- age   5:     267992 bytes,    4101704 total
- age   6:     267696 bytes,    4369400 total
- age   7:     305184 bytes,    4674584 total
- age   8:     201872 bytes,    4876456 total
: 92259K->4770K(109248K), 0.0056399 secs] 167114K->79855K(502464K), 0.0057340 secs] [Times: user=0.02 sys=0.00, real=0.00 secs] 
Heap after GC invocations=173 (full 1):
 par new generation   total 109248K, used 4770K [0x00000007a0000000, 0x00000007a8000000, 0x00000007a8000000)
  eden space 87424K,   0% used [0x00000007a0000000, 0x00000007a0000000, 0x00000007a5560000)
  from space 21824K,  21% used [0x00000007a6ab0000, 0x00000007a6f58bf8, 0x00000007a8000000)
  to   space 21824K,   0% used [0x00000007a5560000, 0x00000007a5560000, 0x00000007a6ab0000)
 concurrent mark-sweep generation total 393216K, used 75084K [0x00000007a8000000, 0x00000007c0000000, 0x00000007c0000000)
 Metaspace       used 34245K, capacity 35186K, committed 35428K, reserved 1081344K
  class space    used 4083K, capacity 4352K, committed 4452K, reserved 1048576K
}
2018-04-03T13:39:37.727+0700: 17.989: Total time for which application threads were stopped: 0.0059434 seconds, Stopping threads took: 0.0000180 seconds
{Heap before GC invocations=173 (full 1):
 par new generation   total 109248K, used 92194K [0x00000007a0000000, 0x00000007a8000000, 0x00000007a8000000)
  eden space 87424K, 100% used [0x00000007a0000000, 0x00000007a5560000, 0x00000007a5560000)
  from space 21824K,  21% used [0x00000007a6ab0000, 0x00000007a6f58bf8, 0x00000007a8000000)
  to   space 21824K,   0% used [0x00000007a5560000, 0x00000007a5560000, 0x00000007a6ab0000)
 concurrent mark-sweep generation total 393216K, used 75084K [0x00000007a8000000, 0x00000007c0000000, 0x00000007c0000000)
 Metaspace       used 34245K, capacity 35186K, committed 35428K, reserved 1081344K
  class space    used 4083K, capacity 4352K, committed 4452K, reserved 1048576K
2018-04-03T13:39:37.765+0700: 18.027: [GC (Allocation Failure) 2018-04-03T13:39:37.765+0700: 18.027: [ParNew
Desired survivor size 20112992 bytes, new threshold 8 (max 8)
- age   1:     316432 bytes,     316432 total
- age   2:     177120 bytes,     493552 total
- age   3:     844544 bytes,    1338096 total
- age   4:    2518176 bytes,    3856272 total
- age   5:     169216 bytes,    4025488 total
- age   6:     267992 bytes,    4293480 total
- age   7:     267696 bytes,    4561176 total
- age   8:     305184 bytes,    4866360 total
: 92194K->4769K(109248K), 0.0064903 secs] 167279K->80050K(502464K), 0.0065731 secs] [Times: user=0.02 sys=0.00, real=0.01 secs] 
Heap after GC invocations=174 (full 1):
 par new generation   total 109248K, used 4769K [0x00000007a0000000, 0x00000007a8000000, 0x00000007a8000000)
  eden space 87424K,   0% used [0x00000007a0000000, 0x00000007a0000000, 0x00000007a5560000)
  from space 21824K,  21% used [0x00000007a5560000, 0x00000007a5a084e0, 0x00000007a6ab0000)
  to   space 21824K,   0% used [0x00000007a6ab0000, 0x00000007a6ab0000, 0x00000007a8000000)
 concurrent mark-sweep generation total 393216K, used 75281K [0x00000007a8000000, 0x00000007c0000000, 0x00000007c0000000)
 Metaspace       used 34245K, capacity 35186K, committed 35428K, reserved 1081344K
  class space    used 4083K, capacity 4352K, committed 4452K, reserved 1048576K
}
2018-04-03T13:39:37.772+0700: 18.033: Total time for which application threads were stopped: 0.0067388 seconds, Stopping threads took: 0.0000174 seconds
{Heap before GC invocations=174 (full 1):
 par new generation   total 109248K, used 92193K [0x00000007a0000000, 0x00000007a8000000, 0x00000007a8000000)
  eden space 87424K, 100% used [0x00000007a0000000, 0x00000007a5560000, 0x00000007a5560000)
  from space 21824K,  21% used [0x00000007a5560000, 0x00000007a5a084e0, 0x00000007a6ab0000)
  to   space 21824K,   0% used [0x00000007a6ab0000, 0x00000007a6ab0000, 0x00000007a8000000)
 concurrent mark-sweep generation total 393216K, used 75281K [0x00000007a8000000, 0x00000007c0000000, 0x00000007c0000000)
 Metaspace       used 34245K, capacity 35186K, committed 35428K, reserved 1081344K
  class space    used 4083K, capacity 4352K, committed 4452K, reserved 1048576K
2018-04-03T13:39:37.808+0700: 18.070: [GC (Allocation Failure) 2018-04-03T13:39:37.808+0700: 18.070: [ParNew
Desired survivor size 20112992 bytes, new threshold 8 (max 8)
- age   1:     976728 bytes,     976728 total
- age   2:     202480 bytes,    1179208 total
- age   3:     177120 bytes,    1356328 total
- age   4:     844544 bytes,    2200872 total
- age   5:    2517616 bytes,    4718488 total
- age   6:     169216 bytes,    4887704 total
- age   7:     267864 bytes,    5155568 total
- age   8:     267696 bytes,    5423264 total
: 92193K->5321K(109248K), 0.0099748 secs] 167474K->80901K(502464K), 0.0100562 secs] [Times: user=0.01 sys=0.01, real=0.01 secs] 
Heap after GC invocations=175 (full 1):
 par new generation   total 109248K, used 5321K [0x00000007a0000000, 0x00000007a8000000, 0x00000007a8000000)
  eden space 87424K,   0% used [0x00000007a0000000, 0x00000007a0000000, 0x00000007a5560000)
  from space 21824K,  24% used [0x00000007a6ab0000, 0x00000007a6fe2708, 0x00000007a8000000)
  to   space 21824K,   0% used [0x00000007a5560000, 0x00000007a5560000, 0x00000007a6ab0000)
 concurrent mark-sweep generation total 393216K, used 75579K [0x00000007a8000000, 0x00000007c0000000, 0x00000007c0000000)
 Metaspace       used 34245K, capacity 35186K, committed 35428K, reserved 1081344K
  class space    used 4083K, capacity 4352K, committed 4452K, reserved 1048576K
}
2018-04-03T13:39:37.819+0700: 18.080: Total time for which application threads were stopped: 0.0102266 seconds, Stopping threads took: 0.0000181 seconds
{Heap before GC invocations=175 (full 1):
 par new generation   total 109248K, used 92745K [0x00000007a0000000, 0x00000007a8000000, 0x00000007a8000000)
  eden space 87424K, 100% used [0x00000007a0000000, 0x00000007a5560000, 0x00000007a5560000)
  from space 21824K,  24% used [0x00000007a6ab0000, 0x00000007a6fe2708, 0x00000007a8000000)
  to   space 21824K,   0% used [0x00000007a5560000, 0x00000007a5560000, 0x00000007a6ab0000)
 concurrent mark-sweep generation total 393216K, used 75579K [0x00000007a8000000, 0x00000007c0000000, 0x00000007c0000000)
 Metaspace       used 34245K, capacity 35186K, committed 35428K, reserved 1081344K
  class space    used 4083K, capacity 4352K, committed 4452K, reserved 1048576K
2018-04-03T13:39:37.855+0700: 18.116: [GC (Allocation Failure) 2018-04-03T13:39:37.855+0700: 18.116: [ParNew
Desired survivor size 20112992 bytes, new threshold 8 (max 8)
- age   1:    2130816 bytes,    2130816 total
- age   2:     897128 bytes,    3027944 total
- age   3:     202480 bytes,    3230424 total
- age   4:     177120 bytes,    3407544 total
- age   5:     844544 bytes,    4252088 total
- age   6:     267864 bytes,    4519952 total
- age   7:     169216 bytes,    4689168 total
- age   8:     267864 bytes,    4957032 total
: 92745K->4857K(109248K), 0.0055187 secs] 168325K->80698K(502464K), 0.0056147 secs] [Times: user=0.01 sys=0.00, real=0.01 secs] 
Heap after GC invocations=176 (full 1):
 par new generation   total 109248K, used 4857K [0x00000007a0000000, 0x00000007a8000000, 0x00000007a8000000)
  eden space 87424K,   0% used [0x00000007a0000000, 0x00000007a0000000, 0x00000007a5560000)
  from space 21824K,  22% used [0x00000007a5560000, 0x00000007a5a1e4c8, 0x00000007a6ab0000)
  to   space 21824K,   0% used [0x00000007a6ab0000, 0x00000007a6ab0000, 0x00000007a8000000)
 concurrent mark-sweep generation total 393216K, used 75840K [0x00000007a8000000, 0x00000007c0000000, 0x00000007c0000000)
 Metaspace       used 34245K, capacity 35186K, committed 35428K, reserved 1081344K
  class space    used 4083K, capacity 4352K, committed 4452K, reserved 1048576K
}
2018-04-03T13:39:37.860+0700: 18.122: Total time for which application threads were stopped: 0.0057814 seconds, Stopping threads took: 0.0000183 seconds
{Heap before GC invocations=176 (full 1):
 par new generation   total 109248K, used 92281K [0x00000007a0000000, 0x00000007a8000000, 0x00000007a8000000)
  eden space 87424K, 100% used [0x00000007a0000000, 0x00000007a5560000, 0x00000007a5560000)
  from space 21824K,  22% used [0x00000007a5560000, 0x00000007a5a1e4c8, 0x00000007a6ab0000)
  to   space 21824K,   0% used [0x00000007a6ab0000, 0x00000007a6ab0000, 0x00000007a8000000)
 concurrent mark-sweep generation total 393216K, used 75840K [0x00000007a8000000, 0x00000007c0000000, 0x00000007c0000000)
 Metaspace       used 34245K, capacity 35186K, committed 35428K, reserved 1081344K
  class space    used 4083K, capacity 4352K, committed 4452K, reserved 1048576K
2018-04-03T13:39:37.898+0700: 18.160: [GC (Allocation Failure) 2018-04-03T13:39:37.898+0700: 18.160: [ParNew
Desired survivor size 20112992 bytes, new threshold 8 (max 8)
- age   1:     379912 bytes,     379912 total
- age   2:    2007464 bytes,    2387376 total
- age   3:     897128 bytes,    3284504 total
- age   4:     202480 bytes,    3486984 total
- age   5:     177120 bytes,    3664104 total
- age   6:     844544 bytes,    4508648 total
- age   7:     267864 bytes,    4776512 total
- age   8:     169216 bytes,    4945728 total
: 92281K->4856K(109248K), 0.0088496 secs] 168122K->80959K(502464K), 0.0089342 secs] [Times: user=0.02 sys=0.00, real=0.01 secs] 
Heap after GC invocations=177 (full 1):
 par new generation   total 109248K, used 4856K [0x00000007a0000000, 0x00000007a8000000, 0x00000007a8000000)
  eden space 87424K,   0% used [0x00000007a0000000, 0x00000007a0000000, 0x00000007a5560000)
  from space 21824K,  22% used [0x00000007a6ab0000, 0x00000007a6f6e3d0, 0x00000007a8000000)
  to   space 21824K,   0% used [0x00000007a5560000, 0x00000007a5560000, 0x00000007a6ab0000)
 concurrent mark-sweep generation total 393216K, used 76102K [0x00000007a8000000, 0x00000007c0000000, 0x00000007c0000000)
 Metaspace       used 34245K, capacity 35186K, committed 35428K, reserved 1081344K
  class space    used 4083K, capacity 4352K, committed 4452K, reserved 1048576K
}
2018-04-03T13:39:37.907+0700: 18.169: Total time for which application threads were stopped: 0.0091271 seconds, Stopping threads took: 0.0000181 seconds
{Heap before GC invocations=177 (full 1):
 par new generation   total 109248K, used 92280K [0x00000007a0000000, 0x00000007a8000000, 0x00000007a8000000)
  eden space 87424K, 100% used [0x00000007a0000000, 0x00000007a5560000, 0x00000007a5560000)
  from space 21824K,  22% used [0x00000007a6ab0000, 0x00000007a6f6e3d0, 0x00000007a8000000)
  to   space 21824K,   0% used [0x00000007a5560000, 0x00000007a5560000, 0x00000007a6ab0000)
 concurrent mark-sweep generation total 393216K, used 76102K [0x00000007a8000000, 0x00000007c0000000, 0x00000007c0000000)
 Metaspace       used 34245K, capacity 35186K, committed 35428K, reserved 1081344K
  class space    used 4083K, capacity 4352K, committed 4452K, reserved 1048576K
2018-04-03T13:39:37.943+0700: 18.205: [GC (Allocation Failure) 2018-04-03T13:39:37.943+0700: 18.205: [ParNew
Desired survivor size 20112992 bytes, new threshold 8 (max 8)
- age   1:     252208 bytes,     252208 total
- age   2:     268120 bytes,     520328 total
- age   3:    2007464 bytes,    2527792 total
- age   4:     897128 bytes,    3424920 total
- age   5:     202480 bytes,    3627400 total
- age   6:     177120 bytes,    3804520 total
- age   7:     844544 bytes,    4649064 total
- age   8:     267864 bytes,    4916928 total
: 92280K->4868K(109248K), 0.0060828 secs] 168383K->81135K(502464K), 0.0061804 secs] [Times: user=0.02 sys=0.00, real=0.01 secs] 
Heap after GC invocations=178 (full 1):
 par new generation   total 109248K, used 4868K [0x00000007a0000000, 0x00000007a8000000, 0x00000007a8000000)
  eden space 87424K,   0% used [0x00000007a0000000, 0x00000007a0000000, 0x00000007a5560000)
  from space 21824K,  22% used [0x00000007a5560000, 0x00000007a5a21018, 0x00000007a6ab0000)
  to   space 21824K,   0% used [0x00000007a6ab0000, 0x00000007a6ab0000, 0x00000007a8000000)
 concurrent mark-sweep generation total 393216K, used 76267K [0x00000007a8000000, 0x00000007c0000000, 0x00000007c0000000)
 Metaspace       used 34245K, capacity 35186K, committed 35428K, reserved 1081344K
  class space    used 4083K, capacity 4352K, committed 4452K, reserved 1048576K
}
2018-04-03T13:39:37.950+0700: 18.211: Total time for which application threads were stopped: 0.0064042 seconds, Stopping threads took: 0.0000207 seconds
{Heap before GC invocations=178 (full 1):
 par new generation   total 109248K, used 92292K [0x00000007a0000000, 0x00000007a8000000, 0x00000007a8000000)
  eden space 87424K, 100% used [0x00000007a0000000, 0x00000007a5560000, 0x00000007a5560000)
  from space 21824K,  22% used [0x00000007a5560000, 0x00000007a5a21018, 0x00000007a6ab0000)
  to   space 21824K,   0% used [0x00000007a6ab0000, 0x00000007a6ab0000, 0x00000007a8000000)
 concurrent mark-sweep generation total 393216K, used 76267K [0x00000007a8000000, 0x00000007c0000000, 0x00000007c0000000)
 Metaspace       used 34245K, capacity 35186K, committed 35428K, reserved 1081344K
  class space    used 4083K, capacity 4352K, committed 4452K, reserved 1048576K
2018-04-03T13:39:37.984+0700: 18.246: [GC (Allocation Failure) 2018-04-03T13:39:37.985+0700: 18.246: [ParNew
Desired survivor size 20112992 bytes, new threshold 8 (max 8)
- age   1:     458920 bytes,     458920 total
- age   2:     169600 bytes,     628520 total
- age   3:     268120 bytes,     896640 total
- age   4:    2007464 bytes,    2904104 total
- age   5:     897128 bytes,    3801232 total
- age   6:     202128 bytes,    4003360 total
- age   7:     174688 bytes,    4178048 total
- age   8:     844544 bytes,    5022592 total
: 92292K->4925K(109248K), 0.0050025 secs] 168559K->81455K(502464K), 0.0050760 secs] [Times: user=0.01 sys=0.00, real=0.01 secs] 
Heap after GC invocations=179 (full 1):
 par new generation   total 109248K, used 4925K [0x00000007a0000000, 0x00000007a8000000, 0x00000007a8000000)
  eden space 87424K,   0% used [0x00000007a0000000, 0x00000007a0000000, 0x00000007a5560000)
  from space 21824K,  22% used [0x00000007a6ab0000, 0x00000007a6f7f768, 0x00000007a8000000)
  to   space 21824K,   0% used [0x00000007a5560000, 0x00000007a5560000, 0x00000007a6ab0000)
 concurrent mark-sweep generation total 393216K, used 76529K [0x00000007a8000000, 0x00000007c0000000, 0x00000007c0000000)
 Metaspace       used 34245K, capacity 35186K, committed 35428K, reserved 1081344K
  class space    used 4083K, capacity 4352K, committed 4452K, reserved 1048576K
}
2018-04-03T13:39:37.990+0700: 18.251: Total time for which application threads were stopped: 0.0052503 seconds, Stopping threads took: 0.0000173 seconds
{Heap before GC invocations=179 (full 1):
 par new generation   total 109248K, used 92349K [0x00000007a0000000, 0x00000007a8000000, 0x00000007a8000000)
  eden space 87424K, 100% used [0x00000007a0000000, 0x00000007a5560000, 0x00000007a5560000)
  from space 21824K,  22% used [0x00000007a6ab0000, 0x00000007a6f7f768, 0x00000007a8000000)
  to   space 21824K,   0% used [0x00000007a5560000, 0x00000007a5560000, 0x00000007a6ab0000)
 concurrent mark-sweep generation total 393216K, used 76529K [0x00000007a8000000, 0x00000007c0000000, 0x00000007c0000000)
 Metaspace       used 34245K, capacity 35186K, committed 35428K, reserved 1081344K
  class space    used 4083K, capacity 4352K, committed 4452K, reserved 1048576K
2018-04-03T13:39:38.022+0700: 18.283: [GC (Allocation Failure) 2018-04-03T13:39:38.022+0700: 18.284: [ParNew
Desired survivor size 20112992 bytes, new threshold 8 (max 8)
- age   1:    3955936 bytes,    3955936 total
- age   2:     308744 bytes,    4264680 total
- age   3:     169600 bytes,    4434280 total
- age   4:     268120 bytes,    4702400 total
- age   5:     104696 bytes,    4807096 total
- age   6:     269288 bytes,    5076384 total
- age   7:     202128 bytes,    5278512 total
- age   8:     174688 bytes,    5453200 total
: 92349K->5356K(109248K), 0.0042999 secs] 168879K->82084K(502464K), 0.0043754 secs] [Times: user=0.01 sys=0.01, real=0.00 secs] 
Heap after GC invocations=180 (full 1):
 par new generation   total 109248K, used 5356K [0x00000007a0000000, 0x00000007a8000000, 0x00000007a8000000)
  eden space 87424K,   0% used [0x00000007a0000000, 0x00000007a0000000, 0x00000007a5560000)
  from space 21824K,  24% used [0x00000007a5560000, 0x00000007a5a9b3b8, 0x00000007a6ab0000)
  to   space 21824K,   0% used [0x00000007a6ab0000, 0x00000007a6ab0000, 0x00000007a8000000)
 concurrent mark-sweep generation total 393216K, used 76727K [0x00000007a8000000, 0x00000007c0000000, 0x00000007c0000000)
 Metaspace       used 34245K, capacity 35186K, committed 35428K, reserved 1081344K
  class space    used 4083K, capacity 4352K, committed 4452K, reserved 1048576K
}
2018-04-03T13:39:38.026+0700: 18.288: Total time for which application threads were stopped: 0.0045364 seconds, Stopping threads took: 0.0000173 seconds
{Heap before GC invocations=180 (full 1):
 par new generation   total 109248K, used 92780K [0x00000007a0000000, 0x00000007a8000000, 0x00000007a8000000)
  eden space 87424K, 100% used [0x00000007a0000000, 0x00000007a5560000, 0x00000007a5560000)
  from space 21824K,  24% used [0x00000007a5560000, 0x00000007a5a9b3b8, 0x00000007a6ab0000)
  to   space 21824K,   0% used [0x00000007a6ab0000, 0x00000007a6ab0000, 0x00000007a8000000)
 concurrent mark-sweep generation total 393216K, used 76727K [0x00000007a8000000, 0x00000007c0000000, 0x00000007c0000000)
 Metaspace       used 34245K, capacity 35186K, committed 35428K, reserved 1081344K
  class space    used 4083K, capacity 4352K, committed 4452K, reserved 1048576K
2018-04-03T13:39:38.057+0700: 18.319: [GC (Allocation Failure) 2018-04-03T13:39:38.057+0700: 18.319: [ParNew
Desired survivor size 20112992 bytes, new threshold 8 (max 8)
- age   1:     357264 bytes,     357264 total
- age   2:    3803840 bytes,    4161104 total
- age   3:     308744 bytes,    4469848 total
- age   4:     169600 bytes,    4639448 total
- age   5:     268120 bytes,    4907568 total
- age   6:     104696 bytes,    5012264 total
- age   7:     268656 bytes,    5280920 total
- age   8:     202128 bytes,    5483048 total
: 92780K->5386K(109248K), 0.0054097 secs] 169508K->82284K(502464K), 0.0054951 secs] [Times: user=0.01 sys=0.00, real=0.01 secs] 
Heap after GC invocations=181 (full 1):
 par new generation   total 109248K, used 5386K [0x00000007a0000000, 0x00000007a8000000, 0x00000007a8000000)
  eden space 87424K,   0% used [0x00000007a0000000, 0x00000007a0000000, 0x00000007a5560000)
  from space 21824K,  24% used [0x00000007a6ab0000, 0x00000007a6ff2bd8, 0x00000007a8000000)
  to   space 21824K,   0% used [0x00000007a5560000, 0x00000007a5560000, 0x00000007a6ab0000)
 concurrent mark-sweep generation total 393216K, used 76897K [0x00000007a8000000, 0x00000007c0000000, 0x00000007c0000000)
 Metaspace       used 34245K, capacity 35186K, committed 35428K, reserved 1081344K
  class space    used 4083K, capacity 4352K, committed 4452K, reserved 1048576K
}
2018-04-03T13:39:38.063+0700: 18.324: Total time for which application threads were stopped: 0.0056969 seconds, Stopping threads took: 0.0000174 seconds
{Heap before GC invocations=181 (full 1):
 par new generation   total 109248K, used 92810K [0x00000007a0000000, 0x00000007a8000000, 0x00000007a8000000)
  eden space 87424K, 100% used [0x00000007a0000000, 0x00000007a5560000, 0x00000007a5560000)
  from space 21824K,  24% used [0x00000007a6ab0000, 0x00000007a6ff2bd8, 0x00000007a8000000)
  to   space 21824K,   0% used [0x00000007a5560000, 0x00000007a5560000, 0x00000007a6ab0000)
 concurrent mark-sweep generation total 393216K, used 76897K [0x00000007a8000000, 0x00000007c0000000, 0x00000007c0000000)
 Metaspace       used 34245K, capacity 35186K, committed 35428K, reserved 1081344K
  class space    used 4083K, capacity 4352K, committed 4452K, reserved 1048576K
2018-04-03T13:39:38.098+0700: 18.360: [GC (Allocation Failure) 2018-04-03T13:39:38.098+0700: 18.360: [ParNew
Desired survivor size 20112992 bytes, new threshold 8 (max 8)
- age   1:     345752 bytes,     345752 total
- age   2:     235664 bytes,     581416 total
- age   3:    3803840 bytes,    4385256 total
- age   4:     308352 bytes,    4693608 total
- age   5:     169600 bytes,    4863208 total
- age   6:     268120 bytes,    5131328 total
- age   7:     104160 bytes,    5235488 total
- age   8:     268656 bytes,    5504144 total
: 92810K->5405K(109248K), 0.0060075 secs] 169708K->82501K(502464K), 0.0060786 secs] [Times: user=0.01 sys=0.00, real=0.01 secs] 
Heap after GC invocations=182 (full 1):
 par new generation   total 109248K, used 5405K [0x00000007a0000000, 0x00000007a8000000, 0x00000007a8000000)
  eden space 87424K,   0% used [0x00000007a0000000, 0x00000007a0000000, 0x00000007a5560000)
  from space 21824K,  24% used [0x00000007a5560000, 0x00000007a5aa77d8, 0x00000007a6ab0000)
  to   space 21824K,   0% used [0x00000007a6ab0000, 0x00000007a6ab0000, 0x00000007a8000000)
 concurrent mark-sweep generation total 393216K, used 77095K [0x00000007a8000000, 0x00000007c0000000, 0x00000007c0000000)
 Metaspace       used 34245K, capacity 35186K, committed 35428K, reserved 1081344K
  class space    used 4083K, capacity 4352K, committed 4452K, reserved 1048576K
}
2018-04-03T13:39:38.104+0700: 18.366: Total time for which application threads were stopped: 0.0062559 seconds, Stopping threads took: 0.0000308 seconds
{Heap before GC invocations=182 (full 1):
 par new generation   total 109248K, used 92829K [0x00000007a0000000, 0x00000007a8000000, 0x00000007a8000000)
  eden space 87424K, 100% used [0x00000007a0000000, 0x00000007a5560000, 0x00000007a5560000)
  from space 21824K,  24% used [0x00000007a5560000, 0x00000007a5aa77d8, 0x00000007a6ab0000)
  to   space 21824K,   0% used [0x00000007a6ab0000, 0x00000007a6ab0000, 0x00000007a8000000)
 concurrent mark-sweep generation total 393216K, used 77095K [0x00000007a8000000, 0x00000007c0000000, 0x00000007c0000000)
 Metaspace       used 34245K, capacity 35186K, committed 35428K, reserved 1081344K
  class space    used 4083K, capacity 4352K, committed 4452K, reserved 1048576K
2018-04-03T13:39:38.145+0700: 18.407: [GC (Allocation Failure) 2018-04-03T13:39:38.145+0700: 18.407: [ParNew
Desired survivor size 20112992 bytes, new threshold 8 (max 8)
- age   1:     380232 bytes,     380232 total
- age   2:     202648 bytes,     582880 total
- age   3:     235664 bytes,     818544 total
- age   4:    3803840 bytes,    4622384 total
- age   5:     308352 bytes,    4930736 total
- age   6:     169600 bytes,    5100336 total
- age   7:     268120 bytes,    5368456 total
- age   8:     104160 bytes,    5472616 total
: 92829K->5370K(109248K), 0.0060609 secs] 169925K->82728K(502464K), 0.0061660 secs] [Times: user=0.02 sys=0.00, real=0.01 secs] 
Heap after GC invocations=183 (full 1):
 par new generation   total 109248K, used 5370K [0x00000007a0000000, 0x00000007a8000000, 0x00000007a8000000)
  eden space 87424K,   0% used [0x00000007a0000000, 0x00000007a0000000, 0x00000007a5560000)
  from space 21824K,  24% used [0x00000007a6ab0000, 0x00000007a6feeb58, 0x00000007a8000000)
  to   space 21824K,   0% used [0x00000007a5560000, 0x00000007a5560000, 0x00000007a6ab0000)
 concurrent mark-sweep generation total 393216K, used 77357K [0x00000007a8000000, 0x00000007c0000000, 0x00000007c0000000)
 Metaspace       used 34245K, capacity 35186K, committed 35428K, reserved 1081344K
  class space    used 4083K, capacity 4352K, committed 4452K, reserved 1048576K
}
2018-04-03T13:39:38.151+0700: 18.413: Total time for which application threads were stopped: 0.0063912 seconds, Stopping threads took: 0.0000215 seconds
{Heap before GC invocations=183 (full 1):
 par new generation   total 109248K, used 92794K [0x00000007a0000000, 0x00000007a8000000, 0x00000007a8000000)
  eden space 87424K, 100% used [0x00000007a0000000, 0x00000007a5560000, 0x00000007a5560000)
  from space 21824K,  24% used [0x00000007a6ab0000, 0x00000007a6feeb58, 0x00000007a8000000)
  to   space 21824K,   0% used [0x00000007a5560000, 0x00000007a5560000, 0x00000007a6ab0000)
 concurrent mark-sweep generation total 393216K, used 77357K [0x00000007a8000000, 0x00000007c0000000, 0x00000007c0000000)
 Metaspace       used 34245K, capacity 35186K, committed 35428K, reserved 1081344K
  class space    used 4083K, capacity 4352K, committed 4452K, reserved 1048576K
2018-04-03T13:39:38.189+0700: 18.450: [GC (Allocation Failure) 2018-04-03T13:39:38.189+0700: 18.450: [ParNew
Desired survivor size 20112992 bytes, new threshold 8 (max 8)
- age   1:     303696 bytes,     303696 total
- age   2:     234808 bytes,     538504 total
- age   3:     202648 bytes,     741152 total
- age   4:     235664 bytes,     976816 total
- age   5:    3803840 bytes,    4780656 total
- age   6:     308352 bytes,    5089008 total
- age   7:     169600 bytes,    5258608 total
- age   8:     268120 bytes,    5526728 total
: 92794K->5405K(109248K), 0.0072482 secs] 170152K->82864K(502464K), 0.0073214 secs] [Times: user=0.02 sys=0.00, real=0.01 secs] 
Heap after GC invocations=184 (full 1):
 par new generation   total 109248K, used 5405K [0x00000007a0000000, 0x00000007a8000000, 0x00000007a8000000)
  eden space 87424K,   0% used [0x00000007a0000000, 0x00000007a0000000, 0x00000007a5560000)
  from space 21824K,  24% used [0x00000007a5560000, 0x00000007a5aa75b8, 0x00000007a6ab0000)
  to   space 21824K,   0% used [0x00000007a6ab0000, 0x00000007a6ab0000, 0x00000007a8000000)
 concurrent mark-sweep generation total 393216K, used 77459K [0x00000007a8000000, 0x00000007c0000000, 0x00000007c0000000)
 Metaspace       used 34245K, capacity 35186K, committed 35428K, reserved 1081344K
  class space    used 4083K, capacity 4352K, committed 4452K, reserved 1048576K
}
2018-04-03T13:39:38.196+0700: 18.458: Total time for which application threads were stopped: 0.0074888 seconds, Stopping threads took: 0.0000177 seconds
{Heap before GC invocations=184 (full 1):
 par new generation   total 109248K, used 92829K [0x00000007a0000000, 0x00000007a8000000, 0x00000007a8000000)
  eden space 87424K, 100% used [0x00000007a0000000, 0x00000007a5560000, 0x00000007a5560000)
  from space 21824K,  24% used [0x00000007a5560000, 0x00000007a5aa75b8, 0x00000007a6ab0000)
  to   space 21824K,   0% used [0x00000007a6ab0000, 0x00000007a6ab0000, 0x00000007a8000000)
 concurrent mark-sweep generation total 393216K, used 77459K [0x00000007a8000000, 0x00000007c0000000, 0x00000007c0000000)
 Metaspace       used 34245K, capacity 35186K, committed 35428K, reserved 1081344K
  class space    used 4083K, capacity 4352K, committed 4452K, reserved 1048576K
2018-04-03T13:39:38.227+0700: 18.488: [GC (Allocation Failure) 2018-04-03T13:39:38.227+0700: 18.488: [ParNew
Desired survivor size 20112992 bytes, new threshold 8 (max 8)
- age   1:     344536 bytes,     344536 total
- age   2:     202000 bytes,     546536 total
- age   3:     234808 bytes,     781344 total
- age   4:     202648 bytes,     983992 total
- age   5:     235664 bytes,    1219656 total
- age   6:    3803840 bytes,    5023496 total
- age   7:     305568 bytes,    5329064 total
- age   8:     169600 bytes,    5498664 total
: 92829K->5390K(109248K), 0.0052798 secs] 170288K->83111K(502464K), 0.0053544 secs] [Times: user=0.01 sys=0.00, real=0.01 secs] 
Heap after GC invocations=185 (full 1):
 par new generation   total 109248K, used 5390K [0x00000007a0000000, 0x00000007a8000000, 0x00000007a8000000)
  eden space 87424K,   0% used [0x00000007a0000000, 0x00000007a0000000, 0x00000007a5560000)
  from space 21824K,  24% used [0x00000007a6ab0000, 0x00000007a6ff39c8, 0x00000007a8000000)
  to   space 21824K,   0% used [0x00000007a5560000, 0x00000007a5560000, 0x00000007a6ab0000)
 concurrent mark-sweep generation total 393216K, used 77721K [0x00000007a8000000, 0x00000007c0000000, 0x00000007c0000000)
 Metaspace       used 34245K, capacity 35186K, committed 35428K, reserved 1081344K
  class space    used 4083K, capacity 4352K, committed 4452K, reserved 1048576K
}
2018-04-03T13:39:38.232+0700: 18.494: Total time for which application threads were stopped: 0.0055150 seconds, Stopping threads took: 0.0000176 seconds
{Heap before GC invocations=185 (full 1):
 par new generation   total 109248K, used 92814K [0x00000007a0000000, 0x00000007a8000000, 0x00000007a8000000)
  eden space 87424K, 100% used [0x00000007a0000000, 0x00000007a5560000, 0x00000007a5560000)
  from space 21824K,  24% used [0x00000007a6ab0000, 0x00000007a6ff39c8, 0x00000007a8000000)
  to   space 21824K,   0% used [0x00000007a5560000, 0x00000007a5560000, 0x00000007a6ab0000)
 concurrent mark-sweep generation total 393216K, used 77721K [0x00000007a8000000, 0x00000007c0000000, 0x00000007c0000000)
 Metaspace       used 34245K, capacity 35186K, committed 35428K, reserved 1081344K
  class space    used 4083K, capacity 4352K, committed 4452K, reserved 1048576K
2018-04-03T13:39:38.260+0700: 18.522: [GC (Allocation Failure) 2018-04-03T13:39:38.260+0700: 18.522: [ParNew
Desired survivor size 20112992 bytes, new threshold 8 (max 8)
- age   1:    3512376 bytes,    3512376 total
- age   2:     242656 bytes,    3755032 total
- age   3:     202000 bytes,    3957032 total
- age   4:     234808 bytes,    4191840 total
- age   5:     202208 bytes,    4394048 total
- age   6:     234952 bytes,    4629000 total
- age   7:     956920 bytes,    5585920 total
- age   8:     305568 bytes,    5891488 total
: 92814K->5772K(109248K), 0.0057936 secs] 170535K->83659K(502464K), 0.0058672 secs] [Times: user=0.02 sys=0.00, real=0.00 secs] 
Heap after GC invocations=186 (full 1):
 par new generation   total 109248K, used 5772K [0x00000007a0000000, 0x00000007a8000000, 0x00000007a8000000)
  eden space 87424K,   0% used [0x00000007a0000000, 0x00000007a0000000, 0x00000007a5560000)
  from space 21824K,  26% used [0x00000007a5560000, 0x00000007a5b03360, 0x00000007a6ab0000)
  to   space 21824K,   0% used [0x00000007a6ab0000, 0x00000007a6ab0000, 0x00000007a8000000)
 concurrent mark-sweep generation total 393216K, used 77886K [0x00000007a8000000, 0x00000007c0000000, 0x00000007c0000000)
 Metaspace       used 34245K, capacity 35186K, committed 35428K, reserved 1081344K
  class space    used 4083K, capacity 4352K, committed 4452K, reserved 1048576K
}
2018-04-03T13:39:38.266+0700: 18.528: Total time for which application threads were stopped: 0.0060242 seconds, Stopping threads took: 0.0000173 seconds
{Heap before GC invocations=186 (full 1):
 par new generation   total 109248K, used 93196K [0x00000007a0000000, 0x00000007a8000000, 0x00000007a8000000)
  eden space 87424K, 100% used [0x00000007a0000000, 0x00000007a5560000, 0x00000007a5560000)
  from space 21824K,  26% used [0x00000007a5560000, 0x00000007a5b03360, 0x00000007a6ab0000)
  to   space 21824K,   0% used [0x00000007a6ab0000, 0x00000007a6ab0000, 0x00000007a8000000)
 concurrent mark-sweep generation total 393216K, used 77886K [0x00000007a8000000, 0x00000007c0000000, 0x00000007c0000000)
 Metaspace       used 34245K, capacity 35186K, committed 35428K, reserved 1081344K
  class space    used 4083K, capacity 4352K, committed 4452K, reserved 1048576K
2018-04-03T13:39:38.295+0700: 18.556: [GC (Allocation Failure) 2018-04-03T13:39:38.295+0700: 18.556: [ParNew
Desired survivor size 20112992 bytes, new threshold 8 (max 8)
- age   1:     265952 bytes,     265952 total
- age   2:    3438664 bytes,    3704616 total
- age   3:     242656 bytes,    3947272 total
- age   4:     202000 bytes,    4149272 total
- age   5:     234808 bytes,    4384080 total
- age   6:     202208 bytes,    4586288 total
- age   7:     234952 bytes,    4821240 total
- age   8:     956920 bytes,    5778160 total
: 93196K->5650K(109248K), 0.0046310 secs] 171083K->83835K(502464K), 0.0047072 secs] [Times: user=0.01 sys=0.00, real=0.00 secs] 
Heap after GC invocations=187 (full 1):
 par new generation   total 109248K, used 5650K [0x00000007a0000000, 0x00000007a8000000, 0x00000007a8000000)
  eden space 87424K,   0% used [0x00000007a0000000, 0x00000007a0000000, 0x00000007a5560000)
  from space 21824K,  25% used [0x00000007a6ab0000, 0x00000007a7034a18, 0x00000007a8000000)
  to   space 21824K,   0% used [0x00000007a5560000, 0x00000007a5560000, 0x00000007a6ab0000)
 concurrent mark-sweep generation total 393216K, used 78185K [0x00000007a8000000, 0x00000007c0000000, 0x00000007c0000000)
 Metaspace       used 34245K, capacity 35186K, committed 35428K, reserved 1081344K
  class space    used 4083K, capacity 4352K, committed 4452K, reserved 1048576K
}
2018-04-03T13:39:38.299+0700: 18.561: Total time for which application threads were stopped: 0.0048623 seconds, Stopping threads took: 0.0000181 seconds
{Heap before GC invocations=187 (full 1):
 par new generation   total 109248K, used 93074K [0x00000007a0000000, 0x00000007a8000000, 0x00000007a8000000)
  eden space 87424K, 100% used [0x00000007a0000000, 0x00000007a5560000, 0x00000007a5560000)
  from space 21824K,  25% used [0x00000007a6ab0000, 0x00000007a7034a18, 0x00000007a8000000)
  to   space 21824K,   0% used [0x00000007a5560000, 0x00000007a5560000, 0x00000007a6ab0000)
 concurrent mark-sweep generation total 393216K, used 78185K [0x00000007a8000000, 0x00000007c0000000, 0x00000007c0000000)
 Metaspace       used 34245K, capacity 35186K, committed 35428K, reserved 1081344K
  class space    used 4083K, capacity 4352K, committed 4452K, reserved 1048576K
2018-04-03T13:39:38.327+0700: 18.589: [GC (Allocation Failure) 2018-04-03T13:39:38.327+0700: 18.589: [ParNew
Desired survivor size 20112992 bytes, new threshold 8 (max 8)
- age   1:     386560 bytes,     386560 total
- age   2:     169640 bytes,     556200 total
- age   3:    3438664 bytes,    3994864 total
- age   4:     242656 bytes,    4237520 total
- age   5:     202000 bytes,    4439520 total
- age   6:     234808 bytes,    4674328 total
- age   7:     201600 bytes,    4875928 total
- age   8:     234952 bytes,    5110880 total
: 93074K->5011K(109248K), 0.0044072 secs] 171259K->84131K(502464K), 0.0044779 secs] [Times: user=0.01 sys=0.00, real=0.01 secs] 
Heap after GC invocations=188 (full 1):
 par new generation   total 109248K, used 5011K [0x00000007a0000000, 0x00000007a8000000, 0x00000007a8000000)
  eden space 87424K,   0% used [0x00000007a0000000, 0x00000007a0000000, 0x00000007a5560000)
  from space 21824K,  22% used [0x00000007a5560000, 0x00000007a5a44e70, 0x00000007a6ab0000)
  to   space 21824K,   0% used [0x00000007a6ab0000, 0x00000007a6ab0000, 0x00000007a8000000)
 concurrent mark-sweep generation total 393216K, used 79119K [0x00000007a8000000, 0x00000007c0000000, 0x00000007c0000000)
 Metaspace       used 34245K, capacity 35186K, committed 35428K, reserved 1081344K
  class space    used 4083K, capacity 4352K, committed 4452K, reserved 1048576K
}
2018-04-03T13:39:38.332+0700: 18.594: Total time for which application threads were stopped: 0.0046323 seconds, Stopping threads took: 0.0000162 seconds
{Heap before GC invocations=188 (full 1):
 par new generation   total 109248K, used 92435K [0x00000007a0000000, 0x00000007a8000000, 0x00000007a8000000)
  eden space 87424K, 100% used [0x00000007a0000000, 0x00000007a5560000, 0x00000007a5560000)
  from space 21824K,  22% used [0x00000007a5560000, 0x00000007a5a44e70, 0x00000007a6ab0000)
  to   space 21824K,   0% used [0x00000007a6ab0000, 0x00000007a6ab0000, 0x00000007a8000000)
 concurrent mark-sweep generation total 393216K, used 79119K [0x00000007a8000000, 0x00000007c0000000, 0x00000007c0000000)
 Metaspace       used 34245K, capacity 35186K, committed 35428K, reserved 1081344K
  class space    used 4083K, capacity 4352K, committed 4452K, reserved 1048576K
2018-04-03T13:39:38.363+0700: 18.624: [GC (Allocation Failure) 2018-04-03T13:39:38.363+0700: 18.624: [ParNew
Desired survivor size 20112992 bytes, new threshold 8 (max 8)
- age   1:     291640 bytes,     291640 total
- age   2:     268512 bytes,     560152 total
- age   3:     169640 bytes,     729792 total
- age   4:    3438664 bytes,    4168456 total
- age   5:     242656 bytes,    4411112 total
- age   6:     202000 bytes,    4613112 total
- age   7:     234808 bytes,    4847920 total
- age   8:     201600 bytes,    5049520 total
: 92435K->4951K(109248K), 0.0053126 secs] 171555K->84300K(502464K), 0.0053834 secs] [Times: user=0.01 sys=0.00, real=0.00 secs] 
Heap after GC invocations=189 (full 1):
 par new generation   total 109248K, used 4951K [0x00000007a0000000, 0x00000007a8000000, 0x00000007a8000000)
  eden space 87424K,   0% used [0x00000007a0000000, 0x00000007a0000000, 0x00000007a5560000)
  from space 21824K,  22% used [0x00000007a6ab0000, 0x00000007a6f85d38, 0x00000007a8000000)
  to   space 21824K,   0% used [0x00000007a5560000, 0x00000007a5560000, 0x00000007a6ab0000)
 concurrent mark-sweep generation total 393216K, used 79349K [0x00000007a8000000, 0x00000007c0000000, 0x00000007c0000000)
 Metaspace       used 34245K, capacity 35186K, committed 35428K, reserved 1081344K
  class space    used 4083K, capacity 4352K, committed 4452K, reserved 1048576K
}
2018-04-03T13:39:38.368+0700: 18.630: Total time for which application threads were stopped: 0.0055458 seconds, Stopping threads took: 0.0000173 seconds
{Heap before GC invocations=189 (full 1):
 par new generation   total 109248K, used 92375K [0x00000007a0000000, 0x00000007a8000000, 0x00000007a8000000)
  eden space 87424K, 100% used [0x00000007a0000000, 0x00000007a5560000, 0x00000007a5560000)
  from space 21824K,  22% used [0x00000007a6ab0000, 0x00000007a6f85d38, 0x00000007a8000000)
  to   space 21824K,   0% used [0x00000007a5560000, 0x00000007a5560000, 0x00000007a6ab0000)
 concurrent mark-sweep generation total 393216K, used 79349K [0x00000007a8000000, 0x00000007c0000000, 0x00000007c0000000)
 Metaspace       used 34246K, capacity 35186K, committed 35428K, reserved 1081344K
  class space    used 4083K, capacity 4352K, committed 4452K, reserved 1048576K
2018-04-03T13:39:38.897+0700: 19.159: [GC (Allocation Failure) 2018-04-03T13:39:38.897+0700: 19.159: [ParNew
Desired survivor size 20112992 bytes, new threshold 8 (max 8)
- age   1:     785696 bytes,     785696 total
- age   2:     169512 bytes,     955208 total
- age   3:     268512 bytes,    1223720 total
- age   4:     169640 bytes,    1393360 total
- age   5:    3438488 bytes,    4831848 total
- age   6:     242656 bytes,    5074504 total
- age   7:     202000 bytes,    5276504 total
- age   8:     234808 bytes,    5511312 total
: 92375K->5413K(109248K), 0.0054855 secs] 171724K->84959K(502464K), 0.0055722 secs] [Times: user=0.02 sys=0.00, real=0.01 secs] 
Heap after GC invocations=190 (full 1):
 par new generation   total 109248K, used 5413K [0x00000007a0000000, 0x00000007a8000000, 0x00000007a8000000)
  eden space 87424K,   0% used [0x00000007a0000000, 0x00000007a0000000, 0x00000007a5560000)
  from space 21824K,  24% used [0x00000007a5560000, 0x00000007a5aa9588, 0x00000007a6ab0000)
  to   space 21824K,   0% used [0x00000007a6ab0000, 0x00000007a6ab0000, 0x00000007a8000000)
 concurrent mark-sweep generation total 393216K, used 79545K [0x00000007a8000000, 0x00000007c0000000, 0x00000007c0000000)
 Metaspace       used 34246K, capacity 35186K, committed 35428K, reserved 1081344K
  class space    used 4083K, capacity 4352K, committed 4452K, reserved 1048576K
}
2018-04-03T13:39:38.903+0700: 19.165: Total time for which application threads were stopped: 0.0058770 seconds, Stopping threads took: 0.0000273 seconds
{Heap before GC invocations=190 (full 1):
 par new generation   total 109248K, used 92837K [0x00000007a0000000, 0x00000007a8000000, 0x00000007a8000000)
  eden space 87424K, 100% used [0x00000007a0000000, 0x00000007a5560000, 0x00000007a5560000)
  from space 21824K,  24% used [0x00000007a5560000, 0x00000007a5aa9588, 0x00000007a6ab0000)
  to   space 21824K,   0% used [0x00000007a6ab0000, 0x00000007a6ab0000, 0x00000007a8000000)
 concurrent mark-sweep generation total 393216K, used 79545K [0x00000007a8000000, 0x00000007c0000000, 0x00000007c0000000)
 Metaspace       used 34246K, capacity 35186K, committed 35428K, reserved 1081344K
  class space    used 4083K, capacity 4352K, committed 4452K, reserved 1048576K
2018-04-03T13:39:39.233+0700: 19.495: [GC (Allocation Failure) 2018-04-03T13:39:39.233+0700: 19.495: [ParNew
Desired survivor size 20112992 bytes, new threshold 8 (max 8)
- age   1:      44080 bytes,      44080 total
- age   2:     775408 bytes,     819488 total
- age   3:     169512 bytes,     989000 total
- age   4:     268512 bytes,    1257512 total
- age   5:     169640 bytes,    1427152 total
- age   6:    3438488 bytes,    4865640 total
- age   7:     242656 bytes,    5108296 total
- age   8:     202000 bytes,    5310296 total
: 92837K->5209K(109248K), 0.0054817 secs] 172383K->84985K(502464K), 0.0055729 secs] [Times: user=0.01 sys=0.00, real=0.00 secs] 
Heap after GC invocations=191 (full 1):
 par new generation   total 109248K, used 5209K [0x00000007a0000000, 0x00000007a8000000, 0x00000007a8000000)
  eden space 87424K,   0% used [0x00000007a0000000, 0x00000007a0000000, 0x00000007a5560000)
  from space 21824K,  23% used [0x00000007a6ab0000, 0x00000007a6fc6748, 0x00000007a8000000)
  to   space 21824K,   0% used [0x00000007a5560000, 0x00000007a5560000, 0x00000007a6ab0000)
 concurrent mark-sweep generation total 393216K, used 79775K [0x00000007a8000000, 0x00000007c0000000, 0x00000007c0000000)
 Metaspace       used 34246K, capacity 35186K, committed 35428K, reserved 1081344K
  class space    used 4083K, capacity 4352K, committed 4452K, reserved 1048576K
}
2018-04-03T13:39:39.239+0700: 19.501: Total time for which application threads were stopped: 0.0057403 seconds, Stopping threads took: 0.0000214 seconds
{Heap before GC invocations=191 (full 1):
 par new generation   total 109248K, used 92633K [0x00000007a0000000, 0x00000007a8000000, 0x00000007a8000000)
  eden space 87424K, 100% used [0x00000007a0000000, 0x00000007a5560000, 0x00000007a5560000)
  from space 21824K,  23% used [0x00000007a6ab0000, 0x00000007a6fc6748, 0x00000007a8000000)
  to   space 21824K,   0% used [0x00000007a5560000, 0x00000007a5560000, 0x00000007a6ab0000)
 concurrent mark-sweep generation total 393216K, used 79775K [0x00000007a8000000, 0x00000007c0000000, 0x00000007c0000000)
 Metaspace       used 34246K, capacity 35186K, committed 35428K, reserved 1081344K
  class space    used 4083K, capacity 4352K, committed 4452K, reserved 1048576K
2018-04-03T13:39:39.610+0700: 19.872: [GC (Allocation Failure) 2018-04-03T13:39:39.610+0700: 19.872: [ParNew
Desired survivor size 20112992 bytes, new threshold 8 (max 8)
- age   1:      31544 bytes,      31544 total
- age   3:     775408 bytes,     806952 total
- age   4:     169512 bytes,     976464 total
- age   5:     268512 bytes,    1244976 total
- age   6:     169640 bytes,    1414616 total
- age   7:    3438488 bytes,    4853104 total
- age   8:     242656 bytes,    5095760 total
: 92633K->5049K(109248K), 0.0054384 secs] 172409K->85022K(502464K), 0.0055166 secs] [Times: user=0.02 sys=0.00, real=0.00 secs] 
Heap after GC invocations=192 (full 1):
 par new generation   total 109248K, used 5049K [0x00000007a0000000, 0x00000007a8000000, 0x00000007a8000000)
  eden space 87424K,   0% used [0x00000007a0000000, 0x00000007a0000000, 0x00000007a5560000)
  from space 21824K,  23% used [0x00000007a5560000, 0x00000007a5a4e648, 0x00000007a6ab0000)
  to   space 21824K,   0% used [0x00000007a6ab0000, 0x00000007a6ab0000, 0x00000007a8000000)
 concurrent mark-sweep generation total 393216K, used 79972K [0x00000007a8000000, 0x00000007c0000000, 0x00000007c0000000)
 Metaspace       used 34246K, capacity 35186K, committed 35428K, reserved 1081344K
  class space    used 4083K, capacity 4352K, committed 4452K, reserved 1048576K
}
2018-04-03T13:39:39.615+0700: 19.877: Total time for which application threads were stopped: 0.0056840 seconds, Stopping threads took: 0.0000193 seconds
{Heap before GC invocations=192 (full 1):
 par new generation   total 109248K, used 92473K [0x00000007a0000000, 0x00000007a8000000, 0x00000007a8000000)
  eden space 87424K, 100% used [0x00000007a0000000, 0x00000007a5560000, 0x00000007a5560000)
  from space 21824K,  23% used [0x00000007a5560000, 0x00000007a5a4e648, 0x00000007a6ab0000)
  to   space 21824K,   0% used [0x00000007a6ab0000, 0x00000007a6ab0000, 0x00000007a8000000)
 concurrent mark-sweep generation total 393216K, used 79972K [0x00000007a8000000, 0x00000007c0000000, 0x00000007c0000000)
 Metaspace       used 34246K, capacity 35186K, committed 35428K, reserved 1081344K
  class space    used 4083K, capacity 4352K, committed 4452K, reserved 1048576K
2018-04-03T13:39:39.942+0700: 20.204: [GC (Allocation Failure) 2018-04-03T13:39:39.942+0700: 20.204: [ParNew
Desired survivor size 20112992 bytes, new threshold 8 (max 8)
- age   1:       9952 bytes,       9952 total
- age   4:     775344 bytes,     785296 total
- age   5:     169512 bytes,     954808 total
- age   6:     268512 bytes,    1223320 total
- age   7:     169640 bytes,    1392960 total
- age   8:    3438488 bytes,    4831448 total
: 92473K->4876K(109248K), 0.0052555 secs] 172446K->85085K(502464K), 0.0053203 secs] [Times: user=0.01 sys=0.01, real=0.00 secs] 
Heap after GC invocations=193 (full 1):
 par new generation   total 109248K, used 4876K [0x00000007a0000000, 0x00000007a8000000, 0x00000007a8000000)
  eden space 87424K,   0% used [0x00000007a0000000, 0x00000007a0000000, 0x00000007a5560000)
  from space 21824K,  22% used [0x00000007a6ab0000, 0x00000007a6f73210, 0x00000007a8000000)
  to   space 21824K,   0% used [0x00000007a5560000, 0x00000007a5560000, 0x00000007a6ab0000)
 concurrent mark-sweep generation total 393216K, used 80209K [0x00000007a8000000, 0x00000007c0000000, 0x00000007c0000000)
 Metaspace       used 34246K, capacity 35186K, committed 35428K, reserved 1081344K
  class space    used 4083K, capacity 4352K, committed 4452K, reserved 1048576K
}
2018-04-03T13:39:39.948+0700: 20.209: Total time for which application threads were stopped: 0.0054815 seconds, Stopping threads took: 0.0000193 seconds
{Heap before GC invocations=193 (full 1):
 par new generation   total 109248K, used 92300K [0x00000007a0000000, 0x00000007a8000000, 0x00000007a8000000)
  eden space 87424K, 100% used [0x00000007a0000000, 0x00000007a5560000, 0x00000007a5560000)
  from space 21824K,  22% used [0x00000007a6ab0000, 0x00000007a6f73210, 0x00000007a8000000)
  to   space 21824K,   0% used [0x00000007a5560000, 0x00000007a5560000, 0x00000007a6ab0000)
 concurrent mark-sweep generation total 393216K, used 80209K [0x00000007a8000000, 0x00000007c0000000, 0x00000007c0000000)
 Metaspace       used 34246K, capacity 35186K, committed 35428K, reserved 1081344K
  class space    used 4083K, capacity 4352K, committed 4452K, reserved 1048576K
2018-04-03T13:39:40.270+0700: 20.532: [GC (Allocation Failure) 2018-04-03T13:39:40.270+0700: 20.532: [ParNew
Desired survivor size 20112992 bytes, new threshold 8 (max 8)
- age   1:       5248 bytes,       5248 total
- age   2:         72 bytes,       5320 total
- age   5:     775256 bytes,     780576 total
- age   6:     169512 bytes,     950088 total
- age   7:     268512 bytes,    1218600 total
- age   8:     169640 bytes,    1388240 total
: 92300K->1804K(109248K), 0.0044881 secs] 172509K->85371K(502464K), 0.0045750 secs] [Times: user=0.01 sys=0.00, real=0.00 secs] 
Heap after GC invocations=194 (full 1):
 par new generation   total 109248K, used 1804K [0x00000007a0000000, 0x00000007a8000000, 0x00000007a8000000)
  eden space 87424K,   0% used [0x00000007a0000000, 0x00000007a0000000, 0x00000007a5560000)
  from space 21824K,   8% used [0x00000007a5560000, 0x00000007a57230c0, 0x00000007a6ab0000)
  to   space 21824K,   0% used [0x00000007a6ab0000, 0x00000007a6ab0000, 0x00000007a8000000)
 concurrent mark-sweep generation total 393216K, used 83567K [0x00000007a8000000, 0x00000007c0000000, 0x00000007c0000000)
 Metaspace       used 34246K, capacity 35186K, committed 35428K, reserved 1081344K
  class space    used 4083K, capacity 4352K, committed 4452K, reserved 1048576K
}
2018-04-03T13:39:40.275+0700: 20.537: Total time for which application threads were stopped: 0.0047513 seconds, Stopping threads took: 0.0000216 seconds
{Heap before GC invocations=194 (full 1):
 par new generation   total 109248K, used 89228K [0x00000007a0000000, 0x00000007a8000000, 0x00000007a8000000)
  eden space 87424K, 100% used [0x00000007a0000000, 0x00000007a5560000, 0x00000007a5560000)
  from space 21824K,   8% used [0x00000007a5560000, 0x00000007a57230c0, 0x00000007a6ab0000)
  to   space 21824K,   0% used [0x00000007a6ab0000, 0x00000007a6ab0000, 0x00000007a8000000)
 concurrent mark-sweep generation total 393216K, used 83567K [0x00000007a8000000, 0x00000007c0000000, 0x00000007c0000000)
 Metaspace       used 34246K, capacity 35186K, committed 35428K, reserved 1081344K
  class space    used 4083K, capacity 4352K, committed 4452K, reserved 1048576K
2018-04-03T13:39:40.581+0700: 20.843: [GC (Allocation Failure) 2018-04-03T13:39:40.581+0700: 20.843: [ParNew
Desired survivor size 20112992 bytes, new threshold 8 (max 8)
- age   1:      42520 bytes,      42520 total
- age   2:        264 bytes,      42784 total
- age   3:         72 bytes,      42856 total
- age   6:     775256 bytes,     818112 total
- age   7:     169512 bytes,     987624 total
- age   8:     268512 bytes,    1256136 total
: 89228K->1364K(109248K), 0.0046491 secs] 172795K->85097K(502464K), 0.0047312 secs] [Times: user=0.02 sys=0.00, real=0.00 secs] 
Heap after GC invocations=195 (full 1):
 par new generation   total 109248K, used 1364K [0x00000007a0000000, 0x00000007a8000000, 0x00000007a8000000)
  eden space 87424K,   0% used [0x00000007a0000000, 0x00000007a0000000, 0x00000007a5560000)
  from space 21824K,   6% used [0x00000007a6ab0000, 0x00000007a6c05230, 0x00000007a8000000)
  to   space 21824K,   0% used [0x00000007a5560000, 0x00000007a5560000, 0x00000007a6ab0000)
 concurrent mark-sweep generation total 393216K, used 83733K [0x00000007a8000000, 0x00000007c0000000, 0x00000007c0000000)
 Metaspace       used 34246K, capacity 35186K, committed 35428K, reserved 1081344K
  class space    used 4083K, capacity 4352K, committed 4452K, reserved 1048576K
}
2018-04-03T13:39:40.586+0700: 20.847: Total time for which application threads were stopped: 0.0049064 seconds, Stopping threads took: 0.0000204 seconds
{Heap before GC invocations=195 (full 1):
 par new generation   total 109248K, used 88788K [0x00000007a0000000, 0x00000007a8000000, 0x00000007a8000000)
  eden space 87424K, 100% used [0x00000007a0000000, 0x00000007a5560000, 0x00000007a5560000)
  from space 21824K,   6% used [0x00000007a6ab0000, 0x00000007a6c05230, 0x00000007a8000000)
  to   space 21824K,   0% used [0x00000007a5560000, 0x00000007a5560000, 0x00000007a6ab0000)
 concurrent mark-sweep generation total 393216K, used 83733K [0x00000007a8000000, 0x00000007c0000000, 0x00000007c0000000)
 Metaspace       used 34246K, capacity 35186K, committed 35428K, reserved 1081344K
  class space    used 4083K, capacity 4352K, committed 4452K, reserved 1048576K
2018-04-03T13:39:40.844+0700: 21.106: [GC (Allocation Failure) 2018-04-03T13:39:40.844+0700: 21.106: [ParNew
Desired survivor size 20112992 bytes, new threshold 8 (max 8)
- age   1:     123384 bytes,     123384 total
- age   3:        160 bytes,     123544 total
- age   7:     704184 bytes,     827728 total
- age   8:     169512 bytes,     997240 total
: 88788K->1041K(109248K), 0.0056457 secs] 172521K->85036K(502464K), 0.0057245 secs] [Times: user=0.02 sys=0.00, real=0.01 secs] 
Heap after GC invocations=196 (full 1):
 par new generation   total 109248K, used 1041K [0x00000007a0000000, 0x00000007a8000000, 0x00000007a8000000)
  eden space 87424K,   0% used [0x00000007a0000000, 0x00000007a0000000, 0x00000007a5560000)
  from space 21824K,   4% used [0x00000007a5560000, 0x00000007a5664500, 0x00000007a6ab0000)
  to   space 21824K,   0% used [0x00000007a6ab0000, 0x00000007a6ab0000, 0x00000007a8000000)
 concurrent mark-sweep generation total 393216K, used 83995K [0x00000007a8000000, 0x00000007c0000000, 0x00000007c0000000)
 Metaspace       used 34246K, capacity 35186K, committed 35428K, reserved 1081344K
  class space    used 4083K, capacity 4352K, committed 4452K, reserved 1048576K
}
2018-04-03T13:39:40.850+0700: 21.111: Total time for which application threads were stopped: 0.0059416 seconds, Stopping threads took: 0.0000209 seconds
{Heap before GC invocations=196 (full 1):
 par new generation   total 109248K, used 88465K [0x00000007a0000000, 0x00000007a8000000, 0x00000007a8000000)
  eden space 87424K, 100% used [0x00000007a0000000, 0x00000007a5560000, 0x00000007a5560000)
  from space 21824K,   4% used [0x00000007a5560000, 0x00000007a5664500, 0x00000007a6ab0000)
  to   space 21824K,   0% used [0x00000007a6ab0000, 0x00000007a6ab0000, 0x00000007a8000000)
 concurrent mark-sweep generation total 393216K, used 83995K [0x00000007a8000000, 0x00000007c0000000, 0x00000007c0000000)
 Metaspace       used 34257K, capacity 35186K, committed 35428K, reserved 1081344K
  class space    used 4083K, capacity 4352K, committed 4452K, reserved 1048576K
2018-04-03T13:39:41.042+0700: 21.304: [GC (Allocation Failure) 2018-04-03T13:39:41.042+0700: 21.304: [ParNew
Desired survivor size 20112992 bytes, new threshold 8 (max 8)
- age   1:     479320 bytes,     479320 total
- age   2:       1200 bytes,     480520 total
- age   4:        160 bytes,     480680 total
- age   8:     426160 bytes,     906840 total
: 88465K->1227K(109248K), 0.0046197 secs] 172460K->85387K(502464K), 0.0046936 secs] [Times: user=0.02 sys=0.01, real=0.00 secs] 
Heap after GC invocations=197 (full 1):
 par new generation   total 109248K, used 1227K [0x00000007a0000000, 0x00000007a8000000, 0x00000007a8000000)
  eden space 87424K,   0% used [0x00000007a0000000, 0x00000007a0000000, 0x00000007a5560000)
  from space 21824K,   5% used [0x00000007a6ab0000, 0x00000007a6be2ca0, 0x00000007a8000000)
  to   space 21824K,   0% used [0x00000007a5560000, 0x00000007a5560000, 0x00000007a6ab0000)
 concurrent mark-sweep generation total 393216K, used 84160K [0x00000007a8000000, 0x00000007c0000000, 0x00000007c0000000)
 Metaspace       used 34257K, capacity 35186K, committed 35428K, reserved 1081344K
  class space    used 4083K, capacity 4352K, committed 4452K, reserved 1048576K
}
2018-04-03T13:39:41.047+0700: 21.309: Total time for which application threads were stopped: 0.0048685 seconds, Stopping threads took: 0.0000184 seconds
{Heap before GC invocations=197 (full 1):
 par new generation   total 109248K, used 88651K [0x00000007a0000000, 0x00000007a8000000, 0x00000007a8000000)
  eden space 87424K, 100% used [0x00000007a0000000, 0x00000007a5560000, 0x00000007a5560000)
  from space 21824K,   5% used [0x00000007a6ab0000, 0x00000007a6be2ca0, 0x00000007a8000000)
  to   space 21824K,   0% used [0x00000007a5560000, 0x00000007a5560000, 0x00000007a6ab0000)
 concurrent mark-sweep generation total 393216K, used 84160K [0x00000007a8000000, 0x00000007c0000000, 0x00000007c0000000)
 Metaspace       used 34257K, capacity 35186K, committed 35428K, reserved 1081344K
  class space    used 4083K, capacity 4352K, committed 4452K, reserved 1048576K
2018-04-03T13:39:41.075+0700: 21.337: [GC (Allocation Failure) 2018-04-03T13:39:41.075+0700: 21.337: [ParNew
Desired survivor size 20112992 bytes, new threshold 8 (max 8)
- age   1:     409344 bytes,     409344 total
- age   2:     357400 bytes,     766744 total
- age   3:       1200 bytes,     767944 total
- age   5:        160 bytes,     768104 total
: 88651K->966K(109248K), 0.0041086 secs] 172811K->85543K(502464K), 0.0041899 secs] [Times: user=0.01 sys=0.00, real=0.00 secs] 
Heap after GC invocations=198 (full 1):
 par new generation   total 109248K, used 966K [0x00000007a0000000, 0x00000007a8000000, 0x00000007a8000000)
  eden space 87424K,   0% used [0x00000007a0000000, 0x00000007a0000000, 0x00000007a5560000)
  from space 21824K,   4% used [0x00000007a5560000, 0x00000007a5651a20, 0x00000007a6ab0000)
  to   space 21824K,   0% used [0x00000007a6ab0000, 0x00000007a6ab0000, 0x00000007a8000000)
 concurrent mark-sweep generation total 393216K, used 84577K [0x00000007a8000000, 0x00000007c0000000, 0x00000007c0000000)
 Metaspace       used 34257K, capacity 35186K, committed 35428K, reserved 1081344K
  class space    used 4083K, capacity 4352K, committed 4452K, reserved 1048576K
}
2018-04-03T13:39:41.080+0700: 21.341: Total time for which application threads were stopped: 0.0043642 seconds, Stopping threads took: 0.0000185 seconds
{Heap before GC invocations=198 (full 1):
 par new generation   total 109248K, used 88390K [0x00000007a0000000, 0x00000007a8000000, 0x00000007a8000000)
  eden space 87424K, 100% used [0x00000007a0000000, 0x00000007a5560000, 0x00000007a5560000)
  from space 21824K,   4% used [0x00000007a5560000, 0x00000007a5651a20, 0x00000007a6ab0000)
  to   space 21824K,   0% used [0x00000007a6ab0000, 0x00000007a6ab0000, 0x00000007a8000000)
 concurrent mark-sweep generation total 393216K, used 84577K [0x00000007a8000000, 0x00000007c0000000, 0x00000007c0000000)
 Metaspace       used 34257K, capacity 35186K, committed 35428K, reserved 1081344K
  class space    used 4083K, capacity 4352K, committed 4452K, reserved 1048576K
2018-04-03T13:39:41.115+0700: 21.377: [GC (Allocation Failure) 2018-04-03T13:39:41.115+0700: 21.377: [ParNew
Desired survivor size 20112992 bytes, new threshold 8 (max 8)
- age   1:     641520 bytes,     641520 total
- age   2:     184192 bytes,     825712 total
- age   3:     357400 bytes,    1183112 total
- age   4:       1200 bytes,    1184312 total
- age   6:        160 bytes,    1184472 total
: 88390K->1268K(109248K), 0.0057455 secs] 172967K->85845K(502464K), 0.0058271 secs] [Times: user=0.02 sys=0.00, real=0.01 secs] 
Heap after GC invocations=199 (full 1):
 par new generation   total 109248K, used 1268K [0x00000007a0000000, 0x00000007a8000000, 0x00000007a8000000)
  eden space 87424K,   0% used [0x00000007a0000000, 0x00000007a0000000, 0x00000007a5560000)
  from space 21824K,   5% used [0x00000007a6ab0000, 0x00000007a6bed068, 0x00000007a8000000)
  to   space 21824K,   0% used [0x00000007a5560000, 0x00000007a5560000, 0x00000007a6ab0000)
 concurrent mark-sweep generation total 393216K, used 84577K [0x00000007a8000000, 0x00000007c0000000, 0x00000007c0000000)
 Metaspace       used 34257K, capacity 35186K, committed 35428K, reserved 1081344K
  class space    used 4083K, capacity 4352K, committed 4452K, reserved 1048576K
}
2018-04-03T13:39:41.121+0700: 21.383: Total time for which application threads were stopped: 0.0060147 seconds, Stopping threads took: 0.0000198 seconds
{Heap before GC invocations=199 (full 1):
 par new generation   total 109248K, used 88692K [0x00000007a0000000, 0x00000007a8000000, 0x00000007a8000000)
  eden space 87424K, 100% used [0x00000007a0000000, 0x00000007a5560000, 0x00000007a5560000)
  from space 21824K,   5% used [0x00000007a6ab0000, 0x00000007a6bed068, 0x00000007a8000000)
  to   space 21824K,   0% used [0x00000007a5560000, 0x00000007a5560000, 0x00000007a6ab0000)
 concurrent mark-sweep generation total 393216K, used 84577K [0x00000007a8000000, 0x00000007c0000000, 0x00000007c0000000)
 Metaspace       used 34257K, capacity 35186K, committed 35428K, reserved 1081344K
  class space    used 4083K, capacity 4352K, committed 4452K, reserved 1048576K
2018-04-03T13:39:41.161+0700: 21.423: [GC (Allocation Failure) 2018-04-03T13:39:41.161+0700: 21.423: [ParNew
Desired survivor size 20112992 bytes, new threshold 8 (max 8)
- age   1:     672536 bytes,     672536 total
- age   2:     333304 bytes,    1005840 total
- age   3:     184192 bytes,    1190032 total
- age   4:     357112 bytes,    1547144 total
- age   5:       1200 bytes,    1548344 total
- age   7:        160 bytes,    1548504 total
: 88692K->1595K(109248K), 0.0056930 secs] 173269K->86172K(502464K), 0.0057788 secs] [Times: user=0.02 sys=0.00, real=0.00 secs] 
Heap after GC invocations=200 (full 1):
 par new generation   total 109248K, used 1595K [0x00000007a0000000, 0x00000007a8000000, 0x00000007a8000000)
  eden space 87424K,   0% used [0x00000007a0000000, 0x00000007a0000000, 0x00000007a5560000)
  from space 21824K,   7% used [0x00000007a5560000, 0x00000007a56eedb8, 0x00000007a6ab0000)
  to   space 21824K,   0% used [0x00000007a6ab0000, 0x00000007a6ab0000, 0x00000007a8000000)
 concurrent mark-sweep generation total 393216K, used 84577K [0x00000007a8000000, 0x00000007c0000000, 0x00000007c0000000)
 Metaspace       used 34257K, capacity 35186K, committed 35428K, reserved 1081344K
  class space    used 4083K, capacity 4352K, committed 4452K, reserved 1048576K
}
2018-04-03T13:39:41.167+0700: 21.429: Total time for which application threads were stopped: 0.0059657 seconds, Stopping threads took: 0.0000193 seconds
{Heap before GC invocations=200 (full 1):
 par new generation   total 109248K, used 89019K [0x00000007a0000000, 0x00000007a8000000, 0x00000007a8000000)
  eden space 87424K, 100% used [0x00000007a0000000, 0x00000007a5560000, 0x00000007a5560000)
  from space 21824K,   7% used [0x00000007a5560000, 0x00000007a56eedb8, 0x00000007a6ab0000)
  to   space 21824K,   0% used [0x00000007a6ab0000, 0x00000007a6ab0000, 0x00000007a8000000)
 concurrent mark-sweep generation total 393216K, used 84577K [0x00000007a8000000, 0x00000007c0000000, 0x00000007c0000000)
 Metaspace       used 34257K, capacity 35186K, committed 35428K, reserved 1081344K
  class space    used 4083K, capacity 4352K, committed 4452K, reserved 1048576K
2018-04-03T13:39:41.197+0700: 21.459: [GC (Allocation Failure) 2018-04-03T13:39:41.197+0700: 21.459: [ParNew
Desired survivor size 20112992 bytes, new threshold 8 (max 8)
- age   1:     899424 bytes,     899424 total
- age   2:     267912 bytes,    1167336 total
- age   3:     234952 bytes,    1402288 total
- age   4:     184192 bytes,    1586480 total
- age   5:     357056 bytes,    1943536 total
- age   6:       1200 bytes,    1944736 total
- age   8:        160 bytes,    1944896 total
: 89019K->2108K(109248K), 0.0057964 secs] 173596K->86685K(502464K), 0.0058674 secs] [Times: user=0.02 sys=0.01, real=0.01 secs] 
Heap after GC invocations=201 (full 1):
 par new generation   total 109248K, used 2108K [0x00000007a0000000, 0x00000007a8000000, 0x00000007a8000000)
  eden space 87424K,   0% used [0x00000007a0000000, 0x00000007a0000000, 0x00000007a5560000)
  from space 21824K,   9% used [0x00000007a6ab0000, 0x00000007a6cbf240, 0x00000007a8000000)
  to   space 21824K,   0% used [0x00000007a5560000, 0x00000007a5560000, 0x00000007a6ab0000)
 concurrent mark-sweep generation total 393216K, used 84577K [0x00000007a8000000, 0x00000007c0000000, 0x00000007c0000000)
 Metaspace       used 34257K, capacity 35186K, committed 35428K, reserved 1081344K
  class space    used 4083K, capacity 4352K, committed 4452K, reserved 1048576K
}
2018-04-03T13:39:41.203+0700: 21.465: Total time for which application threads were stopped: 0.0060180 seconds, Stopping threads took: 0.0000175 seconds
{Heap before GC invocations=201 (full 1):
 par new generation   total 109248K, used 89532K [0x00000007a0000000, 0x00000007a8000000, 0x00000007a8000000)
  eden space 87424K, 100% used [0x00000007a0000000, 0x00000007a5560000, 0x00000007a5560000)
  from space 21824K,   9% used [0x00000007a6ab0000, 0x00000007a6cbf240, 0x00000007a8000000)
  to   space 21824K,   0% used [0x00000007a5560000, 0x00000007a5560000, 0x00000007a6ab0000)
 concurrent mark-sweep generation total 393216K, used 84577K [0x00000007a8000000, 0x00000007c0000000, 0x00000007c0000000)
 Metaspace       used 34257K, capacity 35186K, committed 35428K, reserved 1081344K
  class space    used 4083K, capacity 4352K, committed 4452K, reserved 1048576K
2018-04-03T13:39:41.231+0700: 21.492: [GC (Allocation Failure) 2018-04-03T13:39:41.231+0700: 21.492: [ParNew
Desired survivor size 20112992 bytes, new threshold 8 (max 8)
- age   1:     816712 bytes,     816712 total
- age   2:     431608 bytes,    1248320 total
- age   3:     267912 bytes,    1516232 total
- age   4:     234952 bytes,    1751184 total
- age   5:     184192 bytes,    1935376 total
- age   6:     356976 bytes,    2292352 total
- age   7:       1200 bytes,    2293552 total
: 89532K->2326K(109248K), 0.0056290 secs] 174109K->86903K(502464K), 0.0057019 secs] [Times: user=0.02 sys=0.00, real=0.00 secs] 
Heap after GC invocations=202 (full 1):
 par new generation   total 109248K, used 2326K [0x00000007a0000000, 0x00000007a8000000, 0x00000007a8000000)
  eden space 87424K,   0% used [0x00000007a0000000, 0x00000007a0000000, 0x00000007a5560000)
  from space 21824K,  10% used [0x00000007a5560000, 0x00000007a57a5ad0, 0x00000007a6ab0000)
  to   space 21824K,   0% used [0x00000007a6ab0000, 0x00000007a6ab0000, 0x00000007a8000000)
 concurrent mark-sweep generation total 393216K, used 84577K [0x00000007a8000000, 0x00000007c0000000, 0x00000007c0000000)
 Metaspace       used 34257K, capacity 35186K, committed 35428K, reserved 1081344K
  class space    used 4083K, capacity 4352K, committed 4452K, reserved 1048576K
}
2018-04-03T13:39:41.236+0700: 21.498: Total time for which application threads were stopped: 0.0058528 seconds, Stopping threads took: 0.0000169 seconds
{Heap before GC invocations=202 (full 1):
 par new generation   total 109248K, used 89750K [0x00000007a0000000, 0x00000007a8000000, 0x00000007a8000000)
  eden space 87424K, 100% used [0x00000007a0000000, 0x00000007a5560000, 0x00000007a5560000)
  from space 21824K,  10% used [0x00000007a5560000, 0x00000007a57a5ad0, 0x00000007a6ab0000)
  to   space 21824K,   0% used [0x00000007a6ab0000, 0x00000007a6ab0000, 0x00000007a8000000)
 concurrent mark-sweep generation total 393216K, used 84577K [0x00000007a8000000, 0x00000007c0000000, 0x00000007c0000000)
 Metaspace       used 34257K, capacity 35186K, committed 35428K, reserved 1081344K
  class space    used 4083K, capacity 4352K, committed 4452K, reserved 1048576K
2018-04-03T13:39:41.266+0700: 21.527: [GC (Allocation Failure) 2018-04-03T13:39:41.266+0700: 21.527: [ParNew
Desired survivor size 20112992 bytes, new threshold 8 (max 8)
- age   1:     956344 bytes,     956344 total
- age   2:     234784 bytes,    1191128 total
- age   3:     431608 bytes,    1622736 total
- age   4:     267912 bytes,    1890648 total
- age   5:     234952 bytes,    2125600 total
- age   6:     171040 bytes,    2296640 total
- age   7:     356976 bytes,    2653616 total
- age   8:       1200 bytes,    2654816 total
: 89750K->2703K(109248K), 0.0052687 secs] 174327K->87280K(502464K), 0.0053334 secs] [Times: user=0.02 sys=0.00, real=0.01 secs] 
Heap after GC invocations=203 (full 1):
 par new generation   total 109248K, used 2703K [0x00000007a0000000, 0x00000007a8000000, 0x00000007a8000000)
  eden space 87424K,   0% used [0x00000007a0000000, 0x00000007a0000000, 0x00000007a5560000)
  from space 21824K,  12% used [0x00000007a6ab0000, 0x00000007a6d53e40, 0x00000007a8000000)
  to   space 21824K,   0% used [0x00000007a5560000, 0x00000007a5560000, 0x00000007a6ab0000)
 concurrent mark-sweep generation total 393216K, used 84577K [0x00000007a8000000, 0x00000007c0000000, 0x00000007c0000000)
 Metaspace       used 34257K, capacity 35186K, committed 35428K, reserved 1081344K
  class space    used 4083K, capacity 4352K, committed 4452K, reserved 1048576K
}
2018-04-03T13:39:41.271+0700: 21.533: Total time for which application threads were stopped: 0.0054855 seconds, Stopping threads took: 0.0000170 seconds
{Heap before GC invocations=203 (full 1):
 par new generation   total 109248K, used 90127K [0x00000007a0000000, 0x00000007a8000000, 0x00000007a8000000)
  eden space 87424K, 100% used [0x00000007a0000000, 0x00000007a5560000, 0x00000007a5560000)
  from space 21824K,  12% used [0x00000007a6ab0000, 0x00000007a6d53e40, 0x00000007a8000000)
  to   space 21824K,   0% used [0x00000007a5560000, 0x00000007a5560000, 0x00000007a6ab0000)
 concurrent mark-sweep generation total 393216K, used 84577K [0x00000007a8000000, 0x00000007c0000000, 0x00000007c0000000)
 Metaspace       used 34257K, capacity 35186K, committed 35428K, reserved 1081344K
  class space    used 4083K, capacity 4352K, committed 4452K, reserved 1048576K
2018-04-03T13:39:41.298+0700: 21.559: [GC (Allocation Failure) 2018-04-03T13:39:41.298+0700: 21.560: [ParNew
Desired survivor size 20112992 bytes, new threshold 8 (max 8)
- age   1:    1166312 bytes,    1166312 total
- age   2:     256000 bytes,    1422312 total
- age   3:     234784 bytes,    1657096 total
- age   4:     300504 bytes,    1957600 total
- age   5:     267912 bytes,    2225512 total
- age   6:     234952 bytes,    2460464 total
- age   7:     171040 bytes,    2631504 total
- age   8:     356896 bytes,    2988400 total
: 90127K->2968K(109248K), 0.0044870 secs] 174704K->87546K(502464K), 0.0045574 secs] [Times: user=0.02 sys=0.00, real=0.01 secs] 
Heap after GC invocations=204 (full 1):
 par new generation   total 109248K, used 2968K [0x00000007a0000000, 0x00000007a8000000, 0x00000007a8000000)
  eden space 87424K,   0% used [0x00000007a0000000, 0x00000007a0000000, 0x00000007a5560000)
  from space 21824K,  13% used [0x00000007a5560000, 0x00000007a5846190, 0x00000007a6ab0000)
  to   space 21824K,   0% used [0x00000007a6ab0000, 0x00000007a6ab0000, 0x00000007a8000000)
 concurrent mark-sweep generation total 393216K, used 84578K [0x00000007a8000000, 0x00000007c0000000, 0x00000007c0000000)
 Metaspace       used 34257K, capacity 35186K, committed 35428K, reserved 1081344K
  class space    used 4083K, capacity 4352K, committed 4452K, reserved 1048576K
}
2018-04-03T13:39:41.302+0700: 21.564: Total time for which application threads were stopped: 0.0047081 seconds, Stopping threads took: 0.0000160 seconds
{Heap before GC invocations=204 (full 1):
 par new generation   total 109248K, used 90392K [0x00000007a0000000, 0x00000007a8000000, 0x00000007a8000000)
  eden space 87424K, 100% used [0x00000007a0000000, 0x00000007a5560000, 0x00000007a5560000)
  from space 21824K,  13% used [0x00000007a5560000, 0x00000007a5846190, 0x00000007a6ab0000)
  to   space 21824K,   0% used [0x00000007a6ab0000, 0x00000007a6ab0000, 0x00000007a8000000)
 concurrent mark-sweep generation total 393216K, used 84578K [0x00000007a8000000, 0x00000007c0000000, 0x00000007c0000000)
 Metaspace       used 34257K, capacity 35186K, committed 35428K, reserved 1081344K
  class space    used 4083K, capacity 4352K, committed 4452K, reserved 1048576K
2018-04-03T13:39:41.328+0700: 21.590: [GC (Allocation Failure) 2018-04-03T13:39:41.328+0700: 21.590: [ParNew
Desired survivor size 20112992 bytes, new threshold 8 (max 8)
- age   1:    1099744 bytes,    1099744 total
- age   2:     464272 bytes,    1564016 total
- age   3:     255784 bytes,    1819800 total
- age   4:     234784 bytes,    2054584 total
- age   5:     300504 bytes,    2355088 total
- age   6:     267912 bytes,    2623000 total
- age   7:     234952 bytes,    2857952 total
- age   8:     171040 bytes,    3028992 total
: 90392K->3037K(109248K), 0.0046411 secs] 174970K->87964K(502464K), 0.0047071 secs] [Times: user=0.01 sys=0.01, real=0.01 secs] 
Heap after GC invocations=205 (full 1):
 par new generation   total 109248K, used 3037K [0x00000007a0000000, 0x00000007a8000000, 0x00000007a8000000)
  eden space 87424K,   0% used [0x00000007a0000000, 0x00000007a0000000, 0x00000007a5560000)
  from space 21824K,  13% used [0x00000007a6ab0000, 0x00000007a6da74f0, 0x00000007a8000000)
  to   space 21824K,   0% used [0x00000007a5560000, 0x00000007a5560000, 0x00000007a6ab0000)
 concurrent mark-sweep generation total 393216K, used 84927K [0x00000007a8000000, 0x00000007c0000000, 0x00000007c0000000)
 Metaspace       used 34257K, capacity 35186K, committed 35428K, reserved 1081344K
  class space    used 4083K, capacity 4352K, committed 4452K, reserved 1048576K
}
2018-04-03T13:39:41.333+0700: 21.595: Total time for which application threads were stopped: 0.0048573 seconds, Stopping threads took: 0.0000165 seconds
{Heap before GC invocations=205 (full 1):
 par new generation   total 109248K, used 90461K [0x00000007a0000000, 0x00000007a8000000, 0x00000007a8000000)
  eden space 87424K, 100% used [0x00000007a0000000, 0x00000007a5560000, 0x00000007a5560000)
  from space 21824K,  13% used [0x00000007a6ab0000, 0x00000007a6da74f0, 0x00000007a8000000)
  to   space 21824K,   0% used [0x00000007a5560000, 0x00000007a5560000, 0x00000007a6ab0000)
 concurrent mark-sweep generation total 393216K, used 84927K [0x00000007a8000000, 0x00000007c0000000, 0x00000007c0000000)
 Metaspace       used 34257K, capacity 35186K, committed 35428K, reserved 1081344K
  class space    used 4083K, capacity 4352K, committed 4452K, reserved 1048576K
2018-04-03T13:39:41.361+0700: 21.623: [GC (Allocation Failure) 2018-04-03T13:39:41.361+0700: 21.623: [ParNew
Desired survivor size 20112992 bytes, new threshold 8 (max 8)
- age   1:    1075520 bytes,    1075520 total
- age   2:     267736 bytes,    1343256 total
- age   3:     464176 bytes,    1807432 total
- age   4:     255784 bytes,    2063216 total
- age   5:     234784 bytes,    2298000 total
- age   6:     300504 bytes,    2598504 total
- age   7:     267640 bytes,    2866144 total
- age   8:     234952 bytes,    3101096 total
: 90461K->3057K(109248K), 0.0060117 secs] 175388K->88151K(502464K), 0.0061010 secs] [Times: user=0.02 sys=0.00, real=0.00 secs] 
Heap after GC invocations=206 (full 1):
 par new generation   total 109248K, used 3057K [0x00000007a0000000, 0x00000007a8000000, 0x00000007a8000000)
  eden space 87424K,   0% used [0x00000007a0000000, 0x00000007a0000000, 0x00000007a5560000)
  from space 21824K,  14% used [0x00000007a5560000, 0x00000007a585c410, 0x00000007a6ab0000)
  to   space 21824K,   0% used [0x00000007a6ab0000, 0x00000007a6ab0000, 0x00000007a8000000)
 concurrent mark-sweep generation total 393216K, used 85094K [0x00000007a8000000, 0x00000007c0000000, 0x00000007c0000000)
 Metaspace       used 34257K, capacity 35186K, committed 35428K, reserved 1081344K
  class space    used 4083K, capacity 4352K, committed 4452K, reserved 1048576K
}
2018-04-03T13:39:41.368+0700: 21.629: Total time for which application threads were stopped: 0.0062701 seconds, Stopping threads took: 0.0000200 seconds
{Heap before GC invocations=206 (full 1):
 par new generation   total 109248K, used 90481K [0x00000007a0000000, 0x00000007a8000000, 0x00000007a8000000)
  eden space 87424K, 100% used [0x00000007a0000000, 0x00000007a5560000, 0x00000007a5560000)
  from space 21824K,  14% used [0x00000007a5560000, 0x00000007a585c410, 0x00000007a6ab0000)
  to   space 21824K,   0% used [0x00000007a6ab0000, 0x00000007a6ab0000, 0x00000007a8000000)
 concurrent mark-sweep generation total 393216K, used 85094K [0x00000007a8000000, 0x00000007c0000000, 0x00000007c0000000)
 Metaspace       used 34257K, capacity 35186K, committed 35428K, reserved 1081344K
  class space    used 4083K, capacity 4352K, committed 4452K, reserved 1048576K
2018-04-03T13:39:41.395+0700: 21.657: [GC (Allocation Failure) 2018-04-03T13:39:41.395+0700: 21.657: [ParNew
Desired survivor size 20112992 bytes, new threshold 8 (max 8)
- age   1:    1128544 bytes,    1128544 total
- age   2:     420040 bytes,    1548584 total
- age   3:     267736 bytes,    1816320 total
- age   4:     464176 bytes,    2280496 total
- age   5:     255784 bytes,    2536280 total
- age   6:     234784 bytes,    2771064 total
- age   7:     234952 bytes,    3006016 total
- age   8:     267640 bytes,    3273656 total
: 90481K->3235K(109248K), 0.0049118 secs] 175575K->88559K(502464K), 0.0049730 secs] [Times: user=0.01 sys=0.00, real=0.01 secs] 
Heap after GC invocations=207 (full 1):
 par new generation   total 109248K, used 3235K [0x00000007a0000000, 0x00000007a8000000, 0x00000007a8000000)
  eden space 87424K,   0% used [0x00000007a0000000, 0x00000007a0000000, 0x00000007a5560000)
  from space 21824K,  14% used [0x00000007a6ab0000, 0x00000007a6dd8e98, 0x00000007a8000000)
  to   space 21824K,   0% used [0x00000007a5560000, 0x00000007a5560000, 0x00000007a6ab0000)
 concurrent mark-sweep generation total 393216K, used 85323K [0x00000007a8000000, 0x00000007c0000000, 0x00000007c0000000)
 Metaspace       used 34257K, capacity 35186K, committed 35428K, reserved 1081344K
  class space    used 4083K, capacity 4352K, committed 4452K, reserved 1048576K
}
2018-04-03T13:39:41.400+0700: 21.662: Total time for which application threads were stopped: 0.0051267 seconds, Stopping threads took: 0.0000166 seconds
{Heap before GC invocations=207 (full 1):
 par new generation   total 109248K, used 90659K [0x00000007a0000000, 0x00000007a8000000, 0x00000007a8000000)
  eden space 87424K, 100% used [0x00000007a0000000, 0x00000007a5560000, 0x00000007a5560000)
  from space 21824K,  14% used [0x00000007a6ab0000, 0x00000007a6dd8e98, 0x00000007a8000000)
  to   space 21824K,   0% used [0x00000007a5560000, 0x00000007a5560000, 0x00000007a6ab0000)
 concurrent mark-sweep generation total 393216K, used 85323K [0x00000007a8000000, 0x00000007c0000000, 0x00000007c0000000)
 Metaspace       used 34257K, capacity 35186K, committed 35428K, reserved 1081344K
  class space    used 4083K, capacity 4352K, committed 4452K, reserved 1048576K
2018-04-03T13:39:41.427+0700: 21.688: [GC (Allocation Failure) 2018-04-03T13:39:41.427+0700: 21.688: [ParNew
Desired survivor size 20112992 bytes, new threshold 8 (max 8)
- age   1:    1371040 bytes,    1371040 total
- age   2:     398976 bytes,    1770016 total
- age   3:     169784 bytes,    1939800 total
- age   4:     267736 bytes,    2207536 total
- age   5:     464176 bytes,    2671712 total
- age   6:     255784 bytes,    2927496 total
- age   7:     234784 bytes,    3162280 total
- age   8:     234952 bytes,    3397232 total
: 90659K->3348K(109248K), 0.0045923 secs] 175983K->88933K(502464K), 0.0046620 secs] [Times: user=0.01 sys=0.00, real=0.01 secs] 
Heap after GC invocations=208 (full 1):
 par new generation   total 109248K, used 3348K [0x00000007a0000000, 0x00000007a8000000, 0x00000007a8000000)
  eden space 87424K,   0% used [0x00000007a0000000, 0x00000007a0000000, 0x00000007a5560000)
  from space 21824K,  15% used [0x00000007a5560000, 0x00000007a58a51b0, 0x00000007a6ab0000)
  to   space 21824K,   0% used [0x00000007a6ab0000, 0x00000007a6ab0000, 0x00000007a8000000)
 concurrent mark-sweep generation total 393216K, used 85585K [0x00000007a8000000, 0x00000007c0000000, 0x00000007c0000000)
 Metaspace       used 34257K, capacity 35186K, committed 35428K, reserved 1081344K
  class space    used 4083K, capacity 4352K, committed 4452K, reserved 1048576K
}
2018-04-03T13:39:41.431+0700: 21.693: Total time for which application threads were stopped: 0.0048038 seconds, Stopping threads took: 0.0000148 seconds
{Heap before GC invocations=208 (full 1):
 par new generation   total 109248K, used 90772K [0x00000007a0000000, 0x00000007a8000000, 0x00000007a8000000)
  eden space 87424K, 100% used [0x00000007a0000000, 0x00000007a5560000, 0x00000007a5560000)
  from space 21824K,  15% used [0x00000007a5560000, 0x00000007a58a51b0, 0x00000007a6ab0000)
  to   space 21824K,   0% used [0x00000007a6ab0000, 0x00000007a6ab0000, 0x00000007a8000000)
 concurrent mark-sweep generation total 393216K, used 85585K [0x00000007a8000000, 0x00000007c0000000, 0x00000007c0000000)
 Metaspace       used 34257K, capacity 35186K, committed 35428K, reserved 1081344K
  class space    used 4083K, capacity 4352K, committed 4452K, reserved 1048576K
2018-04-03T13:39:41.460+0700: 21.722: [GC (Allocation Failure) 2018-04-03T13:39:41.461+0700: 21.722: [ParNew
Desired survivor size 20112992 bytes, new threshold 8 (max 8)
- age   1:    1100472 bytes,    1100472 total
- age   2:     582368 bytes,    1682840 total
- age   3:     398824 bytes,    2081664 total
- age   4:     169784 bytes,    2251448 total
- age   5:     267736 bytes,    2519184 total
- age   6:     464176 bytes,    2983360 total
- age   7:     255784 bytes,    3239144 total
- age   8:     234784 bytes,    3473928 total
: 90772K->3523K(109248K), 0.0054633 secs] 176357K->89338K(502464K), 0.0055564 secs] [Times: user=0.02 sys=0.00, real=0.00 secs] 
Heap after GC invocations=209 (full 1):
 par new generation   total 109248K, used 3523K [0x00000007a0000000, 0x00000007a8000000, 0x00000007a8000000)
  eden space 87424K,   0% used [0x00000007a0000000, 0x00000007a0000000, 0x00000007a5560000)
  from space 21824K,  16% used [0x00000007a6ab0000, 0x00000007a6e20dc8, 0x00000007a8000000)
  to   space 21824K,   0% used [0x00000007a5560000, 0x00000007a5560000, 0x00000007a6ab0000)
 concurrent mark-sweep generation total 393216K, used 85814K [0x00000007a8000000, 0x00000007c0000000, 0x00000007c0000000)
 Metaspace       used 34257K, capacity 35186K, committed 35428K, reserved 1081344K
  class space    used 4083K, capacity 4352K, committed 4452K, reserved 1048576K
}
2018-04-03T13:39:41.466+0700: 21.728: Total time for which application threads were stopped: 0.0057688 seconds, Stopping threads took: 0.0000205 seconds
{Heap before GC invocations=209 (full 1):
 par new generation   total 109248K, used 90947K [0x00000007a0000000, 0x00000007a8000000, 0x00000007a8000000)
  eden space 87424K, 100% used [0x00000007a0000000, 0x00000007a5560000, 0x00000007a5560000)
  from space 21824K,  16% used [0x00000007a6ab0000, 0x00000007a6e20dc8, 0x00000007a8000000)
  to   space 21824K,   0% used [0x00000007a5560000, 0x00000007a5560000, 0x00000007a6ab0000)
 concurrent mark-sweep generation total 393216K, used 85814K [0x00000007a8000000, 0x00000007c0000000, 0x00000007c0000000)
 Metaspace       used 34257K, capacity 35186K, committed 35428K, reserved 1081344K
  class space    used 4083K, capacity 4352K, committed 4452K, reserved 1048576K
2018-04-03T13:39:41.505+0700: 21.766: [GC (Allocation Failure) 2018-04-03T13:39:41.505+0700: 21.766: [ParNew
Desired survivor size 20112992 bytes, new threshold 8 (max 8)
- age   1:     731296 bytes,     731296 total
- age   2:     953632 bytes,    1684928 total
- age   3:     300480 bytes,    1985408 total
- age   4:     398824 bytes,    2384232 total
- age   5:     169784 bytes,    2554016 total
- age   6:     267736 bytes,    2821752 total
- age   7:     464176 bytes,    3285928 total
- age   8:     255784 bytes,    3541712 total
: 90947K->3485K(109248K), 0.0086362 secs] 176762K->89529K(502464K), 0.0087260 secs] [Times: user=0.01 sys=0.00, real=0.01 secs] 
Heap after GC invocations=210 (full 1):
 par new generation   total 109248K, used 3485K [0x00000007a0000000, 0x00000007a8000000, 0x00000007a8000000)
  eden space 87424K,   0% used [0x00000007a0000000, 0x00000007a0000000, 0x00000007a5560000)
  from space 21824K,  15% used [0x00000007a5560000, 0x00000007a58c76f8, 0x00000007a6ab0000)
  to   space 21824K,   0% used [0x00000007a6ab0000, 0x00000007a6ab0000, 0x00000007a8000000)
 concurrent mark-sweep generation total 393216K, used 86043K [0x00000007a8000000, 0x00000007c0000000, 0x00000007c0000000)
 Metaspace       used 34257K, capacity 35186K, committed 35428K, reserved 1081344K
  class space    used 4083K, capacity 4352K, committed 4452K, reserved 1048576K
}
2018-04-03T13:39:41.513+0700: 21.775: Total time for which application threads were stopped: 0.0089439 seconds, Stopping threads took: 0.0000192 seconds
{Heap before GC invocations=210 (full 1):
 par new generation   total 109248K, used 90909K [0x00000007a0000000, 0x00000007a8000000, 0x00000007a8000000)
  eden space 87424K, 100% used [0x00000007a0000000, 0x00000007a5560000, 0x00000007a5560000)
  from space 21824K,  15% used [0x00000007a5560000, 0x00000007a58c76f8, 0x00000007a6ab0000)
  to   space 21824K,   0% used [0x00000007a6ab0000, 0x00000007a6ab0000, 0x00000007a8000000)
 concurrent mark-sweep generation total 393216K, used 86043K [0x00000007a8000000, 0x00000007c0000000, 0x00000007c0000000)
 Metaspace       used 34257K, capacity 35186K, committed 35428K, reserved 1081344K
  class space    used 4083K, capacity 4352K, committed 4452K, reserved 1048576K
2018-04-03T13:39:41.548+0700: 21.810: [GC (Allocation Failure) 2018-04-03T13:39:41.548+0700: 21.810: [ParNew
Desired survivor size 20112992 bytes, new threshold 8 (max 8)
- age   1:    1732656 bytes,    1732656 total
- age   2:     584552 bytes,    2317208 total
- age   3:     174176 bytes,    2491384 total
- age   4:     300480 bytes,    2791864 total
- age   5:     398824 bytes,    3190688 total
- age   6:     169784 bytes,    3360472 total
- age   7:     267736 bytes,    3628208 total
- age   8:     202000 bytes,    3830208 total
: 90909K->3818K(109248K), 0.0071175 secs] 176953K->90112K(502464K), 0.0072114 secs] [Times: user=0.02 sys=0.00, real=0.01 secs] 
Heap after GC invocations=211 (full 1):
 par new generation   total 109248K, used 3818K [0x00000007a0000000, 0x00000007a8000000, 0x00000007a8000000)
  eden space 87424K,   0% used [0x00000007a0000000, 0x00000007a0000000, 0x00000007a5560000)
  from space 21824K,  17% used [0x00000007a6ab0000, 0x00000007a6e6ab00, 0x00000007a8000000)
  to   space 21824K,   0% used [0x00000007a5560000, 0x00000007a5560000, 0x00000007a6ab0000)
 concurrent mark-sweep generation total 393216K, used 86293K [0x00000007a8000000, 0x00000007c0000000, 0x00000007c0000000)
 Metaspace       used 34257K, capacity 35186K, committed 35428K, reserved 1081344K
  class space    used 4083K, capacity 4352K, committed 4452K, reserved 1048576K
}
2018-04-03T13:39:41.556+0700: 21.817: Total time for which application threads were stopped: 0.0073937 seconds, Stopping threads took: 0.0000187 seconds
{Heap before GC invocations=211 (full 1):
 par new generation   total 109248K, used 91242K [0x00000007a0000000, 0x00000007a8000000, 0x00000007a8000000)
  eden space 87424K, 100% used [0x00000007a0000000, 0x00000007a5560000, 0x00000007a5560000)
  from space 21824K,  17% used [0x00000007a6ab0000, 0x00000007a6e6ab00, 0x00000007a8000000)
  to   space 21824K,   0% used [0x00000007a5560000, 0x00000007a5560000, 0x00000007a6ab0000)
 concurrent mark-sweep generation total 393216K, used 86293K [0x00000007a8000000, 0x00000007c0000000, 0x00000007c0000000)
 Metaspace       used 34257K, capacity 35186K, committed 35428K, reserved 1081344K
  class space    used 4083K, capacity 4352K, committed 4452K, reserved 1048576K
2018-04-03T13:39:41.586+0700: 21.848: [GC (Allocation Failure) 2018-04-03T13:39:41.586+0700: 21.848: [ParNew
Desired survivor size 20112992 bytes, new threshold 8 (max 8)
- age   1:     779896 bytes,     779896 total
- age   2:    1597760 bytes,    2377656 total
- age   3:     267824 bytes,    2645480 total
- age   4:     174176 bytes,    2819656 total
- age   5:     300480 bytes,    3120136 total
- age   6:     398824 bytes,    3518960 total
- age   7:     169784 bytes,    3688744 total
- age   8:     267736 bytes,    3956480 total
: 91242K->3910K(109248K), 0.0057347 secs] 177536K->90401K(502464K), 0.0058056 secs] [Times: user=0.02 sys=0.00, real=0.01 secs] 
Heap after GC invocations=212 (full 1):
 par new generation   total 109248K, used 3910K [0x00000007a0000000, 0x00000007a8000000, 0x00000007a8000000)
  eden space 87424K,   0% used [0x00000007a0000000, 0x00000007a0000000, 0x00000007a5560000)
  from space 21824K,  17% used [0x00000007a5560000, 0x00000007a5931840, 0x00000007a6ab0000)
  to   space 21824K,   0% used [0x00000007a6ab0000, 0x00000007a6ab0000, 0x00000007a8000000)
 concurrent mark-sweep generation total 393216K, used 86491K [0x00000007a8000000, 0x00000007c0000000, 0x00000007c0000000)
 Metaspace       used 34257K, capacity 35186K, committed 35428K, reserved 1081344K
  class space    used 4083K, capacity 4352K, committed 4452K, reserved 1048576K
}
2018-04-03T13:39:41.592+0700: 21.854: Total time for which application threads were stopped: 0.0059755 seconds, Stopping threads took: 0.0000175 seconds
{Heap before GC invocations=212 (full 1):
 par new generation   total 109248K, used 91334K [0x00000007a0000000, 0x00000007a8000000, 0x00000007a8000000)
  eden space 87424K, 100% used [0x00000007a0000000, 0x00000007a5560000, 0x00000007a5560000)
  from space 21824K,  17% used [0x00000007a5560000, 0x00000007a5931840, 0x00000007a6ab0000)
  to   space 21824K,   0% used [0x00000007a6ab0000, 0x00000007a6ab0000, 0x00000007a8000000)
 concurrent mark-sweep generation total 393216K, used 86491K [0x00000007a8000000, 0x00000007c0000000, 0x00000007c0000000)
 Metaspace       used 34257K, capacity 35186K, committed 35428K, reserved 1081344K
  class space    used 4083K, capacity 4352K, committed 4452K, reserved 1048576K
2018-04-03T13:39:41.631+0700: 21.893: [GC (Allocation Failure) 2018-04-03T13:39:41.631+0700: 21.893: [ParNew
Desired survivor size 20112992 bytes, new threshold 8 (max 8)
- age   1:    1260792 bytes,    1260792 total
- age   2:     632704 bytes,    1893496 total
- age   3:     727384 bytes,    2620880 total
- age   4:     267824 bytes,    2888704 total
- age   5:     174176 bytes,    3062880 total
- age   6:     300480 bytes,    3363360 total
- age   7:     398824 bytes,    3762184 total
- age   8:     169784 bytes,    3931968 total
: 91334K->3855K(109248K), 0.0061742 secs] 177825K->90608K(502464K), 0.0062566 secs] [Times: user=0.02 sys=0.00, real=0.00 secs] 
Heap after GC invocations=213 (full 1):
 par new generation   total 109248K, used 3855K [0x00000007a0000000, 0x00000007a8000000, 0x00000007a8000000)
  eden space 87424K,   0% used [0x00000007a0000000, 0x00000007a0000000, 0x00000007a5560000)
  from space 21824K,  17% used [0x00000007a6ab0000, 0x00000007a6e73e20, 0x00000007a8000000)
  to   space 21824K,   0% used [0x00000007a5560000, 0x00000007a5560000, 0x00000007a6ab0000)
 concurrent mark-sweep generation total 393216K, used 86752K [0x00000007a8000000, 0x00000007c0000000, 0x00000007c0000000)
 Metaspace       used 34257K, capacity 35186K, committed 35428K, reserved 1081344K
  class space    used 4083K, capacity 4352K, committed 4452K, reserved 1048576K
}
2018-04-03T13:39:41.637+0700: 21.899: Total time for which application threads were stopped: 0.0064525 seconds, Stopping threads took: 0.0000173 seconds
{Heap before GC invocations=213 (full 1):
 par new generation   total 109248K, used 91279K [0x00000007a0000000, 0x00000007a8000000, 0x00000007a8000000)
  eden space 87424K, 100% used [0x00000007a0000000, 0x00000007a5560000, 0x00000007a5560000)
  from space 21824K,  17% used [0x00000007a6ab0000, 0x00000007a6e73e20, 0x00000007a8000000)
  to   space 21824K,   0% used [0x00000007a5560000, 0x00000007a5560000, 0x00000007a6ab0000)
 concurrent mark-sweep generation total 393216K, used 86752K [0x00000007a8000000, 0x00000007c0000000, 0x00000007c0000000)
 Metaspace       used 34257K, capacity 35186K, committed 35428K, reserved 1081344K
  class space    used 4083K, capacity 4352K, committed 4452K, reserved 1048576K
2018-04-03T13:39:41.673+0700: 21.934: [GC (Allocation Failure) 2018-04-03T13:39:41.673+0700: 21.934: [ParNew
Desired survivor size 20112992 bytes, new threshold 8 (max 8)
- age   1:    1407368 bytes,    1407368 total
- age   2:     203120 bytes,    1610488 total
- age   3:     624976 bytes,    2235464 total
- age   4:     727384 bytes,    2962848 total
- age   5:     267824 bytes,    3230672 total
- age   6:     174176 bytes,    3404848 total
- age   7:     300480 bytes,    3705328 total
- age   8:     398824 bytes,    4104152 total
: 91279K->4039K(109248K), 0.0054200 secs] 178032K->90957K(502464K), 0.0054888 secs] [Times: user=0.02 sys=0.00, real=0.00 secs] 
Heap after GC invocations=214 (full 1):
 par new generation   total 109248K, used 4039K [0x00000007a0000000, 0x00000007a8000000, 0x00000007a8000000)
  eden space 87424K,   0% used [0x00000007a0000000, 0x00000007a0000000, 0x00000007a5560000)
  from space 21824K,  18% used [0x00000007a5560000, 0x00000007a5951cf0, 0x00000007a6ab0000)
  to   space 21824K,   0% used [0x00000007a6ab0000, 0x00000007a6ab0000, 0x00000007a8000000)
 concurrent mark-sweep generation total 393216K, used 86918K [0x00000007a8000000, 0x00000007c0000000, 0x00000007c0000000)
 Metaspace       used 34257K, capacity 35186K, committed 35428K, reserved 1081344K
  class space    used 4083K, capacity 4352K, committed 4452K, reserved 1048576K
}
2018-04-03T13:39:41.678+0700: 21.940: Total time for which application threads were stopped: 0.0056422 seconds, Stopping threads took: 0.0000169 seconds
{Heap before GC invocations=214 (full 1):
 par new generation   total 109248K, used 91463K [0x00000007a0000000, 0x00000007a8000000, 0x00000007a8000000)
  eden space 87424K, 100% used [0x00000007a0000000, 0x00000007a5560000, 0x00000007a5560000)
  from space 21824K,  18% used [0x00000007a5560000, 0x00000007a5951cf0, 0x00000007a6ab0000)
  to   space 21824K,   0% used [0x00000007a6ab0000, 0x00000007a6ab0000, 0x00000007a8000000)
 concurrent mark-sweep generation total 393216K, used 86918K [0x00000007a8000000, 0x00000007c0000000, 0x00000007c0000000)
 Metaspace       used 34257K, capacity 35186K, committed 35428K, reserved 1081344K
  class space    used 4083K, capacity 4352K, committed 4452K, reserved 1048576K
2018-04-03T13:39:41.709+0700: 21.971: [GC (Allocation Failure) 2018-04-03T13:39:41.709+0700: 21.971: [ParNew
Desired survivor size 20112992 bytes, new threshold 8 (max 8)
- age   1:     391672 bytes,     391672 total
- age   2:    1278944 bytes,    1670616 total
- age   3:     202696 bytes,    1873312 total
- age   4:     623888 bytes,    2497200 total
- age   5:     727384 bytes,    3224584 total
- age   6:     267824 bytes,    3492408 total
- age   7:     174176 bytes,    3666584 total
- age   8:     300480 bytes,    3967064 total
: 91463K->3890K(109248K), 0.0058145 secs] 178381K->91198K(502464K), 0.0058851 secs] [Times: user=0.01 sys=0.00, real=0.01 secs] 
Heap after GC invocations=215 (full 1):
 par new generation   total 109248K, used 3890K [0x00000007a0000000, 0x00000007a8000000, 0x00000007a8000000)
  eden space 87424K,   0% used [0x00000007a0000000, 0x00000007a0000000, 0x00000007a5560000)
  from space 21824K,  17% used [0x00000007a6ab0000, 0x00000007a6e7c8f8, 0x00000007a8000000)
  to   space 21824K,   0% used [0x00000007a5560000, 0x00000007a5560000, 0x00000007a6ab0000)
 concurrent mark-sweep generation total 393216K, used 87307K [0x00000007a8000000, 0x00000007c0000000, 0x00000007c0000000)
 Metaspace       used 34257K, capacity 35186K, committed 35428K, reserved 1081344K
  class space    used 4083K, capacity 4352K, committed 4452K, reserved 1048576K
}
2018-04-03T13:39:41.715+0700: 21.977: Total time for which application threads were stopped: 0.0060342 seconds, Stopping threads took: 0.0000161 seconds
{Heap before GC invocations=215 (full 1):
 par new generation   total 109248K, used 91314K [0x00000007a0000000, 0x00000007a8000000, 0x00000007a8000000)
  eden space 87424K, 100% used [0x00000007a0000000, 0x00000007a5560000, 0x00000007a5560000)
  from space 21824K,  17% used [0x00000007a6ab0000, 0x00000007a6e7c8f8, 0x00000007a8000000)
  to   space 21824K,   0% used [0x00000007a5560000, 0x00000007a5560000, 0x00000007a6ab0000)
 concurrent mark-sweep generation total 393216K, used 87307K [0x00000007a8000000, 0x00000007c0000000, 0x00000007c0000000)
 Metaspace       used 34257K, capacity 35186K, committed 35428K, reserved 1081344K
  class space    used 4083K, capacity 4352K, committed 4452K, reserved 1048576K
2018-04-03T13:39:41.741+0700: 22.003: [GC (Allocation Failure) 2018-04-03T13:39:41.741+0700: 22.003: [ParNew
Desired survivor size 20112992 bytes, new threshold 8 (max 8)
- age   1:     657568 bytes,     657568 total
- age   2:     274032 bytes,     931600 total
- age   3:    1278944 bytes,    2210544 total
- age   4:     202424 bytes,    2412968 total
- age   5:     267568 bytes,    2680536 total
- age   6:     727384 bytes,    3407920 total
- age   7:     267824 bytes,    3675744 total
- age   8:     174176 bytes,    3849920 total
: 91314K->3792K(109248K), 0.0040100 secs] 178622K->91393K(502464K), 0.0040705 secs] [Times: user=0.01 sys=0.00, real=0.00 secs] 
Heap after GC invocations=216 (full 1):
 par new generation   total 109248K, used 3792K [0x00000007a0000000, 0x00000007a8000000, 0x00000007a8000000)
  eden space 87424K,   0% used [0x00000007a0000000, 0x00000007a0000000, 0x00000007a5560000)
  from space 21824K,  17% used [0x00000007a5560000, 0x00000007a5914170, 0x00000007a6ab0000)
  to   space 21824K,   0% used [0x00000007a6ab0000, 0x00000007a6ab0000, 0x00000007a8000000)
 concurrent mark-sweep generation total 393216K, used 87601K [0x00000007a8000000, 0x00000007c0000000, 0x00000007c0000000)
 Metaspace       used 34257K, capacity 35186K, committed 35428K, reserved 1081344K
  class space    used 4083K, capacity 4352K, committed 4452K, reserved 1048576K
}
2018-04-03T13:39:41.745+0700: 22.007: Total time for which application threads were stopped: 0.0042106 seconds, Stopping threads took: 0.0000140 seconds
{Heap before GC invocations=216 (full 1):
 par new generation   total 109248K, used 91216K [0x00000007a0000000, 0x00000007a8000000, 0x00000007a8000000)
  eden space 87424K, 100% used [0x00000007a0000000, 0x00000007a5560000, 0x00000007a5560000)
  from space 21824K,  17% used [0x00000007a5560000, 0x00000007a5914170, 0x00000007a6ab0000)
  to   space 21824K,   0% used [0x00000007a6ab0000, 0x00000007a6ab0000, 0x00000007a8000000)
 concurrent mark-sweep generation total 393216K, used 87601K [0x00000007a8000000, 0x00000007c0000000, 0x00000007c0000000)
 Metaspace       used 34257K, capacity 35186K, committed 35428K, reserved 1081344K
  class space    used 4083K, capacity 4352K, committed 4452K, reserved 1048576K
2018-04-03T13:39:41.771+0700: 22.033: [GC (Allocation Failure) 2018-04-03T13:39:41.771+0700: 22.033: [ParNew
Desired survivor size 20112992 bytes, new threshold 8 (max 8)
- age   1:    1586584 bytes,    1586584 total
- age   2:     570544 bytes,    2157128 total
- age   3:     274032 bytes,    2431160 total
- age   4:     169424 bytes,    2600584 total
- age   5:     202424 bytes,    2803008 total
- age   6:     267568 bytes,    3070576 total
- age   7:     727384 bytes,    3797960 total
- age   8:     267824 bytes,    4065784 total
: 91216K->3991K(109248K), 0.0045504 secs] 178817K->91762K(502464K), 0.0046176 secs] [Times: user=0.01 sys=0.00, real=0.00 secs] 
Heap after GC invocations=217 (full 1):
 par new generation   total 109248K, used 3991K [0x00000007a0000000, 0x00000007a8000000, 0x00000007a8000000)
  eden space 87424K,   0% used [0x00000007a0000000, 0x00000007a0000000, 0x00000007a5560000)
  from space 21824K,  18% used [0x00000007a6ab0000, 0x00000007a6e95cd0, 0x00000007a8000000)
  to   space 21824K,   0% used [0x00000007a5560000, 0x00000007a5560000, 0x00000007a6ab0000)
 concurrent mark-sweep generation total 393216K, used 87771K [0x00000007a8000000, 0x00000007c0000000, 0x00000007c0000000)
 Metaspace       used 34257K, capacity 35186K, committed 35428K, reserved 1081344K
  class space    used 4083K, capacity 4352K, committed 4452K, reserved 1048576K
}
2018-04-03T13:39:41.775+0700: 22.037: Total time for which application threads were stopped: 0.0047568 seconds, Stopping threads took: 0.0000154 seconds
{Heap before GC invocations=217 (full 1):
 par new generation   total 109248K, used 91415K [0x00000007a0000000, 0x00000007a8000000, 0x00000007a8000000)
  eden space 87424K, 100% used [0x00000007a0000000, 0x00000007a5560000, 0x00000007a5560000)
  from space 21824K,  18% used [0x00000007a6ab0000, 0x00000007a6e95cd0, 0x00000007a8000000)
  to   space 21824K,   0% used [0x00000007a5560000, 0x00000007a5560000, 0x00000007a6ab0000)
 concurrent mark-sweep generation total 393216K, used 87771K [0x00000007a8000000, 0x00000007c0000000, 0x00000007c0000000)
 Metaspace       used 34257K, capacity 35186K, committed 35428K, reserved 1081344K
  class space    used 4083K, capacity 4352K, committed 4452K, reserved 1048576K
2018-04-03T13:39:41.801+0700: 22.063: [GC (Allocation Failure) 2018-04-03T13:39:41.801+0700: 22.063: [ParNew
Desired survivor size 20112992 bytes, new threshold 8 (max 8)
- age   1:     276712 bytes,     276712 total
- age   2:    1450464 bytes,    1727176 total
- age   3:     570240 bytes,    2297416 total
- age   4:     273776 bytes,    2571192 total
- age   5:     169424 bytes,    2740616 total
- age   6:     202424 bytes,    2943040 total
- age   7:     267568 bytes,    3210608 total
- age   8:     727384 bytes,    3937992 total
: 91415K->3877K(109248K), 0.0042315 secs] 179186K->91910K(502464K), 0.0042958 secs] [Times: user=0.02 sys=0.00, real=0.00 secs] 
Heap after GC invocations=218 (full 1):
 par new generation   total 109248K, used 3877K [0x00000007a0000000, 0x00000007a8000000, 0x00000007a8000000)
  eden space 87424K,   0% used [0x00000007a0000000, 0x00000007a0000000, 0x00000007a5560000)
  from space 21824K,  17% used [0x00000007a5560000, 0x00000007a59294f8, 0x00000007a6ab0000)
  to   space 21824K,   0% used [0x00000007a6ab0000, 0x00000007a6ab0000, 0x00000007a8000000)
 concurrent mark-sweep generation total 393216K, used 88032K [0x00000007a8000000, 0x00000007c0000000, 0x00000007c0000000)
 Metaspace       used 34257K, capacity 35186K, committed 35428K, reserved 1081344K
  class space    used 4083K, capacity 4352K, committed 4452K, reserved 1048576K
}
2018-04-03T13:39:41.806+0700: 22.068: Total time for which application threads were stopped: 0.0044378 seconds, Stopping threads took: 0.0000143 seconds
{Heap before GC invocations=218 (full 1):
 par new generation   total 109248K, used 91301K [0x00000007a0000000, 0x00000007a8000000, 0x00000007a8000000)
  eden space 87424K, 100% used [0x00000007a0000000, 0x00000007a5560000, 0x00000007a5560000)
  from space 21824K,  17% used [0x00000007a5560000, 0x00000007a59294f8, 0x00000007a6ab0000)
  to   space 21824K,   0% used [0x00000007a6ab0000, 0x00000007a6ab0000, 0x00000007a8000000)
 concurrent mark-sweep generation total 393216K, used 88032K [0x00000007a8000000, 0x00000007c0000000, 0x00000007c0000000)
 Metaspace       used 34257K, capacity 35186K, committed 35428K, reserved 1081344K
  class space    used 4083K, capacity 4352K, committed 4452K, reserved 1048576K
2018-04-03T13:39:41.831+0700: 22.093: [GC (Allocation Failure) 2018-04-03T13:39:41.831+0700: 22.093: [ParNew
Desired survivor size 20112992 bytes, new threshold 8 (max 8)
- age   1:    2113216 bytes,    2113216 total
- age   2:     203144 bytes,    2316360 total
- age   3:     202296 bytes,    2518656 total
- age   4:     169344 bytes,    2688000 total
- age   5:     272272 bytes,    2960272 total
- age   6:     169424 bytes,    3129696 total
- age   7:     202424 bytes,    3332120 total
- age   8:     267568 bytes,    3599688 total
: 91301K->3532K(109248K), 0.0039357 secs] 179334K->92275K(502464K), 0.0039987 secs] [Times: user=0.01 sys=0.00, real=0.00 secs] 
Heap after GC invocations=219 (full 1):
 par new generation   total 109248K, used 3532K [0x00000007a0000000, 0x00000007a8000000, 0x00000007a8000000)
  eden space 87424K,   0% used [0x00000007a0000000, 0x00000007a0000000, 0x00000007a5560000)
  from space 21824K,  16% used [0x00000007a6ab0000, 0x00000007a6e232f0, 0x00000007a8000000)
  to   space 21824K,   0% used [0x00000007a5560000, 0x00000007a5560000, 0x00000007a6ab0000)
 concurrent mark-sweep generation total 393216K, used 88743K [0x00000007a8000000, 0x00000007c0000000, 0x00000007c0000000)
 Metaspace       used 34257K, capacity 35186K, committed 35428K, reserved 1081344K
  class space    used 4083K, capacity 4352K, committed 4452K, reserved 1048576K
}
2018-04-03T13:39:41.835+0700: 22.097: Total time for which application threads were stopped: 0.0041437 seconds, Stopping threads took: 0.0000161 seconds
{Heap before GC invocations=219 (full 1):
 par new generation   total 109248K, used 90956K [0x00000007a0000000, 0x00000007a8000000, 0x00000007a8000000)
  eden space 87424K, 100% used [0x00000007a0000000, 0x00000007a5560000, 0x00000007a5560000)
  from space 21824K,  16% used [0x00000007a6ab0000, 0x00000007a6e232f0, 0x00000007a8000000)
  to   space 21824K,   0% used [0x00000007a5560000, 0x00000007a5560000, 0x00000007a6ab0000)
 concurrent mark-sweep generation total 393216K, used 88743K [0x00000007a8000000, 0x00000007c0000000, 0x00000007c0000000)
 Metaspace       used 34257K, capacity 35186K, committed 35428K, reserved 1081344K
  class space    used 4083K, capacity 4352K, committed 4452K, reserved 1048576K
2018-04-03T13:39:41.865+0700: 22.127: [GC (Allocation Failure) 2018-04-03T13:39:41.865+0700: 22.127: [ParNew
Desired survivor size 20112992 bytes, new threshold 8 (max 8)
- age   1:     311320 bytes,     311320 total
- age   2:    2027000 bytes,    2338320 total
- age   3:     203144 bytes,    2541464 total
- age   4:     202296 bytes,    2743760 total
- age   5:     169344 bytes,    2913104 total
- age   6:     272272 bytes,    3185376 total
- age   7:     169424 bytes,    3354800 total
- age   8:     202424 bytes,    3557224 total
: 90956K->3483K(109248K), 0.0042541 secs] 179699K->92487K(502464K), 0.0043260 secs] [Times: user=0.01 sys=0.00, real=0.01 secs] 
Heap after GC invocations=220 (full 1):
 par new generation   total 109248K, used 3483K [0x00000007a0000000, 0x00000007a8000000, 0x00000007a8000000)
  eden space 87424K,   0% used [0x00000007a0000000, 0x00000007a0000000, 0x00000007a5560000)
  from space 21824K,  15% used [0x00000007a5560000, 0x00000007a58c6c18, 0x00000007a6ab0000)
  to   space 21824K,   0% used [0x00000007a6ab0000, 0x00000007a6ab0000, 0x00000007a8000000)
 concurrent mark-sweep generation total 393216K, used 89004K [0x00000007a8000000, 0x00000007c0000000, 0x00000007c0000000)
 Metaspace       used 34257K, capacity 35186K, committed 35428K, reserved 1081344K
  class space    used 4083K, capacity 4352K, committed 4452K, reserved 1048576K
}
2018-04-03T13:39:41.870+0700: 22.132: Total time for which application threads were stopped: 0.0044826 seconds, Stopping threads took: 0.0000170 seconds
{Heap before GC invocations=220 (full 1):
 par new generation   total 109248K, used 90907K [0x00000007a0000000, 0x00000007a8000000, 0x00000007a8000000)
  eden space 87424K, 100% used [0x00000007a0000000, 0x00000007a5560000, 0x00000007a5560000)
  from space 21824K,  15% used [0x00000007a5560000, 0x00000007a58c6c18, 0x00000007a6ab0000)
  to   space 21824K,   0% used [0x00000007a6ab0000, 0x00000007a6ab0000, 0x00000007a8000000)
 concurrent mark-sweep generation total 393216K, used 89004K [0x00000007a8000000, 0x00000007c0000000, 0x00000007c0000000)
 Metaspace       used 34257K, capacity 35186K, committed 35428K, reserved 1081344K
  class space    used 4083K, capacity 4352K, committed 4452K, reserved 1048576K
2018-04-03T13:39:41.901+0700: 22.162: [GC (Allocation Failure) 2018-04-03T13:39:41.901+0700: 22.162: [ParNew
Desired survivor size 20112992 bytes, new threshold 8 (max 8)
- age   1:     319920 bytes,     319920 total
- age   2:     169440 bytes,     489360 total
- age   3:    2027000 bytes,    2516360 total
- age   4:     202512 bytes,    2718872 total
- age   5:     202296 bytes,    2921168 total
- age   6:     169344 bytes,    3090512 total
- age   7:     272272 bytes,    3362784 total
- age   8:     169424 bytes,    3532208 total
: 90907K->3458K(109248K), 0.0045872 secs] 179911K->92660K(502464K), 0.0046530 secs] [Times: user=0.02 sys=0.00, real=0.00 secs] 
Heap after GC invocations=221 (full 1):
 par new generation   total 109248K, used 3458K [0x00000007a0000000, 0x00000007a8000000, 0x00000007a8000000)
  eden space 87424K,   0% used [0x00000007a0000000, 0x00000007a0000000, 0x00000007a5560000)
  from space 21824K,  15% used [0x00000007a6ab0000, 0x00000007a6e10b18, 0x00000007a8000000)
  to   space 21824K,   0% used [0x00000007a5560000, 0x00000007a5560000, 0x00000007a6ab0000)
 concurrent mark-sweep generation total 393216K, used 89202K [0x00000007a8000000, 0x00000007c0000000, 0x00000007c0000000)
 Metaspace       used 34257K, capacity 35186K, committed 35428K, reserved 1081344K
  class space    used 4083K, capacity 4352K, committed 4452K, reserved 1048576K
}
2018-04-03T13:39:41.905+0700: 22.167: Total time for which application threads were stopped: 0.0048066 seconds, Stopping threads took: 0.0000171 seconds
{Heap before GC invocations=221 (full 1):
 par new generation   total 109248K, used 90882K [0x00000007a0000000, 0x00000007a8000000, 0x00000007a8000000)
  eden space 87424K, 100% used [0x00000007a0000000, 0x00000007a5560000, 0x00000007a5560000)
  from space 21824K,  15% used [0x00000007a6ab0000, 0x00000007a6e10b18, 0x00000007a8000000)
  to   space 21824K,   0% used [0x00000007a5560000, 0x00000007a5560000, 0x00000007a6ab0000)
 concurrent mark-sweep generation total 393216K, used 89202K [0x00000007a8000000, 0x00000007c0000000, 0x00000007c0000000)
 Metaspace       used 34257K, capacity 35186K, committed 35428K, reserved 1081344K
  class space    used 4083K, capacity 4352K, committed 4452K, reserved 1048576K
2018-04-03T13:39:41.931+0700: 22.193: [GC (Allocation Failure) 2018-04-03T13:39:41.931+0700: 22.193: [ParNew
Desired survivor size 20112992 bytes, new threshold 8 (max 8)
- age   1:    2380736 bytes,    2380736 total
- age   2:     240336 bytes,    2621072 total
- age   3:     169440 bytes,    2790512 total
- age   4:     170024 bytes,    2960536 total
- age   5:     202512 bytes,    3163048 total
- age   6:     202296 bytes,    3365344 total
- age   7:     169344 bytes,    3534688 total
- age   8:     272272 bytes,    3806960 total
: 90882K->3739K(109248K), 0.0041562 secs] 180084K->93107K(502464K), 0.0042238 secs] [Times: user=0.01 sys=0.01, real=0.00 secs] 
Heap after GC invocations=222 (full 1):
 par new generation   total 109248K, used 3739K [0x00000007a0000000, 0x00000007a8000000, 0x00000007a8000000)
  eden space 87424K,   0% used [0x00000007a0000000, 0x00000007a0000000, 0x00000007a5560000)
  from space 21824K,  17% used [0x00000007a5560000, 0x00000007a5906f28, 0x00000007a6ab0000)
  to   space 21824K,   0% used [0x00000007a6ab0000, 0x00000007a6ab0000, 0x00000007a8000000)
 concurrent mark-sweep generation total 393216K, used 89367K [0x00000007a8000000, 0x00000007c0000000, 0x00000007c0000000)
 Metaspace       used 34257K, capacity 35186K, committed 35428K, reserved 1081344K
  class space    used 4083K, capacity 4352K, committed 4452K, reserved 1048576K
}
2018-04-03T13:39:41.935+0700: 22.197: Total time for which application threads were stopped: 0.0043732 seconds, Stopping threads took: 0.0000151 seconds
{Heap before GC invocations=222 (full 1):
 par new generation   total 109248K, used 91163K [0x00000007a0000000, 0x00000007a8000000, 0x00000007a8000000)
  eden space 87424K, 100% used [0x00000007a0000000, 0x00000007a5560000, 0x00000007a5560000)
  from space 21824K,  17% used [0x00000007a5560000, 0x00000007a5906f28, 0x00000007a6ab0000)
  to   space 21824K,   0% used [0x00000007a6ab0000, 0x00000007a6ab0000, 0x00000007a8000000)
 concurrent mark-sweep generation total 393216K, used 89367K [0x00000007a8000000, 0x00000007c0000000, 0x00000007c0000000)
 Metaspace       used 34257K, capacity 35186K, committed 35428K, reserved 1081344K
  class space    used 4083K, capacity 4352K, committed 4452K, reserved 1048576K
2018-04-03T13:39:41.963+0700: 22.225: [GC (Allocation Failure) 2018-04-03T13:39:41.963+0700: 22.225: [ParNew
Desired survivor size 20112992 bytes, new threshold 8 (max 8)
- age   1:     576792 bytes,     576792 total
- age   2:    2290792 bytes,    2867584 total
- age   3:     240336 bytes,    3107920 total
- age   4:     169440 bytes,    3277360 total
- age   5:     170024 bytes,    3447384 total
- age   6:     202512 bytes,    3649896 total
- age   7:     202296 bytes,    3852192 total
- age   8:     169344 bytes,    4021536 total
: 91163K->3932K(109248K), 0.0037844 secs] 180531K->93565K(502464K), 0.0038517 secs] [Times: user=0.01 sys=0.00, real=0.00 secs] 
Heap after GC invocations=223 (full 1):
 par new generation   total 109248K, used 3932K [0x00000007a0000000, 0x00000007a8000000, 0x00000007a8000000)
  eden space 87424K,   0% used [0x00000007a0000000, 0x00000007a0000000, 0x00000007a5560000)
  from space 21824K,  18% used [0x00000007a6ab0000, 0x00000007a6e870b8, 0x00000007a8000000)
  to   space 21824K,   0% used [0x00000007a5560000, 0x00000007a5560000, 0x00000007a6ab0000)
 concurrent mark-sweep generation total 393216K, used 89633K [0x00000007a8000000, 0x00000007c0000000, 0x00000007c0000000)
 Metaspace       used 34257K, capacity 35186K, committed 35428K, reserved 1081344K
  class space    used 4083K, capacity 4352K, committed 4452K, reserved 1048576K
}
2018-04-03T13:39:41.967+0700: 22.229: Total time for which application threads were stopped: 0.0039974 seconds, Stopping threads took: 0.0000155 seconds
{Heap before GC invocations=223 (full 1):
 par new generation   total 109248K, used 91356K [0x00000007a0000000, 0x00000007a8000000, 0x00000007a8000000)
  eden space 87424K, 100% used [0x00000007a0000000, 0x00000007a5560000, 0x00000007a5560000)
  from space 21824K,  18% used [0x00000007a6ab0000, 0x00000007a6e870b8, 0x00000007a8000000)
  to   space 21824K,   0% used [0x00000007a5560000, 0x00000007a5560000, 0x00000007a6ab0000)
 concurrent mark-sweep generation total 393216K, used 89633K [0x00000007a8000000, 0x00000007c0000000, 0x00000007c0000000)
 Metaspace       used 34257K, capacity 35186K, committed 35428K, reserved 1081344K
  class space    used 4083K, capacity 4352K, committed 4452K, reserved 1048576K
2018-04-03T13:39:41.994+0700: 22.255: [GC (Allocation Failure) 2018-04-03T13:39:41.994+0700: 22.255: [ParNew
Desired survivor size 20112992 bytes, new threshold 8 (max 8)
- age   1:     317160 bytes,     317160 total
- age   2:     464944 bytes,     782104 total
- age   3:    2290792 bytes,    3072896 total
- age   4:     239616 bytes,    3312512 total
- age   5:     169440 bytes,    3481952 total
- age   6:     170024 bytes,    3651976 total
- age   7:     202512 bytes,    3854488 total
- age   8:     202296 bytes,    4056784 total
: 91356K->3982K(109248K), 0.0053038 secs] 180989K->93781K(502464K), 0.0053737 secs] [Times: user=0.01 sys=0.00, real=0.00 secs] 
Heap after GC invocations=224 (full 1):
 par new generation   total 109248K, used 3982K [0x00000007a0000000, 0x00000007a8000000, 0x00000007a8000000)
  eden space 87424K,   0% used [0x00000007a0000000, 0x00000007a0000000, 0x00000007a5560000)
  from space 21824K,  18% used [0x00000007a5560000, 0x00000007a5943828, 0x00000007a6ab0000)
  to   space 21824K,   0% used [0x00000007a6ab0000, 0x00000007a6ab0000, 0x00000007a8000000)
 concurrent mark-sweep generation total 393216K, used 89798K [0x00000007a8000000, 0x00000007c0000000, 0x00000007c0000000)
 Metaspace       used 34257K, capacity 35186K, committed 35428K, reserved 1081344K
  class space    used 4083K, capacity 4352K, committed 4452K, reserved 1048576K
}
2018-04-03T13:39:41.999+0700: 22.261: Total time for which application threads were stopped: 0.0055225 seconds, Stopping threads took: 0.0000155 seconds
{Heap before GC invocations=224 (full 1):
 par new generation   total 109248K, used 91406K [0x00000007a0000000, 0x00000007a8000000, 0x00000007a8000000)
  eden space 87424K, 100% used [0x00000007a0000000, 0x00000007a5560000, 0x00000007a5560000)
  from space 21824K,  18% used [0x00000007a5560000, 0x00000007a5943828, 0x00000007a6ab0000)
  to   space 21824K,   0% used [0x00000007a6ab0000, 0x00000007a6ab0000, 0x00000007a8000000)
 concurrent mark-sweep generation total 393216K, used 89798K [0x00000007a8000000, 0x00000007c0000000, 0x00000007c0000000)
 Metaspace       used 34257K, capacity 35186K, committed 35428K, reserved 1081344K
  class space    used 4083K, capacity 4352K, committed 4452K, reserved 1048576K
2018-04-03T13:39:42.030+0700: 22.292: [GC (Allocation Failure) 2018-04-03T13:39:42.030+0700: 22.292: [ParNew
Desired survivor size 20112992 bytes, new threshold 8 (max 8)
- age   1:    3117432 bytes,    3117432 total
- age   2:     203016 bytes,    3320448 total
- age   3:     464944 bytes,    3785392 total
- age   4:     711040 bytes,    4496432 total
- age   5:     239616 bytes,    4736048 total
- age   6:     169440 bytes,    4905488 total
- age   7:     170024 bytes,    5075512 total
- age   8:     202512 bytes,    5278024 total
: 91406K->5162K(109248K), 0.0040026 secs] 181205K->95159K(502464K), 0.0040655 secs] [Times: user=0.02 sys=0.00, real=0.00 secs] 
Heap after GC invocations=225 (full 1):
 par new generation   total 109248K, used 5162K [0x00000007a0000000, 0x00000007a8000000, 0x00000007a8000000)
  eden space 87424K,   0% used [0x00000007a0000000, 0x00000007a0000000, 0x00000007a5560000)
  from space 21824K,  23% used [0x00000007a6ab0000, 0x00000007a6fbaaa0, 0x00000007a8000000)
  to   space 21824K,   0% used [0x00000007a5560000, 0x00000007a5560000, 0x00000007a6ab0000)
 concurrent mark-sweep generation total 393216K, used 89996K [0x00000007a8000000, 0x00000007c0000000, 0x00000007c0000000)
 Metaspace       used 34257K, capacity 35186K, committed 35428K, reserved 1081344K
  class space    used 4083K, capacity 4352K, committed 4452K, reserved 1048576K
}
2018-04-03T13:39:42.034+0700: 22.296: Total time for which application threads were stopped: 0.0042079 seconds, Stopping threads took: 0.0000154 seconds
{Heap before GC invocations=225 (full 1):
 par new generation   total 109248K, used 92586K [0x00000007a0000000, 0x00000007a8000000, 0x00000007a8000000)
  eden space 87424K, 100% used [0x00000007a0000000, 0x00000007a5560000, 0x00000007a5560000)
  from space 21824K,  23% used [0x00000007a6ab0000, 0x00000007a6fbaaa0, 0x00000007a8000000)
  to   space 21824K,   0% used [0x00000007a5560000, 0x00000007a5560000, 0x00000007a6ab0000)
 concurrent mark-sweep generation total 393216K, used 89996K [0x00000007a8000000, 0x00000007c0000000, 0x00000007c0000000)
 Metaspace       used 34257K, capacity 35186K, committed 35428K, reserved 1081344K
  class space    used 4083K, capacity 4352K, committed 4452K, reserved 1048576K
2018-04-03T13:39:42.060+0700: 22.322: [GC (Allocation Failure) 2018-04-03T13:39:42.060+0700: 22.322: [ParNew
Desired survivor size 20112992 bytes, new threshold 8 (max 8)
- age   1:     348856 bytes,     348856 total
- age   2:    2995856 bytes,    3344712 total
- age   3:     203016 bytes,    3547728 total
- age   4:     464944 bytes,    4012672 total
- age   5:     709376 bytes,    4722048 total
- age   6:     239616 bytes,    4961664 total
- age   7:     169344 bytes,    5131008 total
- age   8:     170024 bytes,    5301032 total
: 92586K->5197K(109248K), 0.0039759 secs] 182583K->95391K(502464K), 0.0040429 secs] [Times: user=0.01 sys=0.00, real=0.00 secs] 
Heap after GC invocations=226 (full 1):
 par new generation   total 109248K, used 5197K [0x00000007a0000000, 0x00000007a8000000, 0x00000007a8000000)
  eden space 87424K,   0% used [0x00000007a0000000, 0x00000007a0000000, 0x00000007a5560000)
  from space 21824K,  23% used [0x00000007a5560000, 0x00000007a5a735a0, 0x00000007a6ab0000)
  to   space 21824K,   0% used [0x00000007a6ab0000, 0x00000007a6ab0000, 0x00000007a8000000)
 concurrent mark-sweep generation total 393216K, used 90194K [0x00000007a8000000, 0x00000007c0000000, 0x00000007c0000000)
 Metaspace       used 34257K, capacity 35186K, committed 35428K, reserved 1081344K
  class space    used 4083K, capacity 4352K, committed 4452K, reserved 1048576K
}
2018-04-03T13:39:42.064+0700: 22.326: Total time for which application threads were stopped: 0.0041807 seconds, Stopping threads took: 0.0000133 seconds
{Heap before GC invocations=226 (full 1):
 par new generation   total 109248K, used 92621K [0x00000007a0000000, 0x00000007a8000000, 0x00000007a8000000)
  eden space 87424K, 100% used [0x00000007a0000000, 0x00000007a5560000, 0x00000007a5560000)
  from space 21824K,  23% used [0x00000007a5560000, 0x00000007a5a735a0, 0x00000007a6ab0000)
  to   space 21824K,   0% used [0x00000007a6ab0000, 0x00000007a6ab0000, 0x00000007a8000000)
 concurrent mark-sweep generation total 393216K, used 90194K [0x00000007a8000000, 0x00000007c0000000, 0x00000007c0000000)
 Metaspace       used 34257K, capacity 35186K, committed 35428K, reserved 1081344K
  class space    used 4083K, capacity 4352K, committed 4452K, reserved 1048576K
2018-04-03T13:39:42.090+0700: 22.351: [GC (Allocation Failure) 2018-04-03T13:39:42.090+0700: 22.351: [ParNew
Desired survivor size 20112992 bytes, new threshold 8 (max 8)
- age   1:     889128 bytes,     889128 total
- age   2:     204896 bytes,    1094024 total
- age   3:    2995856 bytes,    4089880 total
- age   4:     203016 bytes,    4292896 total
- age   5:     464944 bytes,    4757840 total
- age   6:     201744 bytes,    4959584 total
- age   7:     239616 bytes,    5199200 total
- age   8:     169344 bytes,    5368544 total
: 92621K->5270K(109248K), 0.0040268 secs] 182815K->95630K(502464K), 0.0040884 secs] [Times: user=0.01 sys=0.00, real=0.00 secs] 
Heap after GC invocations=227 (full 1):
 par new generation   total 109248K, used 5270K [0x00000007a0000000, 0x00000007a8000000, 0x00000007a8000000)
  eden space 87424K,   0% used [0x00000007a0000000, 0x00000007a0000000, 0x00000007a5560000)
  from space 21824K,  24% used [0x00000007a6ab0000, 0x00000007a6fd5930, 0x00000007a8000000)
  to   space 21824K,   0% used [0x00000007a5560000, 0x00000007a5560000, 0x00000007a6ab0000)
 concurrent mark-sweep generation total 393216K, used 90360K [0x00000007a8000000, 0x00000007c0000000, 0x00000007c0000000)
 Metaspace       used 34257K, capacity 35186K, committed 35428K, reserved 1081344K
  class space    used 4083K, capacity 4352K, committed 4452K, reserved 1048576K
}
2018-04-03T13:39:42.094+0700: 22.356: Total time for which application threads were stopped: 0.0042278 seconds, Stopping threads took: 0.0000135 seconds
{Heap before GC invocations=227 (full 1):
 par new generation   total 109248K, used 92694K [0x00000007a0000000, 0x00000007a8000000, 0x00000007a8000000)
  eden space 87424K, 100% used [0x00000007a0000000, 0x00000007a5560000, 0x00000007a5560000)
  from space 21824K,  24% used [0x00000007a6ab0000, 0x00000007a6fd5930, 0x00000007a8000000)
  to   space 21824K,   0% used [0x00000007a5560000, 0x00000007a5560000, 0x00000007a6ab0000)
 concurrent mark-sweep generation total 393216K, used 90360K [0x00000007a8000000, 0x00000007c0000000, 0x00000007c0000000)
 Metaspace       used 34257K, capacity 35186K, committed 35428K, reserved 1081344K
  class space    used 4083K, capacity 4352K, committed 4452K, reserved 1048576K
2018-04-03T13:39:42.120+0700: 22.381: [GC (Allocation Failure) 2018-04-03T13:39:42.120+0700: 22.381: [ParNew
Desired survivor size 20112992 bytes, new threshold 8 (max 8)
- age   1:    2356664 bytes,    2356664 total
- age   2:     778328 bytes,    3134992 total
- age   3:     204896 bytes,    3339888 total
- age   4:    1218632 bytes,    4558520 total
- age   5:     202208 bytes,    4760728 total
- age   6:     464944 bytes,    5225672 total
- age   7:     201744 bytes,    5427416 total
- age   8:     239616 bytes,    5667032 total
: 92694K->5542K(109248K), 0.0039863 secs] 183054K->96068K(502464K), 0.0040554 secs] [Times: user=0.02 sys=0.00, real=0.00 secs] 
Heap after GC invocations=228 (full 1):
 par new generation   total 109248K, used 5542K [0x00000007a0000000, 0x00000007a8000000, 0x00000007a8000000)
  eden space 87424K,   0% used [0x00000007a0000000, 0x00000007a0000000, 0x00000007a5560000)
  from space 21824K,  25% used [0x00000007a5560000, 0x00000007a5ac9a60, 0x00000007a6ab0000)
  to   space 21824K,   0% used [0x00000007a6ab0000, 0x00000007a6ab0000, 0x00000007a8000000)
 concurrent mark-sweep generation total 393216K, used 90525K [0x00000007a8000000, 0x00000007c0000000, 0x00000007c0000000)
 Metaspace       used 34257K, capacity 35186K, committed 35428K, reserved 1081344K
  class space    used 4083K, capacity 4352K, committed 4452K, reserved 1048576K
}
2018-04-03T13:39:42.124+0700: 22.385: Total time for which application threads were stopped: 0.0041993 seconds, Stopping threads took: 0.0000154 seconds
{Heap before GC invocations=228 (full 1):
 par new generation   total 109248K, used 92966K [0x00000007a0000000, 0x00000007a8000000, 0x00000007a8000000)
  eden space 87424K, 100% used [0x00000007a0000000, 0x00000007a5560000, 0x00000007a5560000)
  from space 21824K,  25% used [0x00000007a5560000, 0x00000007a5ac9a60, 0x00000007a6ab0000)
  to   space 21824K,   0% used [0x00000007a6ab0000, 0x00000007a6ab0000, 0x00000007a8000000)
 concurrent mark-sweep generation total 393216K, used 90525K [0x00000007a8000000, 0x00000007c0000000, 0x00000007c0000000)
 Metaspace       used 34257K, capacity 35186K, committed 35428K, reserved 1081344K
  class space    used 4083K, capacity 4352K, committed 4452K, reserved 1048576K
2018-04-03T13:39:42.149+0700: 22.411: [GC (Allocation Failure) 2018-04-03T13:39:42.149+0700: 22.411: [ParNew
Desired survivor size 20112992 bytes, new threshold 8 (max 8)
- age   1:     313104 bytes,     313104 total
- age   2:    2268232 bytes,    2581336 total
- age   3:     778328 bytes,    3359664 total
- age   4:     204896 bytes,    3564560 total
- age   5:    1218632 bytes,    4783192 total
- age   6:     202208 bytes,    4985400 total
- age   7:     464944 bytes,    5450344 total
- age   8:     201744 bytes,    5652088 total
: 92966K->5538K(109248K), 0.0041724 secs] 183492K->96298K(502464K), 0.0042411 secs] [Times: user=0.01 sys=0.00, real=0.01 secs] 
Heap after GC invocations=229 (full 1):
 par new generation   total 109248K, used 5538K [0x00000007a0000000, 0x00000007a8000000, 0x00000007a8000000)
  eden space 87424K,   0% used [0x00000007a0000000, 0x00000007a0000000, 0x00000007a5560000)
  from space 21824K,  25% used [0x00000007a6ab0000, 0x00000007a7018ac0, 0x00000007a8000000)
  to   space 21824K,   0% used [0x00000007a5560000, 0x00000007a5560000, 0x00000007a6ab0000)
 concurrent mark-sweep generation total 393216K, used 90759K [0x00000007a8000000, 0x00000007c0000000, 0x00000007c0000000)
 Metaspace       used 34257K, capacity 35186K, committed 35428K, reserved 1081344K
  class space    used 4083K, capacity 4352K, committed 4452K, reserved 1048576K
}
2018-04-03T13:39:42.153+0700: 22.415: Total time for which application threads were stopped: 0.0043875 seconds, Stopping threads took: 0.0000149 seconds
{Heap before GC invocations=229 (full 1):
 par new generation   total 109248K, used 92962K [0x00000007a0000000, 0x00000007a8000000, 0x00000007a8000000)
  eden space 87424K, 100% used [0x00000007a0000000, 0x00000007a5560000, 0x00000007a5560000)
  from space 21824K,  25% used [0x00000007a6ab0000, 0x00000007a7018ac0, 0x00000007a8000000)
  to   space 21824K,   0% used [0x00000007a5560000, 0x00000007a5560000, 0x00000007a6ab0000)
 concurrent mark-sweep generation total 393216K, used 90759K [0x00000007a8000000, 0x00000007c0000000, 0x00000007c0000000)
 Metaspace       used 34257K, capacity 35186K, committed 35428K, reserved 1081344K
  class space    used 4083K, capacity 4352K, committed 4452K, reserved 1048576K
2018-04-03T13:39:42.182+0700: 22.444: [GC (Allocation Failure) 2018-04-03T13:39:42.182+0700: 22.444: [ParNew
Desired survivor size 20112992 bytes, new threshold 8 (max 8)
- age   1:     351632 bytes,     351632 total
- age   2:     169640 bytes,     521272 total
- age   3:    2268232 bytes,    2789504 total
- age   4:     778328 bytes,    3567832 total
- age   5:     202976 bytes,    3770808 total
- age   6:    1218632 bytes,    4989440 total
- age   7:     202208 bytes,    5191648 total
- age   8:     464944 bytes,    5656592 total
: 92962K->5572K(109248K), 0.0054659 secs] 183722K->96529K(502464K), 0.0055433 secs] [Times: user=0.01 sys=0.00, real=0.00 secs] 
Heap after GC invocations=230 (full 1):
 par new generation   total 109248K, used 5572K [0x00000007a0000000, 0x00000007a8000000, 0x00000007a8000000)
  eden space 87424K,   0% used [0x00000007a0000000, 0x00000007a0000000, 0x00000007a5560000)
  from space 21824K,  25% used [0x00000007a5560000, 0x00000007a5ad1320, 0x00000007a6ab0000)
  to   space 21824K,   0% used [0x00000007a6ab0000, 0x00000007a6ab0000, 0x00000007a8000000)
 concurrent mark-sweep generation total 393216K, used 90956K [0x00000007a8000000, 0x00000007c0000000, 0x00000007c0000000)
 Metaspace       used 34257K, capacity 35186K, committed 35428K, reserved 1081344K
  class space    used 4083K, capacity 4352K, committed 4452K, reserved 1048576K
}
2018-04-03T13:39:42.187+0700: 22.449: Total time for which application threads were stopped: 0.0057190 seconds, Stopping threads took: 0.0000175 seconds
{Heap before GC invocations=230 (full 1):
 par new generation   total 109248K, used 92996K [0x00000007a0000000, 0x00000007a8000000, 0x00000007a8000000)
  eden space 87424K, 100% used [0x00000007a0000000, 0x00000007a5560000, 0x00000007a5560000)
  from space 21824K,  25% used [0x00000007a5560000, 0x00000007a5ad1320, 0x00000007a6ab0000)
  to   space 21824K,   0% used [0x00000007a6ab0000, 0x00000007a6ab0000, 0x00000007a8000000)
 concurrent mark-sweep generation total 393216K, used 90956K [0x00000007a8000000, 0x00000007c0000000, 0x00000007c0000000)
 Metaspace       used 34257K, capacity 35186K, committed 35428K, reserved 1081344K
  class space    used 4083K, capacity 4352K, committed 4452K, reserved 1048576K
2018-04-03T13:39:42.223+0700: 22.485: [GC (Allocation Failure) 2018-04-03T13:39:42.223+0700: 22.485: [ParNew
Desired survivor size 20112992 bytes, new threshold 8 (max 8)
- age   1:     273992 bytes,     273992 total
- age   2:     237440 bytes,     511432 total
- age   3:     169640 bytes,     681072 total
- age   4:    2268232 bytes,    2949304 total
- age   5:     778016 bytes,    3727320 total
- age   6:     202864 bytes,    3930184 total
- age   7:    1218632 bytes,    5148816 total
- age   8:     202208 bytes,    5351024 total
: 92996K->5236K(109248K), 0.0039586 secs] 183953K->96647K(502464K), 0.0040249 secs] [Times: user=0.01 sys=0.00, real=0.00 secs] 
Heap after GC invocations=231 (full 1):
 par new generation   total 109248K, used 5236K [0x00000007a0000000, 0x00000007a8000000, 0x00000007a8000000)
  eden space 87424K,   0% used [0x00000007a0000000, 0x00000007a0000000, 0x00000007a5560000)
  from space 21824K,  23% used [0x00000007a6ab0000, 0x00000007a6fcd170, 0x00000007a8000000)
  to   space 21824K,   0% used [0x00000007a5560000, 0x00000007a5560000, 0x00000007a6ab0000)
 concurrent mark-sweep generation total 393216K, used 91410K [0x00000007a8000000, 0x00000007c0000000, 0x00000007c0000000)
 Metaspace       used 34257K, capacity 35186K, committed 35428K, reserved 1081344K
  class space    used 4083K, capacity 4352K, committed 4452K, reserved 1048576K
}
2018-04-03T13:39:42.227+0700: 22.489: Total time for which application threads were stopped: 0.0041782 seconds, Stopping threads took: 0.0000170 seconds
{Heap before GC invocations=231 (full 1):
 par new generation   total 109248K, used 92660K [0x00000007a0000000, 0x00000007a8000000, 0x00000007a8000000)
  eden space 87424K, 100% used [0x00000007a0000000, 0x00000007a5560000, 0x00000007a5560000)
  from space 21824K,  23% used [0x00000007a6ab0000, 0x00000007a6fcd170, 0x00000007a8000000)
  to   space 21824K,   0% used [0x00000007a5560000, 0x00000007a5560000, 0x00000007a6ab0000)
 concurrent mark-sweep generation total 393216K, used 91410K [0x00000007a8000000, 0x00000007c0000000, 0x00000007c0000000)
 Metaspace       used 34257K, capacity 35186K, committed 35428K, reserved 1081344K
  class space    used 4083K, capacity 4352K, committed 4452K, reserved 1048576K
2018-04-03T13:39:42.253+0700: 22.515: [GC (Allocation Failure) 2018-04-03T13:39:42.253+0700: 22.515: [ParNew
Desired survivor size 20112992 bytes, new threshold 8 (max 8)
- age   1:    2631400 bytes,    2631400 total
- age   2:     170120 bytes,    2801520 total
- age   3:     237440 bytes,    3038960 total
- age   4:     169640 bytes,    3208600 total
- age   5:     267952 bytes,    3476552 total
- age   6:     778016 bytes,    4254568 total
- age   7:     202864 bytes,    4457432 total
- age   8:    1218632 bytes,    5676064 total
: 92660K->5565K(109248K), 0.0050091 secs] 184071K->97173K(502464K), 0.0050737 secs] [Times: user=0.02 sys=0.00, real=0.00 secs] 
Heap after GC invocations=232 (full 1):
 par new generation   total 109248K, used 5565K [0x00000007a0000000, 0x00000007a8000000, 0x00000007a8000000)
  eden space 87424K,   0% used [0x00000007a0000000, 0x00000007a0000000, 0x00000007a5560000)
  from space 21824K,  25% used [0x00000007a5560000, 0x00000007a5acf468, 0x00000007a6ab0000)
  to   space 21824K,   0% used [0x00000007a6ab0000, 0x00000007a6ab0000, 0x00000007a8000000)
 concurrent mark-sweep generation total 393216K, used 91608K [0x00000007a8000000, 0x00000007c0000000, 0x00000007c0000000)
 Metaspace       used 34257K, capacity 35186K, committed 35428K, reserved 1081344K
  class space    used 4083K, capacity 4352K, committed 4452K, reserved 1048576K
}
2018-04-03T13:39:42.258+0700: 22.520: Total time for which application threads were stopped: 0.0052161 seconds, Stopping threads took: 0.0000144 seconds
{Heap before GC invocations=232 (full 1):
 par new generation   total 109248K, used 92989K [0x00000007a0000000, 0x00000007a8000000, 0x00000007a8000000)
  eden space 87424K, 100% used [0x00000007a0000000, 0x00000007a5560000, 0x00000007a5560000)
  from space 21824K,  25% used [0x00000007a5560000, 0x00000007a5acf468, 0x00000007a6ab0000)
  to   space 21824K,   0% used [0x00000007a6ab0000, 0x00000007a6ab0000, 0x00000007a8000000)
 concurrent mark-sweep generation total 393216K, used 91608K [0x00000007a8000000, 0x00000007c0000000, 0x00000007c0000000)
 Metaspace       used 34257K, capacity 35186K, committed 35428K, reserved 1081344K
  class space    used 4083K, capacity 4352K, committed 4452K, reserved 1048576K
2018-04-03T13:39:42.285+0700: 22.547: [GC (Allocation Failure) 2018-04-03T13:39:42.285+0700: 22.547: [ParNew
Desired survivor size 20112992 bytes, new threshold 8 (max 8)
- age   1:     278536 bytes,     278536 total
- age   2:    2485352 bytes,    2763888 total
- age   3:     170120 bytes,    2934008 total
- age   4:     237440 bytes,    3171448 total
- age   5:     169640 bytes,    3341088 total
- age   6:     267952 bytes,    3609040 total
- age   7:     778016 bytes,    4387056 total
- age   8:     202864 bytes,    4589920 total
: 92989K->4534K(109248K), 0.0039559 secs] 184597K->97332K(502464K), 0.0040248 secs] [Times: user=0.01 sys=0.00, real=0.00 secs] 
Heap after GC invocations=233 (full 1):
 par new generation   total 109248K, used 4534K [0x00000007a0000000, 0x00000007a8000000, 0x00000007a8000000)
  eden space 87424K,   0% used [0x00000007a0000000, 0x00000007a0000000, 0x00000007a5560000)
  from space 21824K,  20% used [0x00000007a6ab0000, 0x00000007a6f1da18, 0x00000007a8000000)
  to   space 21824K,   0% used [0x00000007a5560000, 0x00000007a5560000, 0x00000007a6ab0000)
 concurrent mark-sweep generation total 393216K, used 92798K [0x00000007a8000000, 0x00000007c0000000, 0x00000007c0000000)
 Metaspace       used 34257K, capacity 35186K, committed 35428K, reserved 1081344K
  class space    used 4083K, capacity 4352K, committed 4452K, reserved 1048576K
}
2018-04-03T13:39:42.289+0700: 22.551: Total time for which application threads were stopped: 0.0041675 seconds, Stopping threads took: 0.0000145 seconds
{Heap before GC invocations=233 (full 1):
 par new generation   total 109248K, used 91958K [0x00000007a0000000, 0x00000007a8000000, 0x00000007a8000000)
  eden space 87424K, 100% used [0x00000007a0000000, 0x00000007a5560000, 0x00000007a5560000)
  from space 21824K,  20% used [0x00000007a6ab0000, 0x00000007a6f1da18, 0x00000007a8000000)
  to   space 21824K,   0% used [0x00000007a5560000, 0x00000007a5560000, 0x00000007a6ab0000)
 concurrent mark-sweep generation total 393216K, used 92798K [0x00000007a8000000, 0x00000007c0000000, 0x00000007c0000000)
 Metaspace       used 34257K, capacity 35186K, committed 35428K, reserved 1081344K
  class space    used 4083K, capacity 4352K, committed 4452K, reserved 1048576K
2018-04-03T13:39:42.314+0700: 22.576: [GC (Allocation Failure) 2018-04-03T13:39:42.314+0700: 22.576: [ParNew
Desired survivor size 20112992 bytes, new threshold 8 (max 8)
- age   1:     312072 bytes,     312072 total
- age   2:     195208 bytes,     507280 total
- age   3:    2485352 bytes,    2992632 total
- age   4:     170120 bytes,    3162752 total
- age   5:     235296 bytes,    3398048 total
- age   6:     169640 bytes,    3567688 total
- age   7:     267952 bytes,    3835640 total
- age   8:     778016 bytes,    4613656 total
: 91958K->4519K(109248K), 0.0038446 secs] 184756K->97516K(502464K), 0.0039102 secs] [Times: user=0.01 sys=0.00, real=0.00 secs] 
Heap after GC invocations=234 (full 1):
 par new generation   total 109248K, used 4519K [0x00000007a0000000, 0x00000007a8000000, 0x00000007a8000000)
  eden space 87424K,   0% used [0x00000007a0000000, 0x00000007a0000000, 0x00000007a5560000)
  from space 21824K,  20% used [0x00000007a5560000, 0x00000007a59c9ff0, 0x00000007a6ab0000)
  to   space 21824K,   0% used [0x00000007a6ab0000, 0x00000007a6ab0000, 0x00000007a8000000)
 concurrent mark-sweep generation total 393216K, used 92996K [0x00000007a8000000, 0x00000007c0000000, 0x00000007c0000000)
 Metaspace       used 34257K, capacity 35186K, committed 35428K, reserved 1081344K
  class space    used 4083K, capacity 4352K, committed 4452K, reserved 1048576K
}
2018-04-03T13:39:42.318+0700: 22.580: Total time for which application threads were stopped: 0.0040502 seconds, Stopping threads took: 0.0000143 seconds
{Heap before GC invocations=234 (full 1):
 par new generation   total 109248K, used 91943K [0x00000007a0000000, 0x00000007a8000000, 0x00000007a8000000)
  eden space 87424K, 100% used [0x00000007a0000000, 0x00000007a5560000, 0x00000007a5560000)
  from space 21824K,  20% used [0x00000007a5560000, 0x00000007a59c9ff0, 0x00000007a6ab0000)
  to   space 21824K,   0% used [0x00000007a6ab0000, 0x00000007a6ab0000, 0x00000007a8000000)
 concurrent mark-sweep generation total 393216K, used 92996K [0x00000007a8000000, 0x00000007c0000000, 0x00000007c0000000)
 Metaspace       used 34257K, capacity 35186K, committed 35428K, reserved 1081344K
  class space    used 4083K, capacity 4352K, committed 4452K, reserved 1048576K
2018-04-03T13:39:42.344+0700: 22.606: [GC (Allocation Failure) 2018-04-03T13:39:42.344+0700: 22.606: [ParNew
Desired survivor size 20112992 bytes, new threshold 8 (max 8)
- age   1:     920120 bytes,     920120 total
- age   2:     171776 bytes,    1091896 total
- age   3:     195208 bytes,    1287104 total
- age   4:    2485352 bytes,    3772456 total
- age   5:     170120 bytes,    3942576 total
- age   6:     235296 bytes,    4177872 total
- age   7:     169640 bytes,    4347512 total
- age   8:     267952 bytes,    4615464 total
: 91943K->4548K(109248K), 0.0037217 secs] 184940K->97747K(502464K), 0.0038004 secs] [Times: user=0.01 sys=0.00, real=0.00 secs] 
Heap after GC invocations=235 (full 1):
 par new generation   total 109248K, used 4548K [0x00000007a0000000, 0x00000007a8000000, 0x00000007a8000000)
  eden space 87424K,   0% used [0x00000007a0000000, 0x00000007a0000000, 0x00000007a5560000)
  from space 21824K,  20% used [0x00000007a6ab0000, 0x00000007a6f213e0, 0x00000007a8000000)
  to   space 21824K,   0% used [0x00000007a5560000, 0x00000007a5560000, 0x00000007a6ab0000)
 concurrent mark-sweep generation total 393216K, used 93198K [0x00000007a8000000, 0x00000007c0000000, 0x00000007c0000000)
 Metaspace       used 34257K, capacity 35186K, committed 35428K, reserved 1081344K
  class space    used 4083K, capacity 4352K, committed 4452K, reserved 1048576K
}
2018-04-03T13:39:42.348+0700: 22.609: Total time for which application threads were stopped: 0.0039341 seconds, Stopping threads took: 0.0000139 seconds
{Heap before GC invocations=235 (full 1):
 par new generation   total 109248K, used 91972K [0x00000007a0000000, 0x00000007a8000000, 0x00000007a8000000)
  eden space 87424K, 100% used [0x00000007a0000000, 0x00000007a5560000, 0x00000007a5560000)
  from space 21824K,  20% used [0x00000007a6ab0000, 0x00000007a6f213e0, 0x00000007a8000000)
  to   space 21824K,   0% used [0x00000007a5560000, 0x00000007a5560000, 0x00000007a6ab0000)
 concurrent mark-sweep generation total 393216K, used 93198K [0x00000007a8000000, 0x00000007c0000000, 0x00000007c0000000)
 Metaspace       used 34257K, capacity 35186K, committed 35428K, reserved 1081344K
  class space    used 4083K, capacity 4352K, committed 4452K, reserved 1048576K
2018-04-03T13:39:42.374+0700: 22.635: [GC (Allocation Failure) 2018-04-03T13:39:42.374+0700: 22.635: [ParNew
Desired survivor size 20112992 bytes, new threshold 8 (max 8)
- age   1:    2882816 bytes,    2882816 total
- age   2:     779128 bytes,    3661944 total
- age   3:     171776 bytes,    3833720 total
- age   4:     195208 bytes,    4028928 total
- age   5:     235512 bytes,    4264440 total
- age   6:     170120 bytes,    4434560 total
- age   7:     235296 bytes,    4669856 total
- age   8:     169640 bytes,    4839496 total
: 91972K->4744K(109248K), 0.0045784 secs] 185171K->98204K(502464K), 0.0046443 secs] [Times: user=0.02 sys=0.00, real=0.00 secs] 
Heap after GC invocations=236 (full 1):
 par new generation   total 109248K, used 4744K [0x00000007a0000000, 0x00000007a8000000, 0x00000007a8000000)
  eden space 87424K,   0% used [0x00000007a0000000, 0x00000007a0000000, 0x00000007a5560000)
  from space 21824K,  21% used [0x00000007a5560000, 0x00000007a5a02150, 0x00000007a6ab0000)
  to   space 21824K,   0% used [0x00000007a6ab0000, 0x00000007a6ab0000, 0x00000007a8000000)
 concurrent mark-sweep generation total 393216K, used 93460K [0x00000007a8000000, 0x00000007c0000000, 0x00000007c0000000)
 Metaspace       used 34257K, capacity 35186K, committed 35428K, reserved 1081344K
  class space    used 4083K, capacity 4352K, committed 4452K, reserved 1048576K
}
2018-04-03T13:39:42.378+0700: 22.640: Total time for which application threads were stopped: 0.0047849 seconds, Stopping threads took: 0.0000148 seconds
{Heap before GC invocations=236 (full 1):
 par new generation   total 109248K, used 92168K [0x00000007a0000000, 0x00000007a8000000, 0x00000007a8000000)
  eden space 87424K, 100% used [0x00000007a0000000, 0x00000007a5560000, 0x00000007a5560000)
  from space 21824K,  21% used [0x00000007a5560000, 0x00000007a5a02150, 0x00000007a6ab0000)
  to   space 21824K,   0% used [0x00000007a6ab0000, 0x00000007a6ab0000, 0x00000007a8000000)
 concurrent mark-sweep generation total 393216K, used 93460K [0x00000007a8000000, 0x00000007c0000000, 0x00000007c0000000)
 Metaspace       used 34257K, capacity 35186K, committed 35428K, reserved 1081344K
  class space    used 4083K, capacity 4352K, committed 4452K, reserved 1048576K
2018-04-03T13:39:42.405+0700: 22.667: [GC (Allocation Failure) 2018-04-03T13:39:42.405+0700: 22.667: [ParNew
Desired survivor size 20112992 bytes, new threshold 8 (max 8)
- age   1:     247944 bytes,     247944 total
- age   2:    2766288 bytes,    3014232 total
- age   3:     779128 bytes,    3793360 total
- age   4:     171776 bytes,    3965136 total
- age   5:     195208 bytes,    4160344 total
- age   6:     235040 bytes,    4395384 total
- age   7:     169992 bytes,    4565376 total
- age   8:     235296 bytes,    4800672 total
: 92168K->4702K(109248K), 0.0043835 secs] 185628K->98328K(502464K), 0.0044514 secs] [Times: user=0.01 sys=0.00, real=0.01 secs] 
Heap after GC invocations=237 (full 1):
 par new generation   total 109248K, used 4702K [0x00000007a0000000, 0x00000007a8000000, 0x00000007a8000000)
  eden space 87424K,   0% used [0x00000007a0000000, 0x00000007a0000000, 0x00000007a5560000)
  from space 21824K,  21% used [0x00000007a6ab0000, 0x00000007a6f47aa0, 0x00000007a8000000)
  to   space 21824K,   0% used [0x00000007a5560000, 0x00000007a5560000, 0x00000007a6ab0000)
 concurrent mark-sweep generation total 393216K, used 93626K [0x00000007a8000000, 0x00000007c0000000, 0x00000007c0000000)
 Metaspace       used 34257K, capacity 35186K, committed 35428K, reserved 1081344K
  class space    used 4083K, capacity 4352K, committed 4452K, reserved 1048576K
}
2018-04-03T13:39:42.410+0700: 22.671: Total time for which application threads were stopped: 0.0046164 seconds, Stopping threads took: 0.0000342 seconds
{Heap before GC invocations=237 (full 1):
 par new generation   total 109248K, used 92126K [0x00000007a0000000, 0x00000007a8000000, 0x00000007a8000000)
  eden space 87424K, 100% used [0x00000007a0000000, 0x00000007a5560000, 0x00000007a5560000)
  from space 21824K,  21% used [0x00000007a6ab0000, 0x00000007a6f47aa0, 0x00000007a8000000)
  to   space 21824K,   0% used [0x00000007a5560000, 0x00000007a5560000, 0x00000007a6ab0000)
 concurrent mark-sweep generation total 393216K, used 93626K [0x00000007a8000000, 0x00000007c0000000, 0x00000007c0000000)
 Metaspace       used 34257K, capacity 35186K, committed 35428K, reserved 1081344K
  class space    used 4083K, capacity 4352K, committed 4452K, reserved 1048576K
2018-04-03T13:39:42.436+0700: 22.698: [GC (Allocation Failure) 2018-04-03T13:39:42.436+0700: 22.698: [ParNew
Desired survivor size 20112992 bytes, new threshold 8 (max 8)
- age   1:     322288 bytes,     322288 total
- age   2:     137536 bytes,     459824 total
- age   3:    2766288 bytes,    3226112 total
- age   4:     779128 bytes,    4005240 total
- age   5:     171776 bytes,    4177016 total
- age   6:     195208 bytes,    4372224 total
- age   7:     235040 bytes,    4607264 total
- age   8:     169640 bytes,    4776904 total
: 92126K->4685K(109248K), 0.0050766 secs] 185752K->98541K(502464K), 0.0051370 secs] [Times: user=0.02 sys=0.00, real=0.01 secs] 
Heap after GC invocations=238 (full 1):
 par new generation   total 109248K, used 4685K [0x00000007a0000000, 0x00000007a8000000, 0x00000007a8000000)
  eden space 87424K,   0% used [0x00000007a0000000, 0x00000007a0000000, 0x00000007a5560000)
  from space 21824K,  21% used [0x00000007a5560000, 0x00000007a59f3470, 0x00000007a6ab0000)
  to   space 21824K,   0% used [0x00000007a6ab0000, 0x00000007a6ab0000, 0x00000007a8000000)
 concurrent mark-sweep generation total 393216K, used 93856K [0x00000007a8000000, 0x00000007c0000000, 0x00000007c0000000)
 Metaspace       used 34257K, capacity 35186K, committed 35428K, reserved 1081344K
  class space    used 4083K, capacity 4352K, committed 4452K, reserved 1048576K
}
2018-04-03T13:39:42.441+0700: 22.703: Total time for which application threads were stopped: 0.0052807 seconds, Stopping threads took: 0.0000149 seconds
{Heap before GC invocations=238 (full 1):
 par new generation   total 109248K, used 92109K [0x00000007a0000000, 0x00000007a8000000, 0x00000007a8000000)
  eden space 87424K, 100% used [0x00000007a0000000, 0x00000007a5560000, 0x00000007a5560000)
  from space 21824K,  21% used [0x00000007a5560000, 0x00000007a59f3470, 0x00000007a6ab0000)
  to   space 21824K,   0% used [0x00000007a6ab0000, 0x00000007a6ab0000, 0x00000007a8000000)
 concurrent mark-sweep generation total 393216K, used 93856K [0x00000007a8000000, 0x00000007c0000000, 0x00000007c0000000)
 Metaspace       used 34257K, capacity 35186K, committed 35428K, reserved 1081344K
  class space    used 4083K, capacity 4352K, committed 4452K, reserved 1048576K
2018-04-03T13:39:42.468+0700: 22.730: [GC (Allocation Failure) 2018-04-03T13:39:42.468+0700: 22.730: [ParNew
Desired survivor size 20112992 bytes, new threshold 8 (max 8)
- age   1:     317192 bytes,     317192 total
- age   2:     236008 bytes,     553200 total
- age   3:     137536 bytes,     690736 total
- age   4:    2766288 bytes,    3457024 total
- age   5:     779128 bytes,    4236152 total
- age   6:     169344 bytes,    4405496 total
- age   7:     195208 bytes,    4600704 total
- age   8:     235040 bytes,    4835744 total
: 92109K->4745K(109248K), 0.0044436 secs] 185965K->98767K(502464K), 0.0045144 secs] [Times: user=0.01 sys=0.00, real=0.01 secs] 
Heap after GC invocations=239 (full 1):
 par new generation   total 109248K, used 4745K [0x00000007a0000000, 0x00000007a8000000, 0x00000007a8000000)
  eden space 87424K,   0% used [0x00000007a0000000, 0x00000007a0000000, 0x00000007a5560000)
  from space 21824K,  21% used [0x00000007a6ab0000, 0x00000007a6f52748, 0x00000007a8000000)
  to   space 21824K,   0% used [0x00000007a5560000, 0x00000007a5560000, 0x00000007a6ab0000)
 concurrent mark-sweep generation total 393216K, used 94021K [0x00000007a8000000, 0x00000007c0000000, 0x00000007c0000000)
 Metaspace       used 34257K, capacity 35186K, committed 35428K, reserved 1081344K
  class space    used 4083K, capacity 4352K, committed 4452K, reserved 1048576K
}
2018-04-03T13:39:42.472+0700: 22.734: Total time for which application threads were stopped: 0.0046631 seconds, Stopping threads took: 0.0000160 seconds
{Heap before GC invocations=239 (full 1):
 par new generation   total 109248K, used 92169K [0x00000007a0000000, 0x00000007a8000000, 0x00000007a8000000)
  eden space 87424K, 100% used [0x00000007a0000000, 0x00000007a5560000, 0x00000007a5560000)
  from space 21824K,  21% used [0x00000007a6ab0000, 0x00000007a6f52748, 0x00000007a8000000)
  to   space 21824K,   0% used [0x00000007a5560000, 0x00000007a5560000, 0x00000007a6ab0000)
 concurrent mark-sweep generation total 393216K, used 94021K [0x00000007a8000000, 0x00000007c0000000, 0x00000007c0000000)
 Metaspace       used 34257K, capacity 35186K, committed 35428K, reserved 1081344K
  class space    used 4083K, capacity 4352K, committed 4452K, reserved 1048576K
2018-04-03T13:39:42.504+0700: 22.766: [GC (Allocation Failure) 2018-04-03T13:39:42.504+0700: 22.766: [ParNew
Desired survivor size 20112992 bytes, new threshold 8 (max 8)
- age   1:     385800 bytes,     385800 total
- age   2:     209616 bytes,     595416 total
- age   3:     236008 bytes,     831424 total
- age   4:     137536 bytes,     968960 total
- age   5:    2766288 bytes,    3735248 total
- age   6:     779128 bytes,    4514376 total
- age   7:     169344 bytes,    4683720 total
- age   8:     195208 bytes,    4878928 total
: 92169K->4778K(109248K), 0.0060264 secs] 186191K->99029K(502464K), 0.0061266 secs] [Times: user=0.03 sys=0.01, real=0.01 secs] 
Heap after GC invocations=240 (full 1):
 par new generation   total 109248K, used 4778K [0x00000007a0000000, 0x00000007a8000000, 0x00000007a8000000)
  eden space 87424K,   0% used [0x00000007a0000000, 0x00000007a0000000, 0x00000007a5560000)
  from space 21824K,  21% used [0x00000007a5560000, 0x00000007a5a0a930, 0x00000007a6ab0000)
  to   space 21824K,   0% used [0x00000007a6ab0000, 0x00000007a6ab0000, 0x00000007a8000000)
 concurrent mark-sweep generation total 393216K, used 94251K [0x00000007a8000000, 0x00000007c0000000, 0x00000007c0000000)
 Metaspace       used 34257K, capacity 35186K, committed 35428K, reserved 1081344K
  class space    used 4083K, capacity 4352K, committed 4452K, reserved 1048576K
}
2018-04-03T13:39:42.510+0700: 22.772: Total time for which application threads were stopped: 0.0063102 seconds, Stopping threads took: 0.0000192 seconds
{Heap before GC invocations=240 (full 1):
 par new generation   total 109248K, used 92202K [0x00000007a0000000, 0x00000007a8000000, 0x00000007a8000000)
  eden space 87424K, 100% used [0x00000007a0000000, 0x00000007a5560000, 0x00000007a5560000)
  from space 21824K,  21% used [0x00000007a5560000, 0x00000007a5a0a930, 0x00000007a6ab0000)
  to   space 21824K,   0% used [0x00000007a6ab0000, 0x00000007a6ab0000, 0x00000007a8000000)
 concurrent mark-sweep generation total 393216K, used 94251K [0x00000007a8000000, 0x00000007c0000000, 0x00000007c0000000)
 Metaspace       used 34257K, capacity 35186K, committed 35428K, reserved 1081344K
  class space    used 4083K, capacity 4352K, committed 4452K, reserved 1048576K
2018-04-03T13:39:42.542+0700: 22.804: [GC (Allocation Failure) 2018-04-03T13:39:42.542+0700: 22.804: [ParNew
Desired survivor size 20112992 bytes, new threshold 8 (max 8)
- age   1:    3088560 bytes,    3088560 total
- age   2:     256216 bytes,    3344776 total
- age   3:     209616 bytes,    3554392 total
- age   4:     236008 bytes,    3790400 total
- age   5:     137536 bytes,    3927936 total
- age   6:     235192 bytes,    4163128 total
- age   7:     779128 bytes,    4942256 total
- age   8:     169344 bytes,    5111600 total
: 92202K->5001K(109248K), 0.0054109 secs] 186453K->99443K(502464K), 0.0054807 secs] [Times: user=0.02 sys=0.00, real=0.00 secs] 
Heap after GC invocations=241 (full 1):
 par new generation   total 109248K, used 5001K [0x00000007a0000000, 0x00000007a8000000, 0x00000007a8000000)
  eden space 87424K,   0% used [0x00000007a0000000, 0x00000007a0000000, 0x00000007a5560000)
  from space 21824K,  22% used [0x00000007a6ab0000, 0x00000007a6f92680, 0x00000007a8000000)
  to   space 21824K,   0% used [0x00000007a5560000, 0x00000007a5560000, 0x00000007a6ab0000)
 concurrent mark-sweep generation total 393216K, used 94441K [0x00000007a8000000, 0x00000007c0000000, 0x00000007c0000000)
 Metaspace       used 34257K, capacity 35186K, committed 35428K, reserved 1081344K
  class space    used 4083K, capacity 4352K, committed 4452K, reserved 1048576K
}
2018-04-03T13:39:42.547+0700: 22.809: Total time for which application threads were stopped: 0.0056505 seconds, Stopping threads took: 0.0000182 seconds
{Heap before GC invocations=241 (full 1):
 par new generation   total 109248K, used 92425K [0x00000007a0000000, 0x00000007a8000000, 0x00000007a8000000)
  eden space 87424K, 100% used [0x00000007a0000000, 0x00000007a5560000, 0x00000007a5560000)
  from space 21824K,  22% used [0x00000007a6ab0000, 0x00000007a6f92680, 0x00000007a8000000)
  to   space 21824K,   0% used [0x00000007a5560000, 0x00000007a5560000, 0x00000007a6ab0000)
 concurrent mark-sweep generation total 393216K, used 94441K [0x00000007a8000000, 0x00000007c0000000, 0x00000007c0000000)
 Metaspace       used 34257K, capacity 35186K, committed 35428K, reserved 1081344K
  class space    used 4083K, capacity 4352K, committed 4452K, reserved 1048576K
2018-04-03T13:39:42.579+0700: 22.841: [GC (Allocation Failure) 2018-04-03T13:39:42.579+0700: 22.841: [ParNew
Desired survivor size 20112992 bytes, new threshold 8 (max 8)
- age   1:     309528 bytes,     309528 total
- age   2:    2984160 bytes,    3293688 total
- age   3:     256216 bytes,    3549904 total
- age   4:     209616 bytes,    3759520 total
- age   5:     236008 bytes,    3995528 total
- age   6:     137392 bytes,    4132920 total
- age   7:     235192 bytes,    4368112 total
- age   8:     779128 bytes,    5147240 total
: 92425K->5045K(109248K), 0.0055038 secs] 186867K->99652K(502464K), 0.0055733 secs] [Times: user=0.01 sys=0.00, real=0.01 secs] 
Heap after GC invocations=242 (full 1):
 par new generation   total 109248K, used 5045K [0x00000007a0000000, 0x00000007a8000000, 0x00000007a8000000)
  eden space 87424K,   0% used [0x00000007a0000000, 0x00000007a0000000, 0x00000007a5560000)
  from space 21824K,  23% used [0x00000007a5560000, 0x00000007a5a4d400, 0x00000007a6ab0000)
  to   space 21824K,   0% used [0x00000007a6ab0000, 0x00000007a6ab0000, 0x00000007a8000000)
 concurrent mark-sweep generation total 393216K, used 94607K [0x00000007a8000000, 0x00000007c0000000, 0x00000007c0000000)
 Metaspace       used 34257K, capacity 35186K, committed 35428K, reserved 1081344K
  class space    used 4083K, capacity 4352K, committed 4452K, reserved 1048576K
}
2018-04-03T13:39:42.585+0700: 22.847: Total time for which application threads were stopped: 0.0057285 seconds, Stopping threads took: 0.0000166 seconds
{Heap before GC invocations=242 (full 1):
 par new generation   total 109248K, used 92469K [0x00000007a0000000, 0x00000007a8000000, 0x00000007a8000000)
  eden space 87424K, 100% used [0x00000007a0000000, 0x00000007a5560000, 0x00000007a5560000)
  from space 21824K,  23% used [0x00000007a5560000, 0x00000007a5a4d400, 0x00000007a6ab0000)
  to   space 21824K,   0% used [0x00000007a6ab0000, 0x00000007a6ab0000, 0x00000007a8000000)
 concurrent mark-sweep generation total 393216K, used 94607K [0x00000007a8000000, 0x00000007c0000000, 0x00000007c0000000)
 Metaspace       used 34257K, capacity 35186K, committed 35428K, reserved 1081344K
  class space    used 4083K, capacity 4352K, committed 4452K, reserved 1048576K
2018-04-03T13:39:42.616+0700: 22.878: [GC (Allocation Failure) 2018-04-03T13:39:42.616+0700: 22.878: [ParNew
Desired survivor size 20112992 bytes, new threshold 8 (max 8)
- age   1:     320648 bytes,     320648 total
- age   2:     235368 bytes,     556016 total
- age   3:    2984160 bytes,    3540176 total
- age   4:     256216 bytes,    3796392 total
- age   5:     209616 bytes,    4006008 total
- age   6:     235616 bytes,    4241624 total
- age   7:     136856 bytes,    4378480 total
- age   8:     235192 bytes,    4613672 total
: 92469K->4510K(109248K), 0.0053460 secs] 187076K->99878K(502464K), 0.0054111 secs] [Times: user=0.02 sys=0.00, real=0.01 secs] 
Heap after GC invocations=243 (full 1):
 par new generation   total 109248K, used 4510K [0x00000007a0000000, 0x00000007a8000000, 0x00000007a8000000)
  eden space 87424K,   0% used [0x00000007a0000000, 0x00000007a0000000, 0x00000007a5560000)
  from space 21824K,  20% used [0x00000007a6ab0000, 0x00000007a6f179d0, 0x00000007a8000000)
  to   space 21824K,   0% used [0x00000007a5560000, 0x00000007a5560000, 0x00000007a6ab0000)
 concurrent mark-sweep generation total 393216K, used 95368K [0x00000007a8000000, 0x00000007c0000000, 0x00000007c0000000)
 Metaspace       used 34257K, capacity 35186K, committed 35428K, reserved 1081344K
  class space    used 4083K, capacity 4352K, committed 4452K, reserved 1048576K
}
2018-04-03T13:39:42.622+0700: 22.883: Total time for which application threads were stopped: 0.0055658 seconds, Stopping threads took: 0.0000157 seconds
{Heap before GC invocations=243 (full 1):
 par new generation   total 109248K, used 91934K [0x00000007a0000000, 0x00000007a8000000, 0x00000007a8000000)
  eden space 87424K, 100% used [0x00000007a0000000, 0x00000007a5560000, 0x00000007a5560000)
  from space 21824K,  20% used [0x00000007a6ab0000, 0x00000007a6f179d0, 0x00000007a8000000)
  to   space 21824K,   0% used [0x00000007a5560000, 0x00000007a5560000, 0x00000007a6ab0000)
 concurrent mark-sweep generation total 393216K, used 95368K [0x00000007a8000000, 0x00000007c0000000, 0x00000007c0000000)
 Metaspace       used 34257K, capacity 35186K, committed 35428K, reserved 1081344K
  class space    used 4083K, capacity 4352K, committed 4452K, reserved 1048576K
2018-04-03T13:39:42.652+0700: 22.914: [GC (Allocation Failure) 2018-04-03T13:39:42.653+0700: 22.914: [ParNew
Desired survivor size 20112992 bytes, new threshold 8 (max 8)
- age   1:     234392 bytes,     234392 total
- age   2:     224216 bytes,     458608 total
- age   3:     235368 bytes,     693976 total
- age   4:    2984160 bytes,    3678136 total
- age   5:     256216 bytes,    3934352 total
- age   6:     209616 bytes,    4143968 total
- age   7:     235616 bytes,    4379584 total
- age   8:     136856 bytes,    4516440 total
: 91934K->4427K(109248K), 0.0054689 secs] 187302K->100025K(502464K), 0.0055376 secs] [Times: user=0.02 sys=0.01, real=0.00 secs] 
Heap after GC invocations=244 (full 1):
 par new generation   total 109248K, used 4427K [0x00000007a0000000, 0x00000007a8000000, 0x00000007a8000000)
  eden space 87424K,   0% used [0x00000007a0000000, 0x00000007a0000000, 0x00000007a5560000)
  from space 21824K,  20% used [0x00000007a5560000, 0x00000007a59b2d18, 0x00000007a6ab0000)
  to   space 21824K,   0% used [0x00000007a6ab0000, 0x00000007a6ab0000, 0x00000007a8000000)
 concurrent mark-sweep generation total 393216K, used 95597K [0x00000007a8000000, 0x00000007c0000000, 0x00000007c0000000)
 Metaspace       used 34257K, capacity 35186K, committed 35428K, reserved 1081344K
  class space    used 4083K, capacity 4352K, committed 4452K, reserved 1048576K
}
2018-04-03T13:39:42.658+0700: 22.920: Total time for which application threads were stopped: 0.0056903 seconds, Stopping threads took: 0.0000160 seconds
{Heap before GC invocations=244 (full 1):
 par new generation   total 109248K, used 91851K [0x00000007a0000000, 0x00000007a8000000, 0x00000007a8000000)
  eden space 87424K, 100% used [0x00000007a0000000, 0x00000007a5560000, 0x00000007a5560000)
  from space 21824K,  20% used [0x00000007a5560000, 0x00000007a59b2d18, 0x00000007a6ab0000)
  to   space 21824K,   0% used [0x00000007a6ab0000, 0x00000007a6ab0000, 0x00000007a8000000)
 concurrent mark-sweep generation total 393216K, used 95597K [0x00000007a8000000, 0x00000007c0000000, 0x00000007c0000000)
 Metaspace       used 34257K, capacity 35186K, committed 35428K, reserved 1081344K
  class space    used 4083K, capacity 4352K, committed 4452K, reserved 1048576K
2018-04-03T13:39:42.686+0700: 22.948: [GC (Allocation Failure) 2018-04-03T13:39:42.686+0700: 22.948: [ParNew
Desired survivor size 20112992 bytes, new threshold 8 (max 8)
- age   1:     429248 bytes,     429248 total
- age   2:     162864 bytes,     592112 total
- age   3:     224216 bytes,     816328 total
- age   4:     235368 bytes,    1051696 total
- age   5:    2984160 bytes,    4035856 total
- age   6:     256216 bytes,    4292072 total
- age   7:     206832 bytes,    4498904 total
- age   8:     235616 bytes,    4734520 total
: 91851K->4645K(109248K), 0.0049481 secs] 187449K->100377K(502464K), 0.0050145 secs] [Times: user=0.02 sys=0.00, real=0.01 secs] 
Heap after GC invocations=245 (full 1):
 par new generation   total 109248K, used 4645K [0x00000007a0000000, 0x00000007a8000000, 0x00000007a8000000)
  eden space 87424K,   0% used [0x00000007a0000000, 0x00000007a0000000, 0x00000007a5560000)
  from space 21824K,  21% used [0x00000007a6ab0000, 0x00000007a6f397d8, 0x00000007a8000000)
  to   space 21824K,   0% used [0x00000007a5560000, 0x00000007a5560000, 0x00000007a6ab0000)
 concurrent mark-sweep generation total 393216K, used 95731K [0x00000007a8000000, 0x00000007c0000000, 0x00000007c0000000)
 Metaspace       used 34257K, capacity 35186K, committed 35428K, reserved 1081344K
  class space    used 4083K, capacity 4352K, committed 4452K, reserved 1048576K
}
2018-04-03T13:39:42.691+0700: 22.953: Total time for which application threads were stopped: 0.0051653 seconds, Stopping threads took: 0.0000166 seconds
{Heap before GC invocations=245 (full 1):
 par new generation   total 109248K, used 92069K [0x00000007a0000000, 0x00000007a8000000, 0x00000007a8000000)
  eden space 87424K, 100% used [0x00000007a0000000, 0x00000007a5560000, 0x00000007a5560000)
  from space 21824K,  21% used [0x00000007a6ab0000, 0x00000007a6f397d8, 0x00000007a8000000)
  to   space 21824K,   0% used [0x00000007a5560000, 0x00000007a5560000, 0x00000007a6ab0000)
 concurrent mark-sweep generation total 393216K, used 95731K [0x00000007a8000000, 0x00000007c0000000, 0x00000007c0000000)
 Metaspace       used 34257K, capacity 35186K, committed 35428K, reserved 1081344K
  class space    used 4083K, capacity 4352K, committed 4452K, reserved 1048576K
2018-04-03T13:39:42.717+0700: 22.979: [GC (Allocation Failure) 2018-04-03T13:39:42.717+0700: 22.979: [ParNew
Desired survivor size 20112992 bytes, new threshold 8 (max 8)
- age   1:     254896 bytes,     254896 total
- age   2:     301688 bytes,     556584 total
- age   3:     162864 bytes,     719448 total
- age   4:     224216 bytes,     943664 total
- age   5:     235368 bytes,    1179032 total
- age   6:    2984160 bytes,    4163192 total
- age   7:     256216 bytes,    4419408 total
- age   8:     206832 bytes,    4626240 total
: 92069K->4534K(109248K), 0.0049421 secs] 187801K->100495K(502464K), 0.0050089 secs] [Times: user=0.01 sys=0.00, real=0.01 secs] 
Heap after GC invocations=246 (full 1):
 par new generation   total 109248K, used 4534K [0x00000007a0000000, 0x00000007a8000000, 0x00000007a8000000)
  eden space 87424K,   0% used [0x00000007a0000000, 0x00000007a0000000, 0x00000007a5560000)
  from space 21824K,  20% used [0x00000007a5560000, 0x00000007a59cd8c8, 0x00000007a6ab0000)
  to   space 21824K,   0% used [0x00000007a6ab0000, 0x00000007a6ab0000, 0x00000007a8000000)
 concurrent mark-sweep generation total 393216K, used 95961K [0x00000007a8000000, 0x00000007c0000000, 0x00000007c0000000)
 Metaspace       used 34257K, capacity 35186K, committed 35428K, reserved 1081344K
  class space    used 4083K, capacity 4352K, committed 4452K, reserved 1048576K
}
2018-04-03T13:39:42.722+0700: 22.984: Total time for which application threads were stopped: 0.0051551 seconds, Stopping threads took: 0.0000151 seconds
{Heap before GC invocations=246 (full 1):
 par new generation   total 109248K, used 91958K [0x00000007a0000000, 0x00000007a8000000, 0x00000007a8000000)
  eden space 87424K, 100% used [0x00000007a0000000, 0x00000007a5560000, 0x00000007a5560000)
  from space 21824K,  20% used [0x00000007a5560000, 0x00000007a59cd8c8, 0x00000007a6ab0000)
  to   space 21824K,   0% used [0x00000007a6ab0000, 0x00000007a6ab0000, 0x00000007a8000000)
 concurrent mark-sweep generation total 393216K, used 95961K [0x00000007a8000000, 0x00000007c0000000, 0x00000007c0000000)
 Metaspace       used 34257K, capacity 35186K, committed 35428K, reserved 1081344K
  class space    used 4083K, capacity 4352K, committed 4452K, reserved 1048576K
2018-04-03T13:39:42.748+0700: 23.009: [GC (Allocation Failure) 2018-04-03T13:39:42.748+0700: 23.009: [ParNew
Desired survivor size 20112992 bytes, new threshold 8 (max 8)
- age   1:    3465328 bytes,    3465328 total
- age   2:     104072 bytes,    3569400 total
- age   3:     301688 bytes,    3871088 total
- age   4:     162864 bytes,    4033952 total
- age   5:     224216 bytes,    4258168 total
- age   6:     235208 bytes,    4493376 total
- age   7:     136688 bytes,    4630064 total
- age   8:     256216 bytes,    4886280 total
: 91958K->4793K(109248K), 0.0058988 secs] 187919K->100957K(502464K), 0.0059670 secs] [Times: user=0.01 sys=0.00, real=0.01 secs] 
Heap after GC invocations=247 (full 1):
 par new generation   total 109248K, used 4793K [0x00000007a0000000, 0x00000007a8000000, 0x00000007a8000000)
  eden space 87424K,   0% used [0x00000007a0000000, 0x00000007a0000000, 0x00000007a5560000)
  from space 21824K,  21% used [0x00000007a6ab0000, 0x00000007a6f5e7a0, 0x00000007a8000000)
  to   space 21824K,   0% used [0x00000007a5560000, 0x00000007a5560000, 0x00000007a6ab0000)
 concurrent mark-sweep generation total 393216K, used 96163K [0x00000007a8000000, 0x00000007c0000000, 0x00000007c0000000)
 Metaspace       used 34257K, capacity 35186K, committed 35428K, reserved 1081344K
  class space    used 4083K, capacity 4352K, committed 4452K, reserved 1048576K
}
2018-04-03T13:39:42.754+0700: 23.015: Total time for which application threads were stopped: 0.0061347 seconds, Stopping threads took: 0.0000183 seconds
{Heap before GC invocations=247 (full 1):
 par new generation   total 109248K, used 92217K [0x00000007a0000000, 0x00000007a8000000, 0x00000007a8000000)
  eden space 87424K, 100% used [0x00000007a0000000, 0x00000007a5560000, 0x00000007a5560000)
  from space 21824K,  21% used [0x00000007a6ab0000, 0x00000007a6f5e7a0, 0x00000007a8000000)
  to   space 21824K,   0% used [0x00000007a5560000, 0x00000007a5560000, 0x00000007a6ab0000)
 concurrent mark-sweep generation total 393216K, used 96163K [0x00000007a8000000, 0x00000007c0000000, 0x00000007c0000000)
 Metaspace       used 34257K, capacity 35186K, committed 35428K, reserved 1081344K
  class space    used 4083K, capacity 4352K, committed 4452K, reserved 1048576K
2018-04-03T13:39:42.779+0700: 23.041: [GC (Allocation Failure) 2018-04-03T13:39:42.779+0700: 23.041: [ParNew
Desired survivor size 20112992 bytes, new threshold 8 (max 8)
- age   1:     253008 bytes,     253008 total
- age   2:    3393768 bytes,    3646776 total
- age   3:     104072 bytes,    3750848 total
- age   4:     301688 bytes,    4052536 total
- age   5:     162864 bytes,    4215400 total
- age   6:     224216 bytes,    4439616 total
- age   7:     235208 bytes,    4674824 total
- age   8:     136688 bytes,    4811512 total
: 92217K->4713K(109248K), 0.0049820 secs] 188381K->101127K(502464K), 0.0050443 secs] [Times: user=0.01 sys=0.00, real=0.01 secs] 
Heap after GC invocations=248 (full 1):
 par new generation   total 109248K, used 4713K [0x00000007a0000000, 0x00000007a8000000, 0x00000007a8000000)
  eden space 87424K,   0% used [0x00000007a0000000, 0x00000007a0000000, 0x00000007a5560000)
  from space 21824K,  21% used [0x00000007a5560000, 0x00000007a59fa538, 0x00000007a6ab0000)
  to   space 21824K,   0% used [0x00000007a6ab0000, 0x00000007a6ab0000, 0x00000007a8000000)
 concurrent mark-sweep generation total 393216K, used 96413K [0x00000007a8000000, 0x00000007c0000000, 0x00000007c0000000)
 Metaspace       used 34257K, capacity 35186K, committed 35428K, reserved 1081344K
  class space    used 4083K, capacity 4352K, committed 4452K, reserved 1048576K
}
2018-04-03T13:39:42.784+0700: 23.046: Total time for which application threads were stopped: 0.0051890 seconds, Stopping threads took: 0.0000157 seconds
{Heap before GC invocations=248 (full 1):
 par new generation   total 109248K, used 92137K [0x00000007a0000000, 0x00000007a8000000, 0x00000007a8000000)
  eden space 87424K, 100% used [0x00000007a0000000, 0x00000007a5560000, 0x00000007a5560000)
  from space 21824K,  21% used [0x00000007a5560000, 0x00000007a59fa538, 0x00000007a6ab0000)
  to   space 21824K,   0% used [0x00000007a6ab0000, 0x00000007a6ab0000, 0x00000007a8000000)
 concurrent mark-sweep generation total 393216K, used 96413K [0x00000007a8000000, 0x00000007c0000000, 0x00000007c0000000)
 Metaspace       used 34257K, capacity 35186K, committed 35428K, reserved 1081344K
  class space    used 4083K, capacity 4352K, committed 4452K, reserved 1048576K
2018-04-03T13:39:42.810+0700: 23.072: [GC (Allocation Failure) 2018-04-03T13:39:42.810+0700: 23.072: [ParNew
Desired survivor size 20112992 bytes, new threshold 8 (max 8)
- age   1:    1040280 bytes,    1040280 total
- age   2:     125064 bytes,    1165344 total
- age   3:    3393768 bytes,    4559112 total
- age   4:     104072 bytes,    4663184 total
- age   5:     301688 bytes,    4964872 total
- age   6:     162864 bytes,    5127736 total
- age   7:     224216 bytes,    5351952 total
- age   8:     235208 bytes,    5587160 total
: 92137K->5470K(109248K), 0.0047430 secs] 188551K->102017K(502464K), 0.0048063 secs] [Times: user=0.01 sys=0.00, real=0.00 secs] 
Heap after GC invocations=249 (full 1):
 par new generation   total 109248K, used 5470K [0x00000007a0000000, 0x00000007a8000000, 0x00000007a8000000)
  eden space 87424K,   0% used [0x00000007a0000000, 0x00000007a0000000, 0x00000007a5560000)
  from space 21824K,  25% used [0x00000007a6ab0000, 0x00000007a7007908, 0x00000007a8000000)
  to   space 21824K,   0% used [0x00000007a5560000, 0x00000007a5560000, 0x00000007a6ab0000)
 concurrent mark-sweep generation total 393216K, used 96547K [0x00000007a8000000, 0x00000007c0000000, 0x00000007c0000000)
 Metaspace       used 34257K, capacity 35186K, committed 35428K, reserved 1081344K
  class space    used 4083K, capacity 4352K, committed 4452K, reserved 1048576K
}
2018-04-03T13:39:42.815+0700: 23.077: Total time for which application threads were stopped: 0.0049637 seconds, Stopping threads took: 0.0000156 seconds
{Heap before GC invocations=249 (full 1):
 par new generation   total 109248K, used 92894K [0x00000007a0000000, 0x00000007a8000000, 0x00000007a8000000)
  eden space 87424K, 100% used [0x00000007a0000000, 0x00000007a5560000, 0x00000007a5560000)
  from space 21824K,  25% used [0x00000007a6ab0000, 0x00000007a7007908, 0x00000007a8000000)
  to   space 21824K,   0% used [0x00000007a5560000, 0x00000007a5560000, 0x00000007a6ab0000)
 concurrent mark-sweep generation total 393216K, used 96547K [0x00000007a8000000, 0x00000007c0000000, 0x00000007c0000000)
 Metaspace       used 34257K, capacity 35186K, committed 35428K, reserved 1081344K
  class space    used 4083K, capacity 4352K, committed 4452K, reserved 1048576K
2018-04-03T13:39:42.843+0700: 23.105: [GC (Allocation Failure) 2018-04-03T13:39:42.843+0700: 23.105: [ParNew
Desired survivor size 20112992 bytes, new threshold 8 (max 8)
- age   1:     378928 bytes,     378928 total
- age   2:     891864 bytes,    1270792 total
- age   3:     125064 bytes,    1395856 total
- age   4:    3393768 bytes,    4789624 total
- age   5:     104072 bytes,    4893696 total
- age   6:     301688 bytes,    5195384 total
- age   7:     162864 bytes,    5358248 total
- age   8:     223608 bytes,    5581856 total
: 92894K->5484K(109248K), 0.0054476 secs] 189441K->102261K(502464K), 0.0055282 secs] [Times: user=0.01 sys=0.01, real=0.00 secs] 
Heap after GC invocations=250 (full 1):
 par new generation   total 109248K, used 5484K [0x00000007a0000000, 0x00000007a8000000, 0x00000007a8000000)
  eden space 87424K,   0% used [0x00000007a0000000, 0x00000007a0000000, 0x00000007a5560000)
  from space 21824K,  25% used [0x00000007a5560000, 0x00000007a5abb0d0, 0x00000007a6ab0000)
  to   space 21824K,   0% used [0x00000007a6ab0000, 0x00000007a6ab0000, 0x00000007a8000000)
 concurrent mark-sweep generation total 393216K, used 96777K [0x00000007a8000000, 0x00000007c0000000, 0x00000007c0000000)
 Metaspace       used 34257K, capacity 35186K, committed 35428K, reserved 1081344K
  class space    used 4083K, capacity 4352K, committed 4452K, reserved 1048576K
}
2018-04-03T13:39:42.848+0700: 23.110: Total time for which application threads were stopped: 0.0057054 seconds, Stopping threads took: 0.0000187 seconds
{Heap before GC invocations=250 (full 1):
 par new generation   total 109248K, used 92908K [0x00000007a0000000, 0x00000007a8000000, 0x00000007a8000000)
  eden space 87424K, 100% used [0x00000007a0000000, 0x00000007a5560000, 0x00000007a5560000)
  from space 21824K,  25% used [0x00000007a5560000, 0x00000007a5abb0d0, 0x00000007a6ab0000)
  to   space 21824K,   0% used [0x00000007a6ab0000, 0x00000007a6ab0000, 0x00000007a8000000)
 concurrent mark-sweep generation total 393216K, used 96777K [0x00000007a8000000, 0x00000007c0000000, 0x00000007c0000000)
 Metaspace       used 34259K, capacity 35186K, committed 35428K, reserved 1081344K
  class space    used 4083K, capacity 4352K, committed 4452K, reserved 1048576K
2018-04-03T13:39:43.108+0700: 23.370: [GC (Allocation Failure) 2018-04-03T13:39:43.108+0700: 23.370: [ParNew
Desired survivor size 20112992 bytes, new threshold 8 (max 8)
- age   1:     846264 bytes,     846264 total
- age   2:     261368 bytes,    1107632 total
- age   3:     891864 bytes,    1999496 total
- age   4:     125064 bytes,    2124560 total
- age   5:    3393768 bytes,    5518328 total
- age   6:     104072 bytes,    5622400 total
- age   7:     299312 bytes,    5921712 total
- age   8:     162864 bytes,    6084576 total
: 92908K->5977K(109248K), 0.0060158 secs] 189685K->102972K(502464K), 0.0060889 secs] [Times: user=0.02 sys=0.01, real=0.01 secs] 
Heap after GC invocations=251 (full 1):
 par new generation   total 109248K, used 5977K [0x00000007a0000000, 0x00000007a8000000, 0x00000007a8000000)
  eden space 87424K,   0% used [0x00000007a0000000, 0x00000007a0000000, 0x00000007a5560000)
  from space 21824K,  27% used [0x00000007a6ab0000, 0x00000007a7086410, 0x00000007a8000000)
  to   space 21824K,   0% used [0x00000007a5560000, 0x00000007a5560000, 0x00000007a6ab0000)
 concurrent mark-sweep generation total 393216K, used 96995K [0x00000007a8000000, 0x00000007c0000000, 0x00000007c0000000)
 Metaspace       used 34259K, capacity 35186K, committed 35428K, reserved 1081344K
  class space    used 4083K, capacity 4352K, committed 4452K, reserved 1048576K
}
2018-04-03T13:39:43.114+0700: 23.376: Total time for which application threads were stopped: 0.0062983 seconds, Stopping threads took: 0.0000185 seconds
{Heap before GC invocations=251 (full 1):
 par new generation   total 109248K, used 93401K [0x00000007a0000000, 0x00000007a8000000, 0x00000007a8000000)
  eden space 87424K, 100% used [0x00000007a0000000, 0x00000007a5560000, 0x00000007a5560000)
  from space 21824K,  27% used [0x00000007a6ab0000, 0x00000007a7086410, 0x00000007a8000000)
  to   space 21824K,   0% used [0x00000007a5560000, 0x00000007a5560000, 0x00000007a6ab0000)
 concurrent mark-sweep generation total 393216K, used 96995K [0x00000007a8000000, 0x00000007c0000000, 0x00000007c0000000)
 Metaspace       used 34260K, capacity 35186K, committed 35428K, reserved 1081344K
  class space    used 4083K, capacity 4352K, committed 4452K, reserved 1048576K
2018-04-03T13:39:43.511+0700: 23.773: [GC (Allocation Failure) 2018-04-03T13:39:43.511+0700: 23.773: [ParNew
Desired survivor size 20112992 bytes, new threshold 8 (max 8)
- age   1:     100800 bytes,     100800 total
- age   2:     804368 bytes,     905168 total
- age   3:     261368 bytes,    1166536 total
- age   4:     891864 bytes,    2058400 total
- age   5:     125064 bytes,    2183464 total
- age   6:    3393592 bytes,    5577056 total
- age   7:     104072 bytes,    5681128 total
- age   8:     298520 bytes,    5979648 total
: 93401K->5868K(109248K), 0.0060371 secs] 190396K->103023K(502464K), 0.0061320 secs] [Times: user=0.02 sys=0.00, real=0.00 secs] 
Heap after GC invocations=252 (full 1):
 par new generation   total 109248K, used 5868K [0x00000007a0000000, 0x00000007a8000000, 0x00000007a8000000)
  eden space 87424K,   0% used [0x00000007a0000000, 0x00000007a0000000, 0x00000007a5560000)
  from space 21824K,  26% used [0x00000007a5560000, 0x00000007a5b1b310, 0x00000007a6ab0000)
  to   space 21824K,   0% used [0x00000007a6ab0000, 0x00000007a6ab0000, 0x00000007a8000000)
 concurrent mark-sweep generation total 393216K, used 97154K [0x00000007a8000000, 0x00000007c0000000, 0x00000007c0000000)
 Metaspace       used 34260K, capacity 35186K, committed 35428K, reserved 1081344K
  class space    used 4083K, capacity 4352K, committed 4452K, reserved 1048576K
}
2018-04-03T13:39:43.517+0700: 23.779: Total time for which application threads were stopped: 0.0063586 seconds, Stopping threads took: 0.0000218 seconds
{Heap before GC invocations=252 (full 1):
 par new generation   total 109248K, used 93292K [0x00000007a0000000, 0x00000007a8000000, 0x00000007a8000000)
  eden space 87424K, 100% used [0x00000007a0000000, 0x00000007a5560000, 0x00000007a5560000)
  from space 21824K,  26% used [0x00000007a5560000, 0x00000007a5b1b310, 0x00000007a6ab0000)
  to   space 21824K,   0% used [0x00000007a6ab0000, 0x00000007a6ab0000, 0x00000007a8000000)
 concurrent mark-sweep generation total 393216K, used 97154K [0x00000007a8000000, 0x00000007c0000000, 0x00000007c0000000)
 Metaspace       used 34260K, capacity 35186K, committed 35428K, reserved 1081344K
  class space    used 4083K, capacity 4352K, committed 4452K, reserved 1048576K
2018-04-03T13:39:43.907+0700: 24.169: [GC (Allocation Failure) 2018-04-03T13:39:43.907+0700: 24.169: [ParNew
Desired survivor size 20112992 bytes, new threshold 8 (max 8)
- age   1:      11104 bytes,      11104 total
- age   2:      73336 bytes,      84440 total
- age   3:     804368 bytes,     888808 total
- age   4:     261368 bytes,    1150176 total
- age   5:     891864 bytes,    2042040 total
- age   6:     125064 bytes,    2167104 total
- age   7:    3393592 bytes,    5560696 total
- age   8:     104072 bytes,    5664768 total
: 93292K->5617K(109248K), 0.0060251 secs] 190447K->103063K(502464K), 0.0061406 secs] [Times: user=0.01 sys=0.00, real=0.01 secs] 
Heap after GC invocations=253 (full 1):
 par new generation   total 109248K, used 5617K [0x00000007a0000000, 0x00000007a8000000, 0x00000007a8000000)
  eden space 87424K,   0% used [0x00000007a0000000, 0x00000007a0000000, 0x00000007a5560000)
  from space 21824K,  25% used [0x00000007a6ab0000, 0x00000007a702c650, 0x00000007a8000000)
  to   space 21824K,   0% used [0x00000007a5560000, 0x00000007a5560000, 0x00000007a6ab0000)
 concurrent mark-sweep generation total 393216K, used 97446K [0x00000007a8000000, 0x00000007c0000000, 0x00000007c0000000)
 Metaspace       used 34260K, capacity 35186K, committed 35428K, reserved 1081344K
  class space    used 4083K, capacity 4352K, committed 4452K, reserved 1048576K
}
2018-04-03T13:39:43.913+0700: 24.175: Total time for which application threads were stopped: 0.0063688 seconds, Stopping threads took: 0.0000215 seconds
{Heap before GC invocations=253 (full 1):
 par new generation   total 109248K, used 93041K [0x00000007a0000000, 0x00000007a8000000, 0x00000007a8000000)
  eden space 87424K, 100% used [0x00000007a0000000, 0x00000007a5560000, 0x00000007a5560000)
  from space 21824K,  25% used [0x00000007a6ab0000, 0x00000007a702c650, 0x00000007a8000000)
  to   space 21824K,   0% used [0x00000007a5560000, 0x00000007a5560000, 0x00000007a6ab0000)
 concurrent mark-sweep generation total 393216K, used 97446K [0x00000007a8000000, 0x00000007c0000000, 0x00000007c0000000)
 Metaspace       used 34260K, capacity 35186K, committed 35428K, reserved 1081344K
  class space    used 4083K, capacity 4352K, committed 4452K, reserved 1048576K
2018-04-03T13:39:44.310+0700: 24.572: [GC (Allocation Failure) 2018-04-03T13:39:44.310+0700: 24.572: [ParNew
Desired survivor size 20112992 bytes, new threshold 8 (max 8)
- age   1:      47008 bytes,      47008 total
- age   3:      73336 bytes,     120344 total
- age   4:     804368 bytes,     924712 total
- age   5:     261368 bytes,    1186080 total
- age   6:     891864 bytes,    2077944 total
- age   7:     125064 bytes,    2203008 total
- age   8:    3393592 bytes,    5596600 total
: 93041K->5643K(109248K), 0.0055724 secs] 190487K->103190K(502464K), 0.0056680 secs] [Times: user=0.02 sys=0.00, real=0.00 secs] 
Heap after GC invocations=254 (full 1):
 par new generation   total 109248K, used 5643K [0x00000007a0000000, 0x00000007a8000000, 0x00000007a8000000)
  eden space 87424K,   0% used [0x00000007a0000000, 0x00000007a0000000, 0x00000007a5560000)
  from space 21824K,  25% used [0x00000007a5560000, 0x00000007a5ae2c68, 0x00000007a6ab0000)
  to   space 21824K,   0% used [0x00000007a6ab0000, 0x00000007a6ab0000, 0x00000007a8000000)
 concurrent mark-sweep generation total 393216K, used 97547K [0x00000007a8000000, 0x00000007c0000000, 0x00000007c0000000)
 Metaspace       used 34260K, capacity 35186K, committed 35428K, reserved 1081344K
  class space    used 4083K, capacity 4352K, committed 4452K, reserved 1048576K
}
2018-04-03T13:39:44.316+0700: 24.578: Total time for which application threads were stopped: 0.0058489 seconds, Stopping threads took: 0.0000218 seconds
{Heap before GC invocations=254 (full 1):
 par new generation   total 109248K, used 93067K [0x00000007a0000000, 0x00000007a8000000, 0x00000007a8000000)
  eden space 87424K, 100% used [0x00000007a0000000, 0x00000007a5560000, 0x00000007a5560000)
  from space 21824K,  25% used [0x00000007a5560000, 0x00000007a5ae2c68, 0x00000007a6ab0000)
  to   space 21824K,   0% used [0x00000007a6ab0000, 0x00000007a6ab0000, 0x00000007a8000000)
 concurrent mark-sweep generation total 393216K, used 97547K [0x00000007a8000000, 0x00000007c0000000, 0x00000007c0000000)
 Metaspace       used 34260K, capacity 35186K, committed 35428K, reserved 1081344K
  class space    used 4083K, capacity 4352K, committed 4452K, reserved 1048576K
2018-04-03T13:39:44.666+0700: 24.927: [GC (Allocation Failure) 2018-04-03T13:39:44.666+0700: 24.927: [ParNew
Desired survivor size 20112992 bytes, new threshold 8 (max 8)
- age   1:      44672 bytes,      44672 total
- age   4:      73272 bytes,     117944 total
- age   5:     804368 bytes,     922312 total
- age   6:     261368 bytes,    1183680 total
- age   7:     891864 bytes,    2075544 total
- age   8:     125064 bytes,    2200608 total
: 93067K->2313K(109248K), 0.0048292 secs] 190614K->103175K(502464K), 0.0048988 secs] [Times: user=0.02 sys=0.00, real=0.01 secs] 
Heap after GC invocations=255 (full 1):
 par new generation   total 109248K, used 2313K [0x00000007a0000000, 0x00000007a8000000, 0x00000007a8000000)
  eden space 87424K,   0% used [0x00000007a0000000, 0x00000007a0000000, 0x00000007a5560000)
  from space 21824K,  10% used [0x00000007a6ab0000, 0x00000007a6cf27d8, 0x00000007a8000000)
  to   space 21824K,   0% used [0x00000007a5560000, 0x00000007a5560000, 0x00000007a6ab0000)
 concurrent mark-sweep generation total 393216K, used 100861K [0x00000007a8000000, 0x00000007c0000000, 0x00000007c0000000)
 Metaspace       used 34260K, capacity 35186K, committed 35428K, reserved 1081344K
  class space    used 4083K, capacity 4352K, committed 4452K, reserved 1048576K
}
2018-04-03T13:39:44.671+0700: 24.932: Total time for which application threads were stopped: 0.0050624 seconds, Stopping threads took: 0.0000197 seconds
{Heap before GC invocations=255 (full 1):
 par new generation   total 109248K, used 89737K [0x00000007a0000000, 0x00000007a8000000, 0x00000007a8000000)
  eden space 87424K, 100% used [0x00000007a0000000, 0x00000007a5560000, 0x00000007a5560000)
  from space 21824K,  10% used [0x00000007a6ab0000, 0x00000007a6cf27d8, 0x00000007a8000000)
  to   space 21824K,   0% used [0x00000007a5560000, 0x00000007a5560000, 0x00000007a6ab0000)
 concurrent mark-sweep generation total 393216K, used 100861K [0x00000007a8000000, 0x00000007c0000000, 0x00000007c0000000)
 Metaspace       used 34260K, capacity 35186K, committed 35428K, reserved 1081344K
  class space    used 4083K, capacity 4352K, committed 4452K, reserved 1048576K
2018-04-03T13:39:45.083+0700: 25.345: [GC (Allocation Failure) 2018-04-03T13:39:45.083+0700: 25.345: [ParNew
Desired survivor size 20112992 bytes, new threshold 8 (max 8)
- age   1:      36848 bytes,      36848 total
- age   2:         72 bytes,      36920 total
- age   5:      73272 bytes,     110192 total
- age   6:     804368 bytes,     914560 total
- age   7:     261368 bytes,    1175928 total
- age   8:     891864 bytes,    2067792 total
: 89737K->2472K(109248K), 0.0053549 secs] 190599K->103456K(502464K), 0.0054233 secs] [Times: user=0.01 sys=0.00, real=0.00 secs] 
Heap after GC invocations=256 (full 1):
 par new generation   total 109248K, used 2472K [0x00000007a0000000, 0x00000007a8000000, 0x00000007a8000000)
  eden space 87424K,   0% used [0x00000007a0000000, 0x00000007a0000000, 0x00000007a5560000)
  from space 21824K,  11% used [0x00000007a5560000, 0x00000007a57ca2b8, 0x00000007a6ab0000)
  to   space 21824K,   0% used [0x00000007a6ab0000, 0x00000007a6ab0000, 0x00000007a8000000)
 concurrent mark-sweep generation total 393216K, used 100983K [0x00000007a8000000, 0x00000007c0000000, 0x00000007c0000000)
 Metaspace       used 34260K, capacity 35186K, committed 35428K, reserved 1081344K
  class space    used 4083K, capacity 4352K, committed 4452K, reserved 1048576K
}
2018-04-03T13:39:45.088+0700: 25.350: Total time for which application threads were stopped: 0.0055849 seconds, Stopping threads took: 0.0000190 seconds
{Heap before GC invocations=256 (full 1):
 par new generation   total 109248K, used 89896K [0x00000007a0000000, 0x00000007a8000000, 0x00000007a8000000)
  eden space 87424K, 100% used [0x00000007a0000000, 0x00000007a5560000, 0x00000007a5560000)
  from space 21824K,  11% used [0x00000007a5560000, 0x00000007a57ca2b8, 0x00000007a6ab0000)
  to   space 21824K,   0% used [0x00000007a6ab0000, 0x00000007a6ab0000, 0x00000007a8000000)
 concurrent mark-sweep generation total 393216K, used 100983K [0x00000007a8000000, 0x00000007c0000000, 0x00000007c0000000)
 Metaspace       used 34260K, capacity 35186K, committed 35428K, reserved 1081344K
  class space    used 4083K, capacity 4352K, committed 4452K, reserved 1048576K
2018-04-03T13:39:45.441+0700: 25.703: [GC (Allocation Failure) 2018-04-03T13:39:45.441+0700: 25.703: [ParNew
Desired survivor size 20112992 bytes, new threshold 8 (max 8)
- age   1:      42552 bytes,      42552 total
- age   3:         72 bytes,      42624 total
- age   6:      73272 bytes,     115896 total
- age   7:     804368 bytes,     920264 total
- age   8:     261368 bytes,    1181632 total
: 89896K->1363K(109248K), 0.0143997 secs] 190880K->103218K(502464K), 0.0145118 secs] [Times: user=0.02 sys=0.00, real=0.01 secs] 
Heap after GC invocations=257 (full 1):
 par new generation   total 109248K, used 1363K [0x00000007a0000000, 0x00000007a8000000, 0x00000007a8000000)
  eden space 87424K,   0% used [0x00000007a0000000, 0x00000007a0000000, 0x00000007a5560000)
  from space 21824K,   6% used [0x00000007a6ab0000, 0x00000007a6c04f48, 0x00000007a8000000)
  to   space 21824K,   0% used [0x00000007a5560000, 0x00000007a5560000, 0x00000007a6ab0000)
 concurrent mark-sweep generation total 393216K, used 101854K [0x00000007a8000000, 0x00000007c0000000, 0x00000007c0000000)
 Metaspace       used 34260K, capacity 35186K, committed 35428K, reserved 1081344K
  class space    used 4083K, capacity 4352K, committed 4452K, reserved 1048576K
}
2018-04-03T13:39:45.455+0700: 25.717: Total time for which application threads were stopped: 0.0147243 seconds, Stopping threads took: 0.0000199 seconds
{Heap before GC invocations=257 (full 1):
 par new generation   total 109248K, used 88787K [0x00000007a0000000, 0x00000007a8000000, 0x00000007a8000000)
  eden space 87424K, 100% used [0x00000007a0000000, 0x00000007a5560000, 0x00000007a5560000)
  from space 21824K,   6% used [0x00000007a6ab0000, 0x00000007a6c04f48, 0x00000007a8000000)
  to   space 21824K,   0% used [0x00000007a5560000, 0x00000007a5560000, 0x00000007a6ab0000)
 concurrent mark-sweep generation total 393216K, used 101854K [0x00000007a8000000, 0x00000007c0000000, 0x00000007c0000000)
 Metaspace       used 34261K, capacity 35186K, committed 35428K, reserved 1081344K
  class space    used 4083K, capacity 4352K, committed 4452K, reserved 1048576K
2018-04-03T13:39:45.737+0700: 25.999: [GC (Allocation Failure) 2018-04-03T13:39:45.737+0700: 25.999: [ParNew
Desired survivor size 20112992 bytes, new threshold 8 (max 8)
- age   1:     147232 bytes,     147232 total
- age   2:        400 bytes,     147632 total
- age   7:       2208 bytes,     149840 total
- age   8:     804368 bytes,     954208 total
: 88787K->1429K(109248K), 0.0068591 secs] 190642K->103539K(502464K), 0.0069488 secs] [Times: user=0.01 sys=0.00, real=0.01 secs] 
Heap after GC invocations=258 (full 1):
 par new generation   total 109248K, used 1429K [0x00000007a0000000, 0x00000007a8000000, 0x00000007a8000000)
  eden space 87424K,   0% used [0x00000007a0000000, 0x00000007a0000000, 0x00000007a5560000)
  from space 21824K,   6% used [0x00000007a5560000, 0x00000007a56c55a8, 0x00000007a6ab0000)
  to   space 21824K,   0% used [0x00000007a6ab0000, 0x00000007a6ab0000, 0x00000007a8000000)
 concurrent mark-sweep generation total 393216K, used 102110K [0x00000007a8000000, 0x00000007c0000000, 0x00000007c0000000)
 Metaspace       used 34261K, capacity 35186K, committed 35428K, reserved 1081344K
  class space    used 4083K, capacity 4352K, committed 4452K, reserved 1048576K
}
2018-04-03T13:39:45.744+0700: 26.006: Total time for which application threads were stopped: 0.0072108 seconds, Stopping threads took: 0.0000209 seconds
2018-04-03T13:39:46.748+0700: 27.010: Total time for which application threads were stopped: 0.0001046 seconds, Stopping threads took: 0.0000213 seconds
2018-04-03T13:40:08.413+0700: 48.676: Total time for which application threads were stopped: 0.0000750 seconds, Stopping threads took: 0.0000163 seconds
{Heap before GC invocations=258 (full 1):
 par new generation   total 109248K, used 88853K [0x00000007a0000000, 0x00000007a8000000, 0x00000007a8000000)
  eden space 87424K, 100% used [0x00000007a0000000, 0x00000007a5560000, 0x00000007a5560000)
  from space 21824K,   6% used [0x00000007a5560000, 0x00000007a56c55a8, 0x00000007a6ab0000)
  to   space 21824K,   0% used [0x00000007a6ab0000, 0x00000007a6ab0000, 0x00000007a8000000)
 concurrent mark-sweep generation total 393216K, used 102110K [0x00000007a8000000, 0x00000007c0000000, 0x00000007c0000000)
 Metaspace       used 34365K, capacity 35288K, committed 35428K, reserved 1081344K
  class space    used 4094K, capacity 4385K, committed 4452K, reserved 1048576K
2018-04-03T13:40:08.414+0700: 48.677: [GC (Allocation Failure) 2018-04-03T13:40:08.414+0700: 48.677: [ParNew
Desired survivor size 20112992 bytes, new threshold 8 (max 8)
- age   1:     284048 bytes,     284048 total
- age   2:       1072 bytes,     285120 total
- age   3:        208 bytes,     285328 total
- age   8:       1936 bytes,     287264 total
: 88853K->458K(109248K), 0.0062447 secs] 190963K->103076K(502464K), 0.0063487 secs] [Times: user=0.02 sys=0.00, real=0.01 secs] 
Heap after GC invocations=259 (full 1):
 par new generation   total 109248K, used 458K [0x00000007a0000000, 0x00000007a8000000, 0x00000007a8000000)
  eden space 87424K,   0% used [0x00000007a0000000, 0x00000007a0000000, 0x00000007a5560000)
  from space 21824K,   2% used [0x00000007a6ab0000, 0x00000007a6b22850, 0x00000007a8000000)
  to   space 21824K,   0% used [0x00000007a5560000, 0x00000007a5560000, 0x00000007a6ab0000)
 concurrent mark-sweep generation total 393216K, used 102618K [0x00000007a8000000, 0x00000007c0000000, 0x00000007c0000000)
 Metaspace       used 34365K, capacity 35288K, committed 35428K, reserved 1081344K
  class space    used 4094K, capacity 4385K, committed 4452K, reserved 1048576K
}
2018-04-03T13:40:08.421+0700: 48.684: Total time for which application threads were stopped: 0.0065622 seconds, Stopping threads took: 0.0000263 seconds
2018-04-03T13:40:08.421+0700: 48.684: Total time for which application threads were stopped: 0.0001925 seconds, Stopping threads took: 0.0001135 seconds
2018-04-03T13:40:08.425+0700: 48.687: Total time for which application threads were stopped: 0.0000548 seconds, Stopping threads took: 0.0000117 seconds
2018-04-03T13:40:08.448+0700: 48.710: Total time for which application threads were stopped: 0.0006636 seconds, Stopping threads took: 0.0000166 seconds
2018-04-03T13:40:08.480+0700: 48.743: Total time for which application threads were stopped: 0.0001006 seconds, Stopping threads took: 0.0000323 seconds
2018-04-03T13:40:08.490+0700: 48.752: Total time for which application threads were stopped: 0.0000895 seconds, Stopping threads took: 0.0000154 seconds
2018-04-03T13:40:08.508+0700: 48.770: Total time for which application threads were stopped: 0.0001416 seconds, Stopping threads took: 0.0000424 seconds
{Heap before GC invocations=259 (full 1):
 par new generation   total 109248K, used 87882K [0x00000007a0000000, 0x00000007a8000000, 0x00000007a8000000)
  eden space 87424K, 100% used [0x00000007a0000000, 0x00000007a5560000, 0x00000007a5560000)
  from space 21824K,   2% used [0x00000007a6ab0000, 0x00000007a6b22850, 0x00000007a8000000)
  to   space 21824K,   0% used [0x00000007a5560000, 0x00000007a5560000, 0x00000007a6ab0000)
 concurrent mark-sweep generation total 393216K, used 102618K [0x00000007a8000000, 0x00000007c0000000, 0x00000007c0000000)
 Metaspace       used 35358K, capacity 36324K, committed 36580K, reserved 1081344K
  class space    used 4228K, capacity 4515K, committed 4580K, reserved 1048576K
2018-04-03T13:40:08.667+0700: 48.930: [GC (Allocation Failure) 2018-04-03T13:40:08.667+0700: 48.930: [ParNew
Desired survivor size 20112992 bytes, new threshold 8 (max 8)
- age   1:    2230808 bytes,    2230808 total
- age   2:     276848 bytes,    2507656 total
- age   3:       1072 bytes,    2508728 total
- age   4:        208 bytes,    2508936 total
: 87882K->2516K(109248K), 0.0060053 secs] 190500K->105137K(502464K), 0.0060950 secs] [Times: user=0.02 sys=0.00, real=0.01 secs] 
Heap after GC invocations=260 (full 1):
 par new generation   total 109248K, used 2516K [0x00000007a0000000, 0x00000007a8000000, 0x00000007a8000000)
  eden space 87424K,   0% used [0x00000007a0000000, 0x00000007a0000000, 0x00000007a5560000)
  from space 21824K,  11% used [0x00000007a5560000, 0x00000007a57d5390, 0x00000007a6ab0000)
  to   space 21824K,   0% used [0x00000007a6ab0000, 0x00000007a6ab0000, 0x00000007a8000000)
 concurrent mark-sweep generation total 393216K, used 102620K [0x00000007a8000000, 0x00000007c0000000, 0x00000007c0000000)
 Metaspace       used 35358K, capacity 36324K, committed 36580K, reserved 1081344K
  class space    used 4228K, capacity 4515K, committed 4580K, reserved 1048576K
}
2018-04-03T13:40:08.673+0700: 48.936: Total time for which application threads were stopped: 0.0063629 seconds, Stopping threads took: 0.0000532 seconds
2018-04-03T13:40:08.691+0700: 48.954: Total time for which application threads were stopped: 0.0001613 seconds, Stopping threads took: 0.0000373 seconds
2018-04-03T13:40:08.719+0700: 48.982: Total time for which application threads were stopped: 0.0001274 seconds, Stopping threads took: 0.0000337 seconds
2018-04-03T13:40:08.737+0700: 49.000: Total time for which application threads were stopped: 0.0001106 seconds, Stopping threads took: 0.0000357 seconds
2018-04-03T13:40:08.737+0700: 49.000: Total time for which application threads were stopped: 0.0000948 seconds, Stopping threads took: 0.0000228 seconds
2018-04-03T13:40:08.738+0700: 49.000: Total time for which application threads were stopped: 0.0000795 seconds, Stopping threads took: 0.0000267 seconds
2018-04-03T13:40:08.738+0700: 49.000: Total time for which application threads were stopped: 0.0001120 seconds, Stopping threads took: 0.0000279 seconds
2018-04-03T13:40:08.738+0700: 49.001: Total time for which application threads were stopped: 0.0001154 seconds, Stopping threads took: 0.0000245 seconds
2018-04-03T13:40:08.738+0700: 49.001: Total time for which application threads were stopped: 0.0000567 seconds, Stopping threads took: 0.0000089 seconds
2018-04-03T13:40:08.738+0700: 49.001: Total time for which application threads were stopped: 0.0000880 seconds, Stopping threads took: 0.0000236 seconds
2018-04-03T13:40:08.738+0700: 49.001: Total time for which application threads were stopped: 0.0001006 seconds, Stopping threads took: 0.0000265 seconds
2018-04-03T13:40:08.738+0700: 49.001: Total time for which application threads were stopped: 0.0000823 seconds, Stopping threads took: 0.0000108 seconds
2018-04-03T13:40:08.739+0700: 49.001: Total time for which application threads were stopped: 0.0000856 seconds, Stopping threads took: 0.0000209 seconds
2018-04-03T13:40:08.739+0700: 49.002: Total time for which application threads were stopped: 0.0000869 seconds, Stopping threads took: 0.0000115 seconds
2018-04-03T13:40:08.739+0700: 49.002: Total time for which application threads were stopped: 0.0000725 seconds, Stopping threads took: 0.0000262 seconds
2018-04-03T13:40:08.739+0700: 49.002: Total time for which application threads were stopped: 0.0000760 seconds, Stopping threads took: 0.0000327 seconds
2018-04-03T13:40:08.739+0700: 49.002: Total time for which application threads were stopped: 0.0000866 seconds, Stopping threads took: 0.0000122 seconds
2018-04-03T13:40:08.739+0700: 49.002: Total time for which application threads were stopped: 0.0000580 seconds, Stopping threads took: 0.0000091 seconds
2018-04-03T13:40:08.739+0700: 49.002: Total time for which application threads were stopped: 0.0000760 seconds, Stopping threads took: 0.0000097 seconds
2018-04-03T13:40:08.740+0700: 49.002: Total time for which application threads were stopped: 0.0001077 seconds, Stopping threads took: 0.0000402 seconds
2018-04-03T13:40:08.740+0700: 49.002: Total time for which application threads were stopped: 0.0001166 seconds, Stopping threads took: 0.0000334 seconds
2018-04-03T13:40:08.740+0700: 49.003: Total time for which application threads were stopped: 0.0000983 seconds, Stopping threads took: 0.0000471 seconds
2018-04-03T13:40:08.740+0700: 49.003: Total time for which application threads were stopped: 0.0000670 seconds, Stopping threads took: 0.0000146 seconds
2018-04-03T13:40:08.740+0700: 49.003: Total time for which application threads were stopped: 0.0000527 seconds, Stopping threads took: 0.0000069 seconds
2018-04-03T13:40:08.740+0700: 49.003: Total time for which application threads were stopped: 0.0000512 seconds, Stopping threads took: 0.0000067 seconds
2018-04-03T13:40:08.740+0700: 49.003: Total time for which application threads were stopped: 0.0000510 seconds, Stopping threads took: 0.0000070 seconds
2018-04-03T13:40:08.740+0700: 49.003: Total time for which application threads were stopped: 0.0000607 seconds, Stopping threads took: 0.0000085 seconds
2018-04-03T13:40:08.740+0700: 49.003: Total time for which application threads were stopped: 0.0000976 seconds, Stopping threads took: 0.0000076 seconds
2018-04-03T13:40:08.741+0700: 49.003: Total time for which application threads were stopped: 0.0000991 seconds, Stopping threads took: 0.0000345 seconds
2018-04-03T13:40:08.741+0700: 49.003: Total time for which application threads were stopped: 0.0000724 seconds, Stopping threads took: 0.0000271 seconds
2018-04-03T13:40:08.741+0700: 49.003: Total time for which application threads were stopped: 0.0000776 seconds, Stopping threads took: 0.0000309 seconds
2018-04-03T13:40:08.741+0700: 49.004: Total time for which application threads were stopped: 0.0000823 seconds, Stopping threads took: 0.0000349 seconds
2018-04-03T13:40:08.741+0700: 49.004: Total time for which application threads were stopped: 0.0001347 seconds, Stopping threads took: 0.0000295 seconds
2018-04-03T13:40:08.807+0700: 49.070: Total time for which application threads were stopped: 0.0002577 seconds, Stopping threads took: 0.0000941 seconds
2018-04-03T13:40:08.807+0700: 49.070: Total time for which application threads were stopped: 0.0000815 seconds, Stopping threads took: 0.0000161 seconds
2018-04-03T13:40:08.808+0700: 49.070: Total time for which application threads were stopped: 0.0001054 seconds, Stopping threads took: 0.0000326 seconds
2018-04-03T13:40:08.808+0700: 49.070: Total time for which application threads were stopped: 0.0001007 seconds, Stopping threads took: 0.0000320 seconds
2018-04-03T13:40:08.808+0700: 49.071: Total time for which application threads were stopped: 0.0000677 seconds, Stopping threads took: 0.0000286 seconds
2018-04-03T13:40:08.808+0700: 49.071: Total time for which application threads were stopped: 0.0000851 seconds, Stopping threads took: 0.0000279 seconds
2018-04-03T13:40:08.808+0700: 49.071: Total time for which application threads were stopped: 0.0000982 seconds, Stopping threads took: 0.0000314 seconds
2018-04-03T13:40:08.808+0700: 49.071: Total time for which application threads were stopped: 0.0000976 seconds, Stopping threads took: 0.0000289 seconds
2018-04-03T13:40:08.809+0700: 49.071: Total time for which application threads were stopped: 0.0000755 seconds, Stopping threads took: 0.0000242 seconds
2018-04-03T13:40:08.809+0700: 49.071: Total time for which application threads were stopped: 0.0000826 seconds, Stopping threads took: 0.0000275 seconds
2018-04-03T13:40:08.809+0700: 49.072: Total time for which application threads were stopped: 0.0000801 seconds, Stopping threads took: 0.0000265 seconds
2018-04-03T13:40:08.809+0700: 49.072: Total time for which application threads were stopped: 0.0000981 seconds, Stopping threads took: 0.0000263 seconds
2018-04-03T13:40:08.809+0700: 49.072: Total time for which application threads were stopped: 0.0000762 seconds, Stopping threads took: 0.0000233 seconds
2018-04-03T13:40:08.809+0700: 49.072: Total time for which application threads were stopped: 0.0000767 seconds, Stopping threads took: 0.0000302 seconds
2018-04-03T13:40:08.810+0700: 49.072: Total time for which application threads were stopped: 0.0001311 seconds, Stopping threads took: 0.0000351 seconds
2018-04-03T13:40:08.813+0700: 49.075: Total time for which application threads were stopped: 0.0004764 seconds, Stopping threads took: 0.0004101 seconds
2018-04-03T13:40:08.816+0700: 49.079: Total time for which application threads were stopped: 0.0001220 seconds, Stopping threads took: 0.0000372 seconds
2018-04-03T13:40:08.817+0700: 49.079: Total time for which application threads were stopped: 0.0001043 seconds, Stopping threads took: 0.0000347 seconds
{Heap before GC invocations=260 (full 1):
 par new generation   total 109248K, used 89922K [0x00000007a0000000, 0x00000007a8000000, 0x00000007a8000000)
  eden space 87424K,  99% used [0x00000007a0000000, 0x00000007a555b5a8, 0x00000007a5560000)
  from space 21824K,  11% used [0x00000007a5560000, 0x00000007a57d5390, 0x00000007a6ab0000)
  to   space 21824K,   0% used [0x00000007a6ab0000, 0x00000007a6ab0000, 0x00000007a8000000)
 concurrent mark-sweep generation total 393216K, used 102620K [0x00000007a8000000, 0x00000007c0000000, 0x00000007c0000000)
 Metaspace       used 35440K, capacity 36444K, committed 36580K, reserved 1081344K
  class space    used 4235K, capacity 4522K, committed 4580K, reserved 1048576K
2018-04-03T13:40:08.835+0700: 49.098: [GC (Allocation Failure) 2018-04-03T13:40:08.835+0700: 49.098: [ParNew
Desired survivor size 20112992 bytes, new threshold 8 (max 8)
- age   1:    5135640 bytes,    5135640 total
- age   2:    1042328 bytes,    6177968 total
- age   3:      18984 bytes,    6196952 total
- age   4:       1072 bytes,    6198024 total
- age   5:        208 bytes,    6198232 total
: 89922K->6883K(109248K), 0.0065306 secs] 192543K->109504K(502464K), 0.0066269 secs] [Times: user=0.03 sys=0.00, real=0.01 secs] 
Heap after GC invocations=261 (full 1):
 par new generation   total 109248K, used 6883K [0x00000007a0000000, 0x00000007a8000000, 0x00000007a8000000)
  eden space 87424K,   0% used [0x00000007a0000000, 0x00000007a0000000, 0x00000007a5560000)
  from space 21824K,  31% used [0x00000007a6ab0000, 0x00000007a7168e90, 0x00000007a8000000)
  to   space 21824K,   0% used [0x00000007a5560000, 0x00000007a5560000, 0x00000007a6ab0000)
 concurrent mark-sweep generation total 393216K, used 102620K [0x00000007a8000000, 0x00000007c0000000, 0x00000007c0000000)
 Metaspace       used 35440K, capacity 36444K, committed 36580K, reserved 1081344K
  class space    used 4235K, capacity 4522K, committed 4580K, reserved 1048576K
}
2018-04-03T13:40:08.842+0700: 49.105: Total time for which application threads were stopped: 0.0068159 seconds, Stopping threads took: 0.0000157 seconds
2018-04-03T13:40:08.843+0700: 49.105: Total time for which application threads were stopped: 0.0001434 seconds, Stopping threads took: 0.0000761 seconds
2018-04-03T13:40:08.843+0700: 49.105: Total time for which application threads were stopped: 0.0001342 seconds, Stopping threads took: 0.0000775 seconds
{Heap before GC invocations=261 (full 1):
 par new generation   total 109248K, used 94307K [0x00000007a0000000, 0x00000007a8000000, 0x00000007a8000000)
  eden space 87424K, 100% used [0x00000007a0000000, 0x00000007a5560000, 0x00000007a5560000)
  from space 21824K,  31% used [0x00000007a6ab0000, 0x00000007a7168e90, 0x00000007a8000000)
  to   space 21824K,   0% used [0x00000007a5560000, 0x00000007a5560000, 0x00000007a6ab0000)
 concurrent mark-sweep generation total 393216K, used 102620K [0x00000007a8000000, 0x00000007c0000000, 0x00000007c0000000)
 Metaspace       used 35440K, capacity 36444K, committed 36580K, reserved 1081344K
  class space    used 4235K, capacity 4522K, committed 4580K, reserved 1048576K
2018-04-03T13:40:08.885+0700: 49.148: [GC (Allocation Failure) 2018-04-03T13:40:08.885+0700: 49.148: [ParNew
Desired survivor size 20112992 bytes, new threshold 8 (max 8)
- age   1:     564168 bytes,     564168 total
- age   2:    4846640 bytes,    5410808 total
- age   3:    1042328 bytes,    6453136 total
- age   4:      18984 bytes,    6472120 total
- age   5:       1072 bytes,    6473192 total
- age   6:        208 bytes,    6473400 total
: 94307K->8293K(109248K), 0.0057982 secs] 196928K->110914K(502464K), 0.0058829 secs] [Times: user=0.02 sys=0.00, real=0.01 secs] 
Heap after GC invocations=262 (full 1):
 par new generation   total 109248K, used 8293K [0x00000007a0000000, 0x00000007a8000000, 0x00000007a8000000)
  eden space 87424K,   0% used [0x00000007a0000000, 0x00000007a0000000, 0x00000007a5560000)
  from space 21824K,  38% used [0x00000007a5560000, 0x00000007a5d79730, 0x00000007a6ab0000)
  to   space 21824K,   0% used [0x00000007a6ab0000, 0x00000007a6ab0000, 0x00000007a8000000)
 concurrent mark-sweep generation total 393216K, used 102620K [0x00000007a8000000, 0x00000007c0000000, 0x00000007c0000000)
 Metaspace       used 35440K, capacity 36444K, committed 36580K, reserved 1081344K
  class space    used 4235K, capacity 4522K, committed 4580K, reserved 1048576K
}
2018-04-03T13:40:08.891+0700: 49.154: Total time for which application threads were stopped: 0.0060952 seconds, Stopping threads took: 0.0000210 seconds
2018-04-03T13:40:08.892+0700: 49.154: Total time for which application threads were stopped: 0.0001508 seconds, Stopping threads took: 0.0000768 seconds
2018-04-03T13:40:08.892+0700: 49.154: Total time for which application threads were stopped: 0.0001305 seconds, Stopping threads took: 0.0000632 seconds
2018-04-03T13:40:08.892+0700: 49.154: Total time for which application threads were stopped: 0.0001101 seconds, Stopping threads took: 0.0000637 seconds
2018-04-03T13:40:08.892+0700: 49.155: Total time for which application threads were stopped: 0.0000989 seconds, Stopping threads took: 0.0000581 seconds
2018-04-03T13:40:08.892+0700: 49.155: Total time for which application threads were stopped: 0.0001105 seconds, Stopping threads took: 0.0000606 seconds
2018-04-03T13:40:08.892+0700: 49.155: Total time for which application threads were stopped: 0.0001089 seconds, Stopping threads took: 0.0000574 seconds
2018-04-03T13:40:08.892+0700: 49.155: Total time for which application threads were stopped: 0.0001238 seconds, Stopping threads took: 0.0000706 seconds
2018-04-03T13:40:08.893+0700: 49.155: Total time for which application threads were stopped: 0.0001111 seconds, Stopping threads took: 0.0000587 seconds
2018-04-03T13:40:08.893+0700: 49.155: Total time for which application threads were stopped: 0.0001067 seconds, Stopping threads took: 0.0000584 seconds
2018-04-03T13:40:08.893+0700: 49.156: Total time for which application threads were stopped: 0.0001182 seconds, Stopping threads took: 0.0000653 seconds
2018-04-03T13:40:08.893+0700: 49.156: Total time for which application threads were stopped: 0.0000746 seconds, Stopping threads took: 0.0000257 seconds
2018-04-03T13:40:08.893+0700: 49.156: Total time for which application threads were stopped: 0.0001159 seconds, Stopping threads took: 0.0000588 seconds
2018-04-03T13:40:08.893+0700: 49.156: Total time for which application threads were stopped: 0.0001287 seconds, Stopping threads took: 0.0000753 seconds
2018-04-03T13:40:08.893+0700: 49.156: Total time for which application threads were stopped: 0.0001150 seconds, Stopping threads took: 0.0000661 seconds
2018-04-03T13:40:08.894+0700: 49.156: Total time for which application threads were stopped: 0.0000638 seconds, Stopping threads took: 0.0000135 seconds
2018-04-03T13:40:08.894+0700: 49.156: Total time for which application threads were stopped: 0.0001158 seconds, Stopping threads took: 0.0000634 seconds
2018-04-03T13:40:08.894+0700: 49.157: Total time for which application threads were stopped: 0.0002517 seconds, Stopping threads took: 0.0001014 seconds
2018-04-03T13:40:08.894+0700: 49.157: Total time for which application threads were stopped: 0.0001072 seconds, Stopping threads took: 0.0000569 seconds
2018-04-03T13:40:08.894+0700: 49.157: Total time for which application threads were stopped: 0.0001159 seconds, Stopping threads took: 0.0000665 seconds
2018-04-03T13:40:08.895+0700: 49.157: Total time for which application threads were stopped: 0.0002051 seconds, Stopping threads took: 0.0000562 seconds
{Heap before GC invocations=262 (full 1):
 par new generation   total 109248K, used 95717K [0x00000007a0000000, 0x00000007a8000000, 0x00000007a8000000)
  eden space 87424K, 100% used [0x00000007a0000000, 0x00000007a5560000, 0x00000007a5560000)
  from space 21824K,  38% used [0x00000007a5560000, 0x00000007a5d79730, 0x00000007a6ab0000)
  to   space 21824K,   0% used [0x00000007a6ab0000, 0x00000007a6ab0000, 0x00000007a8000000)
 concurrent mark-sweep generation total 393216K, used 102620K [0x00000007a8000000, 0x00000007c0000000, 0x00000007c0000000)
 Metaspace       used 35440K, capacity 36444K, committed 36580K, reserved 1081344K
  class space    used 4235K, capacity 4522K, committed 4580K, reserved 1048576K
2018-04-03T13:40:08.933+0700: 49.196: [GC (Allocation Failure) 2018-04-03T13:40:08.933+0700: 49.196: [ParNew
Desired survivor size 20112992 bytes, new threshold 8 (max 8)
- age   1:     586184 bytes,     586184 total
- age   2:     235104 bytes,     821288 total
- age   3:    4704608 bytes,    5525896 total
- age   4:    1042328 bytes,    6568224 total
- age   5:      18984 bytes,    6587208 total
- age   6:       1072 bytes,    6588280 total
- age   7:        208 bytes,    6588488 total
: 95717K->8888K(109248K), 0.0064403 secs] 198338K->111509K(502464K), 0.0065431 secs] [Times: user=0.02 sys=0.00, real=0.01 secs] 
Heap after GC invocations=263 (full 1):
 par new generation   total 109248K, used 8888K [0x00000007a0000000, 0x00000007a8000000, 0x00000007a8000000)
  eden space 87424K,   0% used [0x00000007a0000000, 0x00000007a0000000, 0x00000007a5560000)
  from space 21824K,  40% used [0x00000007a6ab0000, 0x00000007a735e260, 0x00000007a8000000)
  to   space 21824K,   0% used [0x00000007a5560000, 0x00000007a5560000, 0x00000007a6ab0000)
 concurrent mark-sweep generation total 393216K, used 102620K [0x00000007a8000000, 0x00000007c0000000, 0x00000007c0000000)
 Metaspace       used 35440K, capacity 36444K, committed 36580K, reserved 1081344K
  class space    used 4235K, capacity 4522K, committed 4580K, reserved 1048576K
}
2018-04-03T13:40:08.940+0700: 49.202: Total time for which application threads were stopped: 0.0067715 seconds, Stopping threads took: 0.0000214 seconds
{Heap before GC invocations=263 (full 1):
 par new generation   total 109248K, used 96312K [0x00000007a0000000, 0x00000007a8000000, 0x00000007a8000000)
  eden space 87424K, 100% used [0x00000007a0000000, 0x00000007a5560000, 0x00000007a5560000)
  from space 21824K,  40% used [0x00000007a6ab0000, 0x00000007a735e260, 0x00000007a8000000)
  to   space 21824K,   0% used [0x00000007a5560000, 0x00000007a5560000, 0x00000007a6ab0000)
 concurrent mark-sweep generation total 393216K, used 102620K [0x00000007a8000000, 0x00000007c0000000, 0x00000007c0000000)
 Metaspace       used 35440K, capacity 36444K, committed 36580K, reserved 1081344K
  class space    used 4235K, capacity 4522K, committed 4580K, reserved 1048576K
2018-04-03T13:40:08.982+0700: 49.245: [GC (Allocation Failure) 2018-04-03T13:40:08.982+0700: 49.245: [ParNew
Desired survivor size 20112992 bytes, new threshold 8 (max 8)
- age   1:     753992 bytes,     753992 total
- age   2:     235592 bytes,     989584 total
- age   3:     235104 bytes,    1224688 total
- age   4:    4671712 bytes,    5896400 total
- age   5:    1042328 bytes,    6938728 total
- age   6:      18984 bytes,    6957712 total
- age   7:       1072 bytes,    6958784 total
- age   8:        208 bytes,    6958992 total
: 96312K->8328K(109248K), 0.0076209 secs] 198933K->110949K(502464K), 0.0077050 secs] [Times: user=0.02 sys=0.00, real=0.01 secs] 
Heap after GC invocations=264 (full 1):
 par new generation   total 109248K, used 8328K [0x00000007a0000000, 0x00000007a8000000, 0x00000007a8000000)
  eden space 87424K,   0% used [0x00000007a0000000, 0x00000007a0000000, 0x00000007a5560000)
  from space 21824K,  38% used [0x00000007a5560000, 0x00000007a5d82190, 0x00000007a6ab0000)
  to   space 21824K,   0% used [0x00000007a6ab0000, 0x00000007a6ab0000, 0x00000007a8000000)
 concurrent mark-sweep generation total 393216K, used 102620K [0x00000007a8000000, 0x00000007c0000000, 0x00000007c0000000)
 Metaspace       used 35440K, capacity 36444K, committed 36580K, reserved 1081344K
  class space    used 4235K, capacity 4522K, committed 4580K, reserved 1048576K
}
2018-04-03T13:40:08.990+0700: 49.253: Total time for which application threads were stopped: 0.0079058 seconds, Stopping threads took: 0.0000192 seconds
{Heap before GC invocations=264 (full 1):
 par new generation   total 109248K, used 95752K [0x00000007a0000000, 0x00000007a8000000, 0x00000007a8000000)
  eden space 87424K, 100% used [0x00000007a0000000, 0x00000007a5560000, 0x00000007a5560000)
  from space 21824K,  38% used [0x00000007a5560000, 0x00000007a5d82190, 0x00000007a6ab0000)
  to   space 21824K,   0% used [0x00000007a6ab0000, 0x00000007a6ab0000, 0x00000007a8000000)
 concurrent mark-sweep generation total 393216K, used 102620K [0x00000007a8000000, 0x00000007c0000000, 0x00000007c0000000)
 Metaspace       used 35440K, capacity 36444K, committed 36580K, reserved 1081344K
  class space    used 4235K, capacity 4522K, committed 4580K, reserved 1048576K
2018-04-03T13:40:09.031+0700: 49.294: [GC (Allocation Failure) 2018-04-03T13:40:09.031+0700: 49.294: [ParNew
Desired survivor size 20112992 bytes, new threshold 8 (max 8)
- age   1:     927208 bytes,     927208 total
- age   2:     332536 bytes,    1259744 total
- age   3:     170024 bytes,    1429768 total
- age   4:     235104 bytes,    1664872 total
- age   5:    4671712 bytes,    6336584 total
- age   6:    1042328 bytes,    7378912 total
- age   7:      18984 bytes,    7397896 total
- age   8:       1072 bytes,    7398968 total
: 95752K->10221K(109248K), 0.0064916 secs] 198373K->112842K(502464K), 0.0065695 secs] [Times: user=0.03 sys=0.00, real=0.00 secs] 
Heap after GC invocations=265 (full 1):
 par new generation   total 109248K, used 10221K [0x00000007a0000000, 0x00000007a8000000, 0x00000007a8000000)
  eden space 87424K,   0% used [0x00000007a0000000, 0x00000007a0000000, 0x00000007a5560000)
  from space 21824K,  46% used [0x00000007a6ab0000, 0x00000007a74ab7e0, 0x00000007a8000000)
  to   space 21824K,   0% used [0x00000007a5560000, 0x00000007a5560000, 0x00000007a6ab0000)
 concurrent mark-sweep generation total 393216K, used 102620K [0x00000007a8000000, 0x00000007c0000000, 0x00000007c0000000)
 Metaspace       used 35440K, capacity 36444K, committed 36580K, reserved 1081344K
  class space    used 4235K, capacity 4522K, committed 4580K, reserved 1048576K
}
2018-04-03T13:40:09.038+0700: 49.301: Total time for which application threads were stopped: 0.0067722 seconds, Stopping threads took: 0.0000195 seconds
{Heap before GC invocations=265 (full 1):
 par new generation   total 109248K, used 97645K [0x00000007a0000000, 0x00000007a8000000, 0x00000007a8000000)
  eden space 87424K, 100% used [0x00000007a0000000, 0x00000007a5560000, 0x00000007a5560000)
  from space 21824K,  46% used [0x00000007a6ab0000, 0x00000007a74ab7e0, 0x00000007a8000000)
  to   space 21824K,   0% used [0x00000007a5560000, 0x00000007a5560000, 0x00000007a6ab0000)
 concurrent mark-sweep generation total 393216K, used 102620K [0x00000007a8000000, 0x00000007c0000000, 0x00000007c0000000)
 Metaspace       used 35440K, capacity 36444K, committed 36580K, reserved 1081344K
  class space    used 4235K, capacity 4522K, committed 4580K, reserved 1048576K
2018-04-03T13:40:09.080+0700: 49.343: [GC (Allocation Failure) 2018-04-03T13:40:09.080+0700: 49.343: [ParNew
Desired survivor size 20112992 bytes, new threshold 8 (max 8)
- age   1:     835112 bytes,     835112 total
- age   2:     403632 bytes,    1238744 total
- age   3:     332464 bytes,    1571208 total
- age   4:     169512 bytes,    1740720 total
- age   5:     235040 bytes,    1975760 total
- age   6:    4671632 bytes,    6647392 total
- age   7:    1042352 bytes,    7689744 total
- age   8:      18984 bytes,    7708728 total
: 97645K->10661K(109248K), 0.0073137 secs] 200266K->113283K(502464K), 0.0073961 secs] [Times: user=0.03 sys=0.00, real=0.00 secs] 
Heap after GC invocations=266 (full 1):
 par new generation   total 109248K, used 10661K [0x00000007a0000000, 0x00000007a8000000, 0x00000007a8000000)
  eden space 87424K,   0% used [0x00000007a0000000, 0x00000007a0000000, 0x00000007a5560000)
  from space 21824K,  48% used [0x00000007a5560000, 0x00000007a5fc9440, 0x00000007a6ab0000)
  to   space 21824K,   0% used [0x00000007a6ab0000, 0x00000007a6ab0000, 0x00000007a8000000)
 concurrent mark-sweep generation total 393216K, used 102621K [0x00000007a8000000, 0x00000007c0000000, 0x00000007c0000000)
 Metaspace       used 35440K, capacity 36444K, committed 36580K, reserved 1081344K
  class space    used 4235K, capacity 4522K, committed 4580K, reserved 1048576K
}
2018-04-03T13:40:09.088+0700: 49.350: Total time for which application threads were stopped: 0.0075961 seconds, Stopping threads took: 0.0000208 seconds
{Heap before GC invocations=266 (full 1):
 par new generation   total 109248K, used 98085K [0x00000007a0000000, 0x00000007a8000000, 0x00000007a8000000)
  eden space 87424K, 100% used [0x00000007a0000000, 0x00000007a5560000, 0x00000007a5560000)
  from space 21824K,  48% used [0x00000007a5560000, 0x00000007a5fc9440, 0x00000007a6ab0000)
  to   space 21824K,   0% used [0x00000007a6ab0000, 0x00000007a6ab0000, 0x00000007a8000000)
 concurrent mark-sweep generation total 393216K, used 102621K [0x00000007a8000000, 0x00000007c0000000, 0x00000007c0000000)
 Metaspace       used 35440K, capacity 36444K, committed 36580K, reserved 1081344K
  class space    used 4235K, capacity 4522K, committed 4580K, reserved 1048576K
2018-04-03T13:40:09.124+0700: 49.386: [GC (Allocation Failure) 2018-04-03T13:40:09.124+0700: 49.386: [ParNew
Desired survivor size 20112992 bytes, new threshold 8 (max 8)
- age   1:     964720 bytes,     964720 total
- age   2:     170376 bytes,    1135096 total
- age   3:     403632 bytes,    1538728 total
- age   4:     332464 bytes,    1871192 total
- age   5:     169512 bytes,    2040704 total
- age   6:     235040 bytes,    2275744 total
- age   7:    4671632 bytes,    6947376 total
- age   8:    1042352 bytes,    7989728 total
: 98085K->9442K(109248K), 0.0062506 secs] 200707K->112083K(502464K), 0.0063199 secs] [Times: user=0.02 sys=0.00, real=0.01 secs] 
Heap after GC invocations=267 (full 1):
 par new generation   total 109248K, used 9442K [0x00000007a0000000, 0x00000007a8000000, 0x00000007a8000000)
  eden space 87424K,   0% used [0x00000007a0000000, 0x00000007a0000000, 0x00000007a5560000)
  from space 21824K,  43% used [0x00000007a6ab0000, 0x00000007a73e8820, 0x00000007a8000000)
  to   space 21824K,   0% used [0x00000007a5560000, 0x00000007a5560000, 0x00000007a6ab0000)
 concurrent mark-sweep generation total 393216K, used 102641K [0x00000007a8000000, 0x00000007c0000000, 0x00000007c0000000)
 Metaspace       used 35440K, capacity 36444K, committed 36580K, reserved 1081344K
  class space    used 4235K, capacity 4522K, committed 4580K, reserved 1048576K
}
2018-04-03T13:40:09.130+0700: 49.393: Total time for which application threads were stopped: 0.0064805 seconds, Stopping threads took: 0.0000183 seconds
2018-04-03T13:40:09.130+0700: 49.393: Total time for which application threads were stopped: 0.0001259 seconds, Stopping threads took: 0.0000724 seconds
2018-04-03T13:40:09.130+0700: 49.393: Total time for which application threads were stopped: 0.0001060 seconds, Stopping threads took: 0.0000625 seconds
2018-04-03T13:40:09.152+0700: 49.415: Total time for which application threads were stopped: 0.0001501 seconds, Stopping threads took: 0.0000862 seconds
2018-04-03T13:40:09.155+0700: 49.418: Total time for which application threads were stopped: 0.0001438 seconds, Stopping threads took: 0.0000732 seconds
{Heap before GC invocations=267 (full 1):
 par new generation   total 109248K, used 96866K [0x00000007a0000000, 0x00000007a8000000, 0x00000007a8000000)
  eden space 87424K, 100% used [0x00000007a0000000, 0x00000007a5560000, 0x00000007a5560000)
  from space 21824K,  43% used [0x00000007a6ab0000, 0x00000007a73e8820, 0x00000007a8000000)
  to   space 21824K,   0% used [0x00000007a5560000, 0x00000007a5560000, 0x00000007a6ab0000)
 concurrent mark-sweep generation total 393216K, used 102641K [0x00000007a8000000, 0x00000007c0000000, 0x00000007c0000000)
 Metaspace       used 35446K, capacity 36444K, committed 36580K, reserved 1081344K
  class space    used 4235K, capacity 4522K, committed 4580K, reserved 1048576K
2018-04-03T13:40:09.162+0700: 49.424: [GC (Allocation Failure) 2018-04-03T13:40:09.162+0700: 49.424: [ParNew
Desired survivor size 20112992 bytes, new threshold 8 (max 8)
- age   1:    1212288 bytes,    1212288 total
- age   2:     235824 bytes,    1448112 total
- age   3:     170376 bytes,    1618488 total
- age   4:     272528 bytes,    1891016 total
- age   5:     332464 bytes,    2223480 total
- age   6:     169512 bytes,    2392992 total
- age   7:     235040 bytes,    2628032 total
- age   8:    4671632 bytes,    7299664 total
: 96866K->11893K(109248K), 0.0107055 secs] 199507K->115629K(502464K), 0.0108155 secs] [Times: user=0.04 sys=0.01, real=0.01 secs] 
Heap after GC invocations=268 (full 1):
 par new generation   total 109248K, used 11893K [0x00000007a0000000, 0x00000007a8000000, 0x00000007a8000000)
  eden space 87424K,   0% used [0x00000007a0000000, 0x00000007a0000000, 0x00000007a5560000)
  from space 21824K,  54% used [0x00000007a5560000, 0x00000007a60fd470, 0x00000007a6ab0000)
  to   space 21824K,   0% used [0x00000007a6ab0000, 0x00000007a6ab0000, 0x00000007a8000000)
 concurrent mark-sweep generation total 393216K, used 103736K [0x00000007a8000000, 0x00000007c0000000, 0x00000007c0000000)
 Metaspace       used 35446K, capacity 36444K, committed 36580K, reserved 1081344K
  class space    used 4235K, capacity 4522K, committed 4580K, reserved 1048576K
}
2018-04-03T13:40:09.173+0700: 49.435: Total time for which application threads were stopped: 0.0109856 seconds, Stopping threads took: 0.0000137 seconds
{Heap before GC invocations=268 (full 1):
 par new generation   total 109248K, used 99317K [0x00000007a0000000, 0x00000007a8000000, 0x00000007a8000000)
  eden space 87424K, 100% used [0x00000007a0000000, 0x00000007a5560000, 0x00000007a5560000)
  from space 21824K,  54% used [0x00000007a5560000, 0x00000007a60fd470, 0x00000007a6ab0000)
  to   space 21824K,   0% used [0x00000007a6ab0000, 0x00000007a6ab0000, 0x00000007a8000000)
 concurrent mark-sweep generation total 393216K, used 103736K [0x00000007a8000000, 0x00000007c0000000, 0x00000007c0000000)
 Metaspace       used 35459K, capacity 36444K, committed 36580K, reserved 1081344K
  class space    used 4235K, capacity 4522K, committed 4580K, reserved 1048576K
2018-04-03T13:40:09.213+0700: 49.476: [GC (Allocation Failure) 2018-04-03T13:40:09.213+0700: 49.476: [ParNew
Desired survivor size 20112992 bytes, new threshold 8 (max 8)
- age   1:    1826888 bytes,    1826888 total
- age   2:     479128 bytes,    2306016 total
- age   3:     235720 bytes,    2541736 total
- age   4:     170376 bytes,    2712112 total
- age   5:     272528 bytes,    2984640 total
- age   6:     266912 bytes,    3251552 total
- age   7:     169512 bytes,    3421064 total
- age   8:     235040 bytes,    3656104 total
: 99317K->6092K(109248K), 0.0111173 secs] 203053K->114587K(502464K), 0.0111991 secs] [Times: user=0.04 sys=0.00, real=0.01 secs] 
Heap after GC invocations=269 (full 1):
 par new generation   total 109248K, used 6092K [0x00000007a0000000, 0x00000007a8000000, 0x00000007a8000000)
  eden space 87424K,   0% used [0x00000007a0000000, 0x00000007a0000000, 0x00000007a5560000)
  from space 21824K,  27% used [0x00000007a6ab0000, 0x00000007a70a3018, 0x00000007a8000000)
  to   space 21824K,   0% used [0x00000007a5560000, 0x00000007a5560000, 0x00000007a6ab0000)
 concurrent mark-sweep generation total 393216K, used 108495K [0x00000007a8000000, 0x00000007c0000000, 0x00000007c0000000)
 Metaspace       used 35459K, capacity 36444K, committed 36580K, reserved 1081344K
  class space    used 4235K, capacity 4522K, committed 4580K, reserved 1048576K
}
2018-04-03T13:40:09.224+0700: 49.487: Total time for which application threads were stopped: 0.0115003 seconds, Stopping threads took: 0.0000939 seconds
{Heap before GC invocations=269 (full 1):
 par new generation   total 109248K, used 93516K [0x00000007a0000000, 0x00000007a8000000, 0x00000007a8000000)
  eden space 87424K, 100% used [0x00000007a0000000, 0x00000007a5560000, 0x00000007a5560000)
  from space 21824K,  27% used [0x00000007a6ab0000, 0x00000007a70a3018, 0x00000007a8000000)
  to   space 21824K,   0% used [0x00000007a5560000, 0x00000007a5560000, 0x00000007a6ab0000)
 concurrent mark-sweep generation total 393216K, used 108495K [0x00000007a8000000, 0x00000007c0000000, 0x00000007c0000000)
 Metaspace       used 35464K, capacity 36444K, committed 36580K, reserved 1081344K
  class space    used 4235K, capacity 4522K, committed 4580K, reserved 1048576K
2018-04-03T13:40:09.255+0700: 49.517: [GC (Allocation Failure) 2018-04-03T13:40:09.255+0700: 49.517: [ParNew
Desired survivor size 20112992 bytes, new threshold 8 (max 8)
- age   1:    1332080 bytes,    1332080 total
- age   2:     817128 bytes,    2149208 total
- age   3:     479000 bytes,    2628208 total
- age   4:     235720 bytes,    2863928 total
- age   5:     170376 bytes,    3034304 total
- age   6:     272528 bytes,    3306832 total
- age   7:     266912 bytes,    3573744 total
- age   8:     169512 bytes,    3743256 total
: 93516K->4972K(109248K), 0.0053465 secs] 202011K->113697K(502464K), 0.0054252 secs] [Times: user=0.01 sys=0.00, real=0.01 secs] 
Heap after GC invocations=270 (full 1):
 par new generation   total 109248K, used 4972K [0x00000007a0000000, 0x00000007a8000000, 0x00000007a8000000)
  eden space 87424K,   0% used [0x00000007a0000000, 0x00000007a0000000, 0x00000007a5560000)
  from space 21824K,  22% used [0x00000007a5560000, 0x00000007a5a3b238, 0x00000007a6ab0000)
  to   space 21824K,   0% used [0x00000007a6ab0000, 0x00000007a6ab0000, 0x00000007a8000000)
 concurrent mark-sweep generation total 393216K, used 108725K [0x00000007a8000000, 0x00000007c0000000, 0x00000007c0000000)
 Metaspace       used 35464K, capacity 36444K, committed 36580K, reserved 1081344K
  class space    used 4235K, capacity 4522K, committed 4580K, reserved 1048576K
}
2018-04-03T13:40:09.260+0700: 49.523: Total time for which application threads were stopped: 0.0056631 seconds, Stopping threads took: 0.0000814 seconds
{Heap before GC invocations=270 (full 1):
 par new generation   total 109248K, used 92396K [0x00000007a0000000, 0x00000007a8000000, 0x00000007a8000000)
  eden space 87424K, 100% used [0x00000007a0000000, 0x00000007a5560000, 0x00000007a5560000)
  from space 21824K,  22% used [0x00000007a5560000, 0x00000007a5a3b238, 0x00000007a6ab0000)
  to   space 21824K,   0% used [0x00000007a6ab0000, 0x00000007a6ab0000, 0x00000007a8000000)
 concurrent mark-sweep generation total 393216K, used 108725K [0x00000007a8000000, 0x00000007c0000000, 0x00000007c0000000)
 Metaspace       used 35469K, capacity 36444K, committed 36580K, reserved 1081344K
  class space    used 4235K, capacity 4522K, committed 4580K, reserved 1048576K
2018-04-03T13:40:09.282+0700: 49.544: [GC (Allocation Failure) 2018-04-03T13:40:09.282+0700: 49.544: [ParNew
Desired survivor size 20112992 bytes, new threshold 8 (max 8)
- age   1:    1234552 bytes,    1234552 total
- age   2:     479304 bytes,    1713856 total
- age   3:     812456 bytes,    2526312 total
- age   4:     479000 bytes,    3005312 total
- age   5:     235720 bytes,    3241032 total
- age   6:     170376 bytes,    3411408 total
- age   7:     272528 bytes,    3683936 total
- age   8:     266912 bytes,    3950848 total
: 92396K->4654K(109248K), 0.0061052 secs] 201121K->113545K(502464K), 0.0061798 secs] [Times: user=0.03 sys=0.00, real=0.00 secs] 
Heap after GC invocations=271 (full 1):
 par new generation   total 109248K, used 4654K [0x00000007a0000000, 0x00000007a8000000, 0x00000007a8000000)
  eden space 87424K,   0% used [0x00000007a0000000, 0x00000007a0000000, 0x00000007a5560000)
  from space 21824K,  21% used [0x00000007a6ab0000, 0x00000007a6f3bb50, 0x00000007a8000000)
  to   space 21824K,   0% used [0x00000007a5560000, 0x00000007a5560000, 0x00000007a6ab0000)
 concurrent mark-sweep generation total 393216K, used 108890K [0x00000007a8000000, 0x00000007c0000000, 0x00000007c0000000)
 Metaspace       used 35469K, capacity 36444K, committed 36580K, reserved 1081344K
  class space    used 4235K, capacity 4522K, committed 4580K, reserved 1048576K
}
2018-04-03T13:40:09.288+0700: 49.551: Total time for which application threads were stopped: 0.0066213 seconds, Stopping threads took: 0.0002869 seconds
2018-04-03T13:40:09.313+0700: 49.576: Total time for which application threads were stopped: 0.0001984 seconds, Stopping threads took: 0.0000850 seconds
{Heap before GC invocations=271 (full 1):
 par new generation   total 109248K, used 92078K [0x00000007a0000000, 0x00000007a8000000, 0x00000007a8000000)
  eden space 87424K, 100% used [0x00000007a0000000, 0x00000007a5560000, 0x00000007a5560000)
  from space 21824K,  21% used [0x00000007a6ab0000, 0x00000007a6f3bb50, 0x00000007a8000000)
  to   space 21824K,   0% used [0x00000007a5560000, 0x00000007a5560000, 0x00000007a6ab0000)
 concurrent mark-sweep generation total 393216K, used 108890K [0x00000007a8000000, 0x00000007c0000000, 0x00000007c0000000)
 Metaspace       used 35489K, capacity 36450K, committed 36580K, reserved 1081344K
  class space    used 4236K, capacity 4524K, committed 4580K, reserved 1048576K
2018-04-03T13:40:09.317+0700: 49.580: [GC (Allocation Failure) 2018-04-03T13:40:09.317+0700: 49.580: [ParNew
Desired survivor size 20112992 bytes, new threshold 8 (max 8)
- age   1:     456960 bytes,     456960 total
- age   2:     759512 bytes,    1216472 total
- age   3:     477272 bytes,    1693744 total
- age   4:     812432 bytes,    2506176 total
- age   5:     479000 bytes,    2985176 total
- age   6:     235720 bytes,    3220896 total
- age   7:     170376 bytes,    3391272 total
- age   8:     272528 bytes,    3663800 total
: 92078K->5427K(109248K), 0.0060645 secs] 200969K->114579K(502464K), 0.0061550 secs] [Times: user=0.02 sys=0.00, real=0.01 secs] 
Heap after GC invocations=272 (full 1):
 par new generation   total 109248K, used 5427K [0x00000007a0000000, 0x00000007a8000000, 0x00000007a8000000)
  eden space 87424K,   0% used [0x00000007a0000000, 0x00000007a0000000, 0x00000007a5560000)
  from space 21824K,  24% used [0x00000007a5560000, 0x00000007a5aaceb8, 0x00000007a6ab0000)
  to   space 21824K,   0% used [0x00000007a6ab0000, 0x00000007a6ab0000, 0x00000007a8000000)
 concurrent mark-sweep generation total 393216K, used 109151K [0x00000007a8000000, 0x00000007c0000000, 0x00000007c0000000)
 Metaspace       used 35489K, capacity 36450K, committed 36580K, reserved 1081344K
  class space    used 4236K, capacity 4524K, committed 4580K, reserved 1048576K
}
2018-04-03T13:40:09.323+0700: 49.586: Total time for which application threads were stopped: 0.0063579 seconds, Stopping threads took: 0.0000385 seconds
2018-04-03T13:40:09.345+0700: 49.608: Total time for which application threads were stopped: 0.0002062 seconds, Stopping threads took: 0.0000899 seconds
2018-04-03T13:40:09.351+0700: 49.613: Total time for which application threads were stopped: 0.0001523 seconds, Stopping threads took: 0.0000841 seconds
2018-04-03T13:40:09.351+0700: 49.614: Total time for which application threads were stopped: 0.0001389 seconds, Stopping threads took: 0.0000770 seconds
2018-04-03T13:40:09.351+0700: 49.614: Total time for which application threads were stopped: 0.0000580 seconds, Stopping threads took: 0.0000113 seconds
2018-04-03T13:40:09.351+0700: 49.614: Total time for which application threads were stopped: 0.0000701 seconds, Stopping threads took: 0.0000217 seconds
2018-04-03T13:40:09.352+0700: 49.614: Total time for which application threads were stopped: 0.0001199 seconds, Stopping threads took: 0.0000697 seconds
2018-04-03T13:40:09.352+0700: 49.614: Total time for which application threads were stopped: 0.0001213 seconds, Stopping threads took: 0.0000689 seconds
2018-04-03T13:40:09.352+0700: 49.615: Total time for which application threads were stopped: 0.0001403 seconds, Stopping threads took: 0.0000710 seconds
2018-04-03T13:40:09.352+0700: 49.615: Total time for which application threads were stopped: 0.0001398 seconds, Stopping threads took: 0.0000613 seconds
2018-04-03T13:40:09.352+0700: 49.615: Total time for which application threads were stopped: 0.0001380 seconds, Stopping threads took: 0.0000648 seconds
2018-04-03T13:40:09.352+0700: 49.615: Total time for which application threads were stopped: 0.0000950 seconds, Stopping threads took: 0.0000232 seconds
2018-04-03T13:40:09.353+0700: 49.615: Total time for which application threads were stopped: 0.0001482 seconds, Stopping threads took: 0.0000736 seconds
2018-04-03T13:40:09.353+0700: 49.615: Total time for which application threads were stopped: 0.0001373 seconds, Stopping threads took: 0.0000582 seconds
2018-04-03T13:40:09.353+0700: 49.616: Total time for which application threads were stopped: 0.0001298 seconds, Stopping threads took: 0.0000546 seconds
2018-04-03T13:40:09.353+0700: 49.616: Total time for which application threads were stopped: 0.0001645 seconds, Stopping threads took: 0.0000793 seconds
2018-04-03T13:40:09.354+0700: 49.616: Total time for which application threads were stopped: 0.0002789 seconds, Stopping threads took: 0.0000649 seconds
2018-04-03T13:40:09.354+0700: 49.616: Total time for which application threads were stopped: 0.0001566 seconds, Stopping threads took: 0.0000687 seconds
2018-04-03T13:40:09.354+0700: 49.617: Total time for which application threads were stopped: 0.0000883 seconds, Stopping threads took: 0.0000321 seconds
2018-04-03T13:40:09.354+0700: 49.617: Total time for which application threads were stopped: 0.0001127 seconds, Stopping threads took: 0.0000629 seconds
2018-04-03T13:40:09.354+0700: 49.617: Total time for which application threads were stopped: 0.0001455 seconds, Stopping threads took: 0.0000688 seconds
2018-04-03T13:40:09.354+0700: 49.617: Total time for which application threads were stopped: 0.0000953 seconds, Stopping threads took: 0.0000212 seconds
2018-04-03T13:40:09.355+0700: 49.617: Total time for which application threads were stopped: 0.0001241 seconds, Stopping threads took: 0.0000655 seconds
2018-04-03T13:40:09.355+0700: 49.617: Total time for which application threads were stopped: 0.0001213 seconds, Stopping threads took: 0.0000649 seconds
2018-04-03T13:40:09.355+0700: 49.618: Total time for which application threads were stopped: 0.0001255 seconds, Stopping threads took: 0.0000727 seconds
2018-04-03T13:40:09.355+0700: 49.618: Total time for which application threads were stopped: 0.0001357 seconds, Stopping threads took: 0.0000289 seconds
2018-04-03T13:40:09.365+0700: 49.627: Total time for which application threads were stopped: 0.0001786 seconds, Stopping threads took: 0.0000845 seconds
2018-04-03T13:40:09.365+0700: 49.628: Total time for which application threads were stopped: 0.0001353 seconds, Stopping threads took: 0.0000264 seconds
2018-04-03T13:40:09.368+0700: 49.630: Total time for which application threads were stopped: 0.0001841 seconds, Stopping threads took: 0.0001054 seconds
{Heap before GC invocations=272 (full 1):
 par new generation   total 109248K, used 92851K [0x00000007a0000000, 0x00000007a8000000, 0x00000007a8000000)
  eden space 87424K, 100% used [0x00000007a0000000, 0x00000007a5560000, 0x00000007a5560000)
  from space 21824K,  24% used [0x00000007a5560000, 0x00000007a5aaceb8, 0x00000007a6ab0000)
  to   space 21824K,   0% used [0x00000007a6ab0000, 0x00000007a6ab0000, 0x00000007a8000000)
 concurrent mark-sweep generation total 393216K, used 109151K [0x00000007a8000000, 0x00000007c0000000, 0x00000007c0000000)
 Metaspace       used 35510K, capacity 36474K, committed 36580K, reserved 1081344K
  class space    used 4237K, capacity 4526K, committed 4580K, reserved 1048576K
2018-04-03T13:40:09.372+0700: 49.635: [GC (Allocation Failure) 2018-04-03T13:40:09.372+0700: 49.635: [ParNew
Desired survivor size 20112992 bytes, new threshold 8 (max 8)
- age   1:    1544688 bytes,    1544688 total
- age   2:     341248 bytes,    1885936 total
- age   3:     143560 bytes,    2029496 total
- age   4:     477136 bytes,    2506632 total
- age   5:     807128 bytes,    3313760 total
- age   6:     465920 bytes,    3779680 total
- age   7:     235720 bytes,    4015400 total
- age   8:     170376 bytes,    4185776 total
: 92851K->5420K(109248K), 0.0071221 secs] 202003K->114838K(502464K), 0.0072229 secs] [Times: user=0.02 sys=0.00, real=0.01 secs] 
Heap after GC invocations=273 (full 1):
 par new generation   total 109248K, used 5420K [0x00000007a0000000, 0x00000007a8000000, 0x00000007a8000000)
  eden space 87424K,   0% used [0x00000007a0000000, 0x00000007a0000000, 0x00000007a5560000)
  from space 21824K,  24% used [0x00000007a6ab0000, 0x00000007a6ffb300, 0x00000007a8000000)
  to   space 21824K,   0% used [0x00000007a5560000, 0x00000007a5560000, 0x00000007a6ab0000)
 concurrent mark-sweep generation total 393216K, used 109417K [0x00000007a8000000, 0x00000007c0000000, 0x00000007c0000000)
 Metaspace       used 35510K, capacity 36474K, committed 36580K, reserved 1081344K
  class space    used 4237K, capacity 4526K, committed 4580K, reserved 1048576K
}
2018-04-03T13:40:09.380+0700: 49.642: Total time for which application threads were stopped: 0.0076865 seconds, Stopping threads took: 0.0002739 seconds
2018-04-03T13:40:09.380+0700: 49.643: Total time for which application threads were stopped: 0.0001477 seconds, Stopping threads took: 0.0000727 seconds
2018-04-03T13:40:09.380+0700: 49.643: Total time for which application threads were stopped: 0.0001396 seconds, Stopping threads took: 0.0000711 seconds
2018-04-03T13:40:09.418+0700: 49.680: Total time for which application threads were stopped: 0.0002046 seconds, Stopping threads took: 0.0000874 seconds
2018-04-03T13:40:09.418+0700: 49.680: Total time for which application threads were stopped: 0.0000762 seconds, Stopping threads took: 0.0000109 seconds
2018-04-03T13:40:09.418+0700: 49.681: Total time for which application threads were stopped: 0.0001325 seconds, Stopping threads took: 0.0000763 seconds
{Heap before GC invocations=273 (full 1):
 par new generation   total 109248K, used 92844K [0x00000007a0000000, 0x00000007a8000000, 0x00000007a8000000)
  eden space 87424K, 100% used [0x00000007a0000000, 0x00000007a5560000, 0x00000007a5560000)
  from space 21824K,  24% used [0x00000007a6ab0000, 0x00000007a6ffb300, 0x00000007a8000000)
  to   space 21824K,   0% used [0x00000007a5560000, 0x00000007a5560000, 0x00000007a6ab0000)
 concurrent mark-sweep generation total 393216K, used 109417K [0x00000007a8000000, 0x00000007c0000000, 0x00000007c0000000)
 Metaspace       used 35515K, capacity 36474K, committed 36580K, reserved 1081344K
  class space    used 4237K, capacity 4526K, committed 4580K, reserved 1048576K
2018-04-03T13:40:09.438+0700: 49.701: [GC (Allocation Failure) 2018-04-03T13:40:09.438+0700: 49.701: [ParNew
Desired survivor size 20112992 bytes, new threshold 8 (max 8)
- age   1:    1211560 bytes,    1211560 total
- age   2:     572688 bytes,    1784248 total
- age   3:     341248 bytes,    2125496 total
- age   4:     143560 bytes,    2269056 total
- age   5:     477136 bytes,    2746192 total
- age   6:     807032 bytes,    3553224 total
- age   7:     465920 bytes,    4019144 total
- age   8:     235720 bytes,    4254864 total
: 92844K->5480K(109248K), 0.0060672 secs] 202262K->115064K(502464K), 0.0061586 secs] [Times: user=0.03 sys=0.00, real=0.01 secs] 
Heap after GC invocations=274 (full 1):
 par new generation   total 109248K, used 5480K [0x00000007a0000000, 0x00000007a8000000, 0x00000007a8000000)
  eden space 87424K,   0% used [0x00000007a0000000, 0x00000007a0000000, 0x00000007a5560000)
  from space 21824K,  25% used [0x00000007a5560000, 0x00000007a5aba0a8, 0x00000007a6ab0000)
  to   space 21824K,   0% used [0x00000007a6ab0000, 0x00000007a6ab0000, 0x00000007a8000000)
 concurrent mark-sweep generation total 393216K, used 109583K [0x00000007a8000000, 0x00000007c0000000, 0x00000007c0000000)
 Metaspace       used 35515K, capacity 36474K, committed 36580K, reserved 1081344K
  class space    used 4237K, capacity 4526K, committed 4580K, reserved 1048576K
}
2018-04-03T13:40:09.445+0700: 49.707: Total time for which application threads were stopped: 0.0063705 seconds, Stopping threads took: 0.0000194 seconds
2018-04-03T13:40:09.445+0700: 49.707: Total time for which application threads were stopped: 0.0000764 seconds, Stopping threads took: 0.0000123 seconds
2018-04-03T13:40:09.445+0700: 49.708: Total time for which application threads were stopped: 0.0001743 seconds, Stopping threads took: 0.0001072 seconds
2018-04-03T13:40:09.445+0700: 49.708: Total time for which application threads were stopped: 0.0001583 seconds, Stopping threads took: 0.0000997 seconds
2018-04-03T13:40:09.445+0700: 49.708: Total time for which application threads were stopped: 0.0001171 seconds, Stopping threads took: 0.0000604 seconds
2018-04-03T13:40:09.446+0700: 49.708: Total time for which application threads were stopped: 0.0001115 seconds, Stopping threads took: 0.0000576 seconds
2018-04-03T13:40:09.446+0700: 49.708: Total time for which application threads were stopped: 0.0001104 seconds, Stopping threads took: 0.0000587 seconds
2018-04-03T13:40:09.446+0700: 49.709: Total time for which application threads were stopped: 0.0001121 seconds, Stopping threads took: 0.0000615 seconds
2018-04-03T13:40:09.446+0700: 49.709: Total time for which application threads were stopped: 0.0001152 seconds, Stopping threads took: 0.0000578 seconds
2018-04-03T13:40:09.446+0700: 49.709: Total time for which application threads were stopped: 0.0001104 seconds, Stopping threads took: 0.0000575 seconds
2018-04-03T13:40:09.446+0700: 49.709: Total time for which application threads were stopped: 0.0001131 seconds, Stopping threads took: 0.0000575 seconds
2018-04-03T13:40:09.447+0700: 49.709: Total time for which application threads were stopped: 0.0001124 seconds, Stopping threads took: 0.0000575 seconds
2018-04-03T13:40:09.447+0700: 49.709: Total time for which application threads were stopped: 0.0001130 seconds, Stopping threads took: 0.0000553 seconds
2018-04-03T13:40:09.447+0700: 49.709: Total time for which application threads were stopped: 0.0001092 seconds, Stopping threads took: 0.0000575 seconds
2018-04-03T13:40:09.447+0700: 49.710: Total time for which application threads were stopped: 0.0001116 seconds, Stopping threads took: 0.0000570 seconds
2018-04-03T13:40:09.447+0700: 49.710: Total time for which application threads were stopped: 0.0001169 seconds, Stopping threads took: 0.0000619 seconds
2018-04-03T13:40:09.447+0700: 49.710: Total time for which application threads were stopped: 0.0001381 seconds, Stopping threads took: 0.0000687 seconds
2018-04-03T13:40:09.447+0700: 49.710: Total time for which application threads were stopped: 0.0001039 seconds, Stopping threads took: 0.0000538 seconds
2018-04-03T13:40:09.448+0700: 49.710: Total time for which application threads were stopped: 0.0001043 seconds, Stopping threads took: 0.0000512 seconds
2018-04-03T13:40:09.448+0700: 49.710: Total time for which application threads were stopped: 0.0000988 seconds, Stopping threads took: 0.0000500 seconds
2018-04-03T13:40:09.448+0700: 49.711: Total time for which application threads were stopped: 0.0002594 seconds, Stopping threads took: 0.0000579 seconds
2018-04-03T13:40:09.448+0700: 49.711: Total time for which application threads were stopped: 0.0001124 seconds, Stopping threads took: 0.0000591 seconds
{Heap before GC invocations=274 (full 1):
 par new generation   total 109248K, used 92904K [0x00000007a0000000, 0x00000007a8000000, 0x00000007a8000000)
  eden space 87424K, 100% used [0x00000007a0000000, 0x00000007a5560000, 0x00000007a5560000)
  from space 21824K,  25% used [0x00000007a5560000, 0x00000007a5aba0a8, 0x00000007a6ab0000)
  to   space 21824K,   0% used [0x00000007a6ab0000, 0x00000007a6ab0000, 0x00000007a8000000)
 concurrent mark-sweep generation total 393216K, used 109583K [0x00000007a8000000, 0x00000007c0000000, 0x00000007c0000000)
 Metaspace       used 35515K, capacity 36474K, committed 36580K, reserved 1081344K
  class space    used 4237K, capacity 4526K, committed 4580K, reserved 1048576K
2018-04-03T13:40:09.500+0700: 49.763: [GC (Allocation Failure) 2018-04-03T13:40:09.500+0700: 49.763: [ParNew
Desired survivor size 20112992 bytes, new threshold 8 (max 8)
- age   1:     658256 bytes,     658256 total
- age   2:    1071520 bytes,    1729776 total
- age   3:     396904 bytes,    2126680 total
- age   4:     341248 bytes,    2467928 total
- age   5:     143560 bytes,    2611488 total
- age   6:     195576 bytes,    2807064 total
- age   7:     807032 bytes,    3614096 total
- age   8:     465920 bytes,    4080016 total
: 92904K->5179K(109248K), 0.0062108 secs] 202488K->114994K(502464K), 0.0063081 secs] [Times: user=0.02 sys=0.00, real=0.00 secs] 
Heap after GC invocations=275 (full 1):
 par new generation   total 109248K, used 5179K [0x00000007a0000000, 0x00000007a8000000, 0x00000007a8000000)
  eden space 87424K,   0% used [0x00000007a0000000, 0x00000007a0000000, 0x00000007a5560000)
  from space 21824K,  23% used [0x00000007a6ab0000, 0x00000007a6fbef68, 0x00000007a8000000)
  to   space 21824K,   0% used [0x00000007a5560000, 0x00000007a5560000, 0x00000007a6ab0000)
 concurrent mark-sweep generation total 393216K, used 109814K [0x00000007a8000000, 0x00000007c0000000, 0x00000007c0000000)
 Metaspace       used 35515K, capacity 36474K, committed 36580K, reserved 1081344K
  class space    used 4237K, capacity 4526K, committed 4580K, reserved 1048576K
}
2018-04-03T13:40:09.507+0700: 49.769: Total time for which application threads were stopped: 0.0065474 seconds, Stopping threads took: 0.0000224 seconds
{Heap before GC invocations=275 (full 1):
 par new generation   total 109248K, used 92603K [0x00000007a0000000, 0x00000007a8000000, 0x00000007a8000000)
  eden space 87424K, 100% used [0x00000007a0000000, 0x00000007a5560000, 0x00000007a5560000)
  from space 21824K,  23% used [0x00000007a6ab0000, 0x00000007a6fbef68, 0x00000007a8000000)
  to   space 21824K,   0% used [0x00000007a5560000, 0x00000007a5560000, 0x00000007a6ab0000)
 concurrent mark-sweep generation total 393216K, used 109814K [0x00000007a8000000, 0x00000007c0000000, 0x00000007c0000000)
 Metaspace       used 35515K, capacity 36474K, committed 36580K, reserved 1081344K
  class space    used 4237K, capacity 4526K, committed 4580K, reserved 1048576K
2018-04-03T13:40:09.555+0700: 49.818: [GC (Allocation Failure) 2018-04-03T13:40:09.555+0700: 49.818: [ParNew
Desired survivor size 20112992 bytes, new threshold 8 (max 8)
- age   1:    1690104 bytes,    1690104 total
- age   2:     551768 bytes,    2241872 total
- age   3:     292064 bytes,    2533936 total
- age   4:     396904 bytes,    2930840 total
- age   5:     341248 bytes,    3272088 total
- age   6:     143560 bytes,    3415648 total
- age   7:     195576 bytes,    3611224 total
- age   8:     807104 bytes,    4418328 total
: 92603K->5706K(109248K), 0.0058875 secs] 202418K->115719K(502464K), 0.0059854 secs] [Times: user=0.02 sys=0.00, real=0.01 secs] 
Heap after GC invocations=276 (full 1):
 par new generation   total 109248K, used 5706K [0x00000007a0000000, 0x00000007a8000000, 0x00000007a8000000)
  eden space 87424K,   0% used [0x00000007a0000000, 0x00000007a0000000, 0x00000007a5560000)
  from space 21824K,  26% used [0x00000007a5560000, 0x00000007a5af2ab0, 0x00000007a6ab0000)
  to   space 21824K,   0% used [0x00000007a6ab0000, 0x00000007a6ab0000, 0x00000007a8000000)
 concurrent mark-sweep generation total 393216K, used 110013K [0x00000007a8000000, 0x00000007c0000000, 0x00000007c0000000)
 Metaspace       used 35515K, capacity 36474K, committed 36580K, reserved 1081344K
  class space    used 4237K, capacity 4526K, committed 4580K, reserved 1048576K
}
2018-04-03T13:40:09.561+0700: 49.824: Total time for which application threads were stopped: 0.0062200 seconds, Stopping threads took: 0.0000223 seconds
2018-04-03T13:40:09.565+0700: 49.828: Total time for which application threads were stopped: 0.0002494 seconds, Stopping threads took: 0.0000809 seconds
2018-04-03T13:40:09.566+0700: 49.829: Total time for which application threads were stopped: 0.0005302 seconds, Stopping threads took: 0.0004604 seconds
2018-04-03T13:40:09.567+0700: 49.830: Total time for which application threads were stopped: 0.0001148 seconds, Stopping threads took: 0.0000630 seconds
2018-04-03T13:40:09.580+0700: 49.843: Total time for which application threads were stopped: 0.0005471 seconds, Stopping threads took: 0.0000910 seconds
2018-04-03T13:40:09.611+0700: 49.874: Total time for which application threads were stopped: 0.0001792 seconds, Stopping threads took: 0.0000994 seconds
2018-04-03T13:40:09.612+0700: 49.875: Total time for which application threads were stopped: 0.0001587 seconds, Stopping threads took: 0.0000782 seconds
2018-04-03T13:40:09.613+0700: 49.875: Total time for which application threads were stopped: 0.0001536 seconds, Stopping threads took: 0.0000773 seconds
2018-04-03T13:40:09.613+0700: 49.876: Total time for which application threads were stopped: 0.0001245 seconds, Stopping threads took: 0.0000613 seconds
{Heap before GC invocations=276 (full 1):
 par new generation   total 109248K, used 93130K [0x00000007a0000000, 0x00000007a8000000, 0x00000007a8000000)
  eden space 87424K, 100% used [0x00000007a0000000, 0x00000007a5560000, 0x00000007a5560000)
  from space 21824K,  26% used [0x00000007a5560000, 0x00000007a5af2ab0, 0x00000007a6ab0000)
  to   space 21824K,   0% used [0x00000007a6ab0000, 0x00000007a6ab0000, 0x00000007a8000000)
 concurrent mark-sweep generation total 393216K, used 110013K [0x00000007a8000000, 0x00000007c0000000, 0x00000007c0000000)
 Metaspace       used 36081K, capacity 37050K, committed 37220K, reserved 1081344K
  class space    used 4302K, capacity 4590K, committed 4708K, reserved 1048576K
2018-04-03T13:40:09.614+0700: 49.876: [GC (Allocation Failure) 2018-04-03T13:40:09.614+0700: 49.876: [ParNew
Desired survivor size 20112992 bytes, new threshold 8 (max 8)
- age   1:    1226328 bytes,    1226328 total
- age   2:    1571152 bytes,    2797480 total
- age   3:     235040 bytes,    3032520 total
- age   4:     292064 bytes,    3324584 total
- age   5:     396880 bytes,    3721464 total
- age   6:     341248 bytes,    4062712 total
- age   7:     143560 bytes,    4206272 total
- age   8:     195576 bytes,    4401848 total
: 93130K->5261K(109248K), 0.0069137 secs] 203143K->116062K(502464K), 0.0069841 secs] [Times: user=0.02 sys=0.00, real=0.01 secs] 
Heap after GC invocations=277 (full 1):
 par new generation   total 109248K, used 5261K [0x00000007a0000000, 0x00000007a8000000, 0x00000007a8000000)
  eden space 87424K,   0% used [0x00000007a0000000, 0x00000007a0000000, 0x00000007a5560000)
  from space 21824K,  24% used [0x00000007a6ab0000, 0x00000007a6fd3410, 0x00000007a8000000)
  to   space 21824K,   0% used [0x00000007a5560000, 0x00000007a5560000, 0x00000007a6ab0000)
 concurrent mark-sweep generation total 393216K, used 110801K [0x00000007a8000000, 0x00000007c0000000, 0x00000007c0000000)
 Metaspace       used 36081K, capacity 37050K, committed 37220K, reserved 1081344K
  class space    used 4302K, capacity 4590K, committed 4708K, reserved 1048576K
}
2018-04-03T13:40:09.621+0700: 49.883: Total time for which application threads were stopped: 0.0071772 seconds, Stopping threads took: 0.0000333 seconds
2018-04-03T13:40:09.621+0700: 49.884: Total time for which application threads were stopped: 0.0001316 seconds, Stopping threads took: 0.0000761 seconds
2018-04-03T13:40:09.622+0700: 49.884: Total time for which application threads were stopped: 0.0001431 seconds, Stopping threads took: 0.0000889 seconds
2018-04-03T13:40:09.622+0700: 49.884: Total time for which application threads were stopped: 0.0001188 seconds, Stopping threads took: 0.0000742 seconds
2018-04-03T13:40:09.622+0700: 49.885: Total time for which application threads were stopped: 0.0001191 seconds, Stopping threads took: 0.0000707 seconds
2018-04-03T13:40:09.624+0700: 49.887: Total time for which application threads were stopped: 0.0002413 seconds, Stopping threads took: 0.0001700 seconds
2018-04-03T13:40:09.624+0700: 49.887: Total time for which application threads were stopped: 0.0001012 seconds, Stopping threads took: 0.0000395 seconds
2018-04-03T13:40:09.626+0700: 49.889: Total time for which application threads were stopped: 0.0001302 seconds, Stopping threads took: 0.0000703 seconds
{Heap before GC invocations=277 (full 1):
 par new generation   total 109248K, used 92685K [0x00000007a0000000, 0x00000007a8000000, 0x00000007a8000000)
  eden space 87424K, 100% used [0x00000007a0000000, 0x00000007a5560000, 0x00000007a5560000)
  from space 21824K,  24% used [0x00000007a6ab0000, 0x00000007a6fd3410, 0x00000007a8000000)
  to   space 21824K,   0% used [0x00000007a5560000, 0x00000007a5560000, 0x00000007a6ab0000)
 concurrent mark-sweep generation total 393216K, used 110801K [0x00000007a8000000, 0x00000007c0000000, 0x00000007c0000000)
 Metaspace       used 36216K, capacity 37274K, committed 37476K, reserved 1081344K
  class space    used 4323K, capacity 4622K, committed 4708K, reserved 1048576K
2018-04-03T13:40:09.668+0700: 49.930: [GC (Allocation Failure) 2018-04-03T13:40:09.668+0700: 49.931: [ParNew
Desired survivor size 20112992 bytes, new threshold 8 (max 8)
- age   1:    1358872 bytes,    1358872 total
- age   2:     653248 bytes,    2012120 total
- age   3:     694288 bytes,    2706408 total
- age   4:     235040 bytes,    2941448 total
- age   5:     292064 bytes,    3233512 total
- age   6:     396368 bytes,    3629880 total
- age   7:     341248 bytes,    3971128 total
- age   8:     143560 bytes,    4114688 total
: 92685K->4952K(109248K), 0.0053919 secs] 203486K->115946K(502464K), 0.0054902 secs] [Times: user=0.02 sys=0.00, real=0.01 secs] 
Heap after GC invocations=278 (full 1):
 par new generation   total 109248K, used 4952K [0x00000007a0000000, 0x00000007a8000000, 0x00000007a8000000)
  eden space 87424K,   0% used [0x00000007a0000000, 0x00000007a0000000, 0x00000007a5560000)
  from space 21824K,  22% used [0x00000007a5560000, 0x00000007a5a36298, 0x00000007a6ab0000)
  to   space 21824K,   0% used [0x00000007a6ab0000, 0x00000007a6ab0000, 0x00000007a8000000)
 concurrent mark-sweep generation total 393216K, used 110994K [0x00000007a8000000, 0x00000007c0000000, 0x00000007c0000000)
 Metaspace       used 36216K, capacity 37274K, committed 37476K, reserved 1081344K
  class space    used 4323K, capacity 4622K, committed 4708K, reserved 1048576K
}
2018-04-03T13:40:09.673+0700: 49.936: Total time for which application threads were stopped: 0.0057338 seconds, Stopping threads took: 0.0000222 seconds
2018-04-03T13:40:09.703+0700: 49.966: Total time for which application threads were stopped: 0.0006333 seconds, Stopping threads took: 0.0005409 seconds
2018-04-03T13:40:09.703+0700: 49.966: Total time for which application threads were stopped: 0.0001442 seconds, Stopping threads took: 0.0000755 seconds
2018-04-03T13:40:09.704+0700: 49.967: Total time for which application threads were stopped: 0.0000844 seconds, Stopping threads took: 0.0000141 seconds
{Heap before GC invocations=278 (full 1):
 par new generation   total 109248K, used 92376K [0x00000007a0000000, 0x00000007a8000000, 0x00000007a8000000)
  eden space 87424K, 100% used [0x00000007a0000000, 0x00000007a5560000, 0x00000007a5560000)
  from space 21824K,  22% used [0x00000007a5560000, 0x00000007a5a36298, 0x00000007a6ab0000)
  to   space 21824K,   0% used [0x00000007a6ab0000, 0x00000007a6ab0000, 0x00000007a8000000)
 concurrent mark-sweep generation total 393216K, used 110994K [0x00000007a8000000, 0x00000007c0000000, 0x00000007c0000000)
 Metaspace       used 36304K, capacity 37338K, committed 37476K, reserved 1081344K
  class space    used 4336K, capacity 4622K, committed 4708K, reserved 1048576K
2018-04-03T13:40:09.723+0700: 49.985: [GC (Allocation Failure) 2018-04-03T13:40:09.723+0700: 49.986: [ParNew
Desired survivor size 20112992 bytes, new threshold 8 (max 8)
- age   1:     420056 bytes,     420056 total
- age   2:    1132744 bytes,    1552800 total
- age   3:     653224 bytes,    2206024 total
- age   4:     694088 bytes,    2900112 total
- age   5:     234912 bytes,    3135024 total
- age   6:     292064 bytes,    3427088 total
- age   7:     396296 bytes,    3823384 total
- age   8:     341120 bytes,    4164504 total
: 92376K->4868K(109248K), 0.0062183 secs] 203370K->116004K(502464K), 0.0063332 secs] [Times: user=0.02 sys=0.00, real=0.00 secs] 
Heap after GC invocations=279 (full 1):
 par new generation   total 109248K, used 4868K [0x00000007a0000000, 0x00000007a8000000, 0x00000007a8000000)
  eden space 87424K,   0% used [0x00000007a0000000, 0x00000007a0000000, 0x00000007a5560000)
  from space 21824K,  22% used [0x00000007a6ab0000, 0x00000007a6f71310, 0x00000007a8000000)
  to   space 21824K,   0% used [0x00000007a5560000, 0x00000007a5560000, 0x00000007a6ab0000)
 concurrent mark-sweep generation total 393216K, used 111135K [0x00000007a8000000, 0x00000007c0000000, 0x00000007c0000000)
 Metaspace       used 36304K, capacity 37338K, committed 37476K, reserved 1081344K
  class space    used 4336K, capacity 4622K, committed 4708K, reserved 1048576K
}
2018-04-03T13:40:09.729+0700: 49.992: Total time for which application threads were stopped: 0.0066229 seconds, Stopping threads took: 0.0000757 seconds
2018-04-03T13:40:09.753+0700: 50.015: Total time for which application threads were stopped: 0.0001705 seconds, Stopping threads took: 0.0000856 seconds
{Heap before GC invocations=279 (full 1):
 par new generation   total 109248K, used 92292K [0x00000007a0000000, 0x00000007a8000000, 0x00000007a8000000)
  eden space 87424K, 100% used [0x00000007a0000000, 0x00000007a5560000, 0x00000007a5560000)
  from space 21824K,  22% used [0x00000007a6ab0000, 0x00000007a6f71310, 0x00000007a8000000)
  to   space 21824K,   0% used [0x00000007a5560000, 0x00000007a5560000, 0x00000007a6ab0000)
 concurrent mark-sweep generation total 393216K, used 111135K [0x00000007a8000000, 0x00000007c0000000, 0x00000007c0000000)
 Metaspace       used 36374K, capacity 37402K, committed 37732K, reserved 1083392K
  class space    used 4344K, capacity 4622K, committed 4708K, reserved 1048576K
2018-04-03T13:40:09.808+0700: 50.071: [GC (Allocation Failure) 2018-04-03T13:40:09.808+0700: 50.071: [ParNew
Desired survivor size 20112992 bytes, new threshold 8 (max 8)
- age   1:    1513240 bytes,    1513240 total
- age   2:     168976 bytes,    1682216 total
- age   3:     154216 bytes,    1836432 total
- age   4:     653224 bytes,    2489656 total
- age   5:     694088 bytes,    3183744 total
- age   6:     234912 bytes,    3418656 total
- age   7:     292064 bytes,    3710720 total
- age   8:     396232 bytes,    4106952 total
: 92292K->5239K(109248K), 0.0049937 secs] 203428K->116710K(502464K), 0.0050885 secs] [Times: user=0.02 sys=0.00, real=0.01 secs] 
Heap after GC invocations=280 (full 1):
 par new generation   total 109248K, used 5239K [0x00000007a0000000, 0x00000007a8000000, 0x00000007a8000000)
  eden space 87424K,   0% used [0x00000007a0000000, 0x00000007a0000000, 0x00000007a5560000)
  from space 21824K,  24% used [0x00000007a5560000, 0x00000007a5a7ddc0, 0x00000007a6ab0000)
  to   space 21824K,   0% used [0x00000007a6ab0000, 0x00000007a6ab0000, 0x00000007a8000000)
 concurrent mark-sweep generation total 393216K, used 111471K [0x00000007a8000000, 0x00000007c0000000, 0x00000007c0000000)
 Metaspace       used 36374K, capacity 37402K, committed 37732K, reserved 1083392K
  class space    used 4344K, capacity 4622K, committed 4708K, reserved 1048576K
}
2018-04-03T13:40:09.813+0700: 50.076: Total time for which application threads were stopped: 0.0056387 seconds, Stopping threads took: 0.0003180 seconds
2018-04-03T13:40:09.906+0700: 50.168: Total time for which application threads were stopped: 0.0001826 seconds, Stopping threads took: 0.0000851 seconds
2018-04-03T13:40:09.922+0700: 50.185: Total time for which application threads were stopped: 0.0002128 seconds, Stopping threads took: 0.0001244 seconds
{Heap before GC invocations=280 (full 1):
 par new generation   total 109248K, used 92663K [0x00000007a0000000, 0x00000007a8000000, 0x00000007a8000000)
  eden space 87424K, 100% used [0x00000007a0000000, 0x00000007a5560000, 0x00000007a5560000)
  from space 21824K,  24% used [0x00000007a5560000, 0x00000007a5a7ddc0, 0x00000007a6ab0000)
  to   space 21824K,   0% used [0x00000007a6ab0000, 0x00000007a6ab0000, 0x00000007a8000000)
 concurrent mark-sweep generation total 393216K, used 111471K [0x00000007a8000000, 0x00000007c0000000, 0x00000007c0000000)
 Metaspace       used 36417K, capacity 37402K, committed 37732K, reserved 1083392K
  class space    used 4344K, capacity 4622K, committed 4708K, reserved 1048576K
2018-04-03T13:40:09.934+0700: 50.196: [GC (Allocation Failure) 2018-04-03T13:40:09.934+0700: 50.196: [ParNew
Desired survivor size 20112992 bytes, new threshold 8 (max 8)
- age   1:     359864 bytes,     359864 total
- age   2:    1300104 bytes,    1659968 total
- age   3:     168008 bytes,    1827976 total
- age   4:     153912 bytes,    1981888 total
- age   5:     651976 bytes,    2633864 total
- age   6:     694088 bytes,    3327952 total
- age   7:     234912 bytes,    3562864 total
- age   8:     292064 bytes,    3854928 total
: 92663K->4617K(109248K), 0.0065796 secs] 204134K->116478K(502464K), 0.0066755 secs] [Times: user=0.02 sys=0.00, real=0.01 secs] 
Heap after GC invocations=281 (full 1):
 par new generation   total 109248K, used 4617K [0x00000007a0000000, 0x00000007a8000000, 0x00000007a8000000)
  eden space 87424K,   0% used [0x00000007a0000000, 0x00000007a0000000, 0x00000007a5560000)
  from space 21824K,  21% used [0x00000007a6ab0000, 0x00000007a6f32400, 0x00000007a8000000)
  to   space 21824K,   0% used [0x00000007a5560000, 0x00000007a5560000, 0x00000007a6ab0000)
 concurrent mark-sweep generation total 393216K, used 111861K [0x00000007a8000000, 0x00000007c0000000, 0x00000007c0000000)
 Metaspace       used 36417K, capacity 37402K, committed 37732K, reserved 1083392K
  class space    used 4344K, capacity 4622K, committed 4708K, reserved 1048576K
}
2018-04-03T13:40:09.940+0700: 50.203: Total time for which application threads were stopped: 0.0069331 seconds, Stopping threads took: 0.0000510 seconds
{Heap before GC invocations=281 (full 1):
 par new generation   total 109248K, used 92016K [0x00000007a0000000, 0x00000007a8000000, 0x00000007a8000000)
  eden space 87424K,  99% used [0x00000007a0000000, 0x00000007a5559e98, 0x00000007a5560000)
  from space 21824K,  21% used [0x00000007a6ab0000, 0x00000007a6f32400, 0x00000007a8000000)
  to   space 21824K,   0% used [0x00000007a5560000, 0x00000007a5560000, 0x00000007a6ab0000)
 concurrent mark-sweep generation total 393216K, used 111861K [0x00000007a8000000, 0x00000007c0000000, 0x00000007c0000000)
 Metaspace       used 36682K, capacity 37696K, committed 37988K, reserved 1083392K
  class space    used 4366K, capacity 4655K, committed 4708K, reserved 1048576K
2018-04-03T13:40:10.010+0700: 50.273: [GC (Allocation Failure) 2018-04-03T13:40:10.010+0700: 50.273: [ParNew
Desired survivor size 20112992 bytes, new threshold 8 (max 8)
- age   1:    1780808 bytes,    1780808 total
- age   2:     253104 bytes,    2033912 total
- age   3:     199272 bytes,    2233184 total
- age   4:     159320 bytes,    2392504 total
- age   5:     153912 bytes,    2546416 total
- age   6:     651960 bytes,    3198376 total
- age   7:     694088 bytes,    3892464 total
- age   8:     234912 bytes,    4127376 total
: 92016K->4966K(109248K), 0.0077267 secs] 203877K->117113K(502464K), 0.0078248 secs] [Times: user=0.02 sys=0.00, real=0.00 secs] 
Heap after GC invocations=282 (full 1):
 par new generation   total 109248K, used 4966K [0x00000007a0000000, 0x00000007a8000000, 0x00000007a8000000)
  eden space 87424K,   0% used [0x00000007a0000000, 0x00000007a0000000, 0x00000007a5560000)
  from space 21824K,  22% used [0x00000007a5560000, 0x00000007a5a39810, 0x00000007a6ab0000)
  to   space 21824K,   0% used [0x00000007a6ab0000, 0x00000007a6ab0000, 0x00000007a8000000)
 concurrent mark-sweep generation total 393216K, used 112147K [0x00000007a8000000, 0x00000007c0000000, 0x00000007c0000000)
 Metaspace       used 36682K, capacity 37696K, committed 37988K, reserved 1083392K
  class space    used 4366K, capacity 4655K, committed 4708K, reserved 1048576K
}
2018-04-03T13:40:10.018+0700: 50.281: Total time for which application threads were stopped: 0.0081000 seconds, Stopping threads took: 0.0000532 seconds
{Heap before GC invocations=282 (full 1):
 par new generation   total 109248K, used 92390K [0x00000007a0000000, 0x00000007a8000000, 0x00000007a8000000)
  eden space 87424K, 100% used [0x00000007a0000000, 0x00000007a5560000, 0x00000007a5560000)
  from space 21824K,  22% used [0x00000007a5560000, 0x00000007a5a39810, 0x00000007a6ab0000)
  to   space 21824K,   0% used [0x00000007a6ab0000, 0x00000007a6ab0000, 0x00000007a8000000)
 concurrent mark-sweep generation total 393216K, used 112147K [0x00000007a8000000, 0x00000007c0000000, 0x00000007c0000000)
 Metaspace       used 36682K, capacity 37696K, committed 37988K, reserved 1083392K
  class space    used 4366K, capacity 4655K, committed 4708K, reserved 1048576K
2018-04-03T13:40:10.103+0700: 50.365: [GC (Allocation Failure) 2018-04-03T13:40:10.103+0700: 50.365: [ParNew
Desired survivor size 20112992 bytes, new threshold 8 (max 8)
- age   1:     239760 bytes,     239760 total
- age   2:    1461040 bytes,    1700800 total
- age   3:     252800 bytes,    1953600 total
- age   4:     199272 bytes,    2152872 total
- age   5:     159176 bytes,    2312048 total
- age   6:     153912 bytes,    2465960 total
- age   7:     651960 bytes,    3117920 total
- age   8:     694088 bytes,    3812008 total
: 92390K->4336K(109248K), 0.0055911 secs] 204537K->116713K(502464K), 0.0057027 secs] [Times: user=0.01 sys=0.01, real=0.00 secs] 
Heap after GC invocations=283 (full 1):
 par new generation   total 109248K, used 4336K [0x00000007a0000000, 0x00000007a8000000, 0x00000007a8000000)
  eden space 87424K,   0% used [0x00000007a0000000, 0x00000007a0000000, 0x00000007a5560000)
  from space 21824K,  19% used [0x00000007a6ab0000, 0x00000007a6eec268, 0x00000007a8000000)
  to   space 21824K,   0% used [0x00000007a5560000, 0x00000007a5560000, 0x00000007a6ab0000)
 concurrent mark-sweep generation total 393216K, used 112376K [0x00000007a8000000, 0x00000007c0000000, 0x00000007c0000000)
 Metaspace       used 36682K, capacity 37696K, committed 37988K, reserved 1083392K
  class space    used 4366K, capacity 4655K, committed 4708K, reserved 1048576K
}
2018-04-03T13:40:10.108+0700: 50.371: Total time for which application threads were stopped: 0.0059081 seconds, Stopping threads took: 0.0000224 seconds
{Heap before GC invocations=283 (full 1):
 par new generation   total 109248K, used 91760K [0x00000007a0000000, 0x00000007a8000000, 0x00000007a8000000)
  eden space 87424K, 100% used [0x00000007a0000000, 0x00000007a5560000, 0x00000007a5560000)
  from space 21824K,  19% used [0x00000007a6ab0000, 0x00000007a6eec268, 0x00000007a8000000)
  to   space 21824K,   0% used [0x00000007a5560000, 0x00000007a5560000, 0x00000007a6ab0000)
 concurrent mark-sweep generation total 393216K, used 112376K [0x00000007a8000000, 0x00000007c0000000, 0x00000007c0000000)
 Metaspace       used 36682K, capacity 37696K, committed 37988K, reserved 1083392K
  class space    used 4366K, capacity 4655K, committed 4708K, reserved 1048576K
2018-04-03T13:40:10.142+0700: 50.405: [GC (Allocation Failure) 2018-04-03T13:40:10.142+0700: 50.405: [ParNew
Desired survivor size 20112992 bytes, new threshold 8 (max 8)
- age   1:    1657280 bytes,    1657280 total
- age   2:     170256 bytes,    1827536 total
- age   3:     212872 bytes,    2040408 total
- age   4:     251264 bytes,    2291672 total
- age   5:     199272 bytes,    2490944 total
- age   6:     159176 bytes,    2650120 total
- age   7:     153912 bytes,    2804032 total
- age   8:     651960 bytes,    3455992 total
: 91760K->3674K(109248K), 0.0059427 secs] 204137K->116728K(502464K), 0.0060242 secs] [Times: user=0.02 sys=0.00, real=0.00 secs] 
Heap after GC invocations=284 (full 1):
 par new generation   total 109248K, used 3674K [0x00000007a0000000, 0x00000007a8000000, 0x00000007a8000000)
  eden space 87424K,   0% used [0x00000007a0000000, 0x00000007a0000000, 0x00000007a5560000)
  from space 21824K,  16% used [0x00000007a5560000, 0x00000007a58f6a10, 0x00000007a6ab0000)
  to   space 21824K,   0% used [0x00000007a6ab0000, 0x00000007a6ab0000, 0x00000007a8000000)
 concurrent mark-sweep generation total 393216K, used 113054K [0x00000007a8000000, 0x00000007c0000000, 0x00000007c0000000)
 Metaspace       used 36682K, capacity 37696K, committed 37988K, reserved 1083392K
  class space    used 4366K, capacity 4655K, committed 4708K, reserved 1048576K
}
2018-04-03T13:40:10.148+0700: 50.411: Total time for which application threads were stopped: 0.0062381 seconds, Stopping threads took: 0.0000198 seconds
{Heap before GC invocations=284 (full 1):
 par new generation   total 109248K, used 91098K [0x00000007a0000000, 0x00000007a8000000, 0x00000007a8000000)
  eden space 87424K, 100% used [0x00000007a0000000, 0x00000007a5560000, 0x00000007a5560000)
  from space 21824K,  16% used [0x00000007a5560000, 0x00000007a58f6a10, 0x00000007a6ab0000)
  to   space 21824K,   0% used [0x00000007a6ab0000, 0x00000007a6ab0000, 0x00000007a8000000)
 concurrent mark-sweep generation total 393216K, used 113054K [0x00000007a8000000, 0x00000007c0000000, 0x00000007c0000000)
 Metaspace       used 36682K, capacity 37696K, committed 37988K, reserved 1083392K
  class space    used 4366K, capacity 4655K, committed 4708K, reserved 1048576K
2018-04-03T13:40:10.188+0700: 50.450: [GC (Allocation Failure) 2018-04-03T13:40:10.188+0700: 50.450: [ParNew
Desired survivor size 20112992 bytes, new threshold 8 (max 8)
- age   1:     371040 bytes,     371040 total
- age   2:    1575216 bytes,    1946256 total
- age   3:     170096 bytes,    2116352 total
- age   4:     212872 bytes,    2329224 total
- age   5:     251264 bytes,    2580488 total
- age   6:     199272 bytes,    2779760 total
- age   7:     159176 bytes,    2938936 total
- age   8:     153912 bytes,    3092848 total
: 91098K->3156K(109248K), 0.0086605 secs] 204152K->116849K(502464K), 0.0087392 secs] [Times: user=0.02 sys=0.00, real=0.01 secs] 
Heap after GC invocations=285 (full 1):
 par new generation   total 109248K, used 3156K [0x00000007a0000000, 0x00000007a8000000, 0x00000007a8000000)
  eden space 87424K,   0% used [0x00000007a0000000, 0x00000007a0000000, 0x00000007a5560000)
  from space 21824K,  14% used [0x00000007a6ab0000, 0x00000007a6dc53e0, 0x00000007a8000000)
  to   space 21824K,   0% used [0x00000007a5560000, 0x00000007a5560000, 0x00000007a6ab0000)
 concurrent mark-sweep generation total 393216K, used 113692K [0x00000007a8000000, 0x00000007c0000000, 0x00000007c0000000)
 Metaspace       used 36682K, capacity 37696K, committed 37988K, reserved 1083392K
  class space    used 4366K, capacity 4655K, committed 4708K, reserved 1048576K
}
2018-04-03T13:40:10.196+0700: 50.459: Total time for which application threads were stopped: 0.0089397 seconds, Stopping threads took: 0.0000326 seconds
{Heap before GC invocations=285 (full 1):
 par new generation   total 109248K, used 90580K [0x00000007a0000000, 0x00000007a8000000, 0x00000007a8000000)
  eden space 87424K, 100% used [0x00000007a0000000, 0x00000007a5560000, 0x00000007a5560000)
  from space 21824K,  14% used [0x00000007a6ab0000, 0x00000007a6dc53e0, 0x00000007a8000000)
  to   space 21824K,   0% used [0x00000007a5560000, 0x00000007a5560000, 0x00000007a6ab0000)
 concurrent mark-sweep generation total 393216K, used 113692K [0x00000007a8000000, 0x00000007c0000000, 0x00000007c0000000)
 Metaspace       used 36682K, capacity 37696K, committed 37988K, reserved 1083392K
  class space    used 4366K, capacity 4655K, committed 4708K, reserved 1048576K
2018-04-03T13:40:10.233+0700: 50.495: [GC (Allocation Failure) 2018-04-03T13:40:10.233+0700: 50.495: [ParNew
Desired survivor size 20112992 bytes, new threshold 8 (max 8)
- age   1:     371240 bytes,     371240 total
- age   2:     234912 bytes,     606152 total
- age   3:    1575216 bytes,    2181368 total
- age   4:     169752 bytes,    2351120 total
- age   5:     212872 bytes,    2563992 total
- age   6:     251264 bytes,    2815256 total
- age   7:     199272 bytes,    3014528 total
- age   8:     159176 bytes,    3173704 total
: 90580K->3250K(109248K), 0.0049903 secs] 204273K->117094K(502464K), 0.0050618 secs] [Times: user=0.01 sys=0.00, real=0.00 secs] 
Heap after GC invocations=286 (full 1):
 par new generation   total 109248K, used 3250K [0x00000007a0000000, 0x00000007a8000000, 0x00000007a8000000)
  eden space 87424K,   0% used [0x00000007a0000000, 0x00000007a0000000, 0x00000007a5560000)
  from space 21824K,  14% used [0x00000007a5560000, 0x00000007a588cbe8, 0x00000007a6ab0000)
  to   space 21824K,   0% used [0x00000007a6ab0000, 0x00000007a6ab0000, 0x00000007a8000000)
 concurrent mark-sweep generation total 393216K, used 113843K [0x00000007a8000000, 0x00000007c0000000, 0x00000007c0000000)
 Metaspace       used 36682K, capacity 37696K, committed 37988K, reserved 1083392K
  class space    used 4366K, capacity 4655K, committed 4708K, reserved 1048576K
}
2018-04-03T13:40:10.238+0700: 50.500: Total time for which application threads were stopped: 0.0052277 seconds, Stopping threads took: 0.0000185 seconds
{Heap before GC invocations=286 (full 1):
 par new generation   total 109248K, used 90674K [0x00000007a0000000, 0x00000007a8000000, 0x00000007a8000000)
  eden space 87424K, 100% used [0x00000007a0000000, 0x00000007a5560000, 0x00000007a5560000)
  from space 21824K,  14% used [0x00000007a5560000, 0x00000007a588cbe8, 0x00000007a6ab0000)
  to   space 21824K,   0% used [0x00000007a6ab0000, 0x00000007a6ab0000, 0x00000007a8000000)
 concurrent mark-sweep generation total 393216K, used 113843K [0x00000007a8000000, 0x00000007c0000000, 0x00000007c0000000)
 Metaspace       used 36682K, capacity 37696K, committed 37988K, reserved 1083392K
  class space    used 4366K, capacity 4655K, committed 4708K, reserved 1048576K
2018-04-03T13:40:10.269+0700: 50.532: [GC (Allocation Failure) 2018-04-03T13:40:10.269+0700: 50.532: [ParNew
Desired survivor size 20112992 bytes, new threshold 8 (max 8)
- age   1:    1894392 bytes,    1894392 total
- age   2:     268680 bytes,    2163072 total
- age   3:     234912 bytes,    2397984 total
- age   4:     170688 bytes,    2568672 total
- age   5:     169752 bytes,    2738424 total
- age   6:     212872 bytes,    2951296 total
- age   7:     251264 bytes,    3202560 total
- age   8:     199272 bytes,    3401832 total
: 90674K->3407K(109248K), 0.0061046 secs] 204518K->117406K(502464K), 0.0061783 secs] [Times: user=0.02 sys=0.01, real=0.01 secs] 
Heap after GC invocations=287 (full 1):
 par new generation   total 109248K, used 3407K [0x00000007a0000000, 0x00000007a8000000, 0x00000007a8000000)
  eden space 87424K,   0% used [0x00000007a0000000, 0x00000007a0000000, 0x00000007a5560000)
  from space 21824K,  15% used [0x00000007a6ab0000, 0x00000007a6e03d60, 0x00000007a8000000)
  to   space 21824K,   0% used [0x00000007a5560000, 0x00000007a5560000, 0x00000007a6ab0000)
 concurrent mark-sweep generation total 393216K, used 113999K [0x00000007a8000000, 0x00000007c0000000, 0x00000007c0000000)
 Metaspace       used 36682K, capacity 37696K, committed 37988K, reserved 1083392K
  class space    used 4366K, capacity 4655K, committed 4708K, reserved 1048576K
}
2018-04-03T13:40:10.275+0700: 50.538: Total time for which application threads were stopped: 0.0063515 seconds, Stopping threads took: 0.0000171 seconds
{Heap before GC invocations=287 (full 1):
 par new generation   total 109248K, used 90831K [0x00000007a0000000, 0x00000007a8000000, 0x00000007a8000000)
  eden space 87424K, 100% used [0x00000007a0000000, 0x00000007a5560000, 0x00000007a5560000)
  from space 21824K,  15% used [0x00000007a6ab0000, 0x00000007a6e03d60, 0x00000007a8000000)
  to   space 21824K,   0% used [0x00000007a5560000, 0x00000007a5560000, 0x00000007a6ab0000)
 concurrent mark-sweep generation total 393216K, used 113999K [0x00000007a8000000, 0x00000007c0000000, 0x00000007c0000000)
 Metaspace       used 36682K, capacity 37696K, committed 37988K, reserved 1083392K
  class space    used 4366K, capacity 4655K, committed 4708K, reserved 1048576K
2018-04-03T13:40:10.307+0700: 50.570: [GC (Allocation Failure) 2018-04-03T13:40:10.307+0700: 50.570: [ParNew
Desired survivor size 20112992 bytes, new threshold 8 (max 8)
- age   1:     775936 bytes,     775936 total
- age   2:    1782208 bytes,    2558144 total
- age   3:     268680 bytes,    2826824 total
- age   4:     234912 bytes,    3061736 total
- age   5:     169216 bytes,    3230952 total
- age   6:     169752 bytes,    3400704 total
- age   7:     212872 bytes,    3613576 total
- age   8:     251264 bytes,    3864840 total
: 90831K->3863K(109248K), 0.0050395 secs] 204830K->118058K(502464K), 0.0051158 secs] [Times: user=0.01 sys=0.00, real=0.01 secs] 
Heap after GC invocations=288 (full 1):
 par new generation   total 109248K, used 3863K [0x00000007a0000000, 0x00000007a8000000, 0x00000007a8000000)
  eden space 87424K,   0% used [0x00000007a0000000, 0x00000007a0000000, 0x00000007a5560000)
  from space 21824K,  17% used [0x00000007a5560000, 0x00000007a5925fd0, 0x00000007a6ab0000)
  to   space 21824K,   0% used [0x00000007a6ab0000, 0x00000007a6ab0000, 0x00000007a8000000)
 concurrent mark-sweep generation total 393216K, used 114194K [0x00000007a8000000, 0x00000007c0000000, 0x00000007c0000000)
 Metaspace       used 36682K, capacity 37696K, committed 37988K, reserved 1083392K
  class space    used 4366K, capacity 4655K, committed 4708K, reserved 1048576K
}
2018-04-03T13:40:10.312+0700: 50.575: Total time for which application threads were stopped: 0.0052740 seconds, Stopping threads took: 0.0000169 seconds
{Heap before GC invocations=288 (full 1):
 par new generation   total 109248K, used 91287K [0x00000007a0000000, 0x00000007a8000000, 0x00000007a8000000)
  eden space 87424K, 100% used [0x00000007a0000000, 0x00000007a5560000, 0x00000007a5560000)
  from space 21824K,  17% used [0x00000007a5560000, 0x00000007a5925fd0, 0x00000007a6ab0000)
  to   space 21824K,   0% used [0x00000007a6ab0000, 0x00000007a6ab0000, 0x00000007a8000000)
 concurrent mark-sweep generation total 393216K, used 114194K [0x00000007a8000000, 0x00000007c0000000, 0x00000007c0000000)
 Metaspace       used 36682K, capacity 37696K, committed 37988K, reserved 1083392K
  class space    used 4366K, capacity 4655K, committed 4708K, reserved 1048576K
2018-04-03T13:40:10.341+0700: 50.604: [GC (Allocation Failure) 2018-04-03T13:40:10.342+0700: 50.604: [ParNew
Desired survivor size 20112992 bytes, new threshold 8 (max 8)
- age   1:     240680 bytes,     240680 total
- age   2:     642432 bytes,     883112 total
- age   3:    1782208 bytes,    2665320 total
- age   4:     268088 bytes,    2933408 total
- age   5:     234912 bytes,    3168320 total
- age   6:     169216 bytes,    3337536 total
- age   7:     169752 bytes,    3507288 total
- age   8:     212872 bytes,    3720160 total
: 91287K->3663K(109248K), 0.0053439 secs] 205482K->118103K(502464K), 0.0054177 secs] [Times: user=0.02 sys=0.00, real=0.00 secs] 
Heap after GC invocations=289 (full 1):
 par new generation   total 109248K, used 3663K [0x00000007a0000000, 0x00000007a8000000, 0x00000007a8000000)
  eden space 87424K,   0% used [0x00000007a0000000, 0x00000007a0000000, 0x00000007a5560000)
  from space 21824K,  16% used [0x00000007a6ab0000, 0x00000007a6e43fc8, 0x00000007a8000000)
  to   space 21824K,   0% used [0x00000007a5560000, 0x00000007a5560000, 0x00000007a6ab0000)
 concurrent mark-sweep generation total 393216K, used 114439K [0x00000007a8000000, 0x00000007c0000000, 0x00000007c0000000)
 Metaspace       used 36682K, capacity 37696K, committed 37988K, reserved 1083392K
  class space    used 4366K, capacity 4655K, committed 4708K, reserved 1048576K
}
2018-04-03T13:40:10.347+0700: 50.610: Total time for which application threads were stopped: 0.0055868 seconds, Stopping threads took: 0.0000191 seconds
{Heap before GC invocations=289 (full 1):
 par new generation   total 109248K, used 91087K [0x00000007a0000000, 0x00000007a8000000, 0x00000007a8000000)
  eden space 87424K, 100% used [0x00000007a0000000, 0x00000007a5560000, 0x00000007a5560000)
  from space 21824K,  16% used [0x00000007a6ab0000, 0x00000007a6e43fc8, 0x00000007a8000000)
  to   space 21824K,   0% used [0x00000007a5560000, 0x00000007a5560000, 0x00000007a6ab0000)
 concurrent mark-sweep generation total 393216K, used 114439K [0x00000007a8000000, 0x00000007c0000000, 0x00000007c0000000)
 Metaspace       used 36682K, capacity 37696K, committed 37988K, reserved 1083392K
  class space    used 4366K, capacity 4655K, committed 4708K, reserved 1048576K
2018-04-03T13:40:10.387+0700: 50.650: [GC (Allocation Failure) 2018-04-03T13:40:10.387+0700: 50.650: [ParNew
Desired survivor size 20112992 bytes, new threshold 8 (max 8)
- age   1:    3137456 bytes,    3137456 total
- age   2:     170408 bytes,    3307864 total
- age   3:     642432 bytes,    3950296 total
- age   4:     202456 bytes,    4152752 total
- age   5:     268088 bytes,    4420840 total
- age   6:     234912 bytes,    4655752 total
- age   7:     169216 bytes,    4824968 total
- age   8:     169752 bytes,    4994720 total
: 91087K->4897K(109248K), 0.0050660 secs] 205527K->119545K(502464K), 0.0051439 secs] [Times: user=0.02 sys=0.00, real=0.01 secs] 
Heap after GC invocations=290 (full 1):
 par new generation   total 109248K, used 4897K [0x00000007a0000000, 0x00000007a8000000, 0x00000007a8000000)
  eden space 87424K,   0% used [0x00000007a0000000, 0x00000007a0000000, 0x00000007a5560000)
  from space 21824K,  22% used [0x00000007a5560000, 0x00000007a5a28400, 0x00000007a6ab0000)
  to   space 21824K,   0% used [0x00000007a6ab0000, 0x00000007a6ab0000, 0x00000007a8000000)
 concurrent mark-sweep generation total 393216K, used 114648K [0x00000007a8000000, 0x00000007c0000000, 0x00000007c0000000)
 Metaspace       used 36682K, capacity 37696K, committed 37988K, reserved 1083392K
  class space    used 4366K, capacity 4655K, committed 4708K, reserved 1048576K
}
2018-04-03T13:40:10.392+0700: 50.655: Total time for which application threads were stopped: 0.0053201 seconds, Stopping threads took: 0.0000205 seconds
{Heap before GC invocations=290 (full 1):
 par new generation   total 109248K, used 92321K [0x00000007a0000000, 0x00000007a8000000, 0x00000007a8000000)
  eden space 87424K, 100% used [0x00000007a0000000, 0x00000007a5560000, 0x00000007a5560000)
  from space 21824K,  22% used [0x00000007a5560000, 0x00000007a5a28400, 0x00000007a6ab0000)
  to   space 21824K,   0% used [0x00000007a6ab0000, 0x00000007a6ab0000, 0x00000007a8000000)
 concurrent mark-sweep generation total 393216K, used 114648K [0x00000007a8000000, 0x00000007c0000000, 0x00000007c0000000)
 Metaspace       used 36682K, capacity 37696K, committed 37988K, reserved 1083392K
  class space    used 4366K, capacity 4655K, committed 4708K, reserved 1048576K
2018-04-03T13:40:10.428+0700: 50.691: [GC (Allocation Failure) 2018-04-03T13:40:10.428+0700: 50.691: [ParNew
Desired survivor size 20112992 bytes, new threshold 8 (max 8)
- age   1:     336328 bytes,     336328 total
- age   2:    3027960 bytes,    3364288 total
- age   3:     170408 bytes,    3534696 total
- age   4:     640768 bytes,    4175464 total
- age   5:     202128 bytes,    4377592 total
- age   6:     268088 bytes,    4645680 total
- age   7:     234912 bytes,    4880592 total
- age   8:     169216 bytes,    5049808 total
: 92321K->4947K(109248K), 0.0055484 secs] 206969K->119761K(502464K), 0.0056331 secs] [Times: user=0.02 sys=0.00, real=0.01 secs] 
Heap after GC invocations=291 (full 1):
 par new generation   total 109248K, used 4947K [0x00000007a0000000, 0x00000007a8000000, 0x00000007a8000000)
  eden space 87424K,   0% used [0x00000007a0000000, 0x00000007a0000000, 0x00000007a5560000)
  from space 21824K,  22% used [0x00000007a6ab0000, 0x00000007a6f84f30, 0x00000007a8000000)
  to   space 21824K,   0% used [0x00000007a5560000, 0x00000007a5560000, 0x00000007a6ab0000)
 concurrent mark-sweep generation total 393216K, used 114814K [0x00000007a8000000, 0x00000007c0000000, 0x00000007c0000000)
 Metaspace       used 36682K, capacity 37696K, committed 37988K, reserved 1083392K
  class space    used 4366K, capacity 4655K, committed 4708K, reserved 1048576K
}
2018-04-03T13:40:10.434+0700: 50.697: Total time for which application threads were stopped: 0.0058356 seconds, Stopping threads took: 0.0000198 seconds
{Heap before GC invocations=291 (full 1):
 par new generation   total 109248K, used 92371K [0x00000007a0000000, 0x00000007a8000000, 0x00000007a8000000)
  eden space 87424K, 100% used [0x00000007a0000000, 0x00000007a5560000, 0x00000007a5560000)
  from space 21824K,  22% used [0x00000007a6ab0000, 0x00000007a6f84f30, 0x00000007a8000000)
  to   space 21824K,   0% used [0x00000007a5560000, 0x00000007a5560000, 0x00000007a6ab0000)
 concurrent mark-sweep generation total 393216K, used 114814K [0x00000007a8000000, 0x00000007c0000000, 0x00000007c0000000)
 Metaspace       used 36682K, capacity 37696K, committed 37988K, reserved 1083392K
  class space    used 4366K, capacity 4655K, committed 4708K, reserved 1048576K
2018-04-03T13:40:10.484+0700: 50.746: [GC (Allocation Failure) 2018-04-03T13:40:10.484+0700: 50.746: [ParNew
Desired survivor size 20112992 bytes, new threshold 8 (max 8)
- age   1:     305120 bytes,     305120 total
- age   2:     204288 bytes,     509408 total
- age   3:    3027960 bytes,    3537368 total
- age   4:     170184 bytes,    3707552 total
- age   5:     640768 bytes,    4348320 total
- age   6:     202128 bytes,    4550448 total
- age   7:     267992 bytes,    4818440 total
- age   8:     234912 bytes,    5053352 total
: 92371K->4965K(109248K), 0.0059993 secs] 207185K->119944K(502464K), 0.0060901 secs] [Times: user=0.01 sys=0.00, real=0.01 secs] 
Heap after GC invocations=292 (full 1):
 par new generation   total 109248K, used 4965K [0x00000007a0000000, 0x00000007a8000000, 0x00000007a8000000)
  eden space 87424K,   0% used [0x00000007a0000000, 0x00000007a0000000, 0x00000007a5560000)
  from space 21824K,  22% used [0x00000007a5560000, 0x00000007a5a394c0, 0x00000007a6ab0000)
  to   space 21824K,   0% used [0x00000007a6ab0000, 0x00000007a6ab0000, 0x00000007a8000000)
 concurrent mark-sweep generation total 393216K, used 114979K [0x00000007a8000000, 0x00000007c0000000, 0x00000007c0000000)
 Metaspace       used 36682K, capacity 37696K, committed 37988K, reserved 1083392K
  class space    used 4366K, capacity 4655K, committed 4708K, reserved 1048576K
}
2018-04-03T13:40:10.490+0700: 50.753: Total time for which application threads were stopped: 0.0063215 seconds, Stopping threads took: 0.0000260 seconds
{Heap before GC invocations=292 (full 1):
 par new generation   total 109248K, used 92389K [0x00000007a0000000, 0x00000007a8000000, 0x00000007a8000000)
  eden space 87424K, 100% used [0x00000007a0000000, 0x00000007a5560000, 0x00000007a5560000)
  from space 21824K,  22% used [0x00000007a5560000, 0x00000007a5a394c0, 0x00000007a6ab0000)
  to   space 21824K,   0% used [0x00000007a6ab0000, 0x00000007a6ab0000, 0x00000007a8000000)
 concurrent mark-sweep generation total 393216K, used 114979K [0x00000007a8000000, 0x00000007c0000000, 0x00000007c0000000)
 Metaspace       used 36682K, capacity 37696K, committed 37988K, reserved 1083392K
  class space    used 4366K, capacity 4655K, committed 4708K, reserved 1048576K
2018-04-03T13:40:10.536+0700: 50.798: [GC (Allocation Failure) 2018-04-03T13:40:10.536+0700: 50.798: [ParNew
Desired survivor size 20112992 bytes, new threshold 8 (max 8)
- age   1:    2732672 bytes,    2732672 total
- age   2:     203296 bytes,    2935968 total
- age   3:     204288 bytes,    3140256 total
- age   4:    1250736 bytes,    4390992 total
- age   5:     169744 bytes,    4560736 total
- age   6:     239872 bytes,    4800608 total
- age   7:     202128 bytes,    5002736 total
- age   8:     267992 bytes,    5270728 total
: 92389K->5154K(109248K), 0.0054265 secs] 207368K->120363K(502464K), 0.0055115 secs] [Times: user=0.02 sys=0.00, real=0.01 secs] 
Heap after GC invocations=293 (full 1):
 par new generation   total 109248K, used 5154K [0x00000007a0000000, 0x00000007a8000000, 0x00000007a8000000)
  eden space 87424K,   0% used [0x00000007a0000000, 0x00000007a0000000, 0x00000007a5560000)
  from space 21824K,  23% used [0x00000007a6ab0000, 0x00000007a6fb8be0, 0x00000007a8000000)
  to   space 21824K,   0% used [0x00000007a5560000, 0x00000007a5560000, 0x00000007a6ab0000)
 concurrent mark-sweep generation total 393216K, used 115208K [0x00000007a8000000, 0x00000007c0000000, 0x00000007c0000000)
 Metaspace       used 36682K, capacity 37696K, committed 37988K, reserved 1083392K
  class space    used 4366K, capacity 4655K, committed 4708K, reserved 1048576K
}
2018-04-03T13:40:10.541+0700: 50.804: Total time for which application threads were stopped: 0.0057268 seconds, Stopping threads took: 0.0000195 seconds
{Heap before GC invocations=293 (full 1):
 par new generation   total 109248K, used 92578K [0x00000007a0000000, 0x00000007a8000000, 0x00000007a8000000)
  eden space 87424K, 100% used [0x00000007a0000000, 0x00000007a5560000, 0x00000007a5560000)
  from space 21824K,  23% used [0x00000007a6ab0000, 0x00000007a6fb8be0, 0x00000007a8000000)
  to   space 21824K,   0% used [0x00000007a5560000, 0x00000007a5560000, 0x00000007a6ab0000)
 concurrent mark-sweep generation total 393216K, used 115208K [0x00000007a8000000, 0x00000007c0000000, 0x00000007c0000000)
 Metaspace       used 36682K, capacity 37696K, committed 37988K, reserved 1083392K
  class space    used 4366K, capacity 4655K, committed 4708K, reserved 1048576K
2018-04-03T13:40:10.587+0700: 50.850: [GC (Allocation Failure) 2018-04-03T13:40:10.587+0700: 50.850: [ParNew
Desired survivor size 20112992 bytes, new threshold 8 (max 8)
- age   1:     342664 bytes,     342664 total
- age   2:    2620224 bytes,    2962888 total
- age   3:     203296 bytes,    3166184 total
- age   4:     203920 bytes,    3370104 total
- age   5:    1250736 bytes,    4620840 total
- age   6:     169744 bytes,    4790584 total
- age   7:     239872 bytes,    5030456 total
- age   8:     202128 bytes,    5232584 total
: 92578K->5131K(109248K), 0.0053943 secs] 207787K->120602K(502464K), 0.0054729 secs] [Times: user=0.02 sys=0.00, real=0.01 secs] 
Heap after GC invocations=294 (full 1):
 par new generation   total 109248K, used 5131K [0x00000007a0000000, 0x00000007a8000000, 0x00000007a8000000)
  eden space 87424K,   0% used [0x00000007a0000000, 0x00000007a0000000, 0x00000007a5560000)
  from space 21824K,  23% used [0x00000007a5560000, 0x00000007a5a62f68, 0x00000007a6ab0000)
  to   space 21824K,   0% used [0x00000007a6ab0000, 0x00000007a6ab0000, 0x00000007a8000000)
 concurrent mark-sweep generation total 393216K, used 115470K [0x00000007a8000000, 0x00000007c0000000, 0x00000007c0000000)
 Metaspace       used 36682K, capacity 37696K, committed 37988K, reserved 1083392K
  class space    used 4366K, capacity 4655K, committed 4708K, reserved 1048576K
}
2018-04-03T13:40:10.593+0700: 50.855: Total time for which application threads were stopped: 0.0056648 seconds, Stopping threads took: 0.0000202 seconds
2018-04-03T13:40:10.635+0700: 50.898: Total time for which application threads were stopped: 0.0001939 seconds, Stopping threads took: 0.0000994 seconds
{Heap before GC invocations=294 (full 1):
 par new generation   total 109248K, used 92555K [0x00000007a0000000, 0x00000007a8000000, 0x00000007a8000000)
  eden space 87424K, 100% used [0x00000007a0000000, 0x00000007a5560000, 0x00000007a5560000)
  from space 21824K,  23% used [0x00000007a5560000, 0x00000007a5a62f68, 0x00000007a6ab0000)
  to   space 21824K,   0% used [0x00000007a6ab0000, 0x00000007a6ab0000, 0x00000007a8000000)
 concurrent mark-sweep generation total 393216K, used 115470K [0x00000007a8000000, 0x00000007c0000000, 0x00000007c0000000)
 Metaspace       used 36683K, capacity 37696K, committed 37988K, reserved 1083392K
  class space    used 4366K, capacity 4655K, committed 4708K, reserved 1048576K
2018-04-03T13:40:10.647+0700: 50.909: [GC (Allocation Failure) 2018-04-03T13:40:10.647+0700: 50.910: [ParNew
Desired survivor size 20112992 bytes, new threshold 8 (max 8)
- age   1:     424144 bytes,     424144 total
- age   2:     207760 bytes,     631904 total
- age   3:    2620224 bytes,    3252128 total
- age   4:     203048 bytes,    3455176 total
- age   5:     202000 bytes,    3657176 total
- age   6:    1250736 bytes,    4907912 total
- age   7:     169744 bytes,    5077656 total
- age   8:     239872 bytes,    5317528 total
: 92555K->5210K(109248K), 0.0068220 secs] 208026K->120878K(502464K), 0.0069216 secs] [Times: user=0.01 sys=0.01, real=0.01 secs] 
Heap after GC invocations=295 (full 1):
 par new generation   total 109248K, used 5210K [0x00000007a0000000, 0x00000007a8000000, 0x00000007a8000000)
  eden space 87424K,   0% used [0x00000007a0000000, 0x00000007a0000000, 0x00000007a5560000)
  from space 21824K,  23% used [0x00000007a6ab0000, 0x00000007a6fc68a8, 0x00000007a8000000)
  to   space 21824K,   0% used [0x00000007a5560000, 0x00000007a5560000, 0x00000007a6ab0000)
 concurrent mark-sweep generation total 393216K, used 115667K [0x00000007a8000000, 0x00000007c0000000, 0x00000007c0000000)
 Metaspace       used 36683K, capacity 37696K, committed 37988K, reserved 1083392K
  class space    used 4366K, capacity 4655K, committed 4708K, reserved 1048576K
}
2018-04-03T13:40:10.654+0700: 50.917: Total time for which application threads were stopped: 0.0071379 seconds, Stopping threads took: 0.0000180 seconds
{Heap before GC invocations=295 (full 1):
 par new generation   total 109248K, used 92634K [0x00000007a0000000, 0x00000007a8000000, 0x00000007a8000000)
  eden space 87424K, 100% used [0x00000007a0000000, 0x00000007a5560000, 0x00000007a5560000)
  from space 21824K,  23% used [0x00000007a6ab0000, 0x00000007a6fc68a8, 0x00000007a8000000)
  to   space 21824K,   0% used [0x00000007a5560000, 0x00000007a5560000, 0x00000007a6ab0000)
 concurrent mark-sweep generation total 393216K, used 115667K [0x00000007a8000000, 0x00000007c0000000, 0x00000007c0000000)
 Metaspace       used 36683K, capacity 37696K, committed 37988K, reserved 1083392K
  class space    used 4366K, capacity 4655K, committed 4708K, reserved 1048576K
2018-04-03T13:40:10.704+0700: 50.967: [GC (Allocation Failure) 2018-04-03T13:40:10.704+0700: 50.967: [ParNew
Desired survivor size 20112992 bytes, new threshold 8 (max 8)
- age   1:     891600 bytes,     891600 total
- age   2:     272064 bytes,    1163664 total
- age   3:     207760 bytes,    1371424 total
- age   4:    2169208 bytes,    3540632 total
- age   5:     203048 bytes,    3743680 total
- age   6:     202000 bytes,    3945680 total
- age   7:    1250736 bytes,    5196416 total
- age   8:     169744 bytes,    5366160 total
: 92634K->5292K(109248K), 0.0061175 secs] 208302K->121194K(502464K), 0.0062192 secs] [Times: user=0.02 sys=0.00, real=0.01 secs] 
Heap after GC invocations=296 (full 1):
 par new generation   total 109248K, used 5292K [0x00000007a0000000, 0x00000007a8000000, 0x00000007a8000000)
  eden space 87424K,   0% used [0x00000007a0000000, 0x00000007a0000000, 0x00000007a5560000)
  from space 21824K,  24% used [0x00000007a5560000, 0x00000007a5a8b0e8, 0x00000007a6ab0000)
  to   space 21824K,   0% used [0x00000007a6ab0000, 0x00000007a6ab0000, 0x00000007a8000000)
 concurrent mark-sweep generation total 393216K, used 115902K [0x00000007a8000000, 0x00000007c0000000, 0x00000007c0000000)
 Metaspace       used 36683K, capacity 37696K, committed 37988K, reserved 1083392K
  class space    used 4366K, capacity 4655K, committed 4708K, reserved 1048576K
}
2018-04-03T13:40:10.710+0700: 50.973: Total time for which application threads were stopped: 0.0064861 seconds, Stopping threads took: 0.0000233 seconds
{Heap before GC invocations=296 (full 1):
 par new generation   total 109248K, used 92716K [0x00000007a0000000, 0x00000007a8000000, 0x00000007a8000000)
  eden space 87424K, 100% used [0x00000007a0000000, 0x00000007a5560000, 0x00000007a5560000)
  from space 21824K,  24% used [0x00000007a5560000, 0x00000007a5a8b0e8, 0x00000007a6ab0000)
  to   space 21824K,   0% used [0x00000007a6ab0000, 0x00000007a6ab0000, 0x00000007a8000000)
 concurrent mark-sweep generation total 393216K, used 115902K [0x00000007a8000000, 0x00000007c0000000, 0x00000007c0000000)
 Metaspace       used 36683K, capacity 37696K, committed 37988K, reserved 1083392K
  class space    used 4366K, capacity 4655K, committed 4708K, reserved 1048576K
2018-04-03T13:40:10.748+0700: 51.011: [GC (Allocation Failure) 2018-04-03T13:40:10.748+0700: 51.011: [ParNew
Desired survivor size 20112992 bytes, new threshold 8 (max 8)
- age   1:    2872352 bytes,    2872352 total
- age   2:     775088 bytes,    3647440 total
- age   3:     271784 bytes,    3919224 total
- age   4:     207760 bytes,    4126984 total
- age   5:     169344 bytes,    4296328 total
- age   6:     203048 bytes,    4499376 total
- age   7:     202000 bytes,    4701376 total
- age   8:    1250736 bytes,    5952112 total
: 92716K->5836K(109248K), 0.0059330 secs] 208618K->121904K(502464K), 0.0060215 secs] [Times: user=0.02 sys=0.00, real=0.01 secs] 
Heap after GC invocations=297 (full 1):
 par new generation   total 109248K, used 5836K [0x00000007a0000000, 0x00000007a8000000, 0x00000007a8000000)
  eden space 87424K,   0% used [0x00000007a0000000, 0x00000007a0000000, 0x00000007a5560000)
  from space 21824K,  26% used [0x00000007a6ab0000, 0x00000007a7063300, 0x00000007a8000000)
  to   space 21824K,   0% used [0x00000007a5560000, 0x00000007a5560000, 0x00000007a6ab0000)
 concurrent mark-sweep generation total 393216K, used 116067K [0x00000007a8000000, 0x00000007c0000000, 0x00000007c0000000)
 Metaspace       used 36683K, capacity 37696K, committed 37988K, reserved 1083392K
  class space    used 4366K, capacity 4655K, committed 4708K, reserved 1048576K
}
2018-04-03T13:40:10.754+0700: 51.017: Total time for which application threads were stopped: 0.0062241 seconds, Stopping threads took: 0.0000213 seconds
{Heap before GC invocations=297 (full 1):
 par new generation   total 109248K, used 93260K [0x00000007a0000000, 0x00000007a8000000, 0x00000007a8000000)
  eden space 87424K, 100% used [0x00000007a0000000, 0x00000007a5560000, 0x00000007a5560000)
  from space 21824K,  26% used [0x00000007a6ab0000, 0x00000007a7063300, 0x00000007a8000000)
  to   space 21824K,   0% used [0x00000007a5560000, 0x00000007a5560000, 0x00000007a6ab0000)
 concurrent mark-sweep generation total 393216K, used 116067K [0x00000007a8000000, 0x00000007c0000000, 0x00000007c0000000)
 Metaspace       used 36683K, capacity 37696K, committed 37988K, reserved 1083392K
  class space    used 4366K, capacity 4655K, committed 4708K, reserved 1048576K
2018-04-03T13:40:10.795+0700: 51.058: [GC (Allocation Failure) 2018-04-03T13:40:10.795+0700: 51.058: [ParNew
Desired survivor size 20112992 bytes, new threshold 8 (max 8)
- age   1:     316912 bytes,     316912 total
- age   2:    2747480 bytes,    3064392 total
- age   3:     775088 bytes,    3839480 total
- age   4:     271784 bytes,    4111264 total
- age   5:     207344 bytes,    4318608 total
- age   6:     169344 bytes,    4487952 total
- age   7:     202936 bytes,    4690888 total
- age   8:     202000 bytes,    4892888 total
: 93260K->4790K(109248K), 0.0066166 secs] 209328K->122080K(502464K), 0.0067061 secs] [Times: user=0.02 sys=0.00, real=0.01 secs] 
Heap after GC invocations=298 (full 1):
 par new generation   total 109248K, used 4790K [0x00000007a0000000, 0x00000007a8000000, 0x00000007a8000000)
  eden space 87424K,   0% used [0x00000007a0000000, 0x00000007a0000000, 0x00000007a5560000)
  from space 21824K,  21% used [0x00000007a5560000, 0x00000007a5a0daa8, 0x00000007a6ab0000)
  to   space 21824K,   0% used [0x00000007a6ab0000, 0x00000007a6ab0000, 0x00000007a8000000)
 concurrent mark-sweep generation total 393216K, used 117289K [0x00000007a8000000, 0x00000007c0000000, 0x00000007c0000000)
 Metaspace       used 36683K, capacity 37696K, committed 37988K, reserved 1083392K
  class space    used 4366K, capacity 4655K, committed 4708K, reserved 1048576K
}
2018-04-03T13:40:10.802+0700: 51.064: Total time for which application threads were stopped: 0.0069037 seconds, Stopping threads took: 0.0000195 seconds
{Heap before GC invocations=298 (full 1):
 par new generation   total 109248K, used 92214K [0x00000007a0000000, 0x00000007a8000000, 0x00000007a8000000)
  eden space 87424K, 100% used [0x00000007a0000000, 0x00000007a5560000, 0x00000007a5560000)
  from space 21824K,  21% used [0x00000007a5560000, 0x00000007a5a0daa8, 0x00000007a6ab0000)
  to   space 21824K,   0% used [0x00000007a6ab0000, 0x00000007a6ab0000, 0x00000007a8000000)
 concurrent mark-sweep generation total 393216K, used 117289K [0x00000007a8000000, 0x00000007c0000000, 0x00000007c0000000)
 Metaspace       used 36683K, capacity 37696K, committed 37988K, reserved 1083392K
  class space    used 4366K, capacity 4655K, committed 4708K, reserved 1048576K
2018-04-03T13:40:10.836+0700: 51.098: [GC (Allocation Failure) 2018-04-03T13:40:10.836+0700: 51.099: [ParNew
Desired survivor size 20112992 bytes, new threshold 8 (max 8)
- age   1:     285152 bytes,     285152 total
- age   2:     169712 bytes,     454864 total
- age   3:    2747480 bytes,    3202344 total
- age   4:     775088 bytes,    3977432 total
- age   5:     271784 bytes,    4249216 total
- age   6:     207344 bytes,    4456560 total
- age   7:     169344 bytes,    4625904 total
- age   8:     202936 bytes,    4828840 total
: 92214K->4766K(109248K), 0.0058759 secs] 209504K->122253K(502464K), 0.0059539 secs] [Times: user=0.02 sys=0.00, real=0.01 secs] 
Heap after GC invocations=299 (full 1):
 par new generation   total 109248K, used 4766K [0x00000007a0000000, 0x00000007a8000000, 0x00000007a8000000)
  eden space 87424K,   0% used [0x00000007a0000000, 0x00000007a0000000, 0x00000007a5560000)
  from space 21824K,  21% used [0x00000007a6ab0000, 0x00000007a6f57b58, 0x00000007a8000000)
  to   space 21824K,   0% used [0x00000007a5560000, 0x00000007a5560000, 0x00000007a6ab0000)
 concurrent mark-sweep generation total 393216K, used 117486K [0x00000007a8000000, 0x00000007c0000000, 0x00000007c0000000)
 Metaspace       used 36683K, capacity 37696K, committed 37988K, reserved 1083392K
  class space    used 4366K, capacity 4655K, committed 4708K, reserved 1048576K
}
2018-04-03T13:40:10.842+0700: 51.105: Total time for which application threads were stopped: 0.0061252 seconds, Stopping threads took: 0.0000193 seconds
{Heap before GC invocations=299 (full 1):
 par new generation   total 109248K, used 92190K [0x00000007a0000000, 0x00000007a8000000, 0x00000007a8000000)
  eden space 87424K, 100% used [0x00000007a0000000, 0x00000007a5560000, 0x00000007a5560000)
  from space 21824K,  21% used [0x00000007a6ab0000, 0x00000007a6f57b58, 0x00000007a8000000)
  to   space 21824K,   0% used [0x00000007a5560000, 0x00000007a5560000, 0x00000007a6ab0000)
 concurrent mark-sweep generation total 393216K, used 117486K [0x00000007a8000000, 0x00000007c0000000, 0x00000007c0000000)
 Metaspace       used 36683K, capacity 37696K, committed 37988K, reserved 1083392K
  class space    used 4366K, capacity 4655K, committed 4708K, reserved 1048576K
2018-04-03T13:40:10.916+0700: 51.179: [GC (Allocation Failure) 2018-04-03T13:40:10.916+0700: 51.179: [ParNew
Desired survivor size 20112992 bytes, new threshold 8 (max 8)
- age   1:     947896 bytes,     947896 total
- age   2:     202000 bytes,    1149896 total
- age   3:     169712 bytes,    1319608 total
- age   4:    2747480 bytes,    4067088 total
- age   5:     267736 bytes,    4334824 total
- age   6:     269640 bytes,    4604464 total
- age   7:     207344 bytes,    4811808 total
- age   8:     169344 bytes,    4981152 total
: 92190K->4890K(109248K), 0.0162933 secs] 209677K->122575K(502464K), 0.0163895 secs] [Times: user=0.01 sys=0.00, real=0.02 secs] 
Heap after GC invocations=300 (full 1):
 par new generation   total 109248K, used 4890K [0x00000007a0000000, 0x00000007a8000000, 0x00000007a8000000)
  eden space 87424K,   0% used [0x00000007a0000000, 0x00000007a0000000, 0x00000007a5560000)
  from space 21824K,  22% used [0x00000007a5560000, 0x00000007a5a26ae0, 0x00000007a6ab0000)
  to   space 21824K,   0% used [0x00000007a6ab0000, 0x00000007a6ab0000, 0x00000007a8000000)
 concurrent mark-sweep generation total 393216K, used 117684K [0x00000007a8000000, 0x00000007c0000000, 0x00000007c0000000)
 Metaspace       used 36683K, capacity 37696K, committed 37988K, reserved 1083392K
  class space    used 4366K, capacity 4655K, committed 4708K, reserved 1048576K
}
2018-04-03T13:40:10.933+0700: 51.195: Total time for which application threads were stopped: 0.0166461 seconds, Stopping threads took: 0.0000451 seconds
{Heap before GC invocations=300 (full 1):
 par new generation   total 109248K, used 92314K [0x00000007a0000000, 0x00000007a8000000, 0x00000007a8000000)
  eden space 87424K, 100% used [0x00000007a0000000, 0x00000007a5560000, 0x00000007a5560000)
  from space 21824K,  22% used [0x00000007a5560000, 0x00000007a5a26ae0, 0x00000007a6ab0000)
  to   space 21824K,   0% used [0x00000007a6ab0000, 0x00000007a6ab0000, 0x00000007a8000000)
 concurrent mark-sweep generation total 393216K, used 117684K [0x00000007a8000000, 0x00000007c0000000, 0x00000007c0000000)
 Metaspace       used 36683K, capacity 37696K, committed 37988K, reserved 1083392K
  class space    used 4366K, capacity 4655K, committed 4708K, reserved 1048576K
2018-04-03T13:40:10.994+0700: 51.257: [GC (Allocation Failure) 2018-04-03T13:40:10.994+0700: 51.257: [ParNew
Desired survivor size 20112992 bytes, new threshold 8 (max 8)
- age   1:     348816 bytes,     348816 total
- age   2:     812592 bytes,    1161408 total
- age   3:     202000 bytes,    1363408 total
- age   4:     169712 bytes,    1533120 total
- age   5:    2746608 bytes,    4279728 total
- age   6:     267736 bytes,    4547464 total
- age   7:     269640 bytes,    4817104 total
- age   8:     207344 bytes,    5024448 total
: 92314K->4933K(109248K), 0.0064099 secs] 209999K->122783K(502464K), 0.0065126 secs] [Times: user=0.01 sys=0.00, real=0.01 secs] 
Heap after GC invocations=301 (full 1):
 par new generation   total 109248K, used 4933K [0x00000007a0000000, 0x00000007a8000000, 0x00000007a8000000)
  eden space 87424K,   0% used [0x00000007a0000000, 0x00000007a0000000, 0x00000007a5560000)
  from space 21824K,  22% used [0x00000007a6ab0000, 0x00000007a6f816c0, 0x00000007a8000000)
  to   space 21824K,   0% used [0x00000007a5560000, 0x00000007a5560000, 0x00000007a6ab0000)
 concurrent mark-sweep generation total 393216K, used 117850K [0x00000007a8000000, 0x00000007c0000000, 0x00000007c0000000)
 Metaspace       used 36683K, capacity 37696K, committed 37988K, reserved 1083392K
  class space    used 4366K, capacity 4655K, committed 4708K, reserved 1048576K
}
2018-04-03T13:40:11.001+0700: 51.263: Total time for which application threads were stopped: 0.0067461 seconds, Stopping threads took: 0.0000214 seconds
{Heap before GC invocations=301 (full 1):
 par new generation   total 109248K, used 92357K [0x00000007a0000000, 0x00000007a8000000, 0x00000007a8000000)
  eden space 87424K, 100% used [0x00000007a0000000, 0x00000007a5560000, 0x00000007a5560000)
  from space 21824K,  22% used [0x00000007a6ab0000, 0x00000007a6f816c0, 0x00000007a8000000)
  to   space 21824K,   0% used [0x00000007a5560000, 0x00000007a5560000, 0x00000007a6ab0000)
 concurrent mark-sweep generation total 393216K, used 117850K [0x00000007a8000000, 0x00000007c0000000, 0x00000007c0000000)
 Metaspace       used 36683K, capacity 37696K, committed 37988K, reserved 1083392K
  class space    used 4366K, capacity 4655K, committed 4708K, reserved 1048576K
2018-04-03T13:40:11.053+0700: 51.316: [GC (Allocation Failure) 2018-04-03T13:40:11.053+0700: 51.316: [ParNew
Desired survivor size 20112992 bytes, new threshold 8 (max 8)
- age   1:    2856544 bytes,    2856544 total
- age   2:     268592 bytes,    3125136 total
- age   3:     812592 bytes,    3937728 total
- age   4:     202000 bytes,    4139728 total
- age   5:     169712 bytes,    4309440 total
- age   6:     497328 bytes,    4806768 total
- age   7:     267736 bytes,    5074504 total
- age   8:     269640 bytes,    5344144 total
: 92357K->5235K(109248K), 0.0058633 secs] 210207K->123287K(502464K), 0.0059597 secs] [Times: user=0.01 sys=0.00, real=0.00 secs] 
Heap after GC invocations=302 (full 1):
 par new generation   total 109248K, used 5235K [0x00000007a0000000, 0x00000007a8000000, 0x00000007a8000000)
  eden space 87424K,   0% used [0x00000007a0000000, 0x00000007a0000000, 0x00000007a5560000)
  from space 21824K,  23% used [0x00000007a5560000, 0x00000007a5a7cc68, 0x00000007a6ab0000)
  to   space 21824K,   0% used [0x00000007a6ab0000, 0x00000007a6ab0000, 0x00000007a8000000)
 concurrent mark-sweep generation total 393216K, used 118052K [0x00000007a8000000, 0x00000007c0000000, 0x00000007c0000000)
 Metaspace       used 36683K, capacity 37696K, committed 37988K, reserved 1083392K
  class space    used 4366K, capacity 4655K, committed 4708K, reserved 1048576K
}
2018-04-03T13:40:11.059+0700: 51.322: Total time for which application threads were stopped: 0.0061906 seconds, Stopping threads took: 0.0000221 seconds
{Heap before GC invocations=302 (full 1):
 par new generation   total 109248K, used 92659K [0x00000007a0000000, 0x00000007a8000000, 0x00000007a8000000)
  eden space 87424K, 100% used [0x00000007a0000000, 0x00000007a5560000, 0x00000007a5560000)
  from space 21824K,  23% used [0x00000007a5560000, 0x00000007a5a7cc68, 0x00000007a6ab0000)
  to   space 21824K,   0% used [0x00000007a6ab0000, 0x00000007a6ab0000, 0x00000007a8000000)
 concurrent mark-sweep generation total 393216K, used 118052K [0x00000007a8000000, 0x00000007c0000000, 0x00000007c0000000)
 Metaspace       used 36683K, capacity 37696K, committed 37988K, reserved 1083392K
  class space    used 4367K, capacity 4655K, committed 4708K, reserved 1048576K
2018-04-03T13:40:11.103+0700: 51.366: [GC (Allocation Failure) 2018-04-03T13:40:11.103+0700: 51.366: [ParNew
Desired survivor size 20112992 bytes, new threshold 8 (max 8)
- age   1:     313840 bytes,     313840 total
- age   2:    2765400 bytes,    3079240 total
- age   3:     268592 bytes,    3347832 total
- age   4:     812592 bytes,    4160424 total
- age   5:     202000 bytes,    4362424 total
- age   6:     169112 bytes,    4531536 total
- age   7:     497328 bytes,    5028864 total
- age   8:     267736 bytes,    5296600 total
: 92659K->5185K(109248K), 0.0060177 secs] 210711K->123501K(502464K), 0.0061115 secs] [Times: user=0.02 sys=0.01, real=0.00 secs] 
Heap after GC invocations=303 (full 1):
 par new generation   total 109248K, used 5185K [0x00000007a0000000, 0x00000007a8000000, 0x00000007a8000000)
  eden space 87424K,   0% used [0x00000007a0000000, 0x00000007a0000000, 0x00000007a5560000)
  from space 21824K,  23% used [0x00000007a6ab0000, 0x00000007a6fc06e8, 0x00000007a8000000)
  to   space 21824K,   0% used [0x00000007a5560000, 0x00000007a5560000, 0x00000007a6ab0000)
 concurrent mark-sweep generation total 393216K, used 118316K [0x00000007a8000000, 0x00000007c0000000, 0x00000007c0000000)
 Metaspace       used 36683K, capacity 37696K, committed 37988K, reserved 1083392K
  class space    used 4367K, capacity 4655K, committed 4708K, reserved 1048576K
}
2018-04-03T13:40:11.110+0700: 51.372: Total time for which application threads were stopped: 0.0063470 seconds, Stopping threads took: 0.0000228 seconds
{Heap before GC invocations=303 (full 1):
 par new generation   total 109248K, used 92609K [0x00000007a0000000, 0x00000007a8000000, 0x00000007a8000000)
  eden space 87424K, 100% used [0x00000007a0000000, 0x00000007a5560000, 0x00000007a5560000)
  from space 21824K,  23% used [0x00000007a6ab0000, 0x00000007a6fc06e8, 0x00000007a8000000)
  to   space 21824K,   0% used [0x00000007a5560000, 0x00000007a5560000, 0x00000007a6ab0000)
 concurrent mark-sweep generation total 393216K, used 118316K [0x00000007a8000000, 0x00000007c0000000, 0x00000007c0000000)
 Metaspace       used 36683K, capacity 37696K, committed 37988K, reserved 1083392K
  class space    used 4367K, capacity 4655K, committed 4708K, reserved 1048576K
2018-04-03T13:40:11.152+0700: 51.415: [GC (Allocation Failure) 2018-04-03T13:40:11.152+0700: 51.415: [ParNew
Desired survivor size 20112992 bytes, new threshold 8 (max 8)
- age   1:     348960 bytes,     348960 total
- age   2:     170000 bytes,     518960 total
- age   3:    2974616 bytes,    3493576 total
- age   4:     268592 bytes,    3762168 total
- age   5:     894128 bytes,    4656296 total
- age   6:     202000 bytes,    4858296 total
- age   7:     169112 bytes,    5027408 total
- age   8:     497328 bytes,    5524736 total
: 92609K->5432K(109248K), 0.0057037 secs] 210925K->124009K(502464K), 0.0057735 secs] [Times: user=0.02 sys=0.00, real=0.00 secs] 
Heap after GC invocations=304 (full 1):
 par new generation   total 109248K, used 5432K [0x00000007a0000000, 0x00000007a8000000, 0x00000007a8000000)
  eden space 87424K,   0% used [0x00000007a0000000, 0x00000007a0000000, 0x00000007a5560000)
  from space 21824K,  24% used [0x00000007a5560000, 0x00000007a5aae0f8, 0x00000007a6ab0000)
  to   space 21824K,   0% used [0x00000007a6ab0000, 0x00000007a6ab0000, 0x00000007a8000000)
 concurrent mark-sweep generation total 393216K, used 118577K [0x00000007a8000000, 0x00000007c0000000, 0x00000007c0000000)
 Metaspace       used 36683K, capacity 37696K, committed 37988K, reserved 1083392K
  class space    used 4367K, capacity 4655K, committed 4708K, reserved 1048576K
}
2018-04-03T13:40:11.158+0700: 51.421: Total time for which application threads were stopped: 0.0059439 seconds, Stopping threads took: 0.0000197 seconds
{Heap before GC invocations=304 (full 1):
 par new generation   total 109248K, used 92856K [0x00000007a0000000, 0x00000007a8000000, 0x00000007a8000000)
  eden space 87424K, 100% used [0x00000007a0000000, 0x00000007a5560000, 0x00000007a5560000)
  from space 21824K,  24% used [0x00000007a5560000, 0x00000007a5aae0f8, 0x00000007a6ab0000)
  to   space 21824K,   0% used [0x00000007a6ab0000, 0x00000007a6ab0000, 0x00000007a8000000)
 concurrent mark-sweep generation total 393216K, used 118577K [0x00000007a8000000, 0x00000007c0000000, 0x00000007c0000000)
 Metaspace       used 36683K, capacity 37696K, committed 37988K, reserved 1083392K
  class space    used 4367K, capacity 4655K, committed 4708K, reserved 1048576K
2018-04-03T13:40:11.196+0700: 51.458: [GC (Allocation Failure) 2018-04-03T13:40:11.196+0700: 51.458: [ParNew
Desired survivor size 20112992 bytes, new threshold 8 (max 8)
- age   1:     345280 bytes,     345280 total
- age   2:     267992 bytes,     613272 total
- age   3:     170000 bytes,     783272 total
- age   4:    2765400 bytes,    3548672 total
- age   5:     268240 bytes,    3816912 total
- age   6:     810160 bytes,    4627072 total
- age   7:     202000 bytes,    4829072 total
- age   8:     169112 bytes,    4998184 total
: 92856K->4904K(109248K), 0.0065173 secs] 211433K->123968K(502464K), 0.0066294 secs] [Times: user=0.02 sys=0.00, real=0.01 secs] 
Heap after GC invocations=305 (full 1):
 par new generation   total 109248K, used 4904K [0x00000007a0000000, 0x00000007a8000000, 0x00000007a8000000)
  eden space 87424K,   0% used [0x00000007a0000000, 0x00000007a0000000, 0x00000007a5560000)
  from space 21824K,  22% used [0x00000007a6ab0000, 0x00000007a6f7a358, 0x00000007a8000000)
  to   space 21824K,   0% used [0x00000007a5560000, 0x00000007a5560000, 0x00000007a6ab0000)
 concurrent mark-sweep generation total 393216K, used 119063K [0x00000007a8000000, 0x00000007c0000000, 0x00000007c0000000)
 Metaspace       used 36683K, capacity 37696K, committed 37988K, reserved 1083392K
  class space    used 4367K, capacity 4655K, committed 4708K, reserved 1048576K
}
2018-04-03T13:40:11.202+0700: 51.465: Total time for which application threads were stopped: 0.0068603 seconds, Stopping threads took: 0.0000277 seconds
{Heap before GC invocations=305 (full 1):
 par new generation   total 109248K, used 92328K [0x00000007a0000000, 0x00000007a8000000, 0x00000007a8000000)
  eden space 87424K, 100% used [0x00000007a0000000, 0x00000007a5560000, 0x00000007a5560000)
  from space 21824K,  22% used [0x00000007a6ab0000, 0x00000007a6f7a358, 0x00000007a8000000)
  to   space 21824K,   0% used [0x00000007a5560000, 0x00000007a5560000, 0x00000007a6ab0000)
 concurrent mark-sweep generation total 393216K, used 119063K [0x00000007a8000000, 0x00000007c0000000, 0x00000007c0000000)
 Metaspace       used 36683K, capacity 37696K, committed 37988K, reserved 1083392K
  class space    used 4367K, capacity 4655K, committed 4708K, reserved 1048576K
2018-04-03T13:40:11.243+0700: 51.505: [GC (Allocation Failure) 2018-04-03T13:40:11.243+0700: 51.506: [ParNew
Desired survivor size 20112992 bytes, new threshold 8 (max 8)
- age   1:    3806296 bytes,    3806296 total
- age   2:     210264 bytes,    4016560 total
- age   3:     267992 bytes,    4284552 total
- age   4:     170000 bytes,    4454552 total
- age   5:     254712 bytes,    4709264 total
- age   6:     268240 bytes,    4977504 total
- age   7:     239360 bytes,    5216864 total
- age   8:     202000 bytes,    5418864 total
: 92328K->5311K(109248K), 0.0061303 secs] 211392K->124539K(502464K), 0.0062332 secs] [Times: user=0.02 sys=0.00, real=0.00 secs] 
Heap after GC invocations=306 (full 1):
 par new generation   total 109248K, used 5311K [0x00000007a0000000, 0x00000007a8000000, 0x00000007a8000000)
  eden space 87424K,   0% used [0x00000007a0000000, 0x00000007a0000000, 0x00000007a5560000)
  from space 21824K,  24% used [0x00000007a5560000, 0x00000007a5a8fd08, 0x00000007a6ab0000)
  to   space 21824K,   0% used [0x00000007a6ab0000, 0x00000007a6ab0000, 0x00000007a8000000)
 concurrent mark-sweep generation total 393216K, used 119228K [0x00000007a8000000, 0x00000007c0000000, 0x00000007c0000000)
 Metaspace       used 36683K, capacity 37696K, committed 37988K, reserved 1083392K
  class space    used 4367K, capacity 4655K, committed 4708K, reserved 1048576K
}
2018-04-03T13:40:11.249+0700: 51.512: Total time for which application threads were stopped: 0.0064199 seconds, Stopping threads took: 0.0000208 seconds
{Heap before GC invocations=306 (full 1):
 par new generation   total 109248K, used 92735K [0x00000007a0000000, 0x00000007a8000000, 0x00000007a8000000)
  eden space 87424K, 100% used [0x00000007a0000000, 0x00000007a5560000, 0x00000007a5560000)
  from space 21824K,  24% used [0x00000007a5560000, 0x00000007a5a8fd08, 0x00000007a6ab0000)
  to   space 21824K,   0% used [0x00000007a6ab0000, 0x00000007a6ab0000, 0x00000007a8000000)
 concurrent mark-sweep generation total 393216K, used 119228K [0x00000007a8000000, 0x00000007c0000000, 0x00000007c0000000)
 Metaspace       used 36683K, capacity 37696K, committed 37988K, reserved 1083392K
  class space    used 4367K, capacity 4655K, committed 4708K, reserved 1048576K
2018-04-03T13:40:11.288+0700: 51.551: [GC (Allocation Failure) 2018-04-03T13:40:11.288+0700: 51.551: [ParNew
Desired survivor size 20112992 bytes, new threshold 8 (max 8)
- age   1:     331536 bytes,     331536 total
- age   2:    3702080 bytes,    4033616 total
- age   3:     210264 bytes,    4243880 total
- age   4:     267992 bytes,    4511872 total
- age   5:     170000 bytes,    4681872 total
- age   6:     234936 bytes,    4916808 total
- age   7:     267608 bytes,    5184416 total
- age   8:     239360 bytes,    5423776 total
: 92735K->5324K(109248K), 0.0062492 secs] 211963K->124749K(502464K), 0.0063296 secs] [Times: user=0.02 sys=0.01, real=0.01 secs] 
Heap after GC invocations=307 (full 1):
 par new generation   total 109248K, used 5324K [0x00000007a0000000, 0x00000007a8000000, 0x00000007a8000000)
  eden space 87424K,   0% used [0x00000007a0000000, 0x00000007a0000000, 0x00000007a5560000)
  from space 21824K,  24% used [0x00000007a6ab0000, 0x00000007a6fe30c0, 0x00000007a8000000)
  to   space 21824K,   0% used [0x00000007a5560000, 0x00000007a5560000, 0x00000007a6ab0000)
 concurrent mark-sweep generation total 393216K, used 119425K [0x00000007a8000000, 0x00000007c0000000, 0x00000007c0000000)
 Metaspace       used 36683K, capacity 37696K, committed 37988K, reserved 1083392K
  class space    used 4367K, capacity 4655K, committed 4708K, reserved 1048576K
}
2018-04-03T13:40:11.295+0700: 51.557: Total time for which application threads were stopped: 0.0065370 seconds, Stopping threads took: 0.0000212 seconds
{Heap before GC invocations=307 (full 1):
 par new generation   total 109248K, used 92748K [0x00000007a0000000, 0x00000007a8000000, 0x00000007a8000000)
  eden space 87424K, 100% used [0x00000007a0000000, 0x00000007a5560000, 0x00000007a5560000)
  from space 21824K,  24% used [0x00000007a6ab0000, 0x00000007a6fe30c0, 0x00000007a8000000)
  to   space 21824K,   0% used [0x00000007a5560000, 0x00000007a5560000, 0x00000007a6ab0000)
 concurrent mark-sweep generation total 393216K, used 119425K [0x00000007a8000000, 0x00000007c0000000, 0x00000007c0000000)
 Metaspace       used 36683K, capacity 37696K, committed 37988K, reserved 1083392K
  class space    used 4367K, capacity 4655K, committed 4708K, reserved 1048576K
2018-04-03T13:40:11.329+0700: 51.591: [GC (Allocation Failure) 2018-04-03T13:40:11.329+0700: 51.591: [ParNew
Desired survivor size 20112992 bytes, new threshold 8 (max 8)
- age   1:     364224 bytes,     364224 total
- age   2:     257616 bytes,     621840 total
- age   3:    3702080 bytes,    4323920 total
- age   4:     210264 bytes,    4534184 total
- age   5:     267992 bytes,    4802176 total
- age   6:     169856 bytes,    4972032 total
- age   7:     234936 bytes,    5206968 total
- age   8:     267608 bytes,    5474576 total
: 92748K->5367K(109248K), 0.0051018 secs] 212173K->125027K(502464K), 0.0052327 secs] [Times: user=0.01 sys=0.00, real=0.01 secs] 
Heap after GC invocations=308 (full 1):
 par new generation   total 109248K, used 5367K [0x00000007a0000000, 0x00000007a8000000, 0x00000007a8000000)
  eden space 87424K,   0% used [0x00000007a0000000, 0x00000007a0000000, 0x00000007a5560000)
  from space 21824K,  24% used [0x00000007a5560000, 0x00000007a5a9dfc8, 0x00000007a6ab0000)
  to   space 21824K,   0% used [0x00000007a6ab0000, 0x00000007a6ab0000, 0x00000007a8000000)
 concurrent mark-sweep generation total 393216K, used 119659K [0x00000007a8000000, 0x00000007c0000000, 0x00000007c0000000)
 Metaspace       used 36683K, capacity 37696K, committed 37988K, reserved 1083392K
  class space    used 4367K, capacity 4655K, committed 4708K, reserved 1048576K
}
2018-04-03T13:40:11.334+0700: 51.597: Total time for which application threads were stopped: 0.0054266 seconds, Stopping threads took: 0.0000424 seconds
{Heap before GC invocations=308 (full 1):
 par new generation   total 109248K, used 92791K [0x00000007a0000000, 0x00000007a8000000, 0x00000007a8000000)
  eden space 87424K, 100% used [0x00000007a0000000, 0x00000007a5560000, 0x00000007a5560000)
  from space 21824K,  24% used [0x00000007a5560000, 0x00000007a5a9dfc8, 0x00000007a6ab0000)
  to   space 21824K,   0% used [0x00000007a6ab0000, 0x00000007a6ab0000, 0x00000007a8000000)
 concurrent mark-sweep generation total 393216K, used 119659K [0x00000007a8000000, 0x00000007c0000000, 0x00000007c0000000)
 Metaspace       used 36683K, capacity 37696K, committed 37988K, reserved 1083392K
  class space    used 4367K, capacity 4655K, committed 4708K, reserved 1048576K
2018-04-03T13:40:11.366+0700: 51.629: [GC (Allocation Failure) 2018-04-03T13:40:11.366+0700: 51.629: [ParNew
Desired survivor size 20112992 bytes, new threshold 8 (max 8)
- age   1:     289248 bytes,     289248 total
- age   2:     235880 bytes,     525128 total
- age   3:     257616 bytes,     782744 total
- age   4:    3702080 bytes,    4484824 total
- age   5:     209872 bytes,    4694696 total
- age   6:     267992 bytes,    4962688 total
- age   7:     169320 bytes,    5132008 total
- age   8:     234936 bytes,    5366944 total
: 92791K->5260K(109248K), 0.0051789 secs] 212451K->125181K(502464K), 0.0052488 secs] [Times: user=0.02 sys=0.00, real=0.01 secs] 
Heap after GC invocations=309 (full 1):
 par new generation   total 109248K, used 5260K [0x00000007a0000000, 0x00000007a8000000, 0x00000007a8000000)
  eden space 87424K,   0% used [0x00000007a0000000, 0x00000007a0000000, 0x00000007a5560000)
  from space 21824K,  24% used [0x00000007a6ab0000, 0x00000007a6fd3170, 0x00000007a8000000)
  to   space 21824K,   0% used [0x00000007a5560000, 0x00000007a5560000, 0x00000007a6ab0000)
 concurrent mark-sweep generation total 393216K, used 119920K [0x00000007a8000000, 0x00000007c0000000, 0x00000007c0000000)
 Metaspace       used 36683K, capacity 37696K, committed 37988K, reserved 1083392K
  class space    used 4367K, capacity 4655K, committed 4708K, reserved 1048576K
}
2018-04-03T13:40:11.372+0700: 51.634: Total time for which application threads were stopped: 0.0054223 seconds, Stopping threads took: 0.0000190 seconds
{Heap before GC invocations=309 (full 1):
 par new generation   total 109248K, used 92684K [0x00000007a0000000, 0x00000007a8000000, 0x00000007a8000000)
  eden space 87424K, 100% used [0x00000007a0000000, 0x00000007a5560000, 0x00000007a5560000)
  from space 21824K,  24% used [0x00000007a6ab0000, 0x00000007a6fd3170, 0x00000007a8000000)
  to   space 21824K,   0% used [0x00000007a5560000, 0x00000007a5560000, 0x00000007a6ab0000)
 concurrent mark-sweep generation total 393216K, used 119920K [0x00000007a8000000, 0x00000007c0000000, 0x00000007c0000000)
 Metaspace       used 36683K, capacity 37696K, committed 37988K, reserved 1083392K
  class space    used 4367K, capacity 4655K, committed 4708K, reserved 1048576K
2018-04-03T13:40:11.408+0700: 51.671: [GC (Allocation Failure) 2018-04-03T13:40:11.408+0700: 51.671: [ParNew
Desired survivor size 20112992 bytes, new threshold 8 (max 8)
- age   1:     324096 bytes,     324096 total
- age   2:     138032 bytes,     462128 total
- age   3:     235880 bytes,     698008 total
- age   4:     257616 bytes,     955624 total
- age   5:    3702080 bytes,    4657704 total
- age   6:     209872 bytes,    4867576 total
- age   7:     267992 bytes,    5135568 total
- age   8:     169320 bytes,    5304888 total
: 92684K->5209K(109248K), 0.0066011 secs] 212605K->125359K(502464K), 0.0066854 secs] [Times: user=0.01 sys=0.00, real=0.01 secs] 
Heap after GC invocations=310 (full 1):
 par new generation   total 109248K, used 5209K [0x00000007a0000000, 0x00000007a8000000, 0x00000007a8000000)
  eden space 87424K,   0% used [0x00000007a0000000, 0x00000007a0000000, 0x00000007a5560000)
  from space 21824K,  23% used [0x00000007a5560000, 0x00000007a5a765f0, 0x00000007a6ab0000)
  to   space 21824K,   0% used [0x00000007a6ab0000, 0x00000007a6ab0000, 0x00000007a8000000)
 concurrent mark-sweep generation total 393216K, used 120150K [0x00000007a8000000, 0x00000007c0000000, 0x00000007c0000000)
 Metaspace       used 36683K, capacity 37696K, committed 37988K, reserved 1083392K
  class space    used 4367K, capacity 4655K, committed 4708K, reserved 1048576K
}
2018-04-03T13:40:11.415+0700: 51.678: Total time for which application threads were stopped: 0.0068826 seconds, Stopping threads took: 0.0000199 seconds
{Heap before GC invocations=310 (full 1):
 par new generation   total 109248K, used 92633K [0x00000007a0000000, 0x00000007a8000000, 0x00000007a8000000)
  eden space 87424K, 100% used [0x00000007a0000000, 0x00000007a5560000, 0x00000007a5560000)
  from space 21824K,  23% used [0x00000007a5560000, 0x00000007a5a765f0, 0x00000007a6ab0000)
  to   space 21824K,   0% used [0x00000007a6ab0000, 0x00000007a6ab0000, 0x00000007a8000000)
 concurrent mark-sweep generation total 393216K, used 120150K [0x00000007a8000000, 0x00000007c0000000, 0x00000007c0000000)
 Metaspace       used 36683K, capacity 37696K, committed 37988K, reserved 1083392K
  class space    used 4367K, capacity 4655K, committed 4708K, reserved 1048576K
2018-04-03T13:40:11.465+0700: 51.727: [GC (Allocation Failure) 2018-04-03T13:40:11.465+0700: 51.728: [ParNew
Desired survivor size 20112992 bytes, new threshold 8 (max 8)
- age   1:    1105776 bytes,    1105776 total
- age   2:     202128 bytes,    1307904 total
- age   3:     138032 bytes,    1445936 total
- age   4:     235880 bytes,    1681816 total
- age   5:     257616 bytes,    1939432 total
- age   6:    3059936 bytes,    4999368 total
- age   7:     207088 bytes,    5206456 total
- age   8:     267992 bytes,    5474448 total
: 92633K->5361K(109248K), 0.0075037 secs] 212783K->125676K(502464K), 0.0075954 secs] [Times: user=0.02 sys=0.00, real=0.01 secs] 
Heap after GC invocations=311 (full 1):
 par new generation   total 109248K, used 5361K [0x00000007a0000000, 0x00000007a8000000, 0x00000007a8000000)
  eden space 87424K,   0% used [0x00000007a0000000, 0x00000007a0000000, 0x00000007a5560000)
  from space 21824K,  24% used [0x00000007a6ab0000, 0x00000007a6fec458, 0x00000007a8000000)
  to   space 21824K,   0% used [0x00000007a5560000, 0x00000007a5560000, 0x00000007a6ab0000)
 concurrent mark-sweep generation total 393216K, used 120315K [0x00000007a8000000, 0x00000007c0000000, 0x00000007c0000000)
 Metaspace       used 36683K, capacity 37696K, committed 37988K, reserved 1083392K
  class space    used 4367K, capacity 4655K, committed 4708K, reserved 1048576K
}
2018-04-03T13:40:11.472+0700: 51.735: Total time for which application threads were stopped: 0.0078008 seconds, Stopping threads took: 0.0000237 seconds
{Heap before GC invocations=311 (full 1):
 par new generation   total 109248K, used 92785K [0x00000007a0000000, 0x00000007a8000000, 0x00000007a8000000)
  eden space 87424K, 100% used [0x00000007a0000000, 0x00000007a5560000, 0x00000007a5560000)
  from space 21824K,  24% used [0x00000007a6ab0000, 0x00000007a6fec458, 0x00000007a8000000)
  to   space 21824K,   0% used [0x00000007a5560000, 0x00000007a5560000, 0x00000007a6ab0000)
 concurrent mark-sweep generation total 393216K, used 120315K [0x00000007a8000000, 0x00000007c0000000, 0x00000007c0000000)
 Metaspace       used 36683K, capacity 37696K, committed 37988K, reserved 1083392K
  class space    used 4367K, capacity 4655K, committed 4708K, reserved 1048576K
2018-04-03T13:40:11.520+0700: 51.783: [GC (Allocation Failure) 2018-04-03T13:40:11.520+0700: 51.783: [ParNew
Desired survivor size 20112992 bytes, new threshold 8 (max 8)
- age   1:    3550288 bytes,    3550288 total
- age   2:     965560 bytes,    4515848 total
- age   3:     202128 bytes,    4717976 total
- age   4:     138032 bytes,    4856008 total
- age   5:     235880 bytes,    5091888 total
- age   6:     234656 bytes,    5326544 total
- age   7:     235424 bytes,    5561968 total
- age   8:     207088 bytes,    5769056 total
: 92785K->5675K(109248K), 0.0064873 secs] 213100K->126252K(502464K), 0.0066116 secs] [Times: user=0.02 sys=0.00, real=0.00 secs] 
Heap after GC invocations=312 (full 1):
 par new generation   total 109248K, used 5675K [0x00000007a0000000, 0x00000007a8000000, 0x00000007a8000000)
  eden space 87424K,   0% used [0x00000007a0000000, 0x00000007a0000000, 0x00000007a5560000)
  from space 21824K,  26% used [0x00000007a5560000, 0x00000007a5aeada8, 0x00000007a6ab0000)
  to   space 21824K,   0% used [0x00000007a6ab0000, 0x00000007a6ab0000, 0x00000007a8000000)
 concurrent mark-sweep generation total 393216K, used 120577K [0x00000007a8000000, 0x00000007c0000000, 0x00000007c0000000)
 Metaspace       used 36683K, capacity 37696K, committed 37988K, reserved 1083392K
  class space    used 4367K, capacity 4655K, committed 4708K, reserved 1048576K
}
2018-04-03T13:40:11.527+0700: 51.790: Total time for which application threads were stopped: 0.0068551 seconds, Stopping threads took: 0.0000417 seconds
{Heap before GC invocations=312 (full 1):
 par new generation   total 109248K, used 93099K [0x00000007a0000000, 0x00000007a8000000, 0x00000007a8000000)
  eden space 87424K, 100% used [0x00000007a0000000, 0x00000007a5560000, 0x00000007a5560000)
  from space 21824K,  26% used [0x00000007a5560000, 0x00000007a5aeada8, 0x00000007a6ab0000)
  to   space 21824K,   0% used [0x00000007a6ab0000, 0x00000007a6ab0000, 0x00000007a8000000)
 concurrent mark-sweep generation total 393216K, used 120577K [0x00000007a8000000, 0x00000007c0000000, 0x00000007c0000000)
 Metaspace       used 36683K, capacity 37696K, committed 37988K, reserved 1083392K
  class space    used 4367K, capacity 4655K, committed 4708K, reserved 1048576K
2018-04-03T13:40:11.595+0700: 51.857: [GC (Allocation Failure) 2018-04-03T13:40:11.595+0700: 51.857: [ParNew
Desired survivor size 20112992 bytes, new threshold 8 (max 8)
- age   1:     284792 bytes,     284792 total
- age   2:    3405592 bytes,    3690384 total
- age   3:     965560 bytes,    4655944 total
- age   4:     202128 bytes,    4858072 total
- age   5:     138032 bytes,    4996104 total
- age   6:     235880 bytes,    5231984 total
- age   7:     234656 bytes,    5466640 total
- age   8:     235424 bytes,    5702064 total
: 93099K->5609K(109248K), 0.0122280 secs] 213676K->126388K(502464K), 0.0123101 secs] [Times: user=0.02 sys=0.00, real=0.01 secs] 
Heap after GC invocations=313 (full 1):
 par new generation   total 109248K, used 5609K [0x00000007a0000000, 0x00000007a8000000, 0x00000007a8000000)
  eden space 87424K,   0% used [0x00000007a0000000, 0x00000007a0000000, 0x00000007a5560000)
  from space 21824K,  25% used [0x00000007a6ab0000, 0x00000007a702a478, 0x00000007a8000000)
  to   space 21824K,   0% used [0x00000007a5560000, 0x00000007a5560000, 0x00000007a6ab0000)
 concurrent mark-sweep generation total 393216K, used 120779K [0x00000007a8000000, 0x00000007c0000000, 0x00000007c0000000)
 Metaspace       used 36683K, capacity 37696K, committed 37988K, reserved 1083392K
  class space    used 4367K, capacity 4655K, committed 4708K, reserved 1048576K
}
2018-04-03T13:40:11.607+0700: 51.870: Total time for which application threads were stopped: 0.0125081 seconds, Stopping threads took: 0.0000225 seconds
{Heap before GC invocations=313 (full 1):
 par new generation   total 109248K, used 93033K [0x00000007a0000000, 0x00000007a8000000, 0x00000007a8000000)
  eden space 87424K, 100% used [0x00000007a0000000, 0x00000007a5560000, 0x00000007a5560000)
  from space 21824K,  25% used [0x00000007a6ab0000, 0x00000007a702a478, 0x00000007a8000000)
  to   space 21824K,   0% used [0x00000007a5560000, 0x00000007a5560000, 0x00000007a6ab0000)
 concurrent mark-sweep generation total 393216K, used 120779K [0x00000007a8000000, 0x00000007c0000000, 0x00000007c0000000)
 Metaspace       used 36683K, capacity 37696K, committed 37988K, reserved 1083392K
  class space    used 4367K, capacity 4655K, committed 4708K, reserved 1048576K
2018-04-03T13:40:11.663+0700: 51.925: [GC (Allocation Failure) 2018-04-03T13:40:11.663+0700: 51.925: [ParNew
Desired survivor size 20112992 bytes, new threshold 8 (max 8)
- age   1:     339808 bytes,     339808 total
- age   2:     202680 bytes,     542488 total
- age   3:    3405592 bytes,    3948080 total
- age   4:     965560 bytes,    4913640 total
- age   5:     202128 bytes,    5115768 total
- age   6:     138032 bytes,    5253800 total
- age   7:     235720 bytes,    5489520 total
- age   8:     234656 bytes,    5724176 total
: 93033K->5603K(109248K), 0.0190271 secs] 213812K->126612K(502464K), 0.0191221 secs] [Times: user=0.02 sys=0.00, real=0.02 secs] 
Heap after GC invocations=314 (full 1):
 par new generation   total 109248K, used 5603K [0x00000007a0000000, 0x00000007a8000000, 0x00000007a8000000)
  eden space 87424K,   0% used [0x00000007a0000000, 0x00000007a0000000, 0x00000007a5560000)
  from space 21824K,  25% used [0x00000007a5560000, 0x00000007a5ad8cd8, 0x00000007a6ab0000)
  to   space 21824K,   0% used [0x00000007a6ab0000, 0x00000007a6ab0000, 0x00000007a8000000)
 concurrent mark-sweep generation total 393216K, used 121009K [0x00000007a8000000, 0x00000007c0000000, 0x00000007c0000000)
 Metaspace       used 36683K, capacity 37696K, committed 37988K, reserved 1083392K
  class space    used 4367K, capacity 4655K, committed 4708K, reserved 1048576K
}
2018-04-03T13:40:11.682+0700: 51.945: Total time for which application threads were stopped: 0.0193311 seconds, Stopping threads took: 0.0000244 seconds
{Heap before GC invocations=314 (full 1):
 par new generation   total 109248K, used 93027K [0x00000007a0000000, 0x00000007a8000000, 0x00000007a8000000)
  eden space 87424K, 100% used [0x00000007a0000000, 0x00000007a5560000, 0x00000007a5560000)
  from space 21824K,  25% used [0x00000007a5560000, 0x00000007a5ad8cd8, 0x00000007a6ab0000)
  to   space 21824K,   0% used [0x00000007a6ab0000, 0x00000007a6ab0000, 0x00000007a8000000)
 concurrent mark-sweep generation total 393216K, used 121009K [0x00000007a8000000, 0x00000007c0000000, 0x00000007c0000000)
 Metaspace       used 36683K, capacity 37696K, committed 37988K, reserved 1083392K
  class space    used 4367K, capacity 4655K, committed 4708K, reserved 1048576K
2018-04-03T13:40:11.752+0700: 52.014: [GC (Allocation Failure) 2018-04-03T13:40:11.752+0700: 52.014: [ParNew
Desired survivor size 20112992 bytes, new threshold 8 (max 8)
- age   1:     310896 bytes,     310896 total
- age   2:     202560 bytes,     513456 total
- age   3:     202680 bytes,     716136 total
- age   4:    3405592 bytes,    4121728 total
- age   5:     965560 bytes,    5087288 total
- age   6:     202128 bytes,    5289416 total
- age   7:     137424 bytes,    5426840 total
- age   8:     235720 bytes,    5662560 total
: 93027K->5550K(109248K), 0.0080825 secs] 214036K->126789K(502464K), 0.0081861 secs] [Times: user=0.01 sys=0.01, real=0.01 secs] 
Heap after GC invocations=315 (full 1):
 par new generation   total 109248K, used 5550K [0x00000007a0000000, 0x00000007a8000000, 0x00000007a8000000)
  eden space 87424K,   0% used [0x00000007a0000000, 0x00000007a0000000, 0x00000007a5560000)
  from space 21824K,  25% used [0x00000007a6ab0000, 0x00000007a701ba98, 0x00000007a8000000)
  to   space 21824K,   0% used [0x00000007a5560000, 0x00000007a5560000, 0x00000007a6ab0000)
 concurrent mark-sweep generation total 393216K, used 121238K [0x00000007a8000000, 0x00000007c0000000, 0x00000007c0000000)
 Metaspace       used 36683K, capacity 37696K, committed 37988K, reserved 1083392K
  class space    used 4367K, capacity 4655K, committed 4708K, reserved 1048576K
}
2018-04-03T13:40:11.760+0700: 52.023: Total time for which application threads were stopped: 0.0084243 seconds, Stopping threads took: 0.0000232 seconds
{Heap before GC invocations=315 (full 1):
 par new generation   total 109248K, used 92974K [0x00000007a0000000, 0x00000007a8000000, 0x00000007a8000000)
  eden space 87424K, 100% used [0x00000007a0000000, 0x00000007a5560000, 0x00000007a5560000)
  from space 21824K,  25% used [0x00000007a6ab0000, 0x00000007a701ba98, 0x00000007a8000000)
  to   space 21824K,   0% used [0x00000007a5560000, 0x00000007a5560000, 0x00000007a6ab0000)
 concurrent mark-sweep generation total 393216K, used 121238K [0x00000007a8000000, 0x00000007c0000000, 0x00000007c0000000)
 Metaspace       used 36683K, capacity 37696K, committed 37988K, reserved 1083392K
  class space    used 4367K, capacity 4655K, committed 4708K, reserved 1048576K
2018-04-03T13:40:11.830+0700: 52.093: [GC (Allocation Failure) 2018-04-03T13:40:11.830+0700: 52.093: [ParNew
Desired survivor size 20112992 bytes, new threshold 8 (max 8)
- age   1:     268120 bytes,     268120 total
- age   2:     203368 bytes,     471488 total
- age   3:     202560 bytes,     674048 total
- age   4:     202680 bytes,     876728 total
- age   5:    3405592 bytes,    4282320 total
- age   6:     965560 bytes,    5247880 total
- age   7:     202128 bytes,    5450008 total
- age   8:     136984 bytes,    5586992 total
: 92974K->5470K(109248K), 0.0064904 secs] 214213K->126939K(502464K), 0.0065883 secs] [Times: user=0.01 sys=0.00, real=0.00 secs] 
Heap after GC invocations=316 (full 1):
 par new generation   total 109248K, used 5470K [0x00000007a0000000, 0x00000007a8000000, 0x00000007a8000000)
  eden space 87424K,   0% used [0x00000007a0000000, 0x00000007a0000000, 0x00000007a5560000)
  from space 21824K,  25% used [0x00000007a5560000, 0x00000007a5ab7a78, 0x00000007a6ab0000)
  to   space 21824K,   0% used [0x00000007a6ab0000, 0x00000007a6ab0000, 0x00000007a8000000)
 concurrent mark-sweep generation total 393216K, used 121468K [0x00000007a8000000, 0x00000007c0000000, 0x00000007c0000000)
 Metaspace       used 36683K, capacity 37696K, committed 37988K, reserved 1083392K
  class space    used 4367K, capacity 4655K, committed 4708K, reserved 1048576K
}
2018-04-03T13:40:11.837+0700: 52.099: Total time for which application threads were stopped: 0.0068201 seconds, Stopping threads took: 0.0000222 seconds
{Heap before GC invocations=316 (full 1):
 par new generation   total 109248K, used 92690K [0x00000007a0000000, 0x00000007a8000000, 0x00000007a8000000)
  eden space 87424K,  99% used [0x00000007a0000000, 0x00000007a552cf08, 0x00000007a5560000)
  from space 21824K,  25% used [0x00000007a5560000, 0x00000007a5ab7a78, 0x00000007a6ab0000)
  to   space 21824K,   0% used [0x00000007a6ab0000, 0x00000007a6ab0000, 0x00000007a8000000)
 concurrent mark-sweep generation total 393216K, used 121468K [0x00000007a8000000, 0x00000007c0000000, 0x00000007c0000000)
 Metaspace       used 36685K, capacity 37696K, committed 37988K, reserved 1083392K
  class space    used 4367K, capacity 4655K, committed 4708K, reserved 1048576K
2018-04-03T13:40:12.160+0700: 52.422: [GC (Allocation Failure) 2018-04-03T13:40:12.160+0700: 52.422: [ParNew
Desired survivor size 20112992 bytes, new threshold 8 (max 8)
- age   1:    3754456 bytes,    3754456 total
- age   2:     170096 bytes,    3924552 total
- age   3:     203368 bytes,    4127920 total
- age   4:     202560 bytes,    4330480 total
- age   5:     202680 bytes,    4533160 total
- age   6:    3405592 bytes,    7938752 total
- age   7:     241584 bytes,    8180336 total
- age   8:     202128 bytes,    8382464 total
: 92690K->8213K(109248K), 0.0056185 secs] 214159K->129815K(502464K), 0.0058181 secs] [Times: user=0.02 sys=0.00, real=0.00 secs] 
Heap after GC invocations=317 (full 1):
 par new generation   total 109248K, used 8213K [0x00000007a0000000, 0x00000007a8000000, 0x00000007a8000000)
  eden space 87424K,   0% used [0x00000007a0000000, 0x00000007a0000000, 0x00000007a5560000)
  from space 21824K,  37% used [0x00000007a6ab0000, 0x00000007a72b54a0, 0x00000007a8000000)
  to   space 21824K,   0% used [0x00000007a5560000, 0x00000007a5560000, 0x00000007a6ab0000)
 concurrent mark-sweep generation total 393216K, used 121602K [0x00000007a8000000, 0x00000007c0000000, 0x00000007c0000000)
 Metaspace       used 36685K, capacity 37696K, committed 37988K, reserved 1083392K
  class space    used 4367K, capacity 4655K, committed 4708K, reserved 1048576K
}
2018-04-03T13:40:12.165+0700: 52.428: Total time for which application threads were stopped: 0.0060917 seconds, Stopping threads took: 0.0000356 seconds
{Heap before GC invocations=317 (full 1):
 par new generation   total 109248K, used 95637K [0x00000007a0000000, 0x00000007a8000000, 0x00000007a8000000)
  eden space 87424K, 100% used [0x00000007a0000000, 0x00000007a5560000, 0x00000007a5560000)
  from space 21824K,  37% used [0x00000007a6ab0000, 0x00000007a72b54a0, 0x00000007a8000000)
  to   space 21824K,   0% used [0x00000007a5560000, 0x00000007a5560000, 0x00000007a6ab0000)
 concurrent mark-sweep generation total 393216K, used 121602K [0x00000007a8000000, 0x00000007c0000000, 0x00000007c0000000)
 Metaspace       used 36699K, capacity 37716K, committed 37988K, reserved 1083392K
  class space    used 4367K, capacity 4655K, committed 4708K, reserved 1048576K
2018-04-03T13:40:13.131+0700: 53.394: [GC (Allocation Failure) 2018-04-03T13:40:13.131+0700: 53.394: [ParNew
Desired survivor size 20112992 bytes, new threshold 8 (max 8)
- age   1:     121968 bytes,     121968 total
- age   2:    3704488 bytes,    3826456 total
- age   3:     170096 bytes,    3996552 total
- age   4:     203368 bytes,    4199920 total
- age   5:     202560 bytes,    4402480 total
- age   6:     202680 bytes,    4605160 total
- age   7:    3405592 bytes,    8010752 total
- age   8:     240000 bytes,    8250752 total
: 95637K->8114K(109248K), 0.0073920 secs] 217239K->129914K(502464K), 0.0074988 secs] [Times: user=0.02 sys=0.01, real=0.00 secs] 
Heap after GC invocations=318 (full 1):
 par new generation   total 109248K, used 8114K [0x00000007a0000000, 0x00000007a8000000, 0x00000007a8000000)
  eden space 87424K,   0% used [0x00000007a0000000, 0x00000007a0000000, 0x00000007a5560000)
  from space 21824K,  37% used [0x00000007a5560000, 0x00000007a5d4c9d0, 0x00000007a6ab0000)
  to   space 21824K,   0% used [0x00000007a6ab0000, 0x00000007a6ab0000, 0x00000007a8000000)
 concurrent mark-sweep generation total 393216K, used 121799K [0x00000007a8000000, 0x00000007c0000000, 0x00000007c0000000)
 Metaspace       used 36699K, capacity 37716K, committed 37988K, reserved 1083392K
  class space    used 4367K, capacity 4655K, committed 4708K, reserved 1048576K
}
2018-04-03T13:40:13.139+0700: 53.402: Total time for which application threads were stopped: 0.0077671 seconds, Stopping threads took: 0.0000235 seconds
{Heap before GC invocations=318 (full 1):
 par new generation   total 109248K, used 95538K [0x00000007a0000000, 0x00000007a8000000, 0x00000007a8000000)
  eden space 87424K, 100% used [0x00000007a0000000, 0x00000007a5560000, 0x00000007a5560000)
  from space 21824K,  37% used [0x00000007a5560000, 0x00000007a5d4c9d0, 0x00000007a6ab0000)
  to   space 21824K,   0% used [0x00000007a6ab0000, 0x00000007a6ab0000, 0x00000007a8000000)
 concurrent mark-sweep generation total 393216K, used 121799K [0x00000007a8000000, 0x00000007c0000000, 0x00000007c0000000)
 Metaspace       used 36699K, capacity 37716K, committed 37988K, reserved 1083392K
  class space    used 4367K, capacity 4655K, committed 4708K, reserved 1048576K
2018-04-03T13:40:13.735+0700: 53.998: [GC (Allocation Failure) 2018-04-03T13:40:13.736+0700: 53.998: [ParNew
Desired survivor size 20112992 bytes, new threshold 8 (max 8)
- age   1:       4168 bytes,       4168 total
- age   2:      77000 bytes,      81168 total
- age   3:    3704488 bytes,    3785656 total
- age   4:     170096 bytes,    3955752 total
- age   5:     203368 bytes,    4159120 total
- age   6:     202560 bytes,    4361680 total
- age   7:     202680 bytes,    4564360 total
- age   8:    3405592 bytes,    7969952 total
: 95538K->7819K(109248K), 0.0131880 secs] 217338K->129853K(502464K), 0.0133086 secs] [Times: user=0.01 sys=0.00, real=0.01 secs] 
Heap after GC invocations=319 (full 1):
 par new generation   total 109248K, used 7819K [0x00000007a0000000, 0x00000007a8000000, 0x00000007a8000000)
  eden space 87424K,   0% used [0x00000007a0000000, 0x00000007a0000000, 0x00000007a5560000)
  from space 21824K,  35% used [0x00000007a6ab0000, 0x00000007a7252c40, 0x00000007a8000000)
  to   space 21824K,   0% used [0x00000007a5560000, 0x00000007a5560000, 0x00000007a6ab0000)
 concurrent mark-sweep generation total 393216K, used 122034K [0x00000007a8000000, 0x00000007c0000000, 0x00000007c0000000)
 Metaspace       used 36699K, capacity 37716K, committed 37988K, reserved 1083392K
  class space    used 4367K, capacity 4655K, committed 4708K, reserved 1048576K
}
2018-04-03T13:40:13.749+0700: 54.012: Total time for which application threads were stopped: 0.0135692 seconds, Stopping threads took: 0.0000422 seconds
2018-04-03T13:40:14.054+0700: 54.317: Total time for which application threads were stopped: 0.0007978 seconds, Stopping threads took: 0.0001035 seconds
2018-04-03T13:40:14.062+0700: 54.325: Total time for which application threads were stopped: 0.0006180 seconds, Stopping threads took: 0.0000888 seconds
2018-04-03T13:40:14.493+0700: 54.756: Total time for which application threads were stopped: 0.0002179 seconds, Stopping threads took: 0.0000548 seconds
{Heap before GC invocations=319 (full 1):
 par new generation   total 109248K, used 95243K [0x00000007a0000000, 0x00000007a8000000, 0x00000007a8000000)
  eden space 87424K, 100% used [0x00000007a0000000, 0x00000007a5560000, 0x00000007a5560000)
  from space 21824K,  35% used [0x00000007a6ab0000, 0x00000007a7252c40, 0x00000007a8000000)
  to   space 21824K,   0% used [0x00000007a5560000, 0x00000007a5560000, 0x00000007a6ab0000)
 concurrent mark-sweep generation total 393216K, used 122034K [0x00000007a8000000, 0x00000007c0000000, 0x00000007c0000000)
 Metaspace       used 37163K, capacity 38190K, committed 38372K, reserved 1083392K
  class space    used 4418K, capacity 4730K, committed 4836K, reserved 1048576K
2018-04-03T13:40:15.081+0700: 55.344: [GC (Allocation Failure) 2018-04-03T13:40:15.081+0700: 55.344: [ParNew
Desired survivor size 20112992 bytes, new threshold 8 (max 8)
- age   1:    3594544 bytes,    3594544 total
- age   3:      77000 bytes,    3671544 total
- age   4:    3704488 bytes,    7376032 total
- age   5:     170096 bytes,    7546128 total
- age   6:     203368 bytes,    7749496 total
- age   7:     202560 bytes,    7952056 total
- age   8:     202680 bytes,    8154736 total
: 95243K->8311K(109248K), 0.0274751 secs] 217277K->133671K(502464K), 0.0275872 secs] [Times: user=0.02 sys=0.01, real=0.02 secs] 
Heap after GC invocations=320 (full 1):
 par new generation   total 109248K, used 8311K [0x00000007a0000000, 0x00000007a8000000, 0x00000007a8000000)
  eden space 87424K,   0% used [0x00000007a0000000, 0x00000007a0000000, 0x00000007a5560000)
  from space 21824K,  38% used [0x00000007a5560000, 0x00000007a5d7de50, 0x00000007a6ab0000)
  to   space 21824K,   0% used [0x00000007a6ab0000, 0x00000007a6ab0000, 0x00000007a8000000)
 concurrent mark-sweep generation total 393216K, used 125360K [0x00000007a8000000, 0x00000007c0000000, 0x00000007c0000000)
 Metaspace       used 37163K, capacity 38190K, committed 38372K, reserved 1083392K
  class space    used 4418K, capacity 4730K, committed 4836K, reserved 1048576K
}
2018-04-03T13:40:15.109+0700: 55.372: Total time for which application threads were stopped: 0.0278927 seconds, Stopping threads took: 0.0000218 seconds
2018-04-03T13:40:15.468+0700: 55.731: Total time for which application threads were stopped: 0.0001978 seconds, Stopping threads took: 0.0000901 seconds
2018-04-03T13:40:15.468+0700: 55.731: Total time for which application threads were stopped: 0.0001151 seconds, Stopping threads took: 0.0000610 seconds
2018-04-03T13:40:15.468+0700: 55.731: Total time for which application threads were stopped: 0.0001567 seconds, Stopping threads took: 0.0001055 seconds
2018-04-03T13:40:15.468+0700: 55.731: Total time for which application threads were stopped: 0.0001002 seconds, Stopping threads took: 0.0000369 seconds
2018-04-03T13:40:15.469+0700: 55.732: Total time for which application threads were stopped: 0.0001654 seconds, Stopping threads took: 0.0001038 seconds
2018-04-03T13:40:15.470+0700: 55.732: Total time for which application threads were stopped: 0.0001244 seconds, Stopping threads took: 0.0000745 seconds
2018-04-03T13:40:15.470+0700: 55.733: Total time for which application threads were stopped: 0.0001451 seconds, Stopping threads took: 0.0000773 seconds
2018-04-03T13:40:15.470+0700: 55.733: Total time for which application threads were stopped: 0.0001271 seconds, Stopping threads took: 0.0000739 seconds
2018-04-03T13:40:15.470+0700: 55.733: Total time for which application threads were stopped: 0.0002916 seconds, Stopping threads took: 0.0002252 seconds
2018-04-03T13:40:15.471+0700: 55.734: Total time for which application threads were stopped: 0.0002462 seconds, Stopping threads took: 0.0001765 seconds
2018-04-03T13:40:15.471+0700: 55.734: Total time for which application threads were stopped: 0.0001240 seconds, Stopping threads took: 0.0000598 seconds
2018-04-03T13:40:15.471+0700: 55.734: Total time for which application threads were stopped: 0.0002886 seconds, Stopping threads took: 0.0002218 seconds
2018-04-03T13:40:15.471+0700: 55.734: Total time for which application threads were stopped: 0.0001283 seconds, Stopping threads took: 0.0000796 seconds
2018-04-03T13:40:15.472+0700: 55.735: Total time for which application threads were stopped: 0.0002334 seconds, Stopping threads took: 0.0001678 seconds
2018-04-03T13:40:15.472+0700: 55.735: Total time for which application threads were stopped: 0.0001169 seconds, Stopping threads took: 0.0000570 seconds
2018-04-03T13:40:15.472+0700: 55.735: Total time for which application threads were stopped: 0.0001816 seconds, Stopping threads took: 0.0001205 seconds
2018-04-03T13:40:15.472+0700: 55.735: Total time for which application threads were stopped: 0.0000932 seconds, Stopping threads took: 0.0000298 seconds
2018-04-03T13:40:15.473+0700: 55.735: Total time for which application threads were stopped: 0.0003339 seconds, Stopping threads took: 0.0002690 seconds
2018-04-03T13:40:15.473+0700: 55.736: Total time for which application threads were stopped: 0.0001227 seconds, Stopping threads took: 0.0000757 seconds
2018-04-03T13:40:15.473+0700: 55.736: Total time for which application threads were stopped: 0.0002507 seconds, Stopping threads took: 0.0001835 seconds
2018-04-03T13:40:15.473+0700: 55.736: Total time for which application threads were stopped: 0.0001445 seconds, Stopping threads took: 0.0000807 seconds
2018-04-03T13:40:15.474+0700: 55.736: Total time for which application threads were stopped: 0.0001767 seconds, Stopping threads took: 0.0001286 seconds
2018-04-03T13:40:15.474+0700: 55.737: Total time for which application threads were stopped: 0.0001279 seconds, Stopping threads took: 0.0000754 seconds
2018-04-03T13:40:15.479+0700: 55.741: Total time for which application threads were stopped: 0.0017912 seconds, Stopping threads took: 0.0016927 seconds
2018-04-03T13:40:15.494+0700: 55.757: Total time for which application threads were stopped: 0.0005796 seconds, Stopping threads took: 0.0004623 seconds
2018-04-03T13:40:15.511+0700: 55.773: Total time for which application threads were stopped: 0.0005218 seconds, Stopping threads took: 0.0004013 seconds
2018-04-03T13:40:15.514+0700: 55.777: Total time for which application threads were stopped: 0.0009178 seconds, Stopping threads took: 0.0008222 seconds
2018-04-03T13:40:15.516+0700: 55.779: Total time for which application threads were stopped: 0.0001943 seconds, Stopping threads took: 0.0001093 seconds
2018-04-03T13:40:15.518+0700: 55.781: Total time for which application threads were stopped: 0.0002387 seconds, Stopping threads took: 0.0001545 seconds
2018-04-03T13:40:15.520+0700: 55.783: Total time for which application threads were stopped: 0.0003119 seconds, Stopping threads took: 0.0001378 seconds
{Heap before GC invocations=320 (full 1):
 par new generation   total 109248K, used 95735K [0x00000007a0000000, 0x00000007a8000000, 0x00000007a8000000)
  eden space 87424K, 100% used [0x00000007a0000000, 0x00000007a5560000, 0x00000007a5560000)
  from space 21824K,  38% used [0x00000007a5560000, 0x00000007a5d7de50, 0x00000007a6ab0000)
  to   space 21824K,   0% used [0x00000007a6ab0000, 0x00000007a6ab0000, 0x00000007a8000000)
 concurrent mark-sweep generation total 393216K, used 125360K [0x00000007a8000000, 0x00000007c0000000, 0x00000007c0000000)
 Metaspace       used 37491K, capacity 38550K, committed 38884K, reserved 1083392K
  class space    used 4449K, capacity 4764K, committed 4836K, reserved 1048576K
2018-04-03T13:40:15.523+0700: 55.786: [GC (Allocation Failure) 2018-04-03T13:40:15.523+0700: 55.786: [ParNew
Desired survivor size 20112992 bytes, new threshold 8 (max 8)
- age   1:    3602680 bytes,    3602680 total
- age   2:     277688 bytes,    3880368 total
- age   4:      77000 bytes,    3957368 total
- age   5:    3704488 bytes,    7661856 total
- age   6:     170096 bytes,    7831952 total
- age   7:     203368 bytes,    8035320 total
- age   8:     202560 bytes,    8237880 total
: 95735K->10138K(109248K), 0.0064671 secs] 221095K->135696K(502464K), 0.0065825 secs] [Times: user=0.03 sys=0.00, real=0.01 secs] 
Heap after GC invocations=321 (full 1):
 par new generation   total 109248K, used 10138K [0x00000007a0000000, 0x00000007a8000000, 0x00000007a8000000)
  eden space 87424K,   0% used [0x00000007a0000000, 0x00000007a0000000, 0x00000007a5560000)
  from space 21824K,  46% used [0x00000007a6ab0000, 0x00000007a74969b0, 0x00000007a8000000)
  to   space 21824K,   0% used [0x00000007a5560000, 0x00000007a5560000, 0x00000007a6ab0000)
 concurrent mark-sweep generation total 393216K, used 125558K [0x00000007a8000000, 0x00000007c0000000, 0x00000007c0000000)
 Metaspace       used 37491K, capacity 38550K, committed 38884K, reserved 1083392K
  class space    used 4449K, capacity 4764K, committed 4836K, reserved 1048576K
}
2018-04-03T13:40:15.530+0700: 55.793: Total time for which application threads were stopped: 0.0068686 seconds, Stopping threads took: 0.0000765 seconds
2018-04-03T13:40:15.557+0700: 55.820: Total time for which application threads were stopped: 0.0001881 seconds, Stopping threads took: 0.0000895 seconds
2018-04-03T13:40:15.557+0700: 55.820: Total time for which application threads were stopped: 0.0001386 seconds, Stopping threads took: 0.0000636 seconds
2018-04-03T13:40:15.557+0700: 55.820: Total time for which application threads were stopped: 0.0001533 seconds, Stopping threads took: 0.0000717 seconds
2018-04-03T13:40:15.558+0700: 55.821: Total time for which application threads were stopped: 0.0001615 seconds, Stopping threads took: 0.0000704 seconds
2018-04-03T13:40:15.565+0700: 55.828: Total time for which application threads were stopped: 0.0001511 seconds, Stopping threads took: 0.0000794 seconds
2018-04-03T13:40:15.566+0700: 55.829: Total time for which application threads were stopped: 0.0004709 seconds, Stopping threads took: 0.0003923 seconds
2018-04-03T13:40:15.566+0700: 55.829: Total time for which application threads were stopped: 0.0001333 seconds, Stopping threads took: 0.0000644 seconds
2018-04-03T13:40:15.566+0700: 55.829: Total time for which application threads were stopped: 0.0001077 seconds, Stopping threads took: 0.0000534 seconds
2018-04-03T13:40:15.567+0700: 55.830: Total time for which application threads were stopped: 0.0001145 seconds, Stopping threads took: 0.0000726 seconds
2018-04-03T13:40:15.567+0700: 55.830: Total time for which application threads were stopped: 0.0001200 seconds, Stopping threads took: 0.0000575 seconds
2018-04-03T13:40:15.567+0700: 55.830: Total time for which application threads were stopped: 0.0001188 seconds, Stopping threads took: 0.0000562 seconds
2018-04-03T13:40:15.567+0700: 55.830: Total time for which application threads were stopped: 0.0001284 seconds, Stopping threads took: 0.0000663 seconds
2018-04-03T13:40:15.572+0700: 55.835: Total time for which application threads were stopped: 0.0001556 seconds, Stopping threads took: 0.0000862 seconds
2018-04-03T13:40:15.573+0700: 55.835: Total time for which application threads were stopped: 0.0001601 seconds, Stopping threads took: 0.0000792 seconds
2018-04-03T13:40:15.573+0700: 55.836: Total time for which application threads were stopped: 0.0001394 seconds, Stopping threads took: 0.0000706 seconds
2018-04-03T13:40:15.573+0700: 55.836: Total time for which application threads were stopped: 0.0001089 seconds, Stopping threads took: 0.0000675 seconds
2018-04-03T13:40:15.573+0700: 55.836: Total time for which application threads were stopped: 0.0001470 seconds, Stopping threads took: 0.0000770 seconds
2018-04-03T13:40:15.574+0700: 55.836: Total time for which application threads were stopped: 0.0001125 seconds, Stopping threads took: 0.0000657 seconds
2018-04-03T13:40:15.574+0700: 55.837: Total time for which application threads were stopped: 0.0001024 seconds, Stopping threads took: 0.0000608 seconds
2018-04-03T13:40:15.574+0700: 55.837: Total time for which application threads were stopped: 0.0001096 seconds, Stopping threads took: 0.0000610 seconds
{Heap before GC invocations=321 (full 1):
 par new generation   total 109248K, used 97562K [0x00000007a0000000, 0x00000007a8000000, 0x00000007a8000000)
  eden space 87424K, 100% used [0x00000007a0000000, 0x00000007a5560000, 0x00000007a5560000)
  from space 21824K,  46% used [0x00000007a6ab0000, 0x00000007a74969b0, 0x00000007a8000000)
  to   space 21824K,   0% used [0x00000007a5560000, 0x00000007a5560000, 0x00000007a6ab0000)
 concurrent mark-sweep generation total 393216K, used 125558K [0x00000007a8000000, 0x00000007c0000000, 0x00000007c0000000)
 Metaspace       used 37508K, capacity 38620K, committed 38884K, reserved 1083392K
  class space    used 4449K, capacity 4765K, committed 4836K, reserved 1048576K
2018-04-03T13:40:15.986+0700: 56.249: [GC (Allocation Failure) 2018-04-03T13:40:15.986+0700: 56.249: [ParNew
Desired survivor size 20112992 bytes, new threshold 8 (max 8)
- age   1:     259168 bytes,     259168 total
- age   2:    3346608 bytes,    3605776 total
- age   3:     277296 bytes,    3883072 total
- age   5:      76864 bytes,    3959936 total
- age   6:    3704488 bytes,    7664424 total
- age   7:     170096 bytes,    7834520 total
- age   8:     203368 bytes,    8037888 total
: 97562K->10457K(109248K), 0.0065660 secs] 223120K->136212K(502464K), 0.0066714 secs] [Times: user=0.02 sys=0.00, real=0.01 secs] 
Heap after GC invocations=322 (full 1):
 par new generation   total 109248K, used 10457K [0x00000007a0000000, 0x00000007a8000000, 0x00000007a8000000)
  eden space 87424K,   0% used [0x00000007a0000000, 0x00000007a0000000, 0x00000007a5560000)
  from space 21824K,  47% used [0x00000007a5560000, 0x00000007a5f96410, 0x00000007a6ab0000)
  to   space 21824K,   0% used [0x00000007a6ab0000, 0x00000007a6ab0000, 0x00000007a8000000)
 concurrent mark-sweep generation total 393216K, used 125755K [0x00000007a8000000, 0x00000007c0000000, 0x00000007c0000000)
 Metaspace       used 37508K, capacity 38620K, committed 38884K, reserved 1083392K
  class space    used 4449K, capacity 4765K, committed 4836K, reserved 1048576K
}
2018-04-03T13:40:15.993+0700: 56.256: Total time for which application threads were stopped: 0.0069074 seconds, Stopping threads took: 0.0000218 seconds
{Heap before GC invocations=322 (full 1):
 par new generation   total 109248K, used 97881K [0x00000007a0000000, 0x00000007a8000000, 0x00000007a8000000)
  eden space 87424K, 100% used [0x00000007a0000000, 0x00000007a5560000, 0x00000007a5560000)
  from space 21824K,  47% used [0x00000007a5560000, 0x00000007a5f96410, 0x00000007a6ab0000)
  to   space 21824K,   0% used [0x00000007a6ab0000, 0x00000007a6ab0000, 0x00000007a8000000)
 concurrent mark-sweep generation total 393216K, used 125755K [0x00000007a8000000, 0x00000007c0000000, 0x00000007c0000000)
 Metaspace       used 37508K, capacity 38620K, committed 38884K, reserved 1083392K
  class space    used 4449K, capacity 4765K, committed 4836K, reserved 1048576K
2018-04-03T13:40:16.389+0700: 56.652: [GC (Allocation Failure) 2018-04-03T13:40:16.390+0700: 56.652: [ParNew
Desired survivor size 20112992 bytes, new threshold 8 (max 8)
- age   1:      44424 bytes,      44424 total
- age   2:     251360 bytes,     295784 total
- age   3:    3346608 bytes,    3642392 total
- age   4:     277296 bytes,    3919688 total
- age   6:      76864 bytes,    3996552 total
- age   7:    3704488 bytes,    7701040 total
- age   8:     170096 bytes,    7871136 total
: 97881K->9398K(109248K), 0.0062931 secs] 223636K->135352K(502464K), 0.0063797 secs] [Times: user=0.02 sys=0.00, real=0.01 secs] 
Heap after GC invocations=323 (full 1):
 par new generation   total 109248K, used 9398K [0x00000007a0000000, 0x00000007a8000000, 0x00000007a8000000)
  eden space 87424K,   0% used [0x00000007a0000000, 0x00000007a0000000, 0x00000007a5560000)
  from space 21824K,  43% used [0x00000007a6ab0000, 0x00000007a73dd820, 0x00000007a8000000)
  to   space 21824K,   0% used [0x00000007a5560000, 0x00000007a5560000, 0x00000007a6ab0000)
 concurrent mark-sweep generation total 393216K, used 125954K [0x00000007a8000000, 0x00000007c0000000, 0x00000007c0000000)
 Metaspace       used 37508K, capacity 38620K, committed 38884K, reserved 1083392K
  class space    used 4449K, capacity 4765K, committed 4836K, reserved 1048576K
}
2018-04-03T13:40:16.396+0700: 56.659: Total time for which application threads were stopped: 0.0065690 seconds, Stopping threads took: 0.0000211 seconds
{Heap before GC invocations=323 (full 1):
 par new generation   total 109248K, used 96822K [0x00000007a0000000, 0x00000007a8000000, 0x00000007a8000000)
  eden space 87424K, 100% used [0x00000007a0000000, 0x00000007a5560000, 0x00000007a5560000)
  from space 21824K,  43% used [0x00000007a6ab0000, 0x00000007a73dd820, 0x00000007a8000000)
  to   space 21824K,   0% used [0x00000007a5560000, 0x00000007a5560000, 0x00000007a6ab0000)
 concurrent mark-sweep generation total 393216K, used 125954K [0x00000007a8000000, 0x00000007c0000000, 0x00000007c0000000)
 Metaspace       used 37508K, capacity 38620K, committed 38884K, reserved 1083392K
  class space    used 4449K, capacity 4765K, committed 4836K, reserved 1048576K
2018-04-03T13:40:17.348+0700: 57.611: [GC (Allocation Failure) 2018-04-03T13:40:17.349+0700: 57.611: [ParNew
Desired survivor size 20112992 bytes, new threshold 8 (max 8)
- age   1:     375760 bytes,     375760 total
- age   2:        168 bytes,     375928 total
- age   3:     251216 bytes,     627144 total
- age   4:    3346608 bytes,    3973752 total
- age   5:     277296 bytes,    4251048 total
- age   7:       5816 bytes,    4256864 total
- age   8:    3704488 bytes,    7961352 total
: 96822K->9404K(109248K), 0.0064933 secs] 222776K->135525K(502464K), 0.0067624 secs] [Times: user=0.02 sys=0.01, real=0.01 secs] 
Heap after GC invocations=324 (full 1):
 par new generation   total 109248K, used 9404K [0x00000007a0000000, 0x00000007a8000000, 0x00000007a8000000)
  eden space 87424K,   0% used [0x00000007a0000000, 0x00000007a0000000, 0x00000007a5560000)
  from space 21824K,  43% used [0x00000007a5560000, 0x00000007a5e8f220, 0x00000007a6ab0000)
  to   space 21824K,   0% used [0x00000007a6ab0000, 0x00000007a6ab0000, 0x00000007a8000000)
 concurrent mark-sweep generation total 393216K, used 126120K [0x00000007a8000000, 0x00000007c0000000, 0x00000007c0000000)
 Metaspace       used 37508K, capacity 38620K, committed 38884K, reserved 1083392K
  class space    used 4449K, capacity 4765K, committed 4836K, reserved 1048576K
}
2018-04-03T13:40:17.355+0700: 57.618: Total time for which application threads were stopped: 0.0070279 seconds, Stopping threads took: 0.0000440 seconds
{Heap before GC invocations=324 (full 1):
 par new generation   total 109248K, used 96828K [0x00000007a0000000, 0x00000007a8000000, 0x00000007a8000000)
  eden space 87424K, 100% used [0x00000007a0000000, 0x00000007a5560000, 0x00000007a5560000)
  from space 21824K,  43% used [0x00000007a5560000, 0x00000007a5e8f220, 0x00000007a6ab0000)
  to   space 21824K,   0% used [0x00000007a6ab0000, 0x00000007a6ab0000, 0x00000007a8000000)
 concurrent mark-sweep generation total 393216K, used 126120K [0x00000007a8000000, 0x00000007c0000000, 0x00000007c0000000)
 Metaspace       used 37508K, capacity 38620K, committed 38884K, reserved 1083392K
  class space    used 4449K, capacity 4765K, committed 4836K, reserved 1048576K
2018-04-03T13:40:17.569+0700: 57.831: [GC (Allocation Failure) 2018-04-03T13:40:17.569+0700: 57.831: [ParNew
Desired survivor size 20112992 bytes, new threshold 8 (max 8)
- age   1:     109600 bytes,     109600 total
- age   2:      49904 bytes,     159504 total
- age   3:        168 bytes,     159672 total
- age   4:     251216 bytes,     410888 total
- age   5:    3346608 bytes,    3757496 total
- age   6:     277296 bytes,    4034792 total
- age   8:       5816 bytes,    4040608 total
: 96828K->5010K(109248K), 0.0114397 secs] 222949K->134749K(502464K), 0.0115545 secs] [Times: user=0.01 sys=0.01, real=0.02 secs] 
Heap after GC invocations=325 (full 1):
 par new generation   total 109248K, used 5010K [0x00000007a0000000, 0x00000007a8000000, 0x00000007a8000000)
  eden space 87424K,   0% used [0x00000007a0000000, 0x00000007a0000000, 0x00000007a5560000)
  from space 21824K,  22% used [0x00000007a6ab0000, 0x00000007a6f94bc0, 0x00000007a8000000)
  to   space 21824K,   0% used [0x00000007a5560000, 0x00000007a5560000, 0x00000007a6ab0000)
 concurrent mark-sweep generation total 393216K, used 129738K [0x00000007a8000000, 0x00000007c0000000, 0x00000007c0000000)
 Metaspace       used 37508K, capacity 38620K, committed 38884K, reserved 1083392K
  class space    used 4449K, capacity 4765K, committed 4836K, reserved 1048576K
}
2018-04-03T13:40:17.580+0700: 57.843: Total time for which application threads were stopped: 0.0118397 seconds, Stopping threads took: 0.0000464 seconds
{Heap before GC invocations=325 (full 1):
 par new generation   total 109248K, used 92434K [0x00000007a0000000, 0x00000007a8000000, 0x00000007a8000000)
  eden space 87424K, 100% used [0x00000007a0000000, 0x00000007a5560000, 0x00000007a5560000)
  from space 21824K,  22% used [0x00000007a6ab0000, 0x00000007a6f94bc0, 0x00000007a8000000)
  to   space 21824K,   0% used [0x00000007a5560000, 0x00000007a5560000, 0x00000007a6ab0000)
 concurrent mark-sweep generation total 393216K, used 129738K [0x00000007a8000000, 0x00000007c0000000, 0x00000007c0000000)
 Metaspace       used 37508K, capacity 38620K, committed 38884K, reserved 1083392K
  class space    used 4449K, capacity 4765K, committed 4836K, reserved 1048576K
2018-04-03T13:40:18.033+0700: 58.296: [GC (Allocation Failure) 2018-04-03T13:40:18.033+0700: 58.296: [ParNew
Desired survivor size 20112992 bytes, new threshold 8 (max 8)
- age   1:     515304 bytes,     515304 total
- age   3:       1104 bytes,     516408 total
- age   4:        168 bytes,     516576 total
- age   5:     251144 bytes,     767720 total
- age   6:    3346608 bytes,    4114328 total
- age   7:     277296 bytes,    4391624 total
: 92434K->7171K(109248K), 0.0060682 secs] 222173K->136915K(502464K), 0.0061765 secs] [Times: user=0.01 sys=0.00, real=0.01 secs] 
Heap after GC invocations=326 (full 1):
 par new generation   total 109248K, used 7171K [0x00000007a0000000, 0x00000007a8000000, 0x00000007a8000000)
  eden space 87424K,   0% used [0x00000007a0000000, 0x00000007a0000000, 0x00000007a5560000)
  from space 21824K,  32% used [0x00000007a5560000, 0x00000007a5c60ec0, 0x00000007a6ab0000)
  to   space 21824K,   0% used [0x00000007a6ab0000, 0x00000007a6ab0000, 0x00000007a8000000)
 concurrent mark-sweep generation total 393216K, used 129743K [0x00000007a8000000, 0x00000007c0000000, 0x00000007c0000000)
 Metaspace       used 37508K, capacity 38620K, committed 38884K, reserved 1083392K
  class space    used 4449K, capacity 4765K, committed 4836K, reserved 1048576K
}
2018-04-03T13:40:18.040+0700: 58.303: Total time for which application threads were stopped: 0.0064139 seconds, Stopping threads took: 0.0000219 seconds
{Heap before GC invocations=326 (full 1):
 par new generation   total 109248K, used 94595K [0x00000007a0000000, 0x00000007a8000000, 0x00000007a8000000)
  eden space 87424K, 100% used [0x00000007a0000000, 0x00000007a5560000, 0x00000007a5560000)
  from space 21824K,  32% used [0x00000007a5560000, 0x00000007a5c60ec0, 0x00000007a6ab0000)
  to   space 21824K,   0% used [0x00000007a6ab0000, 0x00000007a6ab0000, 0x00000007a8000000)
 concurrent mark-sweep generation total 393216K, used 129743K [0x00000007a8000000, 0x00000007c0000000, 0x00000007c0000000)
 Metaspace       used 37508K, capacity 38620K, committed 38884K, reserved 1083392K
  class space    used 4449K, capacity 4765K, committed 4836K, reserved 1048576K
2018-04-03T13:40:18.090+0700: 58.353: [GC (Allocation Failure) 2018-04-03T13:40:18.090+0700: 58.353: [ParNew
Desired survivor size 20112992 bytes, new threshold 8 (max 8)
- age   1:     442984 bytes,     442984 total
- age   2:     372888 bytes,     815872 total
- age   4:       1104 bytes,     816976 total
- age   5:        168 bytes,     817144 total
- age   6:     251144 bytes,    1068288 total
- age   7:    3346608 bytes,    4414896 total
- age   8:     277296 bytes,    4692192 total
: 94595K->5413K(109248K), 0.0072175 secs] 224339K->135157K(502464K), 0.0073351 secs] [Times: user=0.02 sys=0.00, real=0.00 secs] 
Heap after GC invocations=327 (full 1):
 par new generation   total 109248K, used 5413K [0x00000007a0000000, 0x00000007a8000000, 0x00000007a8000000)
  eden space 87424K,   0% used [0x00000007a0000000, 0x00000007a0000000, 0x00000007a5560000)
  from space 21824K,  24% used [0x00000007a6ab0000, 0x00000007a6ff96e0, 0x00000007a8000000)
  to   space 21824K,   0% used [0x00000007a5560000, 0x00000007a5560000, 0x00000007a6ab0000)
 concurrent mark-sweep generation total 393216K, used 129743K [0x00000007a8000000, 0x00000007c0000000, 0x00000007c0000000)
 Metaspace       used 37508K, capacity 38620K, committed 38884K, reserved 1083392K
  class space    used 4449K, capacity 4765K, committed 4836K, reserved 1048576K
}
2018-04-03T13:40:18.097+0700: 58.360: Total time for which application threads were stopped: 0.0075803 seconds, Stopping threads took: 0.0000232 seconds
{Heap before GC invocations=327 (full 1):
 par new generation   total 109248K, used 92837K [0x00000007a0000000, 0x00000007a8000000, 0x00000007a8000000)
  eden space 87424K, 100% used [0x00000007a0000000, 0x00000007a5560000, 0x00000007a5560000)
  from space 21824K,  24% used [0x00000007a6ab0000, 0x00000007a6ff96e0, 0x00000007a8000000)
  to   space 21824K,   0% used [0x00000007a5560000, 0x00000007a5560000, 0x00000007a6ab0000)
 concurrent mark-sweep generation total 393216K, used 129743K [0x00000007a8000000, 0x00000007c0000000, 0x00000007c0000000)
 Metaspace       used 37508K, capacity 38620K, committed 38884K, reserved 1083392K
  class space    used 4449K, capacity 4765K, committed 4836K, reserved 1048576K
2018-04-03T13:40:18.144+0700: 58.406: [GC (Allocation Failure) 2018-04-03T13:40:18.144+0700: 58.407: [ParNew
Desired survivor size 20112992 bytes, new threshold 8 (max 8)
- age   1:     607600 bytes,     607600 total
- age   2:     186616 bytes,     794216 total
- age   3:     359736 bytes,    1153952 total
- age   5:       1104 bytes,    1155056 total
- age   6:        168 bytes,    1155224 total
- age   7:     251144 bytes,    1406368 total
- age   8:    3346608 bytes,    4752976 total
: 92837K->7857K(109248K), 0.0062845 secs] 222581K->137873K(502464K), 0.0063954 secs] [Times: user=0.02 sys=0.00, real=0.01 secs] 
Heap after GC invocations=328 (full 1):
 par new generation   total 109248K, used 7857K [0x00000007a0000000, 0x00000007a8000000, 0x00000007a8000000)
  eden space 87424K,   0% used [0x00000007a0000000, 0x00000007a0000000, 0x00000007a5560000)
  from space 21824K,  36% used [0x00000007a5560000, 0x00000007a5d0c6c0, 0x00000007a6ab0000)
  to   space 21824K,   0% used [0x00000007a6ab0000, 0x00000007a6ab0000, 0x00000007a8000000)
 concurrent mark-sweep generation total 393216K, used 130015K [0x00000007a8000000, 0x00000007c0000000, 0x00000007c0000000)
 Metaspace       used 37508K, capacity 38620K, committed 38884K, reserved 1083392K
  class space    used 4449K, capacity 4765K, committed 4836K, reserved 1048576K
}
2018-04-03T13:40:18.150+0700: 58.413: Total time for which application threads were stopped: 0.0066340 seconds, Stopping threads took: 0.0000213 seconds
{Heap before GC invocations=328 (full 1):
 par new generation   total 109248K, used 95281K [0x00000007a0000000, 0x00000007a8000000, 0x00000007a8000000)
  eden space 87424K, 100% used [0x00000007a0000000, 0x00000007a5560000, 0x00000007a5560000)
  from space 21824K,  36% used [0x00000007a5560000, 0x00000007a5d0c6c0, 0x00000007a6ab0000)
  to   space 21824K,   0% used [0x00000007a6ab0000, 0x00000007a6ab0000, 0x00000007a8000000)
 concurrent mark-sweep generation total 393216K, used 130015K [0x00000007a8000000, 0x00000007c0000000, 0x00000007c0000000)
 Metaspace       used 37508K, capacity 38620K, committed 38884K, reserved 1083392K
  class space    used 4449K, capacity 4765K, committed 4836K, reserved 1048576K
2018-04-03T13:40:18.198+0700: 58.460: [GC (Allocation Failure) 2018-04-03T13:40:18.198+0700: 58.460: [ParNew
Desired survivor size 20112992 bytes, new threshold 8 (max 8)
- age   1:     629136 bytes,     629136 total
- age   2:     284504 bytes,     913640 total
- age   3:     170216 bytes,    1083856 total
- age   4:     359680 bytes,    1443536 total
- age   6:       1104 bytes,    1444640 total
- age   7:        168 bytes,    1444808 total
- age   8:     251144 bytes,    1695952 total
: 95281K->3213K(109248K), 0.0131039 secs] 225297K->136540K(502464K), 0.0132180 secs] [Times: user=0.02 sys=0.00, real=0.02 secs] 
Heap after GC invocations=329 (full 1):
 par new generation   total 109248K, used 3213K [0x00000007a0000000, 0x00000007a8000000, 0x00000007a8000000)
  eden space 87424K,   0% used [0x00000007a0000000, 0x00000007a0000000, 0x00000007a5560000)
  from space 21824K,  14% used [0x00000007a6ab0000, 0x00000007a6dd3790, 0x00000007a8000000)
  to   space 21824K,   0% used [0x00000007a5560000, 0x00000007a5560000, 0x00000007a6ab0000)
 concurrent mark-sweep generation total 393216K, used 133326K [0x00000007a8000000, 0x00000007c0000000, 0x00000007c0000000)
 Metaspace       used 37508K, capacity 38620K, committed 38884K, reserved 1083392K
  class space    used 4449K, capacity 4765K, committed 4836K, reserved 1048576K
}
2018-04-03T13:40:18.211+0700: 58.474: Total time for which application threads were stopped: 0.0134605 seconds, Stopping threads took: 0.0000214 seconds
{Heap before GC invocations=329 (full 1):
 par new generation   total 109248K, used 90637K [0x00000007a0000000, 0x00000007a8000000, 0x00000007a8000000)
  eden space 87424K, 100% used [0x00000007a0000000, 0x00000007a5560000, 0x00000007a5560000)
  from space 21824K,  14% used [0x00000007a6ab0000, 0x00000007a6dd3790, 0x00000007a8000000)
  to   space 21824K,   0% used [0x00000007a5560000, 0x00000007a5560000, 0x00000007a6ab0000)
 concurrent mark-sweep generation total 393216K, used 133326K [0x00000007a8000000, 0x00000007c0000000, 0x00000007c0000000)
 Metaspace       used 37508K, capacity 38620K, committed 38884K, reserved 1083392K
  class space    used 4449K, capacity 4765K, committed 4836K, reserved 1048576K
2018-04-03T13:40:18.264+0700: 58.526: [GC (Allocation Failure) 2018-04-03T13:40:18.264+0700: 58.527: [ParNew
Desired survivor size 20112992 bytes, new threshold 8 (max 8)
- age   1:     871440 bytes,     871440 total
- age   2:     203008 bytes,    1074448 total
- age   3:     218936 bytes,    1293384 total
- age   4:     170216 bytes,    1463600 total
- age   5:     359680 bytes,    1823280 total
- age   7:       1104 bytes,    1824384 total
- age   8:        168 bytes,    1824552 total
: 90637K->2241K(109248K), 0.0062824 secs] 223964K->135816K(502464K), 0.0063845 secs] [Times: user=0.02 sys=0.00, real=0.01 secs] 
Heap after GC invocations=330 (full 1):
 par new generation   total 109248K, used 2241K [0x00000007a0000000, 0x00000007a8000000, 0x00000007a8000000)
  eden space 87424K,   0% used [0x00000007a0000000, 0x00000007a0000000, 0x00000007a5560000)
  from space 21824K,  10% used [0x00000007a5560000, 0x00000007a5790678, 0x00000007a6ab0000)
  to   space 21824K,   0% used [0x00000007a6ab0000, 0x00000007a6ab0000, 0x00000007a8000000)
 concurrent mark-sweep generation total 393216K, used 133575K [0x00000007a8000000, 0x00000007c0000000, 0x00000007c0000000)
 Metaspace       used 37508K, capacity 38620K, committed 38884K, reserved 1083392K
  class space    used 4449K, capacity 4765K, committed 4836K, reserved 1048576K
}
2018-04-03T13:40:18.270+0700: 58.533: Total time for which application threads were stopped: 0.0065967 seconds, Stopping threads took: 0.0000223 seconds
{Heap before GC invocations=330 (full 1):
 par new generation   total 109248K, used 89665K [0x00000007a0000000, 0x00000007a8000000, 0x00000007a8000000)
  eden space 87424K, 100% used [0x00000007a0000000, 0x00000007a5560000, 0x00000007a5560000)
  from space 21824K,  10% used [0x00000007a5560000, 0x00000007a5790678, 0x00000007a6ab0000)
  to   space 21824K,   0% used [0x00000007a6ab0000, 0x00000007a6ab0000, 0x00000007a8000000)
 concurrent mark-sweep generation total 393216K, used 133575K [0x00000007a8000000, 0x00000007c0000000, 0x00000007c0000000)
 Metaspace       used 37508K, capacity 38620K, committed 38884K, reserved 1083392K
  class space    used 4449K, capacity 4765K, committed 4836K, reserved 1048576K
2018-04-03T13:40:18.321+0700: 58.584: [GC (Allocation Failure) 2018-04-03T13:40:18.321+0700: 58.584: [ParNew
Desired survivor size 20112992 bytes, new threshold 8 (max 8)
- age   1:     800552 bytes,     800552 total
- age   2:     399168 bytes,    1199720 total
- age   3:     202936 bytes,    1402656 total
- age   4:     218936 bytes,    1621592 total
- age   5:     170216 bytes,    1791808 total
- age   6:     359600 bytes,    2151408 total
- age   8:       1104 bytes,    2152512 total
: 89665K->2422K(109248K), 0.0070039 secs] 223240K->135997K(502464K), 0.0070977 secs] [Times: user=0.02 sys=0.00, real=0.00 secs] 
Heap after GC invocations=331 (full 1):
 par new generation   total 109248K, used 2422K [0x00000007a0000000, 0x00000007a8000000, 0x00000007a8000000)
  eden space 87424K,   0% used [0x00000007a0000000, 0x00000007a0000000, 0x00000007a5560000)
  from space 21824K,  11% used [0x00000007a6ab0000, 0x00000007a6d0da30, 0x00000007a8000000)
  to   space 21824K,   0% used [0x00000007a5560000, 0x00000007a5560000, 0x00000007a6ab0000)
 concurrent mark-sweep generation total 393216K, used 133575K [0x00000007a8000000, 0x00000007c0000000, 0x00000007c0000000)
 Metaspace       used 37508K, capacity 38620K, committed 38884K, reserved 1083392K
  class space    used 4449K, capacity 4765K, committed 4836K, reserved 1048576K
}
2018-04-03T13:40:18.328+0700: 58.591: Total time for which application threads were stopped: 0.0073133 seconds, Stopping threads took: 0.0000236 seconds
{Heap before GC invocations=331 (full 1):
 par new generation   total 109248K, used 89846K [0x00000007a0000000, 0x00000007a8000000, 0x00000007a8000000)
  eden space 87424K, 100% used [0x00000007a0000000, 0x00000007a5560000, 0x00000007a5560000)
  from space 21824K,  11% used [0x00000007a6ab0000, 0x00000007a6d0da30, 0x00000007a8000000)
  to   space 21824K,   0% used [0x00000007a5560000, 0x00000007a5560000, 0x00000007a6ab0000)
 concurrent mark-sweep generation total 393216K, used 133575K [0x00000007a8000000, 0x00000007c0000000, 0x00000007c0000000)
 Metaspace       used 37508K, capacity 38620K, committed 38884K, reserved 1083392K
  class space    used 4449K, capacity 4765K, committed 4836K, reserved 1048576K
2018-04-03T13:40:18.374+0700: 58.637: [GC (Allocation Failure) 2018-04-03T13:40:18.374+0700: 58.637: [ParNew
Desired survivor size 20112992 bytes, new threshold 8 (max 8)
- age   1:     966384 bytes,     966384 total
- age   2:     207600 bytes,    1173984 total
- age   3:     399168 bytes,    1573152 total
- age   4:     202936 bytes,    1776088 total
- age   5:     218936 bytes,    1995024 total
- age   6:     170216 bytes,    2165240 total
- age   7:     359600 bytes,    2524840 total
: 89846K->2743K(109248K), 0.0059792 secs] 223421K->136319K(502464K), 0.0060744 secs] [Times: user=0.02 sys=0.00, real=0.01 secs] 
Heap after GC invocations=332 (full 1):
 par new generation   total 109248K, used 2743K [0x00000007a0000000, 0x00000007a8000000, 0x00000007a8000000)
  eden space 87424K,   0% used [0x00000007a0000000, 0x00000007a0000000, 0x00000007a5560000)
  from space 21824K,  12% used [0x00000007a5560000, 0x00000007a580de00, 0x00000007a6ab0000)
  to   space 21824K,   0% used [0x00000007a6ab0000, 0x00000007a6ab0000, 0x00000007a8000000)
 concurrent mark-sweep generation total 393216K, used 133576K [0x00000007a8000000, 0x00000007c0000000, 0x00000007c0000000)
 Metaspace       used 37508K, capacity 38620K, committed 38884K, reserved 1083392K
  class space    used 4449K, capacity 4765K, committed 4836K, reserved 1048576K
}
2018-04-03T13:40:18.380+0700: 58.643: Total time for which application threads were stopped: 0.0062828 seconds, Stopping threads took: 0.0000199 seconds
{Heap before GC invocations=332 (full 1):
 par new generation   total 109248K, used 90167K [0x00000007a0000000, 0x00000007a8000000, 0x00000007a8000000)
  eden space 87424K, 100% used [0x00000007a0000000, 0x00000007a5560000, 0x00000007a5560000)
  from space 21824K,  12% used [0x00000007a5560000, 0x00000007a580de00, 0x00000007a6ab0000)
  to   space 21824K,   0% used [0x00000007a6ab0000, 0x00000007a6ab0000, 0x00000007a8000000)
 concurrent mark-sweep generation total 393216K, used 133576K [0x00000007a8000000, 0x00000007c0000000, 0x00000007c0000000)
 Metaspace       used 37508K, capacity 38620K, committed 38884K, reserved 1083392K
  class space    used 4449K, capacity 4765K, committed 4836K, reserved 1048576K
2018-04-03T13:40:18.428+0700: 58.691: [GC (Allocation Failure) 2018-04-03T13:40:18.428+0700: 58.691: [ParNew
Desired survivor size 20112992 bytes, new threshold 8 (max 8)
- age   1:    1266144 bytes,    1266144 total
- age   2:     235040 bytes,    1501184 total
- age   3:     207600 bytes,    1708784 total
- age   4:     268064 bytes,    1976848 total
- age   5:     202936 bytes,    2179784 total
- age   6:     218936 bytes,    2398720 total
- age   7:     170216 bytes,    2568936 total
- age   8:     359600 bytes,    2928536 total
: 90167K->2993K(109248K), 0.0059961 secs] 223743K->136569K(502464K), 0.0060951 secs] [Times: user=0.01 sys=0.00, real=0.01 secs] 
Heap after GC invocations=333 (full 1):
 par new generation   total 109248K, used 2993K [0x00000007a0000000, 0x00000007a8000000, 0x00000007a8000000)
  eden space 87424K,   0% used [0x00000007a0000000, 0x00000007a0000000, 0x00000007a5560000)
  from space 21824K,  13% used [0x00000007a6ab0000, 0x00000007a6d9c430, 0x00000007a8000000)
  to   space 21824K,   0% used [0x00000007a5560000, 0x00000007a5560000, 0x00000007a6ab0000)
 concurrent mark-sweep generation total 393216K, used 133576K [0x00000007a8000000, 0x00000007c0000000, 0x00000007c0000000)
 Metaspace       used 37508K, capacity 38620K, committed 38884K, reserved 1083392K
  class space    used 4449K, capacity 4765K, committed 4836K, reserved 1048576K
}
2018-04-03T13:40:18.434+0700: 58.697: Total time for which application threads were stopped: 0.0063477 seconds, Stopping threads took: 0.0000209 seconds
{Heap before GC invocations=333 (full 1):
 par new generation   total 109248K, used 90417K [0x00000007a0000000, 0x00000007a8000000, 0x00000007a8000000)
  eden space 87424K, 100% used [0x00000007a0000000, 0x00000007a5560000, 0x00000007a5560000)
  from space 21824K,  13% used [0x00000007a6ab0000, 0x00000007a6d9c430, 0x00000007a8000000)
  to   space 21824K,   0% used [0x00000007a5560000, 0x00000007a5560000, 0x00000007a6ab0000)
 concurrent mark-sweep generation total 393216K, used 133576K [0x00000007a8000000, 0x00000007c0000000, 0x00000007c0000000)
 Metaspace       used 37508K, capacity 38620K, committed 38884K, reserved 1083392K
  class space    used 4449K, capacity 4765K, committed 4836K, reserved 1048576K
2018-04-03T13:40:18.483+0700: 58.745: [GC (Allocation Failure) 2018-04-03T13:40:18.483+0700: 58.746: [ParNew
Desired survivor size 20112992 bytes, new threshold 8 (max 8)
- age   1:    1072880 bytes,    1072880 total
- age   2:     497632 bytes,    1570512 total
- age   3:     235040 bytes,    1805552 total
- age   4:     207600 bytes,    2013152 total
- age   5:     268064 bytes,    2281216 total
- age   6:     202936 bytes,    2484152 total
- age   7:     218936 bytes,    2703088 total
- age   8:     170216 bytes,    2873304 total
: 90417K->2852K(109248K), 0.0060755 secs] 223993K->136780K(502464K), 0.0061943 secs] [Times: user=0.01 sys=0.00, real=0.00 secs] 
Heap after GC invocations=334 (full 1):
 par new generation   total 109248K, used 2852K [0x00000007a0000000, 0x00000007a8000000, 0x00000007a8000000)
  eden space 87424K,   0% used [0x00000007a0000000, 0x00000007a0000000, 0x00000007a5560000)
  from space 21824K,  13% used [0x00000007a5560000, 0x00000007a58292e0, 0x00000007a6ab0000)
  to   space 21824K,   0% used [0x00000007a6ab0000, 0x00000007a6ab0000, 0x00000007a8000000)
 concurrent mark-sweep generation total 393216K, used 133927K [0x00000007a8000000, 0x00000007c0000000, 0x00000007c0000000)
 Metaspace       used 37508K, capacity 38620K, committed 38884K, reserved 1083392K
  class space    used 4449K, capacity 4765K, committed 4836K, reserved 1048576K
}
2018-04-03T13:40:18.489+0700: 58.752: Total time for which application threads were stopped: 0.0064468 seconds, Stopping threads took: 0.0000225 seconds
{Heap before GC invocations=334 (full 1):
 par new generation   total 109248K, used 90276K [0x00000007a0000000, 0x00000007a8000000, 0x00000007a8000000)
  eden space 87424K, 100% used [0x00000007a0000000, 0x00000007a5560000, 0x00000007a5560000)
  from space 21824K,  13% used [0x00000007a5560000, 0x00000007a58292e0, 0x00000007a6ab0000)
  to   space 21824K,   0% used [0x00000007a6ab0000, 0x00000007a6ab0000, 0x00000007a8000000)
 concurrent mark-sweep generation total 393216K, used 133927K [0x00000007a8000000, 0x00000007c0000000, 0x00000007c0000000)
 Metaspace       used 37508K, capacity 38620K, committed 38884K, reserved 1083392K
  class space    used 4449K, capacity 4765K, committed 4836K, reserved 1048576K
2018-04-03T13:40:18.543+0700: 58.805: [GC (Allocation Failure) 2018-04-03T13:40:18.543+0700: 58.806: [ParNew
Desired survivor size 20112992 bytes, new threshold 8 (max 8)
- age   1:     948304 bytes,     948304 total
- age   2:     453024 bytes,    1401328 total
- age   3:     497384 bytes,    1898712 total
- age   4:     235040 bytes,    2133752 total
- age   5:     207600 bytes,    2341352 total
- age   6:     202512 bytes,    2543864 total
- age   7:     202936 bytes,    2746800 total
- age   8:     218936 bytes,    2965736 total
: 90276K->2967K(109248K), 0.0078447 secs] 224204K->137061K(502464K), 0.0079524 secs] [Times: user=0.01 sys=0.01, real=0.01 secs] 
Heap after GC invocations=335 (full 1):
 par new generation   total 109248K, used 2967K [0x00000007a0000000, 0x00000007a8000000, 0x00000007a8000000)
  eden space 87424K,   0% used [0x00000007a0000000, 0x00000007a0000000, 0x00000007a5560000)
  from space 21824K,  13% used [0x00000007a6ab0000, 0x00000007a6d95c90, 0x00000007a8000000)
  to   space 21824K,   0% used [0x00000007a5560000, 0x00000007a5560000, 0x00000007a6ab0000)
 concurrent mark-sweep generation total 393216K, used 134094K [0x00000007a8000000, 0x00000007c0000000, 0x00000007c0000000)
 Metaspace       used 37508K, capacity 38620K, committed 38884K, reserved 1083392K
  class space    used 4449K, capacity 4765K, committed 4836K, reserved 1048576K
}
2018-04-03T13:40:18.551+0700: 58.814: Total time for which application threads were stopped: 0.0081992 seconds, Stopping threads took: 0.0000224 seconds
{Heap before GC invocations=335 (full 1):
 par new generation   total 109248K, used 90391K [0x00000007a0000000, 0x00000007a8000000, 0x00000007a8000000)
  eden space 87424K, 100% used [0x00000007a0000000, 0x00000007a5560000, 0x00000007a5560000)
  from space 21824K,  13% used [0x00000007a6ab0000, 0x00000007a6d95c90, 0x00000007a8000000)
  to   space 21824K,   0% used [0x00000007a5560000, 0x00000007a5560000, 0x00000007a6ab0000)
 concurrent mark-sweep generation total 393216K, used 134094K [0x00000007a8000000, 0x00000007c0000000, 0x00000007c0000000)
 Metaspace       used 37508K, capacity 38620K, committed 38884K, reserved 1083392K
  class space    used 4449K, capacity 4765K, committed 4836K, reserved 1048576K
2018-04-03T13:40:18.602+0700: 58.865: [GC (Allocation Failure) 2018-04-03T13:40:18.602+0700: 58.865: [ParNew
Desired survivor size 20112992 bytes, new threshold 8 (max 8)
- age   1:     937864 bytes,     937864 total
- age   2:     300472 bytes,    1238336 total
- age   3:     453024 bytes,    1691360 total
- age   4:     497384 bytes,    2188744 total
- age   5:     235040 bytes,    2423784 total
- age   6:     207600 bytes,    2631384 total
- age   7:     202512 bytes,    2833896 total
- age   8:     202936 bytes,    3036832 total
: 90391K->2995K(109248K), 0.0076044 secs] 224485K->137303K(502464K), 0.0077217 secs] [Times: user=0.01 sys=0.00, real=0.01 secs] 
Heap after GC invocations=336 (full 1):
 par new generation   total 109248K, used 2995K [0x00000007a0000000, 0x00000007a8000000, 0x00000007a8000000)
  eden space 87424K,   0% used [0x00000007a0000000, 0x00000007a0000000, 0x00000007a5560000)
  from space 21824K,  13% used [0x00000007a5560000, 0x00000007a584cfb0, 0x00000007a6ab0000)
  to   space 21824K,   0% used [0x00000007a6ab0000, 0x00000007a6ab0000, 0x00000007a8000000)
 concurrent mark-sweep generation total 393216K, used 134307K [0x00000007a8000000, 0x00000007c0000000, 0x00000007c0000000)
 Metaspace       used 37508K, capacity 38620K, committed 38884K, reserved 1083392K
  class space    used 4449K, capacity 4765K, committed 4836K, reserved 1048576K
}
2018-04-03T13:40:18.610+0700: 58.873: Total time for which application threads were stopped: 0.0079729 seconds, Stopping threads took: 0.0000235 seconds
{Heap before GC invocations=336 (full 1):
 par new generation   total 109248K, used 90419K [0x00000007a0000000, 0x00000007a8000000, 0x00000007a8000000)
  eden space 87424K, 100% used [0x00000007a0000000, 0x00000007a5560000, 0x00000007a5560000)
  from space 21824K,  13% used [0x00000007a5560000, 0x00000007a584cfb0, 0x00000007a6ab0000)
  to   space 21824K,   0% used [0x00000007a6ab0000, 0x00000007a6ab0000, 0x00000007a8000000)
 concurrent mark-sweep generation total 393216K, used 134307K [0x00000007a8000000, 0x00000007c0000000, 0x00000007c0000000)
 Metaspace       used 37508K, capacity 38620K, committed 38884K, reserved 1083392K
  class space    used 4449K, capacity 4765K, committed 4836K, reserved 1048576K
2018-04-03T13:40:18.659+0700: 58.922: [GC (Allocation Failure) 2018-04-03T13:40:18.659+0700: 58.922: [ParNew
Desired survivor size 20112992 bytes, new threshold 8 (max 8)
- age   1:    1350320 bytes,    1350320 total
- age   2:     235032 bytes,    1585352 total
- age   3:     300472 bytes,    1885824 total
- age   4:     202768 bytes,    2088592 total
- age   5:     497384 bytes,    2585976 total
- age   6:     235040 bytes,    2821016 total
- age   7:     207600 bytes,    3028616 total
- age   8:     202512 bytes,    3231128 total
: 90419K->3235K(109248K), 0.0062597 secs] 224727K->137741K(502464K), 0.0063500 secs] [Times: user=0.01 sys=0.00, real=0.01 secs] 
Heap after GC invocations=337 (full 1):
 par new generation   total 109248K, used 3235K [0x00000007a0000000, 0x00000007a8000000, 0x00000007a8000000)
  eden space 87424K,   0% used [0x00000007a0000000, 0x00000007a0000000, 0x00000007a5560000)
  from space 21824K,  14% used [0x00000007a6ab0000, 0x00000007a6dd8e30, 0x00000007a8000000)
  to   space 21824K,   0% used [0x00000007a5560000, 0x00000007a5560000, 0x00000007a6ab0000)
 concurrent mark-sweep generation total 393216K, used 134506K [0x00000007a8000000, 0x00000007c0000000, 0x00000007c0000000)
 Metaspace       used 37508K, capacity 38620K, committed 38884K, reserved 1083392K
  class space    used 4449K, capacity 4765K, committed 4836K, reserved 1048576K
}
2018-04-03T13:40:18.666+0700: 58.929: Total time for which application threads were stopped: 0.0065366 seconds, Stopping threads took: 0.0000230 seconds
{Heap before GC invocations=337 (full 1):
 par new generation   total 109248K, used 90659K [0x00000007a0000000, 0x00000007a8000000, 0x00000007a8000000)
  eden space 87424K, 100% used [0x00000007a0000000, 0x00000007a5560000, 0x00000007a5560000)
  from space 21824K,  14% used [0x00000007a6ab0000, 0x00000007a6dd8e30, 0x00000007a8000000)
  to   space 21824K,   0% used [0x00000007a5560000, 0x00000007a5560000, 0x00000007a6ab0000)
 concurrent mark-sweep generation total 393216K, used 134506K [0x00000007a8000000, 0x00000007c0000000, 0x00000007c0000000)
 Metaspace       used 37508K, capacity 38620K, committed 38884K, reserved 1083392K
  class space    used 4449K, capacity 4765K, committed 4836K, reserved 1048576K
2018-04-03T13:40:18.709+0700: 58.972: [GC (Allocation Failure) 2018-04-03T13:40:18.709+0700: 58.972: [ParNew
Desired survivor size 20112992 bytes, new threshold 8 (max 8)
- age   1:    1020416 bytes,    1020416 total
- age   2:     521488 bytes,    1541904 total
- age   3:     234784 bytes,    1776688 total
- age   4:     300472 bytes,    2077160 total
- age   5:     202768 bytes,    2279928 total
- age   6:     497384 bytes,    2777312 total
- age   7:     235040 bytes,    3012352 total
- age   8:     207600 bytes,    3219952 total
: 90659K->3187K(109248K), 0.0062239 secs] 225165K->137891K(502464K), 0.0063588 secs] [Times: user=0.02 sys=0.00, real=0.01 secs] 
Heap after GC invocations=338 (full 1):
 par new generation   total 109248K, used 3187K [0x00000007a0000000, 0x00000007a8000000, 0x00000007a8000000)
  eden space 87424K,   0% used [0x00000007a0000000, 0x00000007a0000000, 0x00000007a5560000)
  from space 21824K,  14% used [0x00000007a5560000, 0x00000007a587cec0, 0x00000007a6ab0000)
  to   space 21824K,   0% used [0x00000007a6ab0000, 0x00000007a6ab0000, 0x00000007a8000000)
 concurrent mark-sweep generation total 393216K, used 134703K [0x00000007a8000000, 0x00000007c0000000, 0x00000007c0000000)
 Metaspace       used 37508K, capacity 38620K, committed 38884K, reserved 1083392K
  class space    used 4449K, capacity 4765K, committed 4836K, reserved 1048576K
}
2018-04-03T13:40:18.715+0700: 58.978: Total time for which application threads were stopped: 0.0066039 seconds, Stopping threads took: 0.0000239 seconds
{Heap before GC invocations=338 (full 1):
 par new generation   total 109248K, used 90611K [0x00000007a0000000, 0x00000007a8000000, 0x00000007a8000000)
  eden space 87424K, 100% used [0x00000007a0000000, 0x00000007a5560000, 0x00000007a5560000)
  from space 21824K,  14% used [0x00000007a5560000, 0x00000007a587cec0, 0x00000007a6ab0000)
  to   space 21824K,   0% used [0x00000007a6ab0000, 0x00000007a6ab0000, 0x00000007a8000000)
 concurrent mark-sweep generation total 393216K, used 134703K [0x00000007a8000000, 0x00000007c0000000, 0x00000007c0000000)
 Metaspace       used 37508K, capacity 38620K, committed 38884K, reserved 1083392K
  class space    used 4449K, capacity 4765K, committed 4836K, reserved 1048576K
2018-04-03T13:40:18.761+0700: 59.024: [GC (Allocation Failure) 2018-04-03T13:40:18.761+0700: 59.024: [ParNew
Desired survivor size 20112992 bytes, new threshold 8 (max 8)
- age   1:     263368 bytes,     263368 total
- age   2:     948912 bytes,    1212280 total
- age   3:     521304 bytes,    1733584 total
- age   4:     234784 bytes,    1968368 total
- age   5:     300472 bytes,    2268840 total
- age   6:     202768 bytes,    2471608 total
- age   7:     497384 bytes,    2968992 total
- age   8:     235040 bytes,    3204032 total
: 90611K->3292K(109248K), 0.0063336 secs] 225315K->138199K(502464K), 0.0064347 secs] [Times: user=0.01 sys=0.00, real=0.00 secs] 
Heap after GC invocations=339 (full 1):
 par new generation   total 109248K, used 3292K [0x00000007a0000000, 0x00000007a8000000, 0x00000007a8000000)
  eden space 87424K,   0% used [0x00000007a0000000, 0x00000007a0000000, 0x00000007a5560000)
  from space 21824K,  15% used [0x00000007a6ab0000, 0x00000007a6de7330, 0x00000007a8000000)
  to   space 21824K,   0% used [0x00000007a5560000, 0x00000007a5560000, 0x00000007a6ab0000)
 concurrent mark-sweep generation total 393216K, used 134906K [0x00000007a8000000, 0x00000007c0000000, 0x00000007c0000000)
 Metaspace       used 37508K, capacity 38620K, committed 38884K, reserved 1083392K
  class space    used 4449K, capacity 4765K, committed 4836K, reserved 1048576K
}
2018-04-03T13:40:18.768+0700: 59.031: Total time for which application threads were stopped: 0.0066780 seconds, Stopping threads took: 0.0000235 seconds
{Heap before GC invocations=339 (full 1):
 par new generation   total 109248K, used 90716K [0x00000007a0000000, 0x00000007a8000000, 0x00000007a8000000)
  eden space 87424K, 100% used [0x00000007a0000000, 0x00000007a5560000, 0x00000007a5560000)
  from space 21824K,  15% used [0x00000007a6ab0000, 0x00000007a6de7330, 0x00000007a8000000)
  to   space 21824K,   0% used [0x00000007a5560000, 0x00000007a5560000, 0x00000007a6ab0000)
 concurrent mark-sweep generation total 393216K, used 134906K [0x00000007a8000000, 0x00000007c0000000, 0x00000007c0000000)
 Metaspace       used 37508K, capacity 38620K, committed 38884K, reserved 1083392K
  class space    used 4449K, capacity 4765K, committed 4836K, reserved 1048576K
2018-04-03T13:40:18.818+0700: 59.081: [GC (Allocation Failure) 2018-04-03T13:40:18.818+0700: 59.081: [ParNew
Desired survivor size 20112992 bytes, new threshold 8 (max 8)
- age   1:    1711792 bytes,    1711792 total
- age   2:     169512 bytes,    1881304 total
- age   3:     169344 bytes,    2050648 total
- age   4:     521304 bytes,    2571952 total
- age   5:     234784 bytes,    2806736 total
- age   6:     333256 bytes,    3139992 total
- age   7:     235552 bytes,    3375544 total
- age   8:     235208 bytes,    3610752 total
: 90716K->3545K(109248K), 0.0063971 secs] 225623K->138681K(502464K), 0.0065021 secs] [Times: user=0.01 sys=0.00, real=0.01 secs] 
Heap after GC invocations=340 (full 1):
 par new generation   total 109248K, used 3545K [0x00000007a0000000, 0x00000007a8000000, 0x00000007a8000000)
  eden space 87424K,   0% used [0x00000007a0000000, 0x00000007a0000000, 0x00000007a5560000)
  from space 21824K,  16% used [0x00000007a5560000, 0x00000007a58d66a8, 0x00000007a6ab0000)
  to   space 21824K,   0% used [0x00000007a6ab0000, 0x00000007a6ab0000, 0x00000007a8000000)
 concurrent mark-sweep generation total 393216K, used 135136K [0x00000007a8000000, 0x00000007c0000000, 0x00000007c0000000)
 Metaspace       used 37508K, capacity 38620K, committed 38884K, reserved 1083392K
  class space    used 4449K, capacity 4765K, committed 4836K, reserved 1048576K
}
2018-04-03T13:40:18.825+0700: 59.088: Total time for which application threads were stopped: 0.0067695 seconds, Stopping threads took: 0.0000352 seconds
{Heap before GC invocations=340 (full 1):
 par new generation   total 109248K, used 90969K [0x00000007a0000000, 0x00000007a8000000, 0x00000007a8000000)
  eden space 87424K, 100% used [0x00000007a0000000, 0x00000007a5560000, 0x00000007a5560000)
  from space 21824K,  16% used [0x00000007a5560000, 0x00000007a58d66a8, 0x00000007a6ab0000)
  to   space 21824K,   0% used [0x00000007a6ab0000, 0x00000007a6ab0000, 0x00000007a8000000)
 concurrent mark-sweep generation total 393216K, used 135136K [0x00000007a8000000, 0x00000007c0000000, 0x00000007c0000000)
 Metaspace       used 37508K, capacity 38620K, committed 38884K, reserved 1083392K
  class space    used 4449K, capacity 4765K, committed 4836K, reserved 1048576K
2018-04-03T13:40:18.869+0700: 59.132: [GC (Allocation Failure) 2018-04-03T13:40:18.869+0700: 59.132: [ParNew
Desired survivor size 20112992 bytes, new threshold 8 (max 8)
- age   1:    1360736 bytes,    1360736 total
- age   2:     726888 bytes,    2087624 total
- age   3:     169512 bytes,    2257136 total
- age   4:     169344 bytes,    2426480 total
- age   5:     521304 bytes,    2947784 total
- age   6:     234784 bytes,    3182568 total
- age   7:     300472 bytes,    3483040 total
- age   8:     202768 bytes,    3685808 total
: 90969K->3649K(109248K), 0.0078935 secs] 226105K->139014K(502464K), 0.0079753 secs] [Times: user=0.02 sys=0.00, real=0.01 secs] 
Heap after GC invocations=341 (full 1):
 par new generation   total 109248K, used 3649K [0x00000007a0000000, 0x00000007a8000000, 0x00000007a8000000)
  eden space 87424K,   0% used [0x00000007a0000000, 0x00000007a0000000, 0x00000007a5560000)
  from space 21824K,  16% used [0x00000007a6ab0000, 0x00000007a6e40400, 0x00000007a8000000)
  to   space 21824K,   0% used [0x00000007a5560000, 0x00000007a5560000, 0x00000007a6ab0000)
 concurrent mark-sweep generation total 393216K, used 135365K [0x00000007a8000000, 0x00000007c0000000, 0x00000007c0000000)
 Metaspace       used 37508K, capacity 38620K, committed 38884K, reserved 1083392K
  class space    used 4449K, capacity 4765K, committed 4836K, reserved 1048576K
}
2018-04-03T13:40:18.877+0700: 59.140: Total time for which application threads were stopped: 0.0081684 seconds, Stopping threads took: 0.0000371 seconds
{Heap before GC invocations=341 (full 1):
 par new generation   total 109248K, used 91073K [0x00000007a0000000, 0x00000007a8000000, 0x00000007a8000000)
  eden space 87424K, 100% used [0x00000007a0000000, 0x00000007a5560000, 0x00000007a5560000)
  from space 21824K,  16% used [0x00000007a6ab0000, 0x00000007a6e40400, 0x00000007a8000000)
  to   space 21824K,   0% used [0x00000007a5560000, 0x00000007a5560000, 0x00000007a6ab0000)
 concurrent mark-sweep generation total 393216K, used 135365K [0x00000007a8000000, 0x00000007c0000000, 0x00000007c0000000)
 Metaspace       used 37508K, capacity 38620K, committed 38884K, reserved 1083392K
  class space    used 4449K, capacity 4765K, committed 4836K, reserved 1048576K
2018-04-03T13:40:18.920+0700: 59.183: [GC (Allocation Failure) 2018-04-03T13:40:18.920+0700: 59.183: [ParNew
Desired survivor size 20112992 bytes, new threshold 8 (max 8)
- age   1:     265024 bytes,     265024 total
- age   2:    1255208 bytes,    1520232 total
- age   3:     726320 bytes,    2246552 total
- age   4:     169512 bytes,    2416064 total
- age   5:     169344 bytes,    2585408 total
- age   6:     521304 bytes,    3106712 total
- age   7:     234784 bytes,    3341496 total
- age   8:     300472 bytes,    3641968 total
: 91073K->3650K(109248K), 0.0062462 secs] 226438K->139214K(502464K), 0.0063473 secs] [Times: user=0.02 sys=0.00, real=0.00 secs] 
Heap after GC invocations=342 (full 1):
 par new generation   total 109248K, used 3650K [0x00000007a0000000, 0x00000007a8000000, 0x00000007a8000000)
  eden space 87424K,   0% used [0x00000007a0000000, 0x00000007a0000000, 0x00000007a5560000)
  from space 21824K,  16% used [0x00000007a5560000, 0x00000007a58f0b20, 0x00000007a6ab0000)
  to   space 21824K,   0% used [0x00000007a6ab0000, 0x00000007a6ab0000, 0x00000007a8000000)
 concurrent mark-sweep generation total 393216K, used 135563K [0x00000007a8000000, 0x00000007c0000000, 0x00000007c0000000)
 Metaspace       used 37508K, capacity 38620K, committed 38884K, reserved 1083392K
  class space    used 4449K, capacity 4765K, committed 4836K, reserved 1048576K
}
2018-04-03T13:40:18.927+0700: 59.190: Total time for which application threads were stopped: 0.0065864 seconds, Stopping threads took: 0.0000239 seconds
{Heap before GC invocations=342 (full 1):
 par new generation   total 109248K, used 91074K [0x00000007a0000000, 0x00000007a8000000, 0x00000007a8000000)
  eden space 87424K, 100% used [0x00000007a0000000, 0x00000007a5560000, 0x00000007a5560000)
  from space 21824K,  16% used [0x00000007a5560000, 0x00000007a58f0b20, 0x00000007a6ab0000)
  to   space 21824K,   0% used [0x00000007a6ab0000, 0x00000007a6ab0000, 0x00000007a8000000)
 concurrent mark-sweep generation total 393216K, used 135563K [0x00000007a8000000, 0x00000007c0000000, 0x00000007c0000000)
 Metaspace       used 37508K, capacity 38620K, committed 38884K, reserved 1083392K
  class space    used 4449K, capacity 4765K, committed 4836K, reserved 1048576K
2018-04-03T13:40:18.966+0700: 59.229: [GC (Allocation Failure) 2018-04-03T13:40:18.967+0700: 59.229: [ParNew
Desired survivor size 20112992 bytes, new threshold 8 (max 8)
- age   1:    1742344 bytes,    1742344 total
- age   2:     169840 bytes,    1912184 total
- age   3:     268952 bytes,    2181136 total
- age   4:     726320 bytes,    2907456 total
- age   5:     169512 bytes,    3076968 total
- age   6:     169344 bytes,    3246312 total
- age   7:     239744 bytes,    3486056 total
- age   8:     234784 bytes,    3720840 total
: 91074K->3685K(109248K), 0.0054291 secs] 226638K->139542K(502464K), 0.0055232 secs] [Times: user=0.02 sys=0.00, real=0.01 secs] 
Heap after GC invocations=343 (full 1):
 par new generation   total 109248K, used 3685K [0x00000007a0000000, 0x00000007a8000000, 0x00000007a8000000)
  eden space 87424K,   0% used [0x00000007a0000000, 0x00000007a0000000, 0x00000007a5560000)
  from space 21824K,  16% used [0x00000007a6ab0000, 0x00000007a6e49558, 0x00000007a8000000)
  to   space 21824K,   0% used [0x00000007a5560000, 0x00000007a5560000, 0x00000007a6ab0000)
 concurrent mark-sweep generation total 393216K, used 135857K [0x00000007a8000000, 0x00000007c0000000, 0x00000007c0000000)
 Metaspace       used 37508K, capacity 38620K, committed 38884K, reserved 1083392K
  class space    used 4449K, capacity 4765K, committed 4836K, reserved 1048576K
}
2018-04-03T13:40:18.972+0700: 59.235: Total time for which application threads were stopped: 0.0057416 seconds, Stopping threads took: 0.0000212 seconds
{Heap before GC invocations=343 (full 1):
 par new generation   total 109248K, used 91109K [0x00000007a0000000, 0x00000007a8000000, 0x00000007a8000000)
  eden space 87424K, 100% used [0x00000007a0000000, 0x00000007a5560000, 0x00000007a5560000)
  from space 21824K,  16% used [0x00000007a6ab0000, 0x00000007a6e49558, 0x00000007a8000000)
  to   space 21824K,   0% used [0x00000007a5560000, 0x00000007a5560000, 0x00000007a6ab0000)
 concurrent mark-sweep generation total 393216K, used 135857K [0x00000007a8000000, 0x00000007c0000000, 0x00000007c0000000)
 Metaspace       used 37508K, capacity 38620K, committed 38884K, reserved 1083392K
  class space    used 4449K, capacity 4765K, committed 4836K, reserved 1048576K
2018-04-03T13:40:19.009+0700: 59.272: [GC (Allocation Failure) 2018-04-03T13:40:19.009+0700: 59.272: [ParNew
Desired survivor size 20112992 bytes, new threshold 8 (max 8)
- age   1:     380120 bytes,     380120 total
- age   2:    1633880 bytes,    2014000 total
- age   3:     169616 bytes,    2183616 total
- age   4:     267864 bytes,    2451480 total
- age   5:     726320 bytes,    3177800 total
- age   6:     169512 bytes,    3347312 total
- age   7:     169344 bytes,    3516656 total
- age   8:     239744 bytes,    3756400 total
: 91109K->3670K(109248K), 0.0057052 secs] 226966K->139757K(502464K), 0.0057833 secs] [Times: user=0.01 sys=0.01, real=0.01 secs] 
Heap after GC invocations=344 (full 1):
 par new generation   total 109248K, used 3670K [0x00000007a0000000, 0x00000007a8000000, 0x00000007a8000000)
  eden space 87424K,   0% used [0x00000007a0000000, 0x00000007a0000000, 0x00000007a5560000)
  from space 21824K,  16% used [0x00000007a5560000, 0x00000007a58f5b50, 0x00000007a6ab0000)
  to   space 21824K,   0% used [0x00000007a6ab0000, 0x00000007a6ab0000, 0x00000007a8000000)
 concurrent mark-sweep generation total 393216K, used 136086K [0x00000007a8000000, 0x00000007c0000000, 0x00000007c0000000)
 Metaspace       used 37508K, capacity 38620K, committed 38884K, reserved 1083392K
  class space    used 4449K, capacity 4765K, committed 4836K, reserved 1048576K
}
2018-04-03T13:40:19.015+0700: 59.278: Total time for which application threads were stopped: 0.0059897 seconds, Stopping threads took: 0.0000315 seconds
{Heap before GC invocations=344 (full 1):
 par new generation   total 109248K, used 91094K [0x00000007a0000000, 0x00000007a8000000, 0x00000007a8000000)
  eden space 87424K, 100% used [0x00000007a0000000, 0x00000007a5560000, 0x00000007a5560000)
  from space 21824K,  16% used [0x00000007a5560000, 0x00000007a58f5b50, 0x00000007a6ab0000)
  to   space 21824K,   0% used [0x00000007a6ab0000, 0x00000007a6ab0000, 0x00000007a8000000)
 concurrent mark-sweep generation total 393216K, used 136086K [0x00000007a8000000, 0x00000007c0000000, 0x00000007c0000000)
 Metaspace       used 37508K, capacity 38620K, committed 38884K, reserved 1083392K
  class space    used 4449K, capacity 4765K, committed 4836K, reserved 1048576K
2018-04-03T13:40:19.048+0700: 59.311: [GC (Allocation Failure) 2018-04-03T13:40:19.048+0700: 59.311: [ParNew
Desired survivor size 20112992 bytes, new threshold 8 (max 8)
- age   1:    1577432 bytes,    1577432 total
- age   2:     269312 bytes,    1846744 total
- age   3:     524200 bytes,    2370944 total
- age   4:     169344 bytes,    2540288 total
- age   5:     267864 bytes,    2808152 total
- age   6:     726320 bytes,    3534472 total
- age   7:     169512 bytes,    3703984 total
- age   8:     169344 bytes,    3873328 total
: 91094K->3820K(109248K), 0.0058861 secs] 227181K->140141K(502464K), 0.0059645 secs] [Times: user=0.02 sys=0.00, real=0.01 secs] 
Heap after GC invocations=345 (full 1):
 par new generation   total 109248K, used 3820K [0x00000007a0000000, 0x00000007a8000000, 0x00000007a8000000)
  eden space 87424K,   0% used [0x00000007a0000000, 0x00000007a0000000, 0x00000007a5560000)
  from space 21824K,  17% used [0x00000007a6ab0000, 0x00000007a6e6b158, 0x00000007a8000000)
  to   space 21824K,   0% used [0x00000007a5560000, 0x00000007a5560000, 0x00000007a6ab0000)
 concurrent mark-sweep generation total 393216K, used 136320K [0x00000007a8000000, 0x00000007c0000000, 0x00000007c0000000)
 Metaspace       used 37508K, capacity 38620K, committed 38884K, reserved 1083392K
  class space    used 4449K, capacity 4765K, committed 4836K, reserved 1048576K
}
2018-04-03T13:40:19.054+0700: 59.317: Total time for which application threads were stopped: 0.0061550 seconds, Stopping threads took: 0.0000341 seconds
{Heap before GC invocations=345 (full 1):
 par new generation   total 109248K, used 91244K [0x00000007a0000000, 0x00000007a8000000, 0x00000007a8000000)
  eden space 87424K, 100% used [0x00000007a0000000, 0x00000007a5560000, 0x00000007a5560000)
  from space 21824K,  17% used [0x00000007a6ab0000, 0x00000007a6e6b158, 0x00000007a8000000)
  to   space 21824K,   0% used [0x00000007a5560000, 0x00000007a5560000, 0x00000007a6ab0000)
 concurrent mark-sweep generation total 393216K, used 136320K [0x00000007a8000000, 0x00000007c0000000, 0x00000007c0000000)
 Metaspace       used 37508K, capacity 38620K, committed 38884K, reserved 1083392K
  class space    used 4449K, capacity 4765K, committed 4836K, reserved 1048576K
2018-04-03T13:40:19.086+0700: 59.349: [GC (Allocation Failure) 2018-04-03T13:40:19.086+0700: 59.349: [ParNew
Desired survivor size 20112992 bytes, new threshold 8 (max 8)
- age   1:     355232 bytes,     355232 total
- age   2:    1483552 bytes,    1838784 total
- age   3:     269312 bytes,    2108096 total
- age   4:     524200 bytes,    2632296 total
- age   5:     169344 bytes,    2801640 total
- age   6:     267864 bytes,    3069504 total
- age   7:     726320 bytes,    3795824 total
- age   8:     169512 bytes,    3965336 total
: 91244K->3900K(109248K), 0.0055569 secs] 227565K->140386K(502464K), 0.0056341 secs] [Times: user=0.02 sys=0.00, real=0.01 secs] 
Heap after GC invocations=346 (full 1):
 par new generation   total 109248K, used 3900K [0x00000007a0000000, 0x00000007a8000000, 0x00000007a8000000)
  eden space 87424K,   0% used [0x00000007a0000000, 0x00000007a0000000, 0x00000007a5560000)
  from space 21824K,  17% used [0x00000007a5560000, 0x00000007a592f120, 0x00000007a6ab0000)
  to   space 21824K,   0% used [0x00000007a6ab0000, 0x00000007a6ab0000, 0x00000007a8000000)
 concurrent mark-sweep generation total 393216K, used 136486K [0x00000007a8000000, 0x00000007c0000000, 0x00000007c0000000)
 Metaspace       used 37508K, capacity 38620K, committed 38884K, reserved 1083392K
  class space    used 4449K, capacity 4765K, committed 4836K, reserved 1048576K
}
2018-04-03T13:40:19.092+0700: 59.355: Total time for which application threads were stopped: 0.0058062 seconds, Stopping threads took: 0.0000183 seconds
{Heap before GC invocations=346 (full 1):
 par new generation   total 109248K, used 91324K [0x00000007a0000000, 0x00000007a8000000, 0x00000007a8000000)
  eden space 87424K, 100% used [0x00000007a0000000, 0x00000007a5560000, 0x00000007a5560000)
  from space 21824K,  17% used [0x00000007a5560000, 0x00000007a592f120, 0x00000007a6ab0000)
  to   space 21824K,   0% used [0x00000007a6ab0000, 0x00000007a6ab0000, 0x00000007a8000000)
 concurrent mark-sweep generation total 393216K, used 136486K [0x00000007a8000000, 0x00000007c0000000, 0x00000007c0000000)
 Metaspace       used 37508K, capacity 38620K, committed 38884K, reserved 1083392K
  class space    used 4449K, capacity 4765K, committed 4836K, reserved 1048576K
2018-04-03T13:40:19.126+0700: 59.389: [GC (Allocation Failure) 2018-04-03T13:40:19.126+0700: 59.389: [ParNew
Desired survivor size 20112992 bytes, new threshold 8 (max 8)
- age   1:     773232 bytes,     773232 total
- age   2:     206472 bytes,     979704 total
- age   3:    1483248 bytes,    2462952 total
- age   4:     269056 bytes,    2732008 total
- age   5:     207472 bytes,    2939480 total
- age   6:     169344 bytes,    3108824 total
- age   7:     267864 bytes,    3376688 total
- age   8:     726320 bytes,    4103008 total
: 91324K->4019K(109248K), 0.0054055 secs] 227810K->140670K(502464K), 0.0054844 secs] [Times: user=0.01 sys=0.00, real=0.01 secs] 
Heap after GC invocations=347 (full 1):
 par new generation   total 109248K, used 4019K [0x00000007a0000000, 0x00000007a8000000, 0x00000007a8000000)
  eden space 87424K,   0% used [0x00000007a0000000, 0x00000007a0000000, 0x00000007a5560000)
  from space 21824K,  18% used [0x00000007a6ab0000, 0x00000007a6e9cd18, 0x00000007a8000000)
  to   space 21824K,   0% used [0x00000007a5560000, 0x00000007a5560000, 0x00000007a6ab0000)
 concurrent mark-sweep generation total 393216K, used 136651K [0x00000007a8000000, 0x00000007c0000000, 0x00000007c0000000)
 Metaspace       used 37508K, capacity 38620K, committed 38884K, reserved 1083392K
  class space    used 4449K, capacity 4765K, committed 4836K, reserved 1048576K
}
2018-04-03T13:40:19.132+0700: 59.395: Total time for which application threads were stopped: 0.0056571 seconds, Stopping threads took: 0.0000188 seconds
{Heap before GC invocations=347 (full 1):
 par new generation   total 109248K, used 91443K [0x00000007a0000000, 0x00000007a8000000, 0x00000007a8000000)
  eden space 87424K, 100% used [0x00000007a0000000, 0x00000007a5560000, 0x00000007a5560000)
  from space 21824K,  18% used [0x00000007a6ab0000, 0x00000007a6e9cd18, 0x00000007a8000000)
  to   space 21824K,   0% used [0x00000007a5560000, 0x00000007a5560000, 0x00000007a6ab0000)
 concurrent mark-sweep generation total 393216K, used 136651K [0x00000007a8000000, 0x00000007c0000000, 0x00000007c0000000)
 Metaspace       used 37508K, capacity 38620K, committed 38884K, reserved 1083392K
  class space    used 4449K, capacity 4765K, committed 4836K, reserved 1048576K
2018-04-03T13:40:19.164+0700: 59.427: [GC (Allocation Failure) 2018-04-03T13:40:19.164+0700: 59.427: [ParNew
Desired survivor size 20112992 bytes, new threshold 8 (max 8)
- age   1:    1736960 bytes,    1736960 total
- age   2:     658536 bytes,    2395496 total
- age   3:     206272 bytes,    2601768 total
- age   4:     235080 bytes,    2836848 total
- age   5:     267776 bytes,    3104624 total
- age   6:     207472 bytes,    3312096 total
- age   7:     169344 bytes,    3481440 total
- age   8:     267864 bytes,    3749304 total
: 91443K->3687K(109248K), 0.0050718 secs] 228094K->141048K(502464K), 0.0051478 secs] [Times: user=0.02 sys=0.01, real=0.00 secs] 
Heap after GC invocations=348 (full 1):
 par new generation   total 109248K, used 3687K [0x00000007a0000000, 0x00000007a8000000, 0x00000007a8000000)
  eden space 87424K,   0% used [0x00000007a0000000, 0x00000007a0000000, 0x00000007a5560000)
  from space 21824K,  16% used [0x00000007a5560000, 0x00000007a58f9df0, 0x00000007a6ab0000)
  to   space 21824K,   0% used [0x00000007a6ab0000, 0x00000007a6ab0000, 0x00000007a8000000)
 concurrent mark-sweep generation total 393216K, used 137360K [0x00000007a8000000, 0x00000007c0000000, 0x00000007c0000000)
 Metaspace       used 37508K, capacity 38620K, committed 38884K, reserved 1083392K
  class space    used 4449K, capacity 4765K, committed 4836K, reserved 1048576K
}
2018-04-03T13:40:19.169+0700: 59.432: Total time for which application threads were stopped: 0.0053181 seconds, Stopping threads took: 0.0000176 seconds
{Heap before GC invocations=348 (full 1):
 par new generation   total 109248K, used 91111K [0x00000007a0000000, 0x00000007a8000000, 0x00000007a8000000)
  eden space 87424K, 100% used [0x00000007a0000000, 0x00000007a5560000, 0x00000007a5560000)
  from space 21824K,  16% used [0x00000007a5560000, 0x00000007a58f9df0, 0x00000007a6ab0000)
  to   space 21824K,   0% used [0x00000007a6ab0000, 0x00000007a6ab0000, 0x00000007a8000000)
 concurrent mark-sweep generation total 393216K, used 137360K [0x00000007a8000000, 0x00000007c0000000, 0x00000007c0000000)
 Metaspace       used 37508K, capacity 38620K, committed 38884K, reserved 1083392K
  class space    used 4449K, capacity 4765K, committed 4836K, reserved 1048576K
2018-04-03T13:40:19.200+0700: 59.463: [GC (Allocation Failure) 2018-04-03T13:40:19.200+0700: 59.463: [ParNew
Desired survivor size 20112992 bytes, new threshold 8 (max 8)
- age   1:     820240 bytes,     820240 total
- age   2:    1608192 bytes,    2428432 total
- age   3:     302216 bytes,    2730648 total
- age   4:     206272 bytes,    2936920 total
- age   5:     235080 bytes,    3172000 total
- age   6:     267776 bytes,    3439776 total
- age   7:     207472 bytes,    3647248 total
- age   8:     169344 bytes,    3816592 total
: 91111K->3764K(109248K), 0.0057335 secs] 228472K->141386K(502464K), 0.0058127 secs] [Times: user=0.01 sys=0.00, real=0.00 secs] 
Heap after GC invocations=349 (full 1):
 par new generation   total 109248K, used 3764K [0x00000007a0000000, 0x00000007a8000000, 0x00000007a8000000)
  eden space 87424K,   0% used [0x00000007a0000000, 0x00000007a0000000, 0x00000007a5560000)
  from space 21824K,  17% used [0x00000007a6ab0000, 0x00000007a6e5d0c0, 0x00000007a8000000)
  to   space 21824K,   0% used [0x00000007a5560000, 0x00000007a5560000, 0x00000007a6ab0000)
 concurrent mark-sweep generation total 393216K, used 137622K [0x00000007a8000000, 0x00000007c0000000, 0x00000007c0000000)
 Metaspace       used 37508K, capacity 38620K, committed 38884K, reserved 1083392K
  class space    used 4449K, capacity 4765K, committed 4836K, reserved 1048576K
}
2018-04-03T13:40:19.206+0700: 59.469: Total time for which application threads were stopped: 0.0059817 seconds, Stopping threads took: 0.0000175 seconds
{Heap before GC invocations=349 (full 1):
 par new generation   total 109248K, used 91188K [0x00000007a0000000, 0x00000007a8000000, 0x00000007a8000000)
  eden space 87424K, 100% used [0x00000007a0000000, 0x00000007a5560000, 0x00000007a5560000)
  from space 21824K,  17% used [0x00000007a6ab0000, 0x00000007a6e5d0c0, 0x00000007a8000000)
  to   space 21824K,   0% used [0x00000007a5560000, 0x00000007a5560000, 0x00000007a6ab0000)
 concurrent mark-sweep generation total 393216K, used 137622K [0x00000007a8000000, 0x00000007c0000000, 0x00000007c0000000)
 Metaspace       used 37508K, capacity 38620K, committed 38884K, reserved 1083392K
  class space    used 4449K, capacity 4765K, committed 4836K, reserved 1048576K
2018-04-03T13:40:19.236+0700: 59.499: [GC (Allocation Failure) 2018-04-03T13:40:19.236+0700: 59.499: [ParNew
Desired survivor size 20112992 bytes, new threshold 8 (max 8)
- age   1:     287408 bytes,     287408 total
- age   2:     673008 bytes,     960416 total
- age   3:    1608192 bytes,    2568608 total
- age   4:     301584 bytes,    2870192 total
- age   5:     206272 bytes,    3076464 total
- age   6:     235080 bytes,    3311544 total
- age   7:     267776 bytes,    3579320 total
- age   8:     207472 bytes,    3786792 total
: 91188K->3718K(109248K), 0.0050836 secs] 228810K->141506K(502464K), 0.0051527 secs] [Times: user=0.02 sys=0.00, real=0.01 secs] 
Heap after GC invocations=350 (full 1):
 par new generation   total 109248K, used 3718K [0x00000007a0000000, 0x00000007a8000000, 0x00000007a8000000)
  eden space 87424K,   0% used [0x00000007a0000000, 0x00000007a0000000, 0x00000007a5560000)
  from space 21824K,  17% used [0x00000007a5560000, 0x00000007a59019b8, 0x00000007a6ab0000)
  to   space 21824K,   0% used [0x00000007a6ab0000, 0x00000007a6ab0000, 0x00000007a8000000)
 concurrent mark-sweep generation total 393216K, used 137787K [0x00000007a8000000, 0x00000007c0000000, 0x00000007c0000000)
 Metaspace       used 37508K, capacity 38620K, committed 38884K, reserved 1083392K
  class space    used 4449K, capacity 4765K, committed 4836K, reserved 1048576K
}
2018-04-03T13:40:19.242+0700: 59.505: Total time for which application threads were stopped: 0.0053232 seconds, Stopping threads took: 0.0000175 seconds
{Heap before GC invocations=350 (full 1):
 par new generation   total 109248K, used 91142K [0x00000007a0000000, 0x00000007a8000000, 0x00000007a8000000)
  eden space 87424K, 100% used [0x00000007a0000000, 0x00000007a5560000, 0x00000007a5560000)
  from space 21824K,  17% used [0x00000007a5560000, 0x00000007a59019b8, 0x00000007a6ab0000)
  to   space 21824K,   0% used [0x00000007a6ab0000, 0x00000007a6ab0000, 0x00000007a8000000)
 concurrent mark-sweep generation total 393216K, used 137787K [0x00000007a8000000, 0x00000007c0000000, 0x00000007c0000000)
 Metaspace       used 37508K, capacity 38620K, committed 38884K, reserved 1083392K
  class space    used 4449K, capacity 4765K, committed 4836K, reserved 1048576K
2018-04-03T13:40:19.272+0700: 59.535: [GC (Allocation Failure) 2018-04-03T13:40:19.272+0700: 59.535: [ParNew
Desired survivor size 20112992 bytes, new threshold 8 (max 8)
- age   1:    2363312 bytes,    2363312 total
- age   2:     170064 bytes,    2533376 total
- age   3:     272112 bytes,    2805488 total
- age   4:     202256 bytes,    3007744 total
- age   5:     301584 bytes,    3309328 total
- age   6:     206272 bytes,    3515600 total
- age   7:     235080 bytes,    3750680 total
- age   8:     267776 bytes,    4018456 total
: 91142K->3942K(109248K), 0.0047755 secs] 228930K->141933K(502464K), 0.0048534 secs] [Times: user=0.01 sys=0.00, real=0.00 secs] 
Heap after GC invocations=351 (full 1):
 par new generation   total 109248K, used 3942K [0x00000007a0000000, 0x00000007a8000000, 0x00000007a8000000)
  eden space 87424K,   0% used [0x00000007a0000000, 0x00000007a0000000, 0x00000007a5560000)
  from space 21824K,  18% used [0x00000007a6ab0000, 0x00000007a6e89b10, 0x00000007a8000000)
  to   space 21824K,   0% used [0x00000007a5560000, 0x00000007a5560000, 0x00000007a6ab0000)
 concurrent mark-sweep generation total 393216K, used 137990K [0x00000007a8000000, 0x00000007c0000000, 0x00000007c0000000)
 Metaspace       used 37508K, capacity 38620K, committed 38884K, reserved 1083392K
  class space    used 4449K, capacity 4765K, committed 4836K, reserved 1048576K
}
2018-04-03T13:40:19.277+0700: 59.540: Total time for which application threads were stopped: 0.0050244 seconds, Stopping threads took: 0.0000185 seconds
{Heap before GC invocations=351 (full 1):
 par new generation   total 109248K, used 91366K [0x00000007a0000000, 0x00000007a8000000, 0x00000007a8000000)
  eden space 87424K, 100% used [0x00000007a0000000, 0x00000007a5560000, 0x00000007a5560000)
  from space 21824K,  18% used [0x00000007a6ab0000, 0x00000007a6e89b10, 0x00000007a8000000)
  to   space 21824K,   0% used [0x00000007a5560000, 0x00000007a5560000, 0x00000007a6ab0000)
 concurrent mark-sweep generation total 393216K, used 137990K [0x00000007a8000000, 0x00000007c0000000, 0x00000007c0000000)
 Metaspace       used 37508K, capacity 38620K, committed 38884K, reserved 1083392K
  class space    used 4449K, capacity 4765K, committed 4836K, reserved 1048576K
2018-04-03T13:40:19.308+0700: 59.571: [GC (Allocation Failure) 2018-04-03T13:40:19.308+0700: 59.571: [ParNew
Desired survivor size 20112992 bytes, new threshold 8 (max 8)
- age   1:     417896 bytes,     417896 total
- age   2:    2234976 bytes,    2652872 total
- age   3:     170064 bytes,    2822936 total
- age   4:     272112 bytes,    3095048 total
- age   5:     202256 bytes,    3297304 total
- age   6:     301584 bytes,    3598888 total
- age   7:     206272 bytes,    3805160 total
- age   8:     235080 bytes,    4040240 total
: 91366K->3960K(109248K), 0.0058436 secs] 229357K->142212K(502464K), 0.0059223 secs] [Times: user=0.01 sys=0.01, real=0.01 secs] 
Heap after GC invocations=352 (full 1):
 par new generation   total 109248K, used 3960K [0x00000007a0000000, 0x00000007a8000000, 0x00000007a8000000)
  eden space 87424K,   0% used [0x00000007a0000000, 0x00000007a0000000, 0x00000007a5560000)
  from space 21824K,  18% used [0x00000007a5560000, 0x00000007a593e268, 0x00000007a6ab0000)
  to   space 21824K,   0% used [0x00000007a6ab0000, 0x00000007a6ab0000, 0x00000007a8000000)
 concurrent mark-sweep generation total 393216K, used 138252K [0x00000007a8000000, 0x00000007c0000000, 0x00000007c0000000)
 Metaspace       used 37508K, capacity 38620K, committed 38884K, reserved 1083392K
  class space    used 4449K, capacity 4765K, committed 4836K, reserved 1048576K
}
2018-04-03T13:40:19.314+0700: 59.577: Total time for which application threads were stopped: 0.0060927 seconds, Stopping threads took: 0.0000168 seconds
{Heap before GC invocations=352 (full 1):
 par new generation   total 109248K, used 91384K [0x00000007a0000000, 0x00000007a8000000, 0x00000007a8000000)
  eden space 87424K, 100% used [0x00000007a0000000, 0x00000007a5560000, 0x00000007a5560000)
  from space 21824K,  18% used [0x00000007a5560000, 0x00000007a593e268, 0x00000007a6ab0000)
  to   space 21824K,   0% used [0x00000007a6ab0000, 0x00000007a6ab0000, 0x00000007a8000000)
 concurrent mark-sweep generation total 393216K, used 138252K [0x00000007a8000000, 0x00000007c0000000, 0x00000007c0000000)
 Metaspace       used 37508K, capacity 38620K, committed 38884K, reserved 1083392K
  class space    used 4449K, capacity 4765K, committed 4836K, reserved 1048576K
2018-04-03T13:40:19.345+0700: 59.608: [GC (Allocation Failure) 2018-04-03T13:40:19.345+0700: 59.608: [ParNew
Desired survivor size 20112992 bytes, new threshold 8 (max 8)
- age   1:     323328 bytes,     323328 total
- age   2:     268312 bytes,     591640 total
- age   3:    2234976 bytes,    2826616 total
- age   4:     169344 bytes,    2995960 total
- age   5:     272112 bytes,    3268072 total
- age   6:     202256 bytes,    3470328 total
- age   7:     301584 bytes,    3771912 total
- age   8:     206272 bytes,    3978184 total
: 91384K->3924K(109248K), 0.0055979 secs] 229636K->142406K(502464K), 0.0056730 secs] [Times: user=0.02 sys=0.00, real=0.01 secs] 
Heap after GC invocations=353 (full 1):
 par new generation   total 109248K, used 3924K [0x00000007a0000000, 0x00000007a8000000, 0x00000007a8000000)
  eden space 87424K,   0% used [0x00000007a0000000, 0x00000007a0000000, 0x00000007a5560000)
  from space 21824K,  17% used [0x00000007a6ab0000, 0x00000007a6e851c8, 0x00000007a8000000)
  to   space 21824K,   0% used [0x00000007a5560000, 0x00000007a5560000, 0x00000007a6ab0000)
 concurrent mark-sweep generation total 393216K, used 138481K [0x00000007a8000000, 0x00000007c0000000, 0x00000007c0000000)
 Metaspace       used 37508K, capacity 38620K, committed 38884K, reserved 1083392K
  class space    used 4449K, capacity 4765K, committed 4836K, reserved 1048576K
}
2018-04-03T13:40:19.351+0700: 59.614: Total time for which application threads were stopped: 0.0059769 seconds, Stopping threads took: 0.0000268 seconds
{Heap before GC invocations=353 (full 1):
 par new generation   total 109248K, used 91348K [0x00000007a0000000, 0x00000007a8000000, 0x00000007a8000000)
  eden space 87424K, 100% used [0x00000007a0000000, 0x00000007a5560000, 0x00000007a5560000)
  from space 21824K,  17% used [0x00000007a6ab0000, 0x00000007a6e851c8, 0x00000007a8000000)
  to   space 21824K,   0% used [0x00000007a5560000, 0x00000007a5560000, 0x00000007a6ab0000)
 concurrent mark-sweep generation total 393216K, used 138481K [0x00000007a8000000, 0x00000007c0000000, 0x00000007c0000000)
 Metaspace       used 37508K, capacity 38620K, committed 38884K, reserved 1083392K
  class space    used 4449K, capacity 4765K, committed 4836K, reserved 1048576K
2018-04-03T13:40:19.387+0700: 59.650: [GC (Allocation Failure) 2018-04-03T13:40:19.387+0700: 59.650: [ParNew
Desired survivor size 20112992 bytes, new threshold 8 (max 8)
- age   1:    3122040 bytes,    3122040 total
- age   2:     203616 bytes,    3325656 total
- age   3:     268312 bytes,    3593968 total
- age   4:     654976 bytes,    4248944 total
- age   5:     169344 bytes,    4418288 total
- age   6:     272112 bytes,    4690400 total
- age   7:     202256 bytes,    4892656 total
- age   8:     301584 bytes,    5194240 total
: 91348K->5089K(109248K), 0.0057635 secs] 229830K->143772K(502464K), 0.0058646 secs] [Times: user=0.01 sys=0.00, real=0.01 secs] 
Heap after GC invocations=354 (full 1):
 par new generation   total 109248K, used 5089K [0x00000007a0000000, 0x00000007a8000000, 0x00000007a8000000)
  eden space 87424K,   0% used [0x00000007a0000000, 0x00000007a0000000, 0x00000007a5560000)
  from space 21824K,  23% used [0x00000007a5560000, 0x00000007a5a58568, 0x00000007a6ab0000)
  to   space 21824K,   0% used [0x00000007a6ab0000, 0x00000007a6ab0000, 0x00000007a8000000)
 concurrent mark-sweep generation total 393216K, used 138683K [0x00000007a8000000, 0x00000007c0000000, 0x00000007c0000000)
 Metaspace       used 37508K, capacity 38620K, committed 38884K, reserved 1083392K
  class space    used 4449K, capacity 4765K, committed 4836K, reserved 1048576K
}
2018-04-03T13:40:19.393+0700: 59.656: Total time for which application threads were stopped: 0.0060846 seconds, Stopping threads took: 0.0000252 seconds
{Heap before GC invocations=354 (full 1):
 par new generation   total 109248K, used 92513K [0x00000007a0000000, 0x00000007a8000000, 0x00000007a8000000)
  eden space 87424K, 100% used [0x00000007a0000000, 0x00000007a5560000, 0x00000007a5560000)
  from space 21824K,  23% used [0x00000007a5560000, 0x00000007a5a58568, 0x00000007a6ab0000)
  to   space 21824K,   0% used [0x00000007a6ab0000, 0x00000007a6ab0000, 0x00000007a8000000)
 concurrent mark-sweep generation total 393216K, used 138683K [0x00000007a8000000, 0x00000007c0000000, 0x00000007c0000000)
 Metaspace       used 37508K, capacity 38620K, committed 38884K, reserved 1083392K
  class space    used 4449K, capacity 4765K, committed 4836K, reserved 1048576K
2018-04-03T13:40:19.426+0700: 59.689: [GC (Allocation Failure) 2018-04-03T13:40:19.426+0700: 59.689: [ParNew
Desired survivor size 20112992 bytes, new threshold 8 (max 8)
- age   1:    1090688 bytes,    1090688 total
- age   2:    3028496 bytes,    4119184 total
- age   3:     203616 bytes,    4322800 total
- age   4:     268312 bytes,    4591112 total
- age   5:     202296 bytes,    4793408 total
- age   6:     169344 bytes,    4962752 total
- age   7:     272016 bytes,    5234768 total
- age   8:     202256 bytes,    5437024 total
: 92513K->5326K(109248K), 0.0047838 secs] 231196K->144303K(502464K), 0.0048828 secs] [Times: user=0.01 sys=0.01, real=0.01 secs] 
Heap after GC invocations=355 (full 1):
 par new generation   total 109248K, used 5326K [0x00000007a0000000, 0x00000007a8000000, 0x00000007a8000000)
  eden space 87424K,   0% used [0x00000007a0000000, 0x00000007a0000000, 0x00000007a5560000)
  from space 21824K,  24% used [0x00000007a6ab0000, 0x00000007a6fe3868, 0x00000007a8000000)
  to   space 21824K,   0% used [0x00000007a5560000, 0x00000007a5560000, 0x00000007a6ab0000)
 concurrent mark-sweep generation total 393216K, used 138977K [0x00000007a8000000, 0x00000007c0000000, 0x00000007c0000000)
 Metaspace       used 37508K, capacity 38620K, committed 38884K, reserved 1083392K
  class space    used 4449K, capacity 4765K, committed 4836K, reserved 1048576K
}
2018-04-03T13:40:19.430+0700: 59.693: Total time for which application threads were stopped: 0.0050797 seconds, Stopping threads took: 0.0000235 seconds
{Heap before GC invocations=355 (full 1):
 par new generation   total 109248K, used 92750K [0x00000007a0000000, 0x00000007a8000000, 0x00000007a8000000)
  eden space 87424K, 100% used [0x00000007a0000000, 0x00000007a5560000, 0x00000007a5560000)
  from space 21824K,  24% used [0x00000007a6ab0000, 0x00000007a6fe3868, 0x00000007a8000000)
  to   space 21824K,   0% used [0x00000007a5560000, 0x00000007a5560000, 0x00000007a6ab0000)
 concurrent mark-sweep generation total 393216K, used 138977K [0x00000007a8000000, 0x00000007c0000000, 0x00000007c0000000)
 Metaspace       used 37508K, capacity 38620K, committed 38884K, reserved 1083392K
  class space    used 4449K, capacity 4765K, committed 4836K, reserved 1048576K
2018-04-03T13:40:19.463+0700: 59.726: [GC (Allocation Failure) 2018-04-03T13:40:19.463+0700: 59.726: [ParNew
Desired survivor size 20112992 bytes, new threshold 8 (max 8)
- age   1:     317920 bytes,     317920 total
- age   2:     979184 bytes,    1297104 total
- age   3:    3028496 bytes,    4325600 total
- age   4:     203616 bytes,    4529216 total
- age   5:     268312 bytes,    4797528 total
- age   6:     202296 bytes,    4999824 total
- age   7:     169344 bytes,    5169168 total
- age   8:     272016 bytes,    5441184 total
: 92750K->5347K(109248K), 0.0055912 secs] 231727K->144522K(502464K), 0.0056836 secs] [Times: user=0.01 sys=0.00, real=0.00 secs] 
Heap after GC invocations=356 (full 1):
 par new generation   total 109248K, used 5347K [0x00000007a0000000, 0x00000007a8000000, 0x00000007a8000000)
  eden space 87424K,   0% used [0x00000007a0000000, 0x00000007a0000000, 0x00000007a5560000)
  from space 21824K,  24% used [0x00000007a5560000, 0x00000007a5a98f18, 0x00000007a6ab0000)
  to   space 21824K,   0% used [0x00000007a6ab0000, 0x00000007a6ab0000, 0x00000007a8000000)
 concurrent mark-sweep generation total 393216K, used 139175K [0x00000007a8000000, 0x00000007c0000000, 0x00000007c0000000)
 Metaspace       used 37508K, capacity 38620K, committed 38884K, reserved 1083392K
  class space    used 4449K, capacity 4765K, committed 4836K, reserved 1048576K
}
2018-04-03T13:40:19.469+0700: 59.732: Total time for which application threads were stopped: 0.0058921 seconds, Stopping threads took: 0.0000223 seconds
{Heap before GC invocations=356 (full 1):
 par new generation   total 109248K, used 92771K [0x00000007a0000000, 0x00000007a8000000, 0x00000007a8000000)
  eden space 87424K, 100% used [0x00000007a0000000, 0x00000007a5560000, 0x00000007a5560000)
  from space 21824K,  24% used [0x00000007a5560000, 0x00000007a5a98f18, 0x00000007a6ab0000)
  to   space 21824K,   0% used [0x00000007a6ab0000, 0x00000007a6ab0000, 0x00000007a8000000)
 concurrent mark-sweep generation total 393216K, used 139175K [0x00000007a8000000, 0x00000007c0000000, 0x00000007c0000000)
 Metaspace       used 37508K, capacity 38620K, committed 38884K, reserved 1083392K
  class space    used 4449K, capacity 4765K, committed 4836K, reserved 1048576K
2018-04-03T13:40:19.503+0700: 59.766: [GC (Allocation Failure) 2018-04-03T13:40:19.503+0700: 59.766: [ParNew
Desired survivor size 20112992 bytes, new threshold 8 (max 8)
- age   1:    2264088 bytes,    2264088 total
- age   2:     234912 bytes,    2499000 total
- age   3:     979184 bytes,    3478184 total
- age   4:    1250992 bytes,    4729176 total
- age   5:     202808 bytes,    4931984 total
- age   6:     268312 bytes,    5200296 total
- age   7:     202296 bytes,    5402592 total
- age   8:     169344 bytes,    5571936 total
: 92771K->5457K(109248K), 0.0065018 secs] 231946K->144898K(502464K), 0.0065809 secs] [Times: user=0.02 sys=0.00, real=0.00 secs] 
Heap after GC invocations=357 (full 1):
 par new generation   total 109248K, used 5457K [0x00000007a0000000, 0x00000007a8000000, 0x00000007a8000000)
  eden space 87424K,   0% used [0x00000007a0000000, 0x00000007a0000000, 0x00000007a5560000)
  from space 21824K,  25% used [0x00000007a6ab0000, 0x00000007a70046d8, 0x00000007a8000000)
  to   space 21824K,   0% used [0x00000007a5560000, 0x00000007a5560000, 0x00000007a6ab0000)
 concurrent mark-sweep generation total 393216K, used 139440K [0x00000007a8000000, 0x00000007c0000000, 0x00000007c0000000)
 Metaspace       used 37508K, capacity 38620K, committed 38884K, reserved 1083392K
  class space    used 4449K, capacity 4765K, committed 4836K, reserved 1048576K
}
2018-04-03T13:40:19.509+0700: 59.772: Total time for which application threads were stopped: 0.0067602 seconds, Stopping threads took: 0.0000208 seconds
{Heap before GC invocations=357 (full 1):
 par new generation   total 109248K, used 92881K [0x00000007a0000000, 0x00000007a8000000, 0x00000007a8000000)
  eden space 87424K, 100% used [0x00000007a0000000, 0x00000007a5560000, 0x00000007a5560000)
  from space 21824K,  25% used [0x00000007a6ab0000, 0x00000007a70046d8, 0x00000007a8000000)
  to   space 21824K,   0% used [0x00000007a5560000, 0x00000007a5560000, 0x00000007a6ab0000)
 concurrent mark-sweep generation total 393216K, used 139440K [0x00000007a8000000, 0x00000007c0000000, 0x00000007c0000000)
 Metaspace       used 37508K, capacity 38620K, committed 38884K, reserved 1083392K
  class space    used 4449K, capacity 4765K, committed 4836K, reserved 1048576K
2018-04-03T13:40:19.541+0700: 59.804: [GC (Allocation Failure) 2018-04-03T13:40:19.541+0700: 59.804: [ParNew
Desired survivor size 20112992 bytes, new threshold 8 (max 8)
- age   1:     318600 bytes,     318600 total
- age   2:    2170360 bytes,    2488960 total
- age   3:     234912 bytes,    2723872 total
- age   4:     979184 bytes,    3703056 total
- age   5:    1250992 bytes,    4954048 total
- age   6:     202808 bytes,    5156856 total
- age   7:     268312 bytes,    5425168 total
- age   8:     202296 bytes,    5627464 total
: 92881K->5517K(109248K), 0.0058776 secs] 232322K->145123K(502464K), 0.0060286 secs] [Times: user=0.02 sys=0.00, real=0.00 secs] 
Heap after GC invocations=358 (full 1):
 par new generation   total 109248K, used 5517K [0x00000007a0000000, 0x00000007a8000000, 0x00000007a8000000)
  eden space 87424K,   0% used [0x00000007a0000000, 0x00000007a0000000, 0x00000007a5560000)
  from space 21824K,  25% used [0x00000007a5560000, 0x00000007a5ac3490, 0x00000007a6ab0000)
  to   space 21824K,   0% used [0x00000007a6ab0000, 0x00000007a6ab0000, 0x00000007a8000000)
 concurrent mark-sweep generation total 393216K, used 139606K [0x00000007a8000000, 0x00000007c0000000, 0x00000007c0000000)
 Metaspace       used 37508K, capacity 38620K, committed 38884K, reserved 1083392K
  class space    used 4449K, capacity 4765K, committed 4836K, reserved 1048576K
}
2018-04-03T13:40:19.547+0700: 59.810: Total time for which application threads were stopped: 0.0062075 seconds, Stopping threads took: 0.0000190 seconds
{Heap before GC invocations=358 (full 1):
 par new generation   total 109248K, used 92941K [0x00000007a0000000, 0x00000007a8000000, 0x00000007a8000000)
  eden space 87424K, 100% used [0x00000007a0000000, 0x00000007a5560000, 0x00000007a5560000)
  from space 21824K,  25% used [0x00000007a5560000, 0x00000007a5ac3490, 0x00000007a6ab0000)
  to   space 21824K,   0% used [0x00000007a6ab0000, 0x00000007a6ab0000, 0x00000007a8000000)
 concurrent mark-sweep generation total 393216K, used 139606K [0x00000007a8000000, 0x00000007c0000000, 0x00000007c0000000)
 Metaspace       used 37508K, capacity 38620K, committed 38884K, reserved 1083392K
  class space    used 4449K, capacity 4765K, committed 4836K, reserved 1048576K
2018-04-03T13:40:19.578+0700: 59.841: [GC (Allocation Failure) 2018-04-03T13:40:19.578+0700: 59.841: [ParNew
Desired survivor size 20112992 bytes, new threshold 8 (max 8)
- age   1:     912032 bytes,     912032 total
- age   2:     202512 bytes,    1114544 total
- age   3:    2170360 bytes,    3284904 total
- age   4:     234912 bytes,    3519816 total
- age   5:     469912 bytes,    3989728 total
- age   6:    1250992 bytes,    5240720 total
- age   7:     202808 bytes,    5443528 total
- age   8:     268312 bytes,    5711840 total
: 92941K->5645K(109248K), 0.0052674 secs] 232547K->145448K(502464K), 0.0053419 secs] [Times: user=0.02 sys=0.01, real=0.01 secs] 
Heap after GC invocations=359 (full 1):
 par new generation   total 109248K, used 5645K [0x00000007a0000000, 0x00000007a8000000, 0x00000007a8000000)
  eden space 87424K,   0% used [0x00000007a0000000, 0x00000007a0000000, 0x00000007a5560000)
  from space 21824K,  25% used [0x00000007a6ab0000, 0x00000007a7033508, 0x00000007a8000000)
  to   space 21824K,   0% used [0x00000007a5560000, 0x00000007a5560000, 0x00000007a6ab0000)
 concurrent mark-sweep generation total 393216K, used 139803K [0x00000007a8000000, 0x00000007c0000000, 0x00000007c0000000)
 Metaspace       used 37508K, capacity 38620K, committed 38884K, reserved 1083392K
  class space    used 4449K, capacity 4765K, committed 4836K, reserved 1048576K
}
2018-04-03T13:40:19.583+0700: 59.846: Total time for which application threads were stopped: 0.0055239 seconds, Stopping threads took: 0.0000179 seconds
{Heap before GC invocations=359 (full 1):
 par new generation   total 109248K, used 93069K [0x00000007a0000000, 0x00000007a8000000, 0x00000007a8000000)
  eden space 87424K, 100% used [0x00000007a0000000, 0x00000007a5560000, 0x00000007a5560000)
  from space 21824K,  25% used [0x00000007a6ab0000, 0x00000007a7033508, 0x00000007a8000000)
  to   space 21824K,   0% used [0x00000007a5560000, 0x00000007a5560000, 0x00000007a6ab0000)
 concurrent mark-sweep generation total 393216K, used 139803K [0x00000007a8000000, 0x00000007c0000000, 0x00000007c0000000)
 Metaspace       used 37508K, capacity 38620K, committed 38884K, reserved 1083392K
  class space    used 4449K, capacity 4765K, committed 4836K, reserved 1048576K
2018-04-03T13:40:19.614+0700: 59.877: [GC (Allocation Failure) 2018-04-03T13:40:19.614+0700: 59.877: [ParNew
Desired survivor size 20112992 bytes, new threshold 8 (max 8)
- age   1:     404672 bytes,     404672 total
- age   2:     796504 bytes,    1201176 total
- age   3:     202512 bytes,    1403688 total
- age   4:    2170360 bytes,    3574048 total
- age   5:     234912 bytes,    3808960 total
- age   6:     469800 bytes,    4278760 total
- age   7:    1250992 bytes,    5529752 total
- age   8:     202808 bytes,    5732560 total
: 93069K->5625K(109248K), 0.0050154 secs] 232872K->145691K(502464K), 0.0051048 secs] [Times: user=0.02 sys=0.00, real=0.00 secs] 
Heap after GC invocations=360 (full 1):
 par new generation   total 109248K, used 5625K [0x00000007a0000000, 0x00000007a8000000, 0x00000007a8000000)
  eden space 87424K,   0% used [0x00000007a0000000, 0x00000007a0000000, 0x00000007a5560000)
  from space 21824K,  25% used [0x00000007a5560000, 0x00000007a5ade690, 0x00000007a6ab0000)
  to   space 21824K,   0% used [0x00000007a6ab0000, 0x00000007a6ab0000, 0x00000007a8000000)
 concurrent mark-sweep generation total 393216K, used 140065K [0x00000007a8000000, 0x00000007c0000000, 0x00000007c0000000)
 Metaspace       used 37508K, capacity 38620K, committed 38884K, reserved 1083392K
  class space    used 4449K, capacity 4765K, committed 4836K, reserved 1048576K
}
2018-04-03T13:40:19.619+0700: 59.882: Total time for which application threads were stopped: 0.0052805 seconds, Stopping threads took: 0.0000182 seconds
{Heap before GC invocations=360 (full 1):
 par new generation   total 109248K, used 93049K [0x00000007a0000000, 0x00000007a8000000, 0x00000007a8000000)
  eden space 87424K, 100% used [0x00000007a0000000, 0x00000007a5560000, 0x00000007a5560000)
  from space 21824K,  25% used [0x00000007a5560000, 0x00000007a5ade690, 0x00000007a6ab0000)
  to   space 21824K,   0% used [0x00000007a6ab0000, 0x00000007a6ab0000, 0x00000007a8000000)
 concurrent mark-sweep generation total 393216K, used 140065K [0x00000007a8000000, 0x00000007c0000000, 0x00000007c0000000)
 Metaspace       used 37508K, capacity 38620K, committed 38884K, reserved 1083392K
  class space    used 4449K, capacity 4765K, committed 4836K, reserved 1048576K
2018-04-03T13:40:19.648+0700: 59.911: [GC (Allocation Failure) 2018-04-03T13:40:19.648+0700: 59.911: [ParNew
Desired survivor size 20112992 bytes, new threshold 8 (max 8)
- age   1:    2571904 bytes,    2571904 total
- age   2:     267696 bytes,    2839600 total
- age   3:     796504 bytes,    3636104 total
- age   4:     202512 bytes,    3838616 total
- age   5:     169768 bytes,    4008384 total
- age   6:     234912 bytes,    4243296 total
- age   7:     469800 bytes,    4713096 total
- age   8:    1250992 bytes,    5964088 total
: 93049K->5840K(109248K), 0.0047699 secs] 233115K->146104K(502464K), 0.0048424 secs] [Times: user=0.01 sys=0.00, real=0.01 secs] 
Heap after GC invocations=361 (full 1):
 par new generation   total 109248K, used 5840K [0x00000007a0000000, 0x00000007a8000000, 0x00000007a8000000)
  eden space 87424K,   0% used [0x00000007a0000000, 0x00000007a0000000, 0x00000007a5560000)
  from space 21824K,  26% used [0x00000007a6ab0000, 0x00000007a7064220, 0x00000007a8000000)
  to   space 21824K,   0% used [0x00000007a5560000, 0x00000007a5560000, 0x00000007a6ab0000)
 concurrent mark-sweep generation total 393216K, used 140263K [0x00000007a8000000, 0x00000007c0000000, 0x00000007c0000000)
 Metaspace       used 37508K, capacity 38620K, committed 38884K, reserved 1083392K
  class space    used 4449K, capacity 4765K, committed 4836K, reserved 1048576K
}
2018-04-03T13:40:19.653+0700: 59.916: Total time for which application threads were stopped: 0.0050043 seconds, Stopping threads took: 0.0000162 seconds
{Heap before GC invocations=361 (full 1):
 par new generation   total 109248K, used 93264K [0x00000007a0000000, 0x00000007a8000000, 0x00000007a8000000)
  eden space 87424K, 100% used [0x00000007a0000000, 0x00000007a5560000, 0x00000007a5560000)
  from space 21824K,  26% used [0x00000007a6ab0000, 0x00000007a7064220, 0x00000007a8000000)
  to   space 21824K,   0% used [0x00000007a5560000, 0x00000007a5560000, 0x00000007a6ab0000)
 concurrent mark-sweep generation total 393216K, used 140263K [0x00000007a8000000, 0x00000007c0000000, 0x00000007c0000000)
 Metaspace       used 37508K, capacity 38620K, committed 38884K, reserved 1083392K
  class space    used 4449K, capacity 4765K, committed 4836K, reserved 1048576K
2018-04-03T13:40:19.684+0700: 59.947: [GC (Allocation Failure) 2018-04-03T13:40:19.684+0700: 59.947: [ParNew
Desired survivor size 20112992 bytes, new threshold 8 (max 8)
- age   1:     286944 bytes,     286944 total
- age   2:    2424712 bytes,    2711656 total
- age   3:     267696 bytes,    2979352 total
- age   4:     796504 bytes,    3775856 total
- age   5:     202512 bytes,    3978368 total
- age   6:     169768 bytes,    4148136 total
- age   7:     234912 bytes,    4383048 total
- age   8:     469800 bytes,    4852848 total
: 93264K->4765K(109248K), 0.0045250 secs] 233528K->146251K(502464K), 0.0045975 secs] [Times: user=0.01 sys=0.00, real=0.00 secs] 
Heap after GC invocations=362 (full 1):
 par new generation   total 109248K, used 4765K [0x00000007a0000000, 0x00000007a8000000, 0x00000007a8000000)
  eden space 87424K,   0% used [0x00000007a0000000, 0x00000007a0000000, 0x00000007a5560000)
  from space 21824K,  21% used [0x00000007a5560000, 0x00000007a5a07640, 0x00000007a6ab0000)
  to   space 21824K,   0% used [0x00000007a6ab0000, 0x00000007a6ab0000, 0x00000007a8000000)
 concurrent mark-sweep generation total 393216K, used 141485K [0x00000007a8000000, 0x00000007c0000000, 0x00000007c0000000)
 Metaspace       used 37508K, capacity 38620K, committed 38884K, reserved 1083392K
  class space    used 4449K, capacity 4765K, committed 4836K, reserved 1048576K
}
2018-04-03T13:40:19.689+0700: 59.952: Total time for which application threads were stopped: 0.0047577 seconds, Stopping threads took: 0.0000175 seconds
{Heap before GC invocations=362 (full 1):
 par new generation   total 109248K, used 92189K [0x00000007a0000000, 0x00000007a8000000, 0x00000007a8000000)
  eden space 87424K, 100% used [0x00000007a0000000, 0x00000007a5560000, 0x00000007a5560000)
  from space 21824K,  21% used [0x00000007a5560000, 0x00000007a5a07640, 0x00000007a6ab0000)
  to   space 21824K,   0% used [0x00000007a6ab0000, 0x00000007a6ab0000, 0x00000007a8000000)
 concurrent mark-sweep generation total 393216K, used 141485K [0x00000007a8000000, 0x00000007c0000000, 0x00000007c0000000)
 Metaspace       used 37508K, capacity 38620K, committed 38884K, reserved 1083392K
  class space    used 4449K, capacity 4765K, committed 4836K, reserved 1048576K
2018-04-03T13:40:19.718+0700: 59.981: [GC (Allocation Failure) 2018-04-03T13:40:19.718+0700: 59.981: [ParNew
Desired survivor size 20112992 bytes, new threshold 8 (max 8)
- age   1:     345320 bytes,     345320 total
- age   2:     202384 bytes,     547704 total
- age   3:    2424712 bytes,    2972416 total
- age   4:     267696 bytes,    3240112 total
- age   5:     794360 bytes,    4034472 total
- age   6:     202512 bytes,    4236984 total
- age   7:     169768 bytes,    4406752 total
- age   8:     234912 bytes,    4641664 total
: 92189K->4561K(109248K), 0.0050411 secs] 233675K->146505K(502464K), 0.0051121 secs] [Times: user=0.01 sys=0.00, real=0.01 secs] 
Heap after GC invocations=363 (full 1):
 par new generation   total 109248K, used 4561K [0x00000007a0000000, 0x00000007a8000000, 0x00000007a8000000)
  eden space 87424K,   0% used [0x00000007a0000000, 0x00000007a0000000, 0x00000007a5560000)
  from space 21824K,  20% used [0x00000007a6ab0000, 0x00000007a6f24470, 0x00000007a8000000)
  to   space 21824K,   0% used [0x00000007a5560000, 0x00000007a5560000, 0x00000007a6ab0000)
 concurrent mark-sweep generation total 393216K, used 141944K [0x00000007a8000000, 0x00000007c0000000, 0x00000007c0000000)
 Metaspace       used 37508K, capacity 38620K, committed 38884K, reserved 1083392K
  class space    used 4449K, capacity 4765K, committed 4836K, reserved 1048576K
}
2018-04-03T13:40:19.723+0700: 59.986: Total time for which application threads were stopped: 0.0052768 seconds, Stopping threads took: 0.0000170 seconds
{Heap before GC invocations=363 (full 1):
 par new generation   total 109248K, used 91985K [0x00000007a0000000, 0x00000007a8000000, 0x00000007a8000000)
  eden space 87424K, 100% used [0x00000007a0000000, 0x00000007a5560000, 0x00000007a5560000)
  from space 21824K,  20% used [0x00000007a6ab0000, 0x00000007a6f24470, 0x00000007a8000000)
  to   space 21824K,   0% used [0x00000007a5560000, 0x00000007a5560000, 0x00000007a6ab0000)
 concurrent mark-sweep generation total 393216K, used 141944K [0x00000007a8000000, 0x00000007c0000000, 0x00000007c0000000)
 Metaspace       used 37508K, capacity 38620K, committed 38884K, reserved 1083392K
  class space    used 4449K, capacity 4765K, committed 4836K, reserved 1048576K
2018-04-03T13:40:19.752+0700: 60.015: [GC (Allocation Failure) 2018-04-03T13:40:19.752+0700: 60.015: [ParNew
Desired survivor size 20112992 bytes, new threshold 8 (max 8)
- age   1:     247816 bytes,     247816 total
- age   2:     237512 bytes,     485328 total
- age   3:     202384 bytes,     687712 total
- age   4:    2424712 bytes,    3112424 total
- age   5:     267696 bytes,    3380120 total
- age   6:     794360 bytes,    4174480 total
- age   7:     202512 bytes,    4376992 total
- age   8:     169768 bytes,    4546760 total
: 91985K->4458K(109248K), 0.0051918 secs] 233929K->146632K(502464K), 0.0052592 secs] [Times: user=0.02 sys=0.00, real=0.00 secs] 
Heap after GC invocations=364 (full 1):
 par new generation   total 109248K, used 4458K [0x00000007a0000000, 0x00000007a8000000, 0x00000007a8000000)
  eden space 87424K,   0% used [0x00000007a0000000, 0x00000007a0000000, 0x00000007a5560000)
  from space 21824K,  20% used [0x00000007a5560000, 0x00000007a59bab10, 0x00000007a6ab0000)
  to   space 21824K,   0% used [0x00000007a6ab0000, 0x00000007a6ab0000, 0x00000007a8000000)
 concurrent mark-sweep generation total 393216K, used 142173K [0x00000007a8000000, 0x00000007c0000000, 0x00000007c0000000)
 Metaspace       used 37508K, capacity 38620K, committed 38884K, reserved 1083392K
  class space    used 4449K, capacity 4765K, committed 4836K, reserved 1048576K
}
2018-04-03T13:40:19.758+0700: 60.020: Total time for which application threads were stopped: 0.0054205 seconds, Stopping threads took: 0.0000155 seconds
{Heap before GC invocations=364 (full 1):
 par new generation   total 109248K, used 91882K [0x00000007a0000000, 0x00000007a8000000, 0x00000007a8000000)
  eden space 87424K, 100% used [0x00000007a0000000, 0x00000007a5560000, 0x00000007a5560000)
  from space 21824K,  20% used [0x00000007a5560000, 0x00000007a59bab10, 0x00000007a6ab0000)
  to   space 21824K,   0% used [0x00000007a6ab0000, 0x00000007a6ab0000, 0x00000007a8000000)
 concurrent mark-sweep generation total 393216K, used 142173K [0x00000007a8000000, 0x00000007c0000000, 0x00000007c0000000)
 Metaspace       used 37508K, capacity 38620K, committed 38884K, reserved 1083392K
  class space    used 4449K, capacity 4765K, committed 4836K, reserved 1048576K
2018-04-03T13:40:19.785+0700: 60.048: [GC (Allocation Failure) 2018-04-03T13:40:19.785+0700: 60.048: [ParNew
Desired survivor size 20112992 bytes, new threshold 8 (max 8)
- age   1:    2917736 bytes,    2917736 total
- age   2:     136944 bytes,    3054680 total
- age   3:     237512 bytes,    3292192 total
- age   4:     202384 bytes,    3494576 total
- age   5:     174520 bytes,    3669096 total
- age   6:     267696 bytes,    3936792 total
- age   7:     794360 bytes,    4731152 total
- age   8:     202512 bytes,    4933664 total
: 91882K->4839K(109248K), 0.0051732 secs] 234056K->147179K(502464K), 0.0052585 secs] [Times: user=0.02 sys=0.00, real=0.01 secs] 
Heap after GC invocations=365 (full 1):
 par new generation   total 109248K, used 4839K [0x00000007a0000000, 0x00000007a8000000, 0x00000007a8000000)
  eden space 87424K,   0% used [0x00000007a0000000, 0x00000007a0000000, 0x00000007a5560000)
  from space 21824K,  22% used [0x00000007a6ab0000, 0x00000007a6f69ec0, 0x00000007a8000000)
  to   space 21824K,   0% used [0x00000007a5560000, 0x00000007a5560000, 0x00000007a6ab0000)
 concurrent mark-sweep generation total 393216K, used 142339K [0x00000007a8000000, 0x00000007c0000000, 0x00000007c0000000)
 Metaspace       used 37508K, capacity 38620K, committed 38884K, reserved 1083392K
  class space    used 4449K, capacity 4765K, committed 4836K, reserved 1048576K
}
2018-04-03T13:40:19.790+0700: 60.053: Total time for which application threads were stopped: 0.0054190 seconds, Stopping threads took: 0.0000162 seconds
{Heap before GC invocations=365 (full 1):
 par new generation   total 109248K, used 92263K [0x00000007a0000000, 0x00000007a8000000, 0x00000007a8000000)
  eden space 87424K, 100% used [0x00000007a0000000, 0x00000007a5560000, 0x00000007a5560000)
  from space 21824K,  22% used [0x00000007a6ab0000, 0x00000007a6f69ec0, 0x00000007a8000000)
  to   space 21824K,   0% used [0x00000007a5560000, 0x00000007a5560000, 0x00000007a6ab0000)
 concurrent mark-sweep generation total 393216K, used 142339K [0x00000007a8000000, 0x00000007c0000000, 0x00000007c0000000)
 Metaspace       used 37508K, capacity 38620K, committed 38884K, reserved 1083392K
  class space    used 4449K, capacity 4765K, committed 4836K, reserved 1048576K
2018-04-03T13:40:19.825+0700: 60.088: [GC (Allocation Failure) 2018-04-03T13:40:19.825+0700: 60.088: [ParNew
Desired survivor size 20112992 bytes, new threshold 8 (max 8)
- age   1:     341656 bytes,     341656 total
- age   2:    2832800 bytes,    3174456 total
- age   3:     136944 bytes,    3311400 total
- age   4:     237512 bytes,    3548912 total
- age   5:     202384 bytes,    3751296 total
- age   6:     174048 bytes,    3925344 total
- age   7:     267568 bytes,    4192912 total
- age   8:     794360 bytes,    4987272 total
: 92263K->4892K(109248K), 0.0061393 secs] 234603K->147429K(502464K), 0.0062152 secs] [Times: user=0.02 sys=0.00, real=0.01 secs] 
Heap after GC invocations=366 (full 1):
 par new generation   total 109248K, used 4892K [0x00000007a0000000, 0x00000007a8000000, 0x00000007a8000000)
  eden space 87424K,   0% used [0x00000007a0000000, 0x00000007a0000000, 0x00000007a5560000)
  from space 21824K,  22% used [0x00000007a5560000, 0x00000007a5a27168, 0x00000007a6ab0000)
  to   space 21824K,   0% used [0x00000007a6ab0000, 0x00000007a6ab0000, 0x00000007a8000000)
 concurrent mark-sweep generation total 393216K, used 142537K [0x00000007a8000000, 0x00000007c0000000, 0x00000007c0000000)
 Metaspace       used 37508K, capacity 38620K, committed 38884K, reserved 1083392K
  class space    used 4449K, capacity 4765K, committed 4836K, reserved 1048576K
}
2018-04-03T13:40:19.832+0700: 60.095: Total time for which application threads were stopped: 0.0064131 seconds, Stopping threads took: 0.0000220 seconds
{Heap before GC invocations=366 (full 1):
 par new generation   total 109248K, used 92316K [0x00000007a0000000, 0x00000007a8000000, 0x00000007a8000000)
  eden space 87424K, 100% used [0x00000007a0000000, 0x00000007a5560000, 0x00000007a5560000)
  from space 21824K,  22% used [0x00000007a5560000, 0x00000007a5a27168, 0x00000007a6ab0000)
  to   space 21824K,   0% used [0x00000007a6ab0000, 0x00000007a6ab0000, 0x00000007a8000000)
 concurrent mark-sweep generation total 393216K, used 142537K [0x00000007a8000000, 0x00000007c0000000, 0x00000007c0000000)
 Metaspace       used 37508K, capacity 38620K, committed 38884K, reserved 1083392K
  class space    used 4449K, capacity 4765K, committed 4836K, reserved 1048576K
2018-04-03T13:40:19.864+0700: 60.127: [GC (Allocation Failure) 2018-04-03T13:40:19.864+0700: 60.127: [ParNew
Desired survivor size 20112992 bytes, new threshold 8 (max 8)
- age   1:     391016 bytes,     391016 total
- age   2:     235720 bytes,     626736 total
- age   3:    2832800 bytes,    3459536 total
- age   4:     136944 bytes,    3596480 total
- age   5:     237512 bytes,    3833992 total
- age   6:     202384 bytes,    4036376 total
- age   7:     174048 bytes,    4210424 total
- age   8:     267568 bytes,    4477992 total
: 92316K->4388K(109248K), 0.0055541 secs] 234853K->147701K(502464K), 0.0056600 secs] [Times: user=0.01 sys=0.00, real=0.01 secs] 
Heap after GC invocations=367 (full 1):
 par new generation   total 109248K, used 4388K [0x00000007a0000000, 0x00000007a8000000, 0x00000007a8000000)
  eden space 87424K,   0% used [0x00000007a0000000, 0x00000007a0000000, 0x00000007a5560000)
  from space 21824K,  20% used [0x00000007a6ab0000, 0x00000007a6ef9248, 0x00000007a8000000)
  to   space 21824K,   0% used [0x00000007a5560000, 0x00000007a5560000, 0x00000007a6ab0000)
 concurrent mark-sweep generation total 393216K, used 143312K [0x00000007a8000000, 0x00000007c0000000, 0x00000007c0000000)
 Metaspace       used 37508K, capacity 38620K, committed 38884K, reserved 1083392K
  class space    used 4449K, capacity 4765K, committed 4836K, reserved 1048576K
}
2018-04-03T13:40:19.870+0700: 60.133: Total time for which application threads were stopped: 0.0058851 seconds, Stopping threads took: 0.0000185 seconds
{Heap before GC invocations=367 (full 1):
 par new generation   total 109248K, used 91812K [0x00000007a0000000, 0x00000007a8000000, 0x00000007a8000000)
  eden space 87424K, 100% used [0x00000007a0000000, 0x00000007a5560000, 0x00000007a5560000)
  from space 21824K,  20% used [0x00000007a6ab0000, 0x00000007a6ef9248, 0x00000007a8000000)
  to   space 21824K,   0% used [0x00000007a5560000, 0x00000007a5560000, 0x00000007a6ab0000)
 concurrent mark-sweep generation total 393216K, used 143312K [0x00000007a8000000, 0x00000007c0000000, 0x00000007c0000000)
 Metaspace       used 37508K, capacity 38620K, committed 38884K, reserved 1083392K
  class space    used 4449K, capacity 4765K, committed 4836K, reserved 1048576K
2018-04-03T13:40:19.913+0700: 60.176: [GC (Allocation Failure) 2018-04-03T13:40:19.913+0700: 60.176: [ParNew
Desired survivor size 20112992 bytes, new threshold 8 (max 8)
- age   1:     887512 bytes,     887512 total
- age   2:     272400 bytes,    1159912 total
- age   3:     235720 bytes,    1395632 total
- age   4:    2832800 bytes,    4228432 total
- age   5:     136944 bytes,    4365376 total
- age   6:     235080 bytes,    4600456 total
- age   7:     202384 bytes,    4802840 total
- age   8:     174048 bytes,    4976888 total
: 91812K->4872K(109248K), 0.0070695 secs] 235125K->148446K(502464K), 0.0072415 secs] [Times: user=0.02 sys=0.00, real=0.01 secs] 
Heap after GC invocations=368 (full 1):
 par new generation   total 109248K, used 4872K [0x00000007a0000000, 0x00000007a8000000, 0x00000007a8000000)
  eden space 87424K,   0% used [0x00000007a0000000, 0x00000007a0000000, 0x00000007a5560000)
  from space 21824K,  22% used [0x00000007a5560000, 0x00000007a5a22118, 0x00000007a6ab0000)
  to   space 21824K,   0% used [0x00000007a6ab0000, 0x00000007a6ab0000, 0x00000007a8000000)
 concurrent mark-sweep generation total 393216K, used 143574K [0x00000007a8000000, 0x00000007c0000000, 0x00000007c0000000)
 Metaspace       used 37508K, capacity 38620K, committed 38884K, reserved 1083392K
  class space    used 4449K, capacity 4765K, committed 4836K, reserved 1048576K
}
2018-04-03T13:40:19.920+0700: 60.183: Total time for which application threads were stopped: 0.0074787 seconds, Stopping threads took: 0.0000229 seconds
{Heap before GC invocations=368 (full 1):
 par new generation   total 109248K, used 92296K [0x00000007a0000000, 0x00000007a8000000, 0x00000007a8000000)
  eden space 87424K, 100% used [0x00000007a0000000, 0x00000007a5560000, 0x00000007a5560000)
  from space 21824K,  22% used [0x00000007a5560000, 0x00000007a5a22118, 0x00000007a6ab0000)
  to   space 21824K,   0% used [0x00000007a6ab0000, 0x00000007a6ab0000, 0x00000007a8000000)
 concurrent mark-sweep generation total 393216K, used 143574K [0x00000007a8000000, 0x00000007c0000000, 0x00000007c0000000)
 Metaspace       used 37508K, capacity 38620K, committed 38884K, reserved 1083392K
  class space    used 4449K, capacity 4765K, committed 4836K, reserved 1048576K
2018-04-03T13:40:19.966+0700: 60.229: [GC (Allocation Failure) 2018-04-03T13:40:19.966+0700: 60.229: [ParNew
Desired survivor size 20112992 bytes, new threshold 8 (max 8)
- age   1:     278128 bytes,     278128 total
- age   2:     782128 bytes,    1060256 total
- age   3:     272400 bytes,    1332656 total
- age   4:     235720 bytes,    1568376 total
- age   5:    2832800 bytes,    4401176 total
- age   6:     136944 bytes,    4538120 total
- age   7:     235080 bytes,    4773200 total
- age   8:     202384 bytes,    4975584 total
: 92296K->4876K(109248K), 0.0066187 secs] 235870K->148620K(502464K), 0.0067344 secs] [Times: user=0.02 sys=0.00, real=0.01 secs] 
Heap after GC invocations=369 (full 1):
 par new generation   total 109248K, used 4876K [0x00000007a0000000, 0x00000007a8000000, 0x00000007a8000000)
  eden space 87424K,   0% used [0x00000007a0000000, 0x00000007a0000000, 0x00000007a5560000)
  from space 21824K,  22% used [0x00000007a6ab0000, 0x00000007a6f73078, 0x00000007a8000000)
  to   space 21824K,   0% used [0x00000007a5560000, 0x00000007a5560000, 0x00000007a6ab0000)
 concurrent mark-sweep generation total 393216K, used 143744K [0x00000007a8000000, 0x00000007c0000000, 0x00000007c0000000)
 Metaspace       used 37508K, capacity 38620K, committed 38884K, reserved 1083392K
  class space    used 4449K, capacity 4765K, committed 4836K, reserved 1048576K
}
2018-04-03T13:40:19.973+0700: 60.236: Total time for which application threads were stopped: 0.0069682 seconds, Stopping threads took: 0.0000238 seconds
{Heap before GC invocations=369 (full 1):
 par new generation   total 109248K, used 92300K [0x00000007a0000000, 0x00000007a8000000, 0x00000007a8000000)
  eden space 87424K, 100% used [0x00000007a0000000, 0x00000007a5560000, 0x00000007a5560000)
  from space 21824K,  22% used [0x00000007a6ab0000, 0x00000007a6f73078, 0x00000007a8000000)
  to   space 21824K,   0% used [0x00000007a5560000, 0x00000007a5560000, 0x00000007a6ab0000)
 concurrent mark-sweep generation total 393216K, used 143744K [0x00000007a8000000, 0x00000007c0000000, 0x00000007c0000000)
 Metaspace       used 37508K, capacity 38620K, committed 38884K, reserved 1083392K
  class space    used 4449K, capacity 4765K, committed 4836K, reserved 1048576K
2018-04-03T13:40:20.021+0700: 60.284: [GC (Allocation Failure) 2018-04-03T13:40:20.021+0700: 60.284: [ParNew
Desired survivor size 20112992 bytes, new threshold 8 (max 8)
- age   1:    3133944 bytes,    3133944 total
- age   2:     202552 bytes,    3336496 total
- age   3:     782128 bytes,    4118624 total
- age   4:     272400 bytes,    4391024 total
- age   5:     235720 bytes,    4626744 total
- age   6:     301312 bytes,    4928056 total
- age   7:     136944 bytes,    5065000 total
- age   8:     235080 bytes,    5300080 total
: 92300K->5183K(109248K), 0.0071242 secs] 236044K->149125K(502464K), 0.0072225 secs] [Times: user=0.02 sys=0.00, real=0.00 secs] 
Heap after GC invocations=370 (full 1):
 par new generation   total 109248K, used 5183K [0x00000007a0000000, 0x00000007a8000000, 0x00000007a8000000)
  eden space 87424K,   0% used [0x00000007a0000000, 0x00000007a0000000, 0x00000007a5560000)
  from space 21824K,  23% used [0x00000007a5560000, 0x00000007a5a6ff20, 0x00000007a6ab0000)
  to   space 21824K,   0% used [0x00000007a6ab0000, 0x00000007a6ab0000, 0x00000007a8000000)
 concurrent mark-sweep generation total 393216K, used 143941K [0x00000007a8000000, 0x00000007c0000000, 0x00000007c0000000)
 Metaspace       used 37508K, capacity 38620K, committed 38884K, reserved 1083392K
  class space    used 4449K, capacity 4765K, committed 4836K, reserved 1048576K
}
2018-04-03T13:40:20.028+0700: 60.291: Total time for which application threads were stopped: 0.0074545 seconds, Stopping threads took: 0.0000208 seconds
{Heap before GC invocations=370 (full 1):
 par new generation   total 109248K, used 92607K [0x00000007a0000000, 0x00000007a8000000, 0x00000007a8000000)
  eden space 87424K, 100% used [0x00000007a0000000, 0x00000007a5560000, 0x00000007a5560000)
  from space 21824K,  23% used [0x00000007a5560000, 0x00000007a5a6ff20, 0x00000007a6ab0000)
  to   space 21824K,   0% used [0x00000007a6ab0000, 0x00000007a6ab0000, 0x00000007a8000000)
 concurrent mark-sweep generation total 393216K, used 143941K [0x00000007a8000000, 0x00000007c0000000, 0x00000007c0000000)
 Metaspace       used 37508K, capacity 38620K, committed 38884K, reserved 1083392K
  class space    used 4449K, capacity 4765K, committed 4836K, reserved 1048576K
2018-04-03T13:40:20.075+0700: 60.338: [GC (Allocation Failure) 2018-04-03T13:40:20.075+0700: 60.338: [ParNew
Desired survivor size 20112992 bytes, new threshold 8 (max 8)
- age   1:     308952 bytes,     308952 total
- age   2:    3050424 bytes,    3359376 total
- age   3:     202552 bytes,    3561928 total
- age   4:     782128 bytes,    4344056 total
- age   5:     272400 bytes,    4616456 total
- age   6:     235576 bytes,    4852032 total
- age   7:     301312 bytes,    5153344 total
- age   8:     136944 bytes,    5290288 total
: 92607K->5205K(109248K), 0.0061083 secs] 236549K->149376K(502464K), 0.0062133 secs] [Times: user=0.01 sys=0.00, real=0.01 secs] 
Heap after GC invocations=371 (full 1):
 par new generation   total 109248K, used 5205K [0x00000007a0000000, 0x00000007a8000000, 0x00000007a8000000)
  eden space 87424K,   0% used [0x00000007a0000000, 0x00000007a0000000, 0x00000007a5560000)
  from space 21824K,  23% used [0x00000007a6ab0000, 0x00000007a6fc54f0, 0x00000007a8000000)
  to   space 21824K,   0% used [0x00000007a5560000, 0x00000007a5560000, 0x00000007a6ab0000)
 concurrent mark-sweep generation total 393216K, used 144171K [0x00000007a8000000, 0x00000007c0000000, 0x00000007c0000000)
 Metaspace       used 37508K, capacity 38620K, committed 38884K, reserved 1083392K
  class space    used 4449K, capacity 4765K, committed 4836K, reserved 1048576K
}
2018-04-03T13:40:20.081+0700: 60.344: Total time for which application threads were stopped: 0.0064341 seconds, Stopping threads took: 0.0000211 seconds
{Heap before GC invocations=371 (full 1):
 par new generation   total 109248K, used 92629K [0x00000007a0000000, 0x00000007a8000000, 0x00000007a8000000)
  eden space 87424K, 100% used [0x00000007a0000000, 0x00000007a5560000, 0x00000007a5560000)
  from space 21824K,  23% used [0x00000007a6ab0000, 0x00000007a6fc54f0, 0x00000007a8000000)
  to   space 21824K,   0% used [0x00000007a5560000, 0x00000007a5560000, 0x00000007a6ab0000)
 concurrent mark-sweep generation total 393216K, used 144171K [0x00000007a8000000, 0x00000007c0000000, 0x00000007c0000000)
 Metaspace       used 37508K, capacity 38620K, committed 38884K, reserved 1083392K
  class space    used 4449K, capacity 4765K, committed 4836K, reserved 1048576K
2018-04-03T13:40:20.132+0700: 60.395: [GC (Allocation Failure) 2018-04-03T13:40:20.132+0700: 60.395: [ParNew
Desired survivor size 20112992 bytes, new threshold 8 (max 8)
- age   1:     246632 bytes,     246632 total
- age   2:     169544 bytes,     416176 total
- age   3:    3050424 bytes,    3466600 total
- age   4:     202552 bytes,    3669152 total
- age   5:     782128 bytes,    4451280 total
- age   6:     272400 bytes,    4723680 total
- age   7:     235040 bytes,    4958720 total
- age   8:     301312 bytes,    5260032 total
: 92629K->5156K(109248K), 0.0128563 secs] 236800K->149461K(502464K), 0.0129655 secs] [Times: user=0.01 sys=0.00, real=0.01 secs] 
Heap after GC invocations=372 (full 1):
 par new generation   total 109248K, used 5156K [0x00000007a0000000, 0x00000007a8000000, 0x00000007a8000000)
  eden space 87424K,   0% used [0x00000007a0000000, 0x00000007a0000000, 0x00000007a5560000)
  from space 21824K,  23% used [0x00000007a5560000, 0x00000007a5a691e8, 0x00000007a6ab0000)
  to   space 21824K,   0% used [0x00000007a6ab0000, 0x00000007a6ab0000, 0x00000007a8000000)
 concurrent mark-sweep generation total 393216K, used 144305K [0x00000007a8000000, 0x00000007c0000000, 0x00000007c0000000)
 Metaspace       used 37508K, capacity 38620K, committed 38884K, reserved 1083392K
  class space    used 4449K, capacity 4765K, committed 4836K, reserved 1048576K
}
2018-04-03T13:40:20.145+0700: 60.408: Total time for which application threads were stopped: 0.0132262 seconds, Stopping threads took: 0.0000220 seconds
{Heap before GC invocations=372 (full 1):
 par new generation   total 109248K, used 92580K [0x00000007a0000000, 0x00000007a8000000, 0x00000007a8000000)
  eden space 87424K, 100% used [0x00000007a0000000, 0x00000007a5560000, 0x00000007a5560000)
  from space 21824K,  23% used [0x00000007a5560000, 0x00000007a5a691e8, 0x00000007a6ab0000)
  to   space 21824K,   0% used [0x00000007a6ab0000, 0x00000007a6ab0000, 0x00000007a8000000)
 concurrent mark-sweep generation total 393216K, used 144305K [0x00000007a8000000, 0x00000007c0000000, 0x00000007c0000000)
 Metaspace       used 37508K, capacity 38620K, committed 38884K, reserved 1083392K
  class space    used 4449K, capacity 4765K, committed 4836K, reserved 1048576K
2018-04-03T13:40:20.190+0700: 60.453: [GC (Allocation Failure) 2018-04-03T13:40:20.191+0700: 60.454: [ParNew
Desired survivor size 20112992 bytes, new threshold 8 (max 8)
- age   1:     339680 bytes,     339680 total
- age   2:     137040 bytes,     476720 total
- age   3:     169544 bytes,     646264 total
- age   4:    3050424 bytes,    3696688 total
- age   5:     202552 bytes,    3899240 total
- age   6:     782128 bytes,    4681368 total
- age   7:     272400 bytes,    4953768 total
- age   8:     235040 bytes,    5188808 total
: 92580K->5078K(109248K), 0.0058227 secs] 236885K->149678K(502464K), 0.0059261 secs] [Times: user=0.02 sys=0.00, real=0.00 secs] 
Heap after GC invocations=373 (full 1):
 par new generation   total 109248K, used 5078K [0x00000007a0000000, 0x00000007a8000000, 0x00000007a8000000)
  eden space 87424K,   0% used [0x00000007a0000000, 0x00000007a0000000, 0x00000007a5560000)
  from space 21824K,  23% used [0x00000007a6ab0000, 0x00000007a6fa5af8, 0x00000007a8000000)
  to   space 21824K,   0% used [0x00000007a5560000, 0x00000007a5560000, 0x00000007a6ab0000)
 concurrent mark-sweep generation total 393216K, used 144599K [0x00000007a8000000, 0x00000007c0000000, 0x00000007c0000000)
 Metaspace       used 37508K, capacity 38620K, committed 38884K, reserved 1083392K
  class space    used 4449K, capacity 4765K, committed 4836K, reserved 1048576K
}
2018-04-03T13:40:20.196+0700: 60.459: Total time for which application threads were stopped: 0.0061402 seconds, Stopping threads took: 0.0000217 seconds
{Heap before GC invocations=373 (full 1):
 par new generation   total 109248K, used 92502K [0x00000007a0000000, 0x00000007a8000000, 0x00000007a8000000)
  eden space 87424K, 100% used [0x00000007a0000000, 0x00000007a5560000, 0x00000007a5560000)
  from space 21824K,  23% used [0x00000007a6ab0000, 0x00000007a6fa5af8, 0x00000007a8000000)
  to   space 21824K,   0% used [0x00000007a5560000, 0x00000007a5560000, 0x00000007a6ab0000)
 concurrent mark-sweep generation total 393216K, used 144599K [0x00000007a8000000, 0x00000007c0000000, 0x00000007c0000000)
 Metaspace       used 37508K, capacity 38620K, committed 38884K, reserved 1083392K
  class space    used 4449K, capacity 4765K, committed 4836K, reserved 1048576K
2018-04-03T13:40:20.241+0700: 60.504: [GC (Allocation Failure) 2018-04-03T13:40:20.241+0700: 60.504: [ParNew
Desired survivor size 20112992 bytes, new threshold 8 (max 8)
- age   1:     275712 bytes,     275712 total
- age   2:     207248 bytes,     482960 total
- age   3:     137040 bytes,     620000 total
- age   4:     169544 bytes,     789544 total
- age   5:    3050424 bytes,    3839968 total
- age   6:     202552 bytes,    4042520 total
- age   7:     779344 bytes,    4821864 total
- age   8:     272400 bytes,    5094264 total
: 92502K->5000K(109248K), 0.0069203 secs] 237102K->149829K(502464K), 0.0070156 secs] [Times: user=0.01 sys=0.00, real=0.00 secs] 
Heap after GC invocations=374 (full 1):
 par new generation   total 109248K, used 5000K [0x00000007a0000000, 0x00000007a8000000, 0x00000007a8000000)
  eden space 87424K,   0% used [0x00000007a0000000, 0x00000007a0000000, 0x00000007a5560000)
  from space 21824K,  22% used [0x00000007a5560000, 0x00000007a5a42170, 0x00000007a6ab0000)
  to   space 21824K,   0% used [0x00000007a6ab0000, 0x00000007a6ab0000, 0x00000007a8000000)
 concurrent mark-sweep generation total 393216K, used 144829K [0x00000007a8000000, 0x00000007c0000000, 0x00000007c0000000)
 Metaspace       used 37508K, capacity 38620K, committed 38884K, reserved 1083392K
  class space    used 4449K, capacity 4765K, committed 4836K, reserved 1048576K
}
2018-04-03T13:40:20.248+0700: 60.511: Total time for which application threads were stopped: 0.0072289 seconds, Stopping threads took: 0.0000205 seconds
{Heap before GC invocations=374 (full 1):
 par new generation   total 109248K, used 92424K [0x00000007a0000000, 0x00000007a8000000, 0x00000007a8000000)
  eden space 87424K, 100% used [0x00000007a0000000, 0x00000007a5560000, 0x00000007a5560000)
  from space 21824K,  22% used [0x00000007a5560000, 0x00000007a5a42170, 0x00000007a6ab0000)
  to   space 21824K,   0% used [0x00000007a6ab0000, 0x00000007a6ab0000, 0x00000007a8000000)
 concurrent mark-sweep generation total 393216K, used 144829K [0x00000007a8000000, 0x00000007c0000000, 0x00000007c0000000)
 Metaspace       used 37508K, capacity 38620K, committed 38884K, reserved 1083392K
  class space    used 4449K, capacity 4765K, committed 4836K, reserved 1048576K
2018-04-03T13:40:20.290+0700: 60.553: [GC (Allocation Failure) 2018-04-03T13:40:20.290+0700: 60.553: [ParNew
Desired survivor size 20112992 bytes, new threshold 8 (max 8)
- age   1:    3487904 bytes,    3487904 total
- age   2:     205808 bytes,    3693712 total
- age   3:     207248 bytes,    3900960 total
- age   4:     137040 bytes,    4038000 total
- age   5:     169544 bytes,    4207544 total
- age   6:     225912 bytes,    4433456 total
- age   7:     202552 bytes,    4636008 total
- age   8:     779344 bytes,    5415352 total
: 92424K->5302K(109248K), 0.0059308 secs] 237253K->150397K(502464K), 0.0060268 secs] [Times: user=0.01 sys=0.00, real=0.00 secs] 
Heap after GC invocations=375 (full 1):
 par new generation   total 109248K, used 5302K [0x00000007a0000000, 0x00000007a8000000, 0x00000007a8000000)
  eden space 87424K,   0% used [0x00000007a0000000, 0x00000007a0000000, 0x00000007a5560000)
  from space 21824K,  24% used [0x00000007a6ab0000, 0x00000007a6fdda28, 0x00000007a8000000)
  to   space 21824K,   0% used [0x00000007a5560000, 0x00000007a5560000, 0x00000007a6ab0000)
 concurrent mark-sweep generation total 393216K, used 145095K [0x00000007a8000000, 0x00000007c0000000, 0x00000007c0000000)
 Metaspace       used 37508K, capacity 38620K, committed 38884K, reserved 1083392K
  class space    used 4449K, capacity 4765K, committed 4836K, reserved 1048576K
}
2018-04-03T13:40:20.296+0700: 60.559: Total time for which application threads were stopped: 0.0062644 seconds, Stopping threads took: 0.0000237 seconds
{Heap before GC invocations=375 (full 1):
 par new generation   total 109248K, used 92726K [0x00000007a0000000, 0x00000007a8000000, 0x00000007a8000000)
  eden space 87424K, 100% used [0x00000007a0000000, 0x00000007a5560000, 0x00000007a5560000)
  from space 21824K,  24% used [0x00000007a6ab0000, 0x00000007a6fdda28, 0x00000007a8000000)
  to   space 21824K,   0% used [0x00000007a5560000, 0x00000007a5560000, 0x00000007a6ab0000)
 concurrent mark-sweep generation total 393216K, used 145095K [0x00000007a8000000, 0x00000007c0000000, 0x00000007c0000000)
 Metaspace       used 37508K, capacity 38620K, committed 38884K, reserved 1083392K
  class space    used 4449K, capacity 4765K, committed 4836K, reserved 1048576K
2018-04-03T13:40:20.343+0700: 60.606: [GC (Allocation Failure) 2018-04-03T13:40:20.343+0700: 60.606: [ParNew
Desired survivor size 20112992 bytes, new threshold 8 (max 8)
- age   1:     292056 bytes,     292056 total
- age   2:    3380312 bytes,    3672368 total
- age   3:     205808 bytes,    3878176 total
- age   4:     207248 bytes,    4085424 total
- age   5:     137040 bytes,    4222464 total
- age   6:     169544 bytes,    4392008 total
- age   7:     202952 bytes,    4594960 total
- age   8:     202552 bytes,    4797512 total
: 92726K->4702K(109248K), 0.0059390 secs] 237821K->150558K(502464K), 0.0060409 secs] [Times: user=0.02 sys=0.00, real=0.00 secs] 
Heap after GC invocations=376 (full 1):
 par new generation   total 109248K, used 4702K [0x00000007a0000000, 0x00000007a8000000, 0x00000007a8000000)
  eden space 87424K,   0% used [0x00000007a0000000, 0x00000007a0000000, 0x00000007a5560000)
  from space 21824K,  21% used [0x00000007a5560000, 0x00000007a59f7ad8, 0x00000007a6ab0000)
  to   space 21824K,   0% used [0x00000007a6ab0000, 0x00000007a6ab0000, 0x00000007a8000000)
 concurrent mark-sweep generation total 393216K, used 145856K [0x00000007a8000000, 0x00000007c0000000, 0x00000007c0000000)
 Metaspace       used 37508K, capacity 38620K, committed 38884K, reserved 1083392K
  class space    used 4449K, capacity 4765K, committed 4836K, reserved 1048576K
}
2018-04-03T13:40:20.349+0700: 60.612: Total time for which application threads were stopped: 0.0062801 seconds, Stopping threads took: 0.0000230 seconds
{Heap before GC invocations=376 (full 1):
 par new generation   total 109248K, used 92126K [0x00000007a0000000, 0x00000007a8000000, 0x00000007a8000000)
  eden space 87424K, 100% used [0x00000007a0000000, 0x00000007a5560000, 0x00000007a5560000)
  from space 21824K,  21% used [0x00000007a5560000, 0x00000007a59f7ad8, 0x00000007a6ab0000)
  to   space 21824K,   0% used [0x00000007a6ab0000, 0x00000007a6ab0000, 0x00000007a8000000)
 concurrent mark-sweep generation total 393216K, used 145856K [0x00000007a8000000, 0x00000007c0000000, 0x00000007c0000000)
 Metaspace       used 37508K, capacity 38620K, committed 38884K, reserved 1083392K
  class space    used 4449K, capacity 4765K, committed 4836K, reserved 1048576K
2018-04-03T13:40:20.390+0700: 60.653: [GC (Allocation Failure) 2018-04-03T13:40:20.390+0700: 60.653: [ParNew
Desired survivor size 20112992 bytes, new threshold 8 (max 8)
- age   1:    1040280 bytes,    1040280 total
- age   2:     162808 bytes,    1203088 total
- age   3:    3380312 bytes,    4583400 total
- age   4:     205808 bytes,    4789208 total
- age   5:     207248 bytes,    4996456 total
- age   6:     137040 bytes,    5133496 total
- age   7:     169384 bytes,    5302880 total
- age   8:     202952 bytes,    5505832 total
: 92126K->5395K(109248K), 0.0065715 secs] 237982K->151449K(502464K), 0.0066852 secs] [Times: user=0.02 sys=0.00, real=0.00 secs] 
Heap after GC invocations=377 (full 1):
 par new generation   total 109248K, used 5395K [0x00000007a0000000, 0x00000007a8000000, 0x00000007a8000000)
  eden space 87424K,   0% used [0x00000007a0000000, 0x00000007a0000000, 0x00000007a5560000)
  from space 21824K,  24% used [0x00000007a6ab0000, 0x00000007a6ff4f48, 0x00000007a8000000)
  to   space 21824K,   0% used [0x00000007a5560000, 0x00000007a5560000, 0x00000007a6ab0000)
 concurrent mark-sweep generation total 393216K, used 146053K [0x00000007a8000000, 0x00000007c0000000, 0x00000007c0000000)
 Metaspace       used 37508K, capacity 38620K, committed 38884K, reserved 1083392K
  class space    used 4449K, capacity 4765K, committed 4836K, reserved 1048576K
}
2018-04-03T13:40:20.397+0700: 60.660: Total time for which application threads were stopped: 0.0068950 seconds, Stopping threads took: 0.0000205 seconds
{Heap before GC invocations=377 (full 1):
 par new generation   total 109248K, used 92819K [0x00000007a0000000, 0x00000007a8000000, 0x00000007a8000000)
  eden space 87424K, 100% used [0x00000007a0000000, 0x00000007a5560000, 0x00000007a5560000)
  from space 21824K,  24% used [0x00000007a6ab0000, 0x00000007a6ff4f48, 0x00000007a8000000)
  to   space 21824K,   0% used [0x00000007a5560000, 0x00000007a5560000, 0x00000007a6ab0000)
 concurrent mark-sweep generation total 393216K, used 146053K [0x00000007a8000000, 0x00000007c0000000, 0x00000007c0000000)
 Metaspace       used 37508K, capacity 38620K, committed 38884K, reserved 1083392K
  class space    used 4449K, capacity 4765K, committed 4836K, reserved 1048576K
2018-04-03T13:40:20.434+0700: 60.697: [GC (Allocation Failure) 2018-04-03T13:40:20.434+0700: 60.697: [ParNew
Desired survivor size 20112992 bytes, new threshold 8 (max 8)
- age   1:     353112 bytes,     353112 total
- age   2:     925376 bytes,    1278488 total
- age   3:     162808 bytes,    1441296 total
- age   4:    3380312 bytes,    4821608 total
- age   5:     205808 bytes,    5027416 total
- age   6:     207248 bytes,    5234664 total
- age   7:     137040 bytes,    5371704 total
- age   8:     169384 bytes,    5541088 total
: 92819K->5469K(109248K), 0.0055830 secs] 238873K->151721K(502464K), 0.0056758 secs] [Times: user=0.02 sys=0.00, real=0.01 secs] 
Heap after GC invocations=378 (full 1):
 par new generation   total 109248K, used 5469K [0x00000007a0000000, 0x00000007a8000000, 0x00000007a8000000)
  eden space 87424K,   0% used [0x00000007a0000000, 0x00000007a0000000, 0x00000007a5560000)
  from space 21824K,  25% used [0x00000007a5560000, 0x00000007a5ab75a8, 0x00000007a6ab0000)
  to   space 21824K,   0% used [0x00000007a6ab0000, 0x00000007a6ab0000, 0x00000007a8000000)
 concurrent mark-sweep generation total 393216K, used 146251K [0x00000007a8000000, 0x00000007c0000000, 0x00000007c0000000)
 Metaspace       used 37508K, capacity 38620K, committed 38884K, reserved 1083392K
  class space    used 4449K, capacity 4765K, committed 4836K, reserved 1048576K
}
2018-04-03T13:40:20.440+0700: 60.703: Total time for which application threads were stopped: 0.0058694 seconds, Stopping threads took: 0.0000380 seconds
{Heap before GC invocations=378 (full 1):
 par new generation   total 109248K, used 92893K [0x00000007a0000000, 0x00000007a8000000, 0x00000007a8000000)
  eden space 87424K, 100% used [0x00000007a0000000, 0x00000007a5560000, 0x00000007a5560000)
  from space 21824K,  25% used [0x00000007a5560000, 0x00000007a5ab75a8, 0x00000007a6ab0000)
  to   space 21824K,   0% used [0x00000007a6ab0000, 0x00000007a6ab0000, 0x00000007a8000000)
 concurrent mark-sweep generation total 393216K, used 146251K [0x00000007a8000000, 0x00000007c0000000, 0x00000007c0000000)
 Metaspace       used 37508K, capacity 38620K, committed 38884K, reserved 1083392K
  class space    used 4449K, capacity 4765K, committed 4836K, reserved 1048576K
2018-04-03T13:40:20.482+0700: 60.745: [GC (Allocation Failure) 2018-04-03T13:40:20.482+0700: 60.745: [ParNew
Desired survivor size 20112992 bytes, new threshold 8 (max 8)
- age   1:     315088 bytes,     315088 total
- age   2:     235792 bytes,     550880 total
- age   3:     925376 bytes,    1476256 total
- age   4:     162808 bytes,    1639064 total
- age   5:    3380312 bytes,    5019376 total
- age   6:     205808 bytes,    5225184 total
- age   7:     207248 bytes,    5432432 total
- age   8:     136432 bytes,    5568864 total
: 92893K->5457K(109248K), 0.0061077 secs] 239145K->151874K(502464K), 0.0061933 secs] [Times: user=0.02 sys=0.01, real=0.00 secs] 
Heap after GC invocations=379 (full 1):
 par new generation   total 109248K, used 5457K [0x00000007a0000000, 0x00000007a8000000, 0x00000007a8000000)
  eden space 87424K,   0% used [0x00000007a0000000, 0x00000007a0000000, 0x00000007a5560000)
  from space 21824K,  25% used [0x00000007a6ab0000, 0x00000007a70046b8, 0x00000007a8000000)
  to   space 21824K,   0% used [0x00000007a5560000, 0x00000007a5560000, 0x00000007a6ab0000)
 concurrent mark-sweep generation total 393216K, used 146417K [0x00000007a8000000, 0x00000007c0000000, 0x00000007c0000000)
 Metaspace       used 37508K, capacity 38620K, committed 38884K, reserved 1083392K
  class space    used 4449K, capacity 4765K, committed 4836K, reserved 1048576K
}
2018-04-03T13:40:20.488+0700: 60.751: Total time for which application threads were stopped: 0.0064083 seconds, Stopping threads took: 0.0000214 seconds
{Heap before GC invocations=379 (full 1):
 par new generation   total 109248K, used 92881K [0x00000007a0000000, 0x00000007a8000000, 0x00000007a8000000)
  eden space 87424K, 100% used [0x00000007a0000000, 0x00000007a5560000, 0x00000007a5560000)
  from space 21824K,  25% used [0x00000007a6ab0000, 0x00000007a70046b8, 0x00000007a8000000)
  to   space 21824K,   0% used [0x00000007a5560000, 0x00000007a5560000, 0x00000007a6ab0000)
 concurrent mark-sweep generation total 393216K, used 146417K [0x00000007a8000000, 0x00000007c0000000, 0x00000007c0000000)
 Metaspace       used 37508K, capacity 38620K, committed 38884K, reserved 1083392K
  class space    used 4449K, capacity 4765K, committed 4836K, reserved 1048576K
2018-04-03T13:40:20.532+0700: 60.795: [GC (Allocation Failure) 2018-04-03T13:40:20.532+0700: 60.795: [ParNew
Desired survivor size 20112992 bytes, new threshold 8 (max 8)
- age   1:     182336 bytes,     182336 total
- age   2:     207680 bytes,     390016 total
- age   3:     235792 bytes,     625808 total
- age   4:     925376 bytes,    1551184 total
- age   5:     162808 bytes,    1713992 total
- age   6:    3380312 bytes,    5094304 total
- age   7:     205808 bytes,    5300112 total
- age   8:     207248 bytes,    5507360 total
: 92881K->5426K(109248K), 0.0061830 secs] 239298K->151976K(502464K), 0.0062693 secs] [Times: user=0.01 sys=0.00, real=0.00 secs] 
Heap after GC invocations=380 (full 1):
 par new generation   total 109248K, used 5426K [0x00000007a0000000, 0x00000007a8000000, 0x00000007a8000000)
  eden space 87424K,   0% used [0x00000007a0000000, 0x00000007a0000000, 0x00000007a5560000)
  from space 21824K,  24% used [0x00000007a5560000, 0x00000007a5aac9a8, 0x00000007a6ab0000)
  to   space 21824K,   0% used [0x00000007a6ab0000, 0x00000007a6ab0000, 0x00000007a8000000)
 concurrent mark-sweep generation total 393216K, used 146550K [0x00000007a8000000, 0x00000007c0000000, 0x00000007c0000000)
 Metaspace       used 37508K, capacity 38620K, committed 38884K, reserved 1083392K
  class space    used 4449K, capacity 4765K, committed 4836K, reserved 1048576K
}
2018-04-03T13:40:20.538+0700: 60.801: Total time for which application threads were stopped: 0.0064741 seconds, Stopping threads took: 0.0000401 seconds
{Heap before GC invocations=380 (full 1):
 par new generation   total 109248K, used 92850K [0x00000007a0000000, 0x00000007a8000000, 0x00000007a8000000)
  eden space 87424K, 100% used [0x00000007a0000000, 0x00000007a5560000, 0x00000007a5560000)
  from space 21824K,  24% used [0x00000007a5560000, 0x00000007a5aac9a8, 0x00000007a6ab0000)
  to   space 21824K,   0% used [0x00000007a6ab0000, 0x00000007a6ab0000, 0x00000007a8000000)
 concurrent mark-sweep generation total 393216K, used 146550K [0x00000007a8000000, 0x00000007c0000000, 0x00000007c0000000)
 Metaspace       used 37508K, capacity 38620K, committed 38884K, reserved 1083392K
  class space    used 4449K, capacity 4765K, committed 4836K, reserved 1048576K
2018-04-03T13:40:20.985+0700: 61.248: [GC (Allocation Failure) 2018-04-03T13:40:20.985+0700: 61.248: [ParNew
Desired survivor size 20112992 bytes, new threshold 8 (max 8)
- age   1:     871400 bytes,     871400 total
- age   2:     104712 bytes,     976112 total
- age   3:     207680 bytes,    1183792 total
- age   4:     235792 bytes,    1419584 total
- age   5:     925200 bytes,    2344784 total
- age   6:     162808 bytes,    2507592 total
- age   7:    3380312 bytes,    5887904 total
- age   8:     202640 bytes,    6090544 total
: 92850K->5965K(109248K), 0.0056523 secs] 239400K->152718K(502464K), 0.0057392 secs] [Times: user=0.02 sys=0.01, real=0.01 secs] 
Heap after GC invocations=381 (full 1):
 par new generation   total 109248K, used 5965K [0x00000007a0000000, 0x00000007a8000000, 0x00000007a8000000)
  eden space 87424K,   0% used [0x00000007a0000000, 0x00000007a0000000, 0x00000007a5560000)
  from space 21824K,  27% used [0x00000007a6ab0000, 0x00000007a7083670, 0x00000007a8000000)
  to   space 21824K,   0% used [0x00000007a5560000, 0x00000007a5560000, 0x00000007a6ab0000)
 concurrent mark-sweep generation total 393216K, used 146752K [0x00000007a8000000, 0x00000007c0000000, 0x00000007c0000000)
 Metaspace       used 37508K, capacity 38620K, committed 38884K, reserved 1083392K
  class space    used 4449K, capacity 4765K, committed 4836K, reserved 1048576K
}
2018-04-03T13:40:20.990+0700: 61.253: Total time for which application threads were stopped: 0.0059343 seconds, Stopping threads took: 0.0000212 seconds
{Heap before GC invocations=381 (full 1):
 par new generation   total 109248K, used 93389K [0x00000007a0000000, 0x00000007a8000000, 0x00000007a8000000)
  eden space 87424K, 100% used [0x00000007a0000000, 0x00000007a5560000, 0x00000007a5560000)
  from space 21824K,  27% used [0x00000007a6ab0000, 0x00000007a7083670, 0x00000007a8000000)
  to   space 21824K,   0% used [0x00000007a5560000, 0x00000007a5560000, 0x00000007a6ab0000)
 concurrent mark-sweep generation total 393216K, used 146752K [0x00000007a8000000, 0x00000007c0000000, 0x00000007c0000000)
 Metaspace       used 37508K, capacity 38620K, committed 38884K, reserved 1083392K
  class space    used 4449K, capacity 4765K, committed 4836K, reserved 1048576K
2018-04-03T13:40:21.317+0700: 61.580: [GC (Allocation Failure) 2018-04-03T13:40:21.317+0700: 61.580: [ParNew
Desired survivor size 20112992 bytes, new threshold 8 (max 8)
- age   1:      25472 bytes,      25472 total
- age   2:     832896 bytes,     858368 total
- age   3:     104712 bytes,     963080 total
- age   4:     207680 bytes,    1170760 total
- age   5:     235792 bytes,    1406552 total
- age   6:     925200 bytes,    2331752 total
- age   7:     162808 bytes,    2494560 total
- age   8:    3380312 bytes,    5874872 total
: 93389K->5770K(109248K), 0.0058135 secs] 240142K->152721K(502464K), 0.0058902 secs] [Times: user=0.02 sys=0.00, real=0.01 secs] 
Heap after GC invocations=382 (full 1):
 par new generation   total 109248K, used 5770K [0x00000007a0000000, 0x00000007a8000000, 0x00000007a8000000)
  eden space 87424K,   0% used [0x00000007a0000000, 0x00000007a0000000, 0x00000007a5560000)
  from space 21824K,  26% used [0x00000007a5560000, 0x00000007a5b02a00, 0x00000007a6ab0000)
  to   space 21824K,   0% used [0x00000007a6ab0000, 0x00000007a6ab0000, 0x00000007a8000000)
 concurrent mark-sweep generation total 393216K, used 146950K [0x00000007a8000000, 0x00000007c0000000, 0x00000007c0000000)
 Metaspace       used 37508K, capacity 38620K, committed 38884K, reserved 1083392K
  class space    used 4449K, capacity 4765K, committed 4836K, reserved 1048576K
}
2018-04-03T13:40:21.323+0700: 61.586: Total time for which application threads were stopped: 0.0060667 seconds, Stopping threads took: 0.0000208 seconds
{Heap before GC invocations=382 (full 1):
 par new generation   total 109248K, used 93194K [0x00000007a0000000, 0x00000007a8000000, 0x00000007a8000000)
  eden space 87424K, 100% used [0x00000007a0000000, 0x00000007a5560000, 0x00000007a5560000)
  from space 21824K,  26% used [0x00000007a5560000, 0x00000007a5b02a00, 0x00000007a6ab0000)
  to   space 21824K,   0% used [0x00000007a6ab0000, 0x00000007a6ab0000, 0x00000007a8000000)
 concurrent mark-sweep generation total 393216K, used 146950K [0x00000007a8000000, 0x00000007c0000000, 0x00000007c0000000)
 Metaspace       used 37508K, capacity 38620K, committed 38884K, reserved 1083392K
  class space    used 4449K, capacity 4765K, committed 4836K, reserved 1048576K
2018-04-03T13:40:21.624+0700: 61.887: [GC (Allocation Failure) 2018-04-03T13:40:21.624+0700: 61.887: [ParNew
Desired survivor size 20112992 bytes, new threshold 8 (max 8)
- age   1:      28648 bytes,      28648 total
- age   2:         88 bytes,      28736 total
- age   3:     832896 bytes,     861632 total
- age   4:     104712 bytes,     966344 total
- age   5:     207680 bytes,    1174024 total
- age   6:     235792 bytes,    1409816 total
- age   7:     925200 bytes,    2335016 total
- age   8:     162808 bytes,    2497824 total
: 93194K->2545K(109248K), 0.0052705 secs] 240145K->152797K(502464K), 0.0053491 secs] [Times: user=0.01 sys=0.00, real=0.00 secs] 
Heap after GC invocations=383 (full 1):
 par new generation   total 109248K, used 2545K [0x00000007a0000000, 0x00000007a8000000, 0x00000007a8000000)
  eden space 87424K,   0% used [0x00000007a0000000, 0x00000007a0000000, 0x00000007a5560000)
  from space 21824K,  11% used [0x00000007a6ab0000, 0x00000007a6d2c4c8, 0x00000007a8000000)
  to   space 21824K,   0% used [0x00000007a5560000, 0x00000007a5560000, 0x00000007a6ab0000)
 concurrent mark-sweep generation total 393216K, used 150251K [0x00000007a8000000, 0x00000007c0000000, 0x00000007c0000000)
 Metaspace       used 37508K, capacity 38620K, committed 38884K, reserved 1083392K
  class space    used 4449K, capacity 4765K, committed 4836K, reserved 1048576K
}
2018-04-03T13:40:21.629+0700: 61.892: Total time for which application threads were stopped: 0.0055205 seconds, Stopping threads took: 0.0000217 seconds
{Heap before GC invocations=383 (full 1):
 par new generation   total 109248K, used 89969K [0x00000007a0000000, 0x00000007a8000000, 0x00000007a8000000)
  eden space 87424K, 100% used [0x00000007a0000000, 0x00000007a5560000, 0x00000007a5560000)
  from space 21824K,  11% used [0x00000007a6ab0000, 0x00000007a6d2c4c8, 0x00000007a8000000)
  to   space 21824K,   0% used [0x00000007a5560000, 0x00000007a5560000, 0x00000007a6ab0000)
 concurrent mark-sweep generation total 393216K, used 150251K [0x00000007a8000000, 0x00000007c0000000, 0x00000007c0000000)
 Metaspace       used 37508K, capacity 38620K, committed 38884K, reserved 1083392K
  class space    used 4449K, capacity 4765K, committed 4836K, reserved 1048576K
2018-04-03T13:40:22.015+0700: 62.278: [GC (Allocation Failure) 2018-04-03T13:40:22.015+0700: 62.278: [ParNew
Desired survivor size 20112992 bytes, new threshold 8 (max 8)
- age   1:      53128 bytes,      53128 total
- age   3:         88 bytes,      53216 total
- age   4:     832896 bytes,     886112 total
- age   5:     104712 bytes,     990824 total
- age   6:     207680 bytes,    1198504 total
- age   7:     235792 bytes,    1434296 total
- age   8:     925200 bytes,    2359496 total
: 89969K->2542K(109248K), 0.0055649 secs] 240221K->152953K(502464K), 0.0056374 secs] [Times: user=0.02 sys=0.00, real=0.01 secs] 
Heap after GC invocations=384 (full 1):
 par new generation   total 109248K, used 2542K [0x00000007a0000000, 0x00000007a8000000, 0x00000007a8000000)
  eden space 87424K,   0% used [0x00000007a0000000, 0x00000007a0000000, 0x00000007a5560000)
  from space 21824K,  11% used [0x00000007a5560000, 0x00000007a57dbae8, 0x00000007a6ab0000)
  to   space 21824K,   0% used [0x00000007a6ab0000, 0x00000007a6ab0000, 0x00000007a8000000)
 concurrent mark-sweep generation total 393216K, used 150410K [0x00000007a8000000, 0x00000007c0000000, 0x00000007c0000000)
 Metaspace       used 37508K, capacity 38620K, committed 38884K, reserved 1083392K
  class space    used 4449K, capacity 4765K, committed 4836K, reserved 1048576K
}
2018-04-03T13:40:22.021+0700: 62.284: Total time for which application threads were stopped: 0.0058241 seconds, Stopping threads took: 0.0000208 seconds
{Heap before GC invocations=384 (full 1):
 par new generation   total 109248K, used 89966K [0x00000007a0000000, 0x00000007a8000000, 0x00000007a8000000)
  eden space 87424K, 100% used [0x00000007a0000000, 0x00000007a5560000, 0x00000007a5560000)
  from space 21824K,  11% used [0x00000007a5560000, 0x00000007a57dbae8, 0x00000007a6ab0000)
  to   space 21824K,   0% used [0x00000007a6ab0000, 0x00000007a6ab0000, 0x00000007a8000000)
 concurrent mark-sweep generation total 393216K, used 150410K [0x00000007a8000000, 0x00000007c0000000, 0x00000007c0000000)
 Metaspace       used 37508K, capacity 38620K, committed 38884K, reserved 1083392K
  class space    used 4449K, capacity 4765K, committed 4836K, reserved 1048576K
2018-04-03T13:40:22.389+0700: 62.652: [GC (Allocation Failure) 2018-04-03T13:40:22.389+0700: 62.652: [ParNew
Desired survivor size 20112992 bytes, new threshold 8 (max 8)
- age   1:      36448 bytes,      36448 total
- age   4:         88 bytes,      36536 total
- age   5:     832896 bytes,     869432 total
- age   6:     104712 bytes,     974144 total
- age   7:     207680 bytes,    1181824 total
- age   8:     235792 bytes,    1417616 total
: 89966K->1694K(109248K), 0.0051657 secs] 240377K->153008K(502464K), 0.0052505 secs] [Times: user=0.01 sys=0.00, real=0.01 secs] 
Heap after GC invocations=385 (full 1):
 par new generation   total 109248K, used 1694K [0x00000007a0000000, 0x00000007a8000000, 0x00000007a8000000)
  eden space 87424K,   0% used [0x00000007a0000000, 0x00000007a0000000, 0x00000007a5560000)
  from space 21824K,   7% used [0x00000007a6ab0000, 0x00000007a6c57a78, 0x00000007a8000000)
  to   space 21824K,   0% used [0x00000007a5560000, 0x00000007a5560000, 0x00000007a6ab0000)
 concurrent mark-sweep generation total 393216K, used 151314K [0x00000007a8000000, 0x00000007c0000000, 0x00000007c0000000)
 Metaspace       used 37508K, capacity 38620K, committed 38884K, reserved 1083392K
  class space    used 4449K, capacity 4765K, committed 4836K, reserved 1048576K
}
2018-04-03T13:40:22.394+0700: 62.657: Total time for which application threads were stopped: 0.0055150 seconds, Stopping threads took: 0.0000230 seconds
{Heap before GC invocations=385 (full 1):
 par new generation   total 109248K, used 89118K [0x00000007a0000000, 0x00000007a8000000, 0x00000007a8000000)
  eden space 87424K, 100% used [0x00000007a0000000, 0x00000007a5560000, 0x00000007a5560000)
  from space 21824K,   7% used [0x00000007a6ab0000, 0x00000007a6c57a78, 0x00000007a8000000)
  to   space 21824K,   0% used [0x00000007a5560000, 0x00000007a5560000, 0x00000007a6ab0000)
 concurrent mark-sweep generation total 393216K, used 151314K [0x00000007a8000000, 0x00000007c0000000, 0x00000007c0000000)
 Metaspace       used 37508K, capacity 38620K, committed 38884K, reserved 1083392K
  class space    used 4449K, capacity 4765K, committed 4836K, reserved 1048576K
2018-04-03T13:40:22.714+0700: 62.977: [GC (Allocation Failure) 2018-04-03T13:40:22.714+0700: 62.978: [ParNew
Desired survivor size 20112992 bytes, new threshold 8 (max 8)
- age   1:      15296 bytes,      15296 total
- age   5:         88 bytes,      15384 total
- age   6:     832896 bytes,     848280 total
- age   7:     104712 bytes,     952992 total
- age   8:     207680 bytes,    1160672 total
: 89118K->1274K(109248K), 0.0057555 secs] 240432K->152818K(502464K), 0.0060048 secs] [Times: user=0.01 sys=0.00, real=0.01 secs] 
Heap after GC invocations=386 (full 1):
 par new generation   total 109248K, used 1274K [0x00000007a0000000, 0x00000007a8000000, 0x00000007a8000000)
  eden space 87424K,   0% used [0x00000007a0000000, 0x00000007a0000000, 0x00000007a5560000)
  from space 21824K,   5% used [0x00000007a5560000, 0x00000007a569e948, 0x00000007a6ab0000)
  to   space 21824K,   0% used [0x00000007a6ab0000, 0x00000007a6ab0000, 0x00000007a8000000)
 concurrent mark-sweep generation total 393216K, used 151544K [0x00000007a8000000, 0x00000007c0000000, 0x00000007c0000000)
 Metaspace       used 37508K, capacity 38620K, committed 38884K, reserved 1083392K
  class space    used 4449K, capacity 4765K, committed 4836K, reserved 1048576K
}
2018-04-03T13:40:22.720+0700: 62.983: Total time for which application threads were stopped: 0.0062118 seconds, Stopping threads took: 0.0000234 seconds
{Heap before GC invocations=386 (full 1):
 par new generation   total 109248K, used 88698K [0x00000007a0000000, 0x00000007a8000000, 0x00000007a8000000)
  eden space 87424K, 100% used [0x00000007a0000000, 0x00000007a5560000, 0x00000007a5560000)
  from space 21824K,   5% used [0x00000007a5560000, 0x00000007a569e948, 0x00000007a6ab0000)
  to   space 21824K,   0% used [0x00000007a6ab0000, 0x00000007a6ab0000, 0x00000007a8000000)
 concurrent mark-sweep generation total 393216K, used 151544K [0x00000007a8000000, 0x00000007c0000000, 0x00000007c0000000)
 Metaspace       used 37508K, capacity 38620K, committed 38884K, reserved 1083392K
  class space    used 4449K, capacity 4765K, committed 4836K, reserved 1048576K
2018-04-03T13:40:23.158+0700: 63.421: [GC (Allocation Failure) 2018-04-03T13:40:23.158+0700: 63.421: [ParNew
Desired survivor size 20112992 bytes, new threshold 8 (max 8)
- age   1:     683024 bytes,     683024 total
- age   7:     761888 bytes,    1444912 total
- age   8:     104712 bytes,    1549624 total
: 88698K->1607K(109248K), 0.0054068 secs] 240242K->153355K(502464K), 0.0055047 secs] [Times: user=0.01 sys=0.00, real=0.01 secs] 
Heap after GC invocations=387 (full 1):
 par new generation   total 109248K, used 1607K [0x00000007a0000000, 0x00000007a8000000, 0x00000007a8000000)
  eden space 87424K,   0% used [0x00000007a0000000, 0x00000007a0000000, 0x00000007a5560000)
  from space 21824K,   7% used [0x00000007a6ab0000, 0x00000007a6c41e78, 0x00000007a8000000)
  to   space 21824K,   0% used [0x00000007a5560000, 0x00000007a5560000, 0x00000007a6ab0000)
 concurrent mark-sweep generation total 393216K, used 151747K [0x00000007a8000000, 0x00000007c0000000, 0x00000007c0000000)
 Metaspace       used 37508K, capacity 38620K, committed 38884K, reserved 1083392K
  class space    used 4449K, capacity 4765K, committed 4836K, reserved 1048576K
}
2018-04-03T13:40:23.164+0700: 63.427: Total time for which application threads were stopped: 0.0057535 seconds, Stopping threads took: 0.0000236 seconds
{Heap before GC invocations=387 (full 1):
 par new generation   total 109248K, used 89031K [0x00000007a0000000, 0x00000007a8000000, 0x00000007a8000000)
  eden space 87424K, 100% used [0x00000007a0000000, 0x00000007a5560000, 0x00000007a5560000)
  from space 21824K,   7% used [0x00000007a6ab0000, 0x00000007a6c41e78, 0x00000007a8000000)
  to   space 21824K,   0% used [0x00000007a5560000, 0x00000007a5560000, 0x00000007a6ab0000)
 concurrent mark-sweep generation total 393216K, used 151747K [0x00000007a8000000, 0x00000007c0000000, 0x00000007c0000000)
 Metaspace       used 37508K, capacity 38620K, committed 38884K, reserved 1083392K
  class space    used 4449K, capacity 4765K, committed 4836K, reserved 1048576K
2018-04-03T13:40:23.249+0700: 63.512: [GC (Allocation Failure) 2018-04-03T13:40:23.249+0700: 63.512: [ParNew
Desired survivor size 20112992 bytes, new threshold 8 (max 8)
- age   1:     139232 bytes,     139232 total
- age   2:      49640 bytes,     188872 total
- age   8:     761888 bytes,     950760 total
: 89031K->1411K(109248K), 0.0059730 secs] 240779K->153261K(502464K), 0.0060649 secs] [Times: user=0.02 sys=0.00, real=0.01 secs] 
Heap after GC invocations=388 (full 1):
 par new generation   total 109248K, used 1411K [0x00000007a0000000, 0x00000007a8000000, 0x00000007a8000000)
  eden space 87424K,   0% used [0x00000007a0000000, 0x00000007a0000000, 0x00000007a5560000)
  from space 21824K,   6% used [0x00000007a5560000, 0x00000007a56c0ff8, 0x00000007a6ab0000)
  to   space 21824K,   0% used [0x00000007a6ab0000, 0x00000007a6ab0000, 0x00000007a8000000)
 concurrent mark-sweep generation total 393216K, used 151849K [0x00000007a8000000, 0x00000007c0000000, 0x00000007c0000000)
 Metaspace       used 37508K, capacity 38620K, committed 38884K, reserved 1083392K
  class space    used 4449K, capacity 4765K, committed 4836K, reserved 1048576K
}
2018-04-03T13:40:23.255+0700: 63.518: Total time for which application threads were stopped: 0.0063000 seconds, Stopping threads took: 0.0000191 seconds
{Heap before GC invocations=388 (full 1):
 par new generation   total 109248K, used 88835K [0x00000007a0000000, 0x00000007a8000000, 0x00000007a8000000)
  eden space 87424K, 100% used [0x00000007a0000000, 0x00000007a5560000, 0x00000007a5560000)
  from space 21824K,   6% used [0x00000007a5560000, 0x00000007a56c0ff8, 0x00000007a6ab0000)
  to   space 21824K,   0% used [0x00000007a6ab0000, 0x00000007a6ab0000, 0x00000007a8000000)
 concurrent mark-sweep generation total 393216K, used 151849K [0x00000007a8000000, 0x00000007c0000000, 0x00000007c0000000)
 Metaspace       used 37508K, capacity 38620K, committed 38884K, reserved 1083392K
  class space    used 4449K, capacity 4765K, committed 4836K, reserved 1048576K
2018-04-03T13:40:23.434+0700: 63.697: [GC (Allocation Failure) 2018-04-03T13:40:23.434+0700: 63.698: [ParNew
Desired survivor size 20112992 bytes, new threshold 8 (max 8)
- age   1:     582776 bytes,     582776 total
- age   3:       1072 bytes,     583848 total
: 88835K->630K(109248K), 0.0060677 secs] 240685K->152940K(502464K), 0.0061488 secs] [Times: user=0.02 sys=0.00, real=0.01 secs] 
Heap after GC invocations=389 (full 1):
 par new generation   total 109248K, used 630K [0x00000007a0000000, 0x00000007a8000000, 0x00000007a8000000)
  eden space 87424K,   0% used [0x00000007a0000000, 0x00000007a0000000, 0x00000007a5560000)
  from space 21824K,   2% used [0x00000007a6ab0000, 0x00000007a6b4d920, 0x00000007a8000000)
  to   space 21824K,   0% used [0x00000007a5560000, 0x00000007a5560000, 0x00000007a6ab0000)
 concurrent mark-sweep generation total 393216K, used 152310K [0x00000007a8000000, 0x00000007c0000000, 0x00000007c0000000)
 Metaspace       used 37508K, capacity 38620K, committed 38884K, reserved 1083392K
  class space    used 4449K, capacity 4765K, committed 4836K, reserved 1048576K
}
2018-04-03T13:40:23.441+0700: 63.704: Total time for which application threads were stopped: 0.0063522 seconds, Stopping threads took: 0.0000262 seconds
{Heap before GC invocations=389 (full 1):
 par new generation   total 109248K, used 88054K [0x00000007a0000000, 0x00000007a8000000, 0x00000007a8000000)
  eden space 87424K, 100% used [0x00000007a0000000, 0x00000007a5560000, 0x00000007a5560000)
  from space 21824K,   2% used [0x00000007a6ab0000, 0x00000007a6b4d920, 0x00000007a8000000)
  to   space 21824K,   0% used [0x00000007a5560000, 0x00000007a5560000, 0x00000007a6ab0000)
 concurrent mark-sweep generation total 393216K, used 152310K [0x00000007a8000000, 0x00000007c0000000, 0x00000007c0000000)
 Metaspace       used 37508K, capacity 38620K, committed 38884K, reserved 1083392K
  class space    used 4449K, capacity 4765K, committed 4836K, reserved 1048576K
2018-04-03T13:40:23.469+0700: 63.732: [GC (Allocation Failure) 2018-04-03T13:40:23.469+0700: 63.732: [ParNew
Desired survivor size 20112992 bytes, new threshold 8 (max 8)
- age   1:     487472 bytes,     487472 total
- age   2:     405544 bytes,     893016 total
- age   4:       1072 bytes,     894088 total
: 88054K->952K(109248K), 0.0054980 secs] 240364K->153263K(502464K), 0.0055825 secs] [Times: user=0.01 sys=0.00, real=0.01 secs] 
Heap after GC invocations=390 (full 1):
 par new generation   total 109248K, used 952K [0x00000007a0000000, 0x00000007a8000000, 0x00000007a8000000)
  eden space 87424K,   0% used [0x00000007a0000000, 0x00000007a0000000, 0x00000007a5560000)
  from space 21824K,   4% used [0x00000007a5560000, 0x00000007a564e2c8, 0x00000007a6ab0000)
  to   space 21824K,   0% used [0x00000007a6ab0000, 0x00000007a6ab0000, 0x00000007a8000000)
 concurrent mark-sweep generation total 393216K, used 152310K [0x00000007a8000000, 0x00000007c0000000, 0x00000007c0000000)
 Metaspace       used 37508K, capacity 38620K, committed 38884K, reserved 1083392K
  class space    used 4449K, capacity 4765K, committed 4836K, reserved 1048576K
}
2018-04-03T13:40:23.475+0700: 63.738: Total time for which application threads were stopped: 0.0057698 seconds, Stopping threads took: 0.0000192 seconds
{Heap before GC invocations=390 (full 1):
 par new generation   total 109248K, used 88376K [0x00000007a0000000, 0x00000007a8000000, 0x00000007a8000000)
  eden space 87424K, 100% used [0x00000007a0000000, 0x00000007a5560000, 0x00000007a5560000)
  from space 21824K,   4% used [0x00000007a5560000, 0x00000007a564e2c8, 0x00000007a6ab0000)
  to   space 21824K,   0% used [0x00000007a6ab0000, 0x00000007a6ab0000, 0x00000007a8000000)
 concurrent mark-sweep generation total 393216K, used 152310K [0x00000007a8000000, 0x00000007c0000000, 0x00000007c0000000)
 Metaspace       used 37508K, capacity 38620K, committed 38884K, reserved 1083392K
  class space    used 4449K, capacity 4765K, committed 4836K, reserved 1048576K
2018-04-03T13:40:23.505+0700: 63.768: [GC (Allocation Failure) 2018-04-03T13:40:23.505+0700: 63.768: [ParNew
Desired survivor size 20112992 bytes, new threshold 8 (max 8)
- age   1:     622256 bytes,     622256 total
- age   2:     202384 bytes,     824640 total
- age   3:     392328 bytes,    1216968 total
- age   5:       1072 bytes,    1218040 total
: 88376K->1452K(109248K), 0.0056631 secs] 240687K->153763K(502464K), 0.0057612 secs] [Times: user=0.02 sys=0.00, real=0.01 secs] 
Heap after GC invocations=391 (full 1):
 par new generation   total 109248K, used 1452K [0x00000007a0000000, 0x00000007a8000000, 0x00000007a8000000)
  eden space 87424K,   0% used [0x00000007a0000000, 0x00000007a0000000, 0x00000007a5560000)
  from space 21824K,   6% used [0x00000007a6ab0000, 0x00000007a6c1b360, 0x00000007a8000000)
  to   space 21824K,   0% used [0x00000007a5560000, 0x00000007a5560000, 0x00000007a6ab0000)
 concurrent mark-sweep generation total 393216K, used 152310K [0x00000007a8000000, 0x00000007c0000000, 0x00000007c0000000)
 Metaspace       used 37508K, capacity 38620K, committed 38884K, reserved 1083392K
  class space    used 4449K, capacity 4765K, committed 4836K, reserved 1048576K
}
2018-04-03T13:40:23.511+0700: 63.774: Total time for which application threads were stopped: 0.0059652 seconds, Stopping threads took: 0.0000234 seconds
{Heap before GC invocations=391 (full 1):
 par new generation   total 109248K, used 88876K [0x00000007a0000000, 0x00000007a8000000, 0x00000007a8000000)
  eden space 87424K, 100% used [0x00000007a0000000, 0x00000007a5560000, 0x00000007a5560000)
  from space 21824K,   6% used [0x00000007a6ab0000, 0x00000007a6c1b360, 0x00000007a8000000)
  to   space 21824K,   0% used [0x00000007a5560000, 0x00000007a5560000, 0x00000007a6ab0000)
 concurrent mark-sweep generation total 393216K, used 152310K [0x00000007a8000000, 0x00000007c0000000, 0x00000007c0000000)
 Metaspace       used 37508K, capacity 38620K, committed 38884K, reserved 1083392K
  class space    used 4449K, capacity 4765K, committed 4836K, reserved 1048576K
2018-04-03T13:40:23.541+0700: 63.804: [GC (Allocation Failure) 2018-04-03T13:40:23.541+0700: 63.804: [ParNew
Desired survivor size 20112992 bytes, new threshold 8 (max 8)
- age   1:     645112 bytes,     645112 total
- age   2:     285376 bytes,     930488 total
- age   3:     202384 bytes,    1132872 total
- age   4:     392272 bytes,    1525144 total
- age   6:       1072 bytes,    1526216 total
: 88876K->1809K(109248K), 0.0059056 secs] 241187K->154120K(502464K), 0.0059984 secs] [Times: user=0.02 sys=0.00, real=0.00 secs] 
Heap after GC invocations=392 (full 1):
 par new generation   total 109248K, used 1809K [0x00000007a0000000, 0x00000007a8000000, 0x00000007a8000000)
  eden space 87424K,   0% used [0x00000007a0000000, 0x00000007a0000000, 0x00000007a5560000)
  from space 21824K,   8% used [0x00000007a5560000, 0x00000007a57247b0, 0x00000007a6ab0000)
  to   space 21824K,   0% used [0x00000007a6ab0000, 0x00000007a6ab0000, 0x00000007a8000000)
 concurrent mark-sweep generation total 393216K, used 152310K [0x00000007a8000000, 0x00000007c0000000, 0x00000007c0000000)
 Metaspace       used 37508K, capacity 38620K, committed 38884K, reserved 1083392K
  class space    used 4449K, capacity 4765K, committed 4836K, reserved 1048576K
}
2018-04-03T13:40:23.547+0700: 63.810: Total time for which application threads were stopped: 0.0062091 seconds, Stopping threads took: 0.0000201 seconds
{Heap before GC invocations=392 (full 1):
 par new generation   total 109248K, used 89233K [0x00000007a0000000, 0x00000007a8000000, 0x00000007a8000000)
  eden space 87424K, 100% used [0x00000007a0000000, 0x00000007a5560000, 0x00000007a5560000)
  from space 21824K,   8% used [0x00000007a5560000, 0x00000007a57247b0, 0x00000007a6ab0000)
  to   space 21824K,   0% used [0x00000007a6ab0000, 0x00000007a6ab0000, 0x00000007a8000000)
 concurrent mark-sweep generation total 393216K, used 152310K [0x00000007a8000000, 0x00000007c0000000, 0x00000007c0000000)
 Metaspace       used 37508K, capacity 38620K, committed 38884K, reserved 1083392K
  class space    used 4449K, capacity 4765K, committed 4836K, reserved 1048576K
2018-04-03T13:40:23.577+0700: 63.840: [GC (Allocation Failure) 2018-04-03T13:40:23.577+0700: 63.840: [ParNew
Desired survivor size 20112992 bytes, new threshold 8 (max 8)
- age   1:     840576 bytes,     840576 total
- age   2:     266672 bytes,    1107248 total
- age   3:     187024 bytes,    1294272 total
- age   4:     202384 bytes,    1496656 total
- age   5:     392272 bytes,    1888928 total
- age   7:       1072 bytes,    1890000 total
: 89233K->2009K(109248K), 0.0055910 secs] 241544K->154319K(502464K), 0.0056699 secs] [Times: user=0.02 sys=0.00, real=0.01 secs] 
Heap after GC invocations=393 (full 1):
 par new generation   total 109248K, used 2009K [0x00000007a0000000, 0x00000007a8000000, 0x00000007a8000000)
  eden space 87424K,   0% used [0x00000007a0000000, 0x00000007a0000000, 0x00000007a5560000)
  from space 21824K,   9% used [0x00000007a6ab0000, 0x00000007a6ca64a0, 0x00000007a8000000)
  to   space 21824K,   0% used [0x00000007a5560000, 0x00000007a5560000, 0x00000007a6ab0000)
 concurrent mark-sweep generation total 393216K, used 152310K [0x00000007a8000000, 0x00000007c0000000, 0x00000007c0000000)
 Metaspace       used 37508K, capacity 38620K, committed 38884K, reserved 1083392K
  class space    used 4449K, capacity 4765K, committed 4836K, reserved 1048576K
}
2018-04-03T13:40:23.583+0700: 63.846: Total time for which application threads were stopped: 0.0058443 seconds, Stopping threads took: 0.0000197 seconds
{Heap before GC invocations=393 (full 1):
 par new generation   total 109248K, used 89433K [0x00000007a0000000, 0x00000007a8000000, 0x00000007a8000000)
  eden space 87424K, 100% used [0x00000007a0000000, 0x00000007a5560000, 0x00000007a5560000)
  from space 21824K,   9% used [0x00000007a6ab0000, 0x00000007a6ca64a0, 0x00000007a8000000)
  to   space 21824K,   0% used [0x00000007a5560000, 0x00000007a5560000, 0x00000007a6ab0000)
 concurrent mark-sweep generation total 393216K, used 152310K [0x00000007a8000000, 0x00000007c0000000, 0x00000007c0000000)
 Metaspace       used 37508K, capacity 38620K, committed 38884K, reserved 1083392K
  class space    used 4449K, capacity 4765K, committed 4836K, reserved 1048576K
2018-04-03T13:40:23.610+0700: 63.873: [GC (Allocation Failure) 2018-04-03T13:40:23.610+0700: 63.873: [ParNew
Desired survivor size 20112992 bytes, new threshold 8 (max 8)
- age   1:     826976 bytes,     826976 total
- age   2:     338392 bytes,    1165368 total
- age   3:     233888 bytes,    1399256 total
- age   4:     187024 bytes,    1586280 total
- age   5:     202384 bytes,    1788664 total
- age   6:     425016 bytes,    2213680 total
- age   8:       1072 bytes,    2214752 total
: 89433K->2627K(109248K), 0.0051823 secs] 241743K->154937K(502464K), 0.0052602 secs] [Times: user=0.01 sys=0.00, real=0.00 secs] 
Heap after GC invocations=394 (full 1):
 par new generation   total 109248K, used 2627K [0x00000007a0000000, 0x00000007a8000000, 0x00000007a8000000)
  eden space 87424K,   0% used [0x00000007a0000000, 0x00000007a0000000, 0x00000007a5560000)
  from space 21824K,  12% used [0x00000007a5560000, 0x00000007a57f0d00, 0x00000007a6ab0000)
  to   space 21824K,   0% used [0x00000007a6ab0000, 0x00000007a6ab0000, 0x00000007a8000000)
 concurrent mark-sweep generation total 393216K, used 152310K [0x00000007a8000000, 0x00000007c0000000, 0x00000007c0000000)
 Metaspace       used 37508K, capacity 38620K, committed 38884K, reserved 1083392K
  class space    used 4449K, capacity 4765K, committed 4836K, reserved 1048576K
}
2018-04-03T13:40:23.615+0700: 63.878: Total time for which application threads were stopped: 0.0054281 seconds, Stopping threads took: 0.0000184 seconds
{Heap before GC invocations=394 (full 1):
 par new generation   total 109248K, used 90051K [0x00000007a0000000, 0x00000007a8000000, 0x00000007a8000000)
  eden space 87424K, 100% used [0x00000007a0000000, 0x00000007a5560000, 0x00000007a5560000)
  from space 21824K,  12% used [0x00000007a5560000, 0x00000007a57f0d00, 0x00000007a6ab0000)
  to   space 21824K,   0% used [0x00000007a6ab0000, 0x00000007a6ab0000, 0x00000007a8000000)
 concurrent mark-sweep generation total 393216K, used 152310K [0x00000007a8000000, 0x00000007c0000000, 0x00000007c0000000)
 Metaspace       used 37508K, capacity 38620K, committed 38884K, reserved 1083392K
  class space    used 4449K, capacity 4765K, committed 4836K, reserved 1048576K
2018-04-03T13:40:23.645+0700: 63.908: [GC (Allocation Failure) 2018-04-03T13:40:23.645+0700: 63.908: [ParNew
Desired survivor size 20112992 bytes, new threshold 8 (max 8)
- age   1:    1005912 bytes,    1005912 total
- age   2:     202000 bytes,    1207912 total
- age   3:     338304 bytes,    1546216 total
- age   4:     233888 bytes,    1780104 total
- age   5:     187024 bytes,    1967128 total
- age   6:     202384 bytes,    2169512 total
- age   7:     392192 bytes,    2561704 total
: 90051K->3435K(109248K), 0.0053843 secs] 242361K->155746K(502464K), 0.0055022 secs] [Times: user=0.01 sys=0.00, real=0.01 secs] 
Heap after GC invocations=395 (full 1):
 par new generation   total 109248K, used 3435K [0x00000007a0000000, 0x00000007a8000000, 0x00000007a8000000)
  eden space 87424K,   0% used [0x00000007a0000000, 0x00000007a0000000, 0x00000007a5560000)
  from space 21824K,  15% used [0x00000007a6ab0000, 0x00000007a6e0ad90, 0x00000007a8000000)
  to   space 21824K,   0% used [0x00000007a5560000, 0x00000007a5560000, 0x00000007a6ab0000)
 concurrent mark-sweep generation total 393216K, used 152311K [0x00000007a8000000, 0x00000007c0000000, 0x00000007c0000000)
 Metaspace       used 37508K, capacity 38620K, committed 38884K, reserved 1083392K
  class space    used 4449K, capacity 4765K, committed 4836K, reserved 1048576K
}
2018-04-03T13:40:23.651+0700: 63.914: Total time for which application threads were stopped: 0.0056822 seconds, Stopping threads took: 0.0000202 seconds
{Heap before GC invocations=395 (full 1):
 par new generation   total 109248K, used 90859K [0x00000007a0000000, 0x00000007a8000000, 0x00000007a8000000)
  eden space 87424K, 100% used [0x00000007a0000000, 0x00000007a5560000, 0x00000007a5560000)
  from space 21824K,  15% used [0x00000007a6ab0000, 0x00000007a6e0ad90, 0x00000007a8000000)
  to   space 21824K,   0% used [0x00000007a5560000, 0x00000007a5560000, 0x00000007a6ab0000)
 concurrent mark-sweep generation total 393216K, used 152311K [0x00000007a8000000, 0x00000007c0000000, 0x00000007c0000000)
 Metaspace       used 37508K, capacity 38620K, committed 38884K, reserved 1083392K
  class space    used 4449K, capacity 4765K, committed 4836K, reserved 1048576K
2018-04-03T13:40:23.693+0700: 63.956: [GC (Allocation Failure) 2018-04-03T13:40:23.693+0700: 63.956: [ParNew
Desired survivor size 20112992 bytes, new threshold 8 (max 8)
- age   1:    1171296 bytes,    1171296 total
- age   2:     267992 bytes,    1439288 total
- age   3:     202000 bytes,    1641288 total
- age   4:     207200 bytes,    1848488 total
- age   5:     233888 bytes,    2082376 total
- age   6:     187024 bytes,    2269400 total
- age   7:     202384 bytes,    2471784 total
- age   8:     392192 bytes,    2863976 total
: 90859K->3692K(109248K), 0.0059246 secs] 243170K->156003K(502464K), 0.0060104 secs] [Times: user=0.02 sys=0.00, real=0.00 secs] 
Heap after GC invocations=396 (full 1):
 par new generation   total 109248K, used 3692K [0x00000007a0000000, 0x00000007a8000000, 0x00000007a8000000)
  eden space 87424K,   0% used [0x00000007a0000000, 0x00000007a0000000, 0x00000007a5560000)
  from space 21824K,  16% used [0x00000007a5560000, 0x00000007a58fb070, 0x00000007a6ab0000)
  to   space 21824K,   0% used [0x00000007a6ab0000, 0x00000007a6ab0000, 0x00000007a8000000)
 concurrent mark-sweep generation total 393216K, used 152311K [0x00000007a8000000, 0x00000007c0000000, 0x00000007c0000000)
 Metaspace       used 37508K, capacity 38620K, committed 38884K, reserved 1083392K
  class space    used 4449K, capacity 4765K, committed 4836K, reserved 1048576K
}
2018-04-03T13:40:23.699+0700: 63.962: Total time for which application threads were stopped: 0.0062139 seconds, Stopping threads took: 0.0000195 seconds
{Heap before GC invocations=396 (full 1):
 par new generation   total 109248K, used 91116K [0x00000007a0000000, 0x00000007a8000000, 0x00000007a8000000)
  eden space 87424K, 100% used [0x00000007a0000000, 0x00000007a5560000, 0x00000007a5560000)
  from space 21824K,  16% used [0x00000007a5560000, 0x00000007a58fb070, 0x00000007a6ab0000)
  to   space 21824K,   0% used [0x00000007a6ab0000, 0x00000007a6ab0000, 0x00000007a8000000)
 concurrent mark-sweep generation total 393216K, used 152311K [0x00000007a8000000, 0x00000007c0000000, 0x00000007c0000000)
 Metaspace       used 37508K, capacity 38620K, committed 38884K, reserved 1083392K
  class space    used 4449K, capacity 4765K, committed 4836K, reserved 1048576K
2018-04-03T13:40:23.734+0700: 63.997: [GC (Allocation Failure) 2018-04-03T13:40:23.734+0700: 63.997: [ParNew
Desired survivor size 20112992 bytes, new threshold 8 (max 8)
- age   1:    1039712 bytes,    1039712 total
- age   2:     431384 bytes,    1471096 total
- age   3:     267992 bytes,    1739088 total
- age   4:     202000 bytes,    1941088 total
- age   5:     207200 bytes,    2148288 total
- age   6:     233888 bytes,    2382176 total
- age   7:     187024 bytes,    2569200 total
- age   8:     202384 bytes,    2771584 total
: 91116K->3170K(109248K), 0.0057102 secs] 243427K->155865K(502464K), 0.0058139 secs] [Times: user=0.02 sys=0.01, real=0.00 secs] 
Heap after GC invocations=397 (full 1):
 par new generation   total 109248K, used 3170K [0x00000007a0000000, 0x00000007a8000000, 0x00000007a8000000)
  eden space 87424K,   0% used [0x00000007a0000000, 0x00000007a0000000, 0x00000007a5560000)
  from space 21824K,  14% used [0x00000007a6ab0000, 0x00000007a6dc8a80, 0x00000007a8000000)
  to   space 21824K,   0% used [0x00000007a5560000, 0x00000007a5560000, 0x00000007a6ab0000)
 concurrent mark-sweep generation total 393216K, used 152694K [0x00000007a8000000, 0x00000007c0000000, 0x00000007c0000000)
 Metaspace       used 37508K, capacity 38620K, committed 38884K, reserved 1083392K
  class space    used 4449K, capacity 4765K, committed 4836K, reserved 1048576K
}
2018-04-03T13:40:23.739+0700: 64.003: Total time for which application threads were stopped: 0.0059882 seconds, Stopping threads took: 0.0000207 seconds
{Heap before GC invocations=397 (full 1):
 par new generation   total 109248K, used 90594K [0x00000007a0000000, 0x00000007a8000000, 0x00000007a8000000)
  eden space 87424K, 100% used [0x00000007a0000000, 0x00000007a5560000, 0x00000007a5560000)
  from space 21824K,  14% used [0x00000007a6ab0000, 0x00000007a6dc8a80, 0x00000007a8000000)
  to   space 21824K,   0% used [0x00000007a5560000, 0x00000007a5560000, 0x00000007a6ab0000)
 concurrent mark-sweep generation total 393216K, used 152694K [0x00000007a8000000, 0x00000007c0000000, 0x00000007c0000000)
 Metaspace       used 37508K, capacity 38620K, committed 38884K, reserved 1083392K
  class space    used 4449K, capacity 4765K, committed 4836K, reserved 1048576K
2018-04-03T13:40:23.774+0700: 64.037: [GC (Allocation Failure) 2018-04-03T13:40:23.774+0700: 64.038: [ParNew
Desired survivor size 20112992 bytes, new threshold 8 (max 8)
- age   1:    1242840 bytes,    1242840 total
- age   2:     235480 bytes,    1478320 total
- age   3:     431264 bytes,    1909584 total
- age   4:     267992 bytes,    2177576 total
- age   5:     202000 bytes,    2379576 total
- age   6:     141648 bytes,    2521224 total
- age   7:     233888 bytes,    2755112 total
- age   8:     187024 bytes,    2942136 total
: 90594K->4365K(109248K), 0.0054852 secs] 243289K->157257K(502464K), 0.0055787 secs] [Times: user=0.01 sys=0.00, real=0.01 secs] 
Heap after GC invocations=398 (full 1):
 par new generation   total 109248K, used 4365K [0x00000007a0000000, 0x00000007a8000000, 0x00000007a8000000)
  eden space 87424K,   0% used [0x00000007a0000000, 0x00000007a0000000, 0x00000007a5560000)
  from space 21824K,  20% used [0x00000007a5560000, 0x00000007a59a34d8, 0x00000007a6ab0000)
  to   space 21824K,   0% used [0x00000007a6ab0000, 0x00000007a6ab0000, 0x00000007a8000000)
 concurrent mark-sweep generation total 393216K, used 152892K [0x00000007a8000000, 0x00000007c0000000, 0x00000007c0000000)
 Metaspace       used 37508K, capacity 38620K, committed 38884K, reserved 1083392K
  class space    used 4449K, capacity 4765K, committed 4836K, reserved 1048576K
}
2018-04-03T13:40:23.780+0700: 64.043: Total time for which application threads were stopped: 0.0058079 seconds, Stopping threads took: 0.0000217 seconds
{Heap before GC invocations=398 (full 1):
 par new generation   total 109248K, used 91789K [0x00000007a0000000, 0x00000007a8000000, 0x00000007a8000000)
  eden space 87424K, 100% used [0x00000007a0000000, 0x00000007a5560000, 0x00000007a5560000)
  from space 21824K,  20% used [0x00000007a5560000, 0x00000007a59a34d8, 0x00000007a6ab0000)
  to   space 21824K,   0% used [0x00000007a6ab0000, 0x00000007a6ab0000, 0x00000007a8000000)
 concurrent mark-sweep generation total 393216K, used 152892K [0x00000007a8000000, 0x00000007c0000000, 0x00000007c0000000)
 Metaspace       used 37508K, capacity 38620K, committed 38884K, reserved 1083392K
  class space    used 4449K, capacity 4765K, committed 4836K, reserved 1048576K
2018-04-03T13:40:23.814+0700: 64.078: [GC (Allocation Failure) 2018-04-03T13:40:23.815+0700: 64.078: [ParNew
Desired survivor size 20112992 bytes, new threshold 8 (max 8)
- age   1:    1145200 bytes,    1145200 total
- age   2:     337512 bytes,    1482712 total
- age   3:     235336 bytes,    1718048 total
- age   4:     431264 bytes,    2149312 total
- age   5:     267992 bytes,    2417304 total
- age   6:     202000 bytes,    2619304 total
- age   7:     141648 bytes,    2760952 total
- age   8:     233888 bytes,    2994840 total
: 91789K->3274K(109248K), 0.0059451 secs] 244681K->156349K(502464K), 0.0060323 secs] [Times: user=0.01 sys=0.00, real=0.01 secs] 
Heap after GC invocations=399 (full 1):
 par new generation   total 109248K, used 3274K [0x00000007a0000000, 0x00000007a8000000, 0x00000007a8000000)
  eden space 87424K,   0% used [0x00000007a0000000, 0x00000007a0000000, 0x00000007a5560000)
  from space 21824K,  15% used [0x00000007a6ab0000, 0x00000007a6de2830, 0x00000007a8000000)
  to   space 21824K,   0% used [0x00000007a5560000, 0x00000007a5560000, 0x00000007a6ab0000)
 concurrent mark-sweep generation total 393216K, used 153075K [0x00000007a8000000, 0x00000007c0000000, 0x00000007c0000000)
 Metaspace       used 37508K, capacity 38620K, committed 38884K, reserved 1083392K
  class space    used 4449K, capacity 4765K, committed 4836K, reserved 1048576K
}
2018-04-03T13:40:23.821+0700: 64.084: Total time for which application threads were stopped: 0.0062302 seconds, Stopping threads took: 0.0000212 seconds
{Heap before GC invocations=399 (full 1):
 par new generation   total 109248K, used 90698K [0x00000007a0000000, 0x00000007a8000000, 0x00000007a8000000)
  eden space 87424K, 100% used [0x00000007a0000000, 0x00000007a5560000, 0x00000007a5560000)
  from space 21824K,  15% used [0x00000007a6ab0000, 0x00000007a6de2830, 0x00000007a8000000)
  to   space 21824K,   0% used [0x00000007a5560000, 0x00000007a5560000, 0x00000007a6ab0000)
 concurrent mark-sweep generation total 393216K, used 153075K [0x00000007a8000000, 0x00000007c0000000, 0x00000007c0000000)
 Metaspace       used 37508K, capacity 38620K, committed 38884K, reserved 1083392K
  class space    used 4449K, capacity 4765K, committed 4836K, reserved 1048576K
2018-04-03T13:40:23.853+0700: 64.116: [GC (Allocation Failure) 2018-04-03T13:40:23.853+0700: 64.116: [ParNew
Desired survivor size 20112992 bytes, new threshold 8 (max 8)
- age   1:    1308328 bytes,    1308328 total
- age   2:     174816 bytes,    1483144 total
- age   3:     332688 bytes,    1815832 total
- age   4:     235336 bytes,    2051168 total
- age   5:     431264 bytes,    2482432 total
- age   6:     267992 bytes,    2750424 total
- age   7:     202000 bytes,    2952424 total
- age   8:     141648 bytes,    3094072 total
: 90698K->3708K(109248K), 0.0063278 secs] 243773K->157012K(502464K), 0.0064136 secs] [Times: user=0.02 sys=0.00, real=0.00 secs] 
Heap after GC invocations=400 (full 1):
 par new generation   total 109248K, used 3708K [0x00000007a0000000, 0x00000007a8000000, 0x00000007a8000000)
  eden space 87424K,   0% used [0x00000007a0000000, 0x00000007a0000000, 0x00000007a5560000)
  from space 21824K,  16% used [0x00000007a5560000, 0x00000007a58ff1b0, 0x00000007a6ab0000)
  to   space 21824K,   0% used [0x00000007a6ab0000, 0x00000007a6ab0000, 0x00000007a8000000)
 concurrent mark-sweep generation total 393216K, used 153303K [0x00000007a8000000, 0x00000007c0000000, 0x00000007c0000000)
 Metaspace       used 37508K, capacity 38620K, committed 38884K, reserved 1083392K
  class space    used 4449K, capacity 4765K, committed 4836K, reserved 1048576K
}
2018-04-03T13:40:23.859+0700: 64.122: Total time for which application threads were stopped: 0.0066193 seconds, Stopping threads took: 0.0000226 seconds
{Heap before GC invocations=400 (full 1):
 par new generation   total 109248K, used 91132K [0x00000007a0000000, 0x00000007a8000000, 0x00000007a8000000)
  eden space 87424K, 100% used [0x00000007a0000000, 0x00000007a5560000, 0x00000007a5560000)
  from space 21824K,  16% used [0x00000007a5560000, 0x00000007a58ff1b0, 0x00000007a6ab0000)
  to   space 21824K,   0% used [0x00000007a6ab0000, 0x00000007a6ab0000, 0x00000007a8000000)
 concurrent mark-sweep generation total 393216K, used 153303K [0x00000007a8000000, 0x00000007c0000000, 0x00000007c0000000)
 Metaspace       used 37508K, capacity 38620K, committed 38884K, reserved 1083392K
  class space    used 4449K, capacity 4765K, committed 4836K, reserved 1048576K
2018-04-03T13:40:23.887+0700: 64.150: [GC (Allocation Failure) 2018-04-03T13:40:23.887+0700: 64.150: [ParNew
Desired survivor size 20112992 bytes, new threshold 8 (max 8)
- age   1:    1129512 bytes,    1129512 total
- age   2:     486248 bytes,    1615760 total
- age   3:     174816 bytes,    1790576 total
- age   4:     332688 bytes,    2123264 total
- age   5:     235336 bytes,    2358600 total
- age   6:     431264 bytes,    2789864 total
- age   7:     267992 bytes,    3057856 total
- age   8:     202000 bytes,    3259856 total
: 91132K->3605K(109248K), 0.0043771 secs] 244436K->157047K(502464K), 0.0044457 secs] [Times: user=0.01 sys=0.00, real=0.01 secs] 
Heap after GC invocations=401 (full 1):
 par new generation   total 109248K, used 3605K [0x00000007a0000000, 0x00000007a8000000, 0x00000007a8000000)
  eden space 87424K,   0% used [0x00000007a0000000, 0x00000007a0000000, 0x00000007a5560000)
  from space 21824K,  16% used [0x00000007a6ab0000, 0x00000007a6e35540, 0x00000007a8000000)
  to   space 21824K,   0% used [0x00000007a5560000, 0x00000007a5560000, 0x00000007a6ab0000)
 concurrent mark-sweep generation total 393216K, used 153442K [0x00000007a8000000, 0x00000007c0000000, 0x00000007c0000000)
 Metaspace       used 37508K, capacity 38620K, committed 38884K, reserved 1083392K
  class space    used 4449K, capacity 4765K, committed 4836K, reserved 1048576K
}
2018-04-03T13:40:23.892+0700: 64.155: Total time for which application threads were stopped: 0.0046058 seconds, Stopping threads took: 0.0000178 seconds
{Heap before GC invocations=401 (full 1):
 par new generation   total 109248K, used 91029K [0x00000007a0000000, 0x00000007a8000000, 0x00000007a8000000)
  eden space 87424K, 100% used [0x00000007a0000000, 0x00000007a5560000, 0x00000007a5560000)
  from space 21824K,  16% used [0x00000007a6ab0000, 0x00000007a6e35540, 0x00000007a8000000)
  to   space 21824K,   0% used [0x00000007a5560000, 0x00000007a5560000, 0x00000007a6ab0000)
 concurrent mark-sweep generation total 393216K, used 153442K [0x00000007a8000000, 0x00000007c0000000, 0x00000007c0000000)
 Metaspace       used 37508K, capacity 38620K, committed 38884K, reserved 1083392K
  class space    used 4449K, capacity 4765K, committed 4836K, reserved 1048576K
2018-04-03T13:40:23.918+0700: 64.182: [GC (Allocation Failure) 2018-04-03T13:40:23.918+0700: 64.182: [ParNew
Desired survivor size 20112992 bytes, new threshold 8 (max 8)
- age   1:     681304 bytes,     681304 total
- age   2:    1008952 bytes,    1690256 total
- age   3:     169344 bytes,    1859600 total
- age   4:     174816 bytes,    2034416 total
- age   5:     332688 bytes,    2367104 total
- age   6:     235336 bytes,    2602440 total
- age   7:     431264 bytes,    3033704 total
- age   8:     267992 bytes,    3301696 total
: 91029K->4663K(109248K), 0.0039130 secs] 244471K->158302K(502464K), 0.0039758 secs] [Times: user=0.01 sys=0.00, real=0.01 secs] 
Heap after GC invocations=402 (full 1):
 par new generation   total 109248K, used 4663K [0x00000007a0000000, 0x00000007a8000000, 0x00000007a8000000)
  eden space 87424K,   0% used [0x00000007a0000000, 0x00000007a0000000, 0x00000007a5560000)
  from space 21824K,  21% used [0x00000007a5560000, 0x00000007a59edc20, 0x00000007a6ab0000)
  to   space 21824K,   0% used [0x00000007a6ab0000, 0x00000007a6ab0000, 0x00000007a8000000)
 concurrent mark-sweep generation total 393216K, used 153639K [0x00000007a8000000, 0x00000007c0000000, 0x00000007c0000000)
 Metaspace       used 37508K, capacity 38620K, committed 38884K, reserved 1083392K
  class space    used 4449K, capacity 4765K, committed 4836K, reserved 1048576K
}
2018-04-03T13:40:23.922+0700: 64.186: Total time for which application threads were stopped: 0.0041268 seconds, Stopping threads took: 0.0000155 seconds
{Heap before GC invocations=402 (full 1):
 par new generation   total 109248K, used 92087K [0x00000007a0000000, 0x00000007a8000000, 0x00000007a8000000)
  eden space 87424K, 100% used [0x00000007a0000000, 0x00000007a5560000, 0x00000007a5560000)
  from space 21824K,  21% used [0x00000007a5560000, 0x00000007a59edc20, 0x00000007a6ab0000)
  to   space 21824K,   0% used [0x00000007a6ab0000, 0x00000007a6ab0000, 0x00000007a8000000)
 concurrent mark-sweep generation total 393216K, used 153639K [0x00000007a8000000, 0x00000007c0000000, 0x00000007c0000000)
 Metaspace       used 37508K, capacity 38620K, committed 38884K, reserved 1083392K
  class space    used 4449K, capacity 4765K, committed 4836K, reserved 1048576K
2018-04-03T13:40:23.953+0700: 64.216: [GC (Allocation Failure) 2018-04-03T13:40:23.953+0700: 64.216: [ParNew
Desired survivor size 20112992 bytes, new threshold 8 (max 8)
- age   1:    1695416 bytes,    1695416 total
- age   2:     566024 bytes,    2261440 total
- age   3:     235464 bytes,    2496904 total
- age   4:     169344 bytes,    2666248 total
- age   5:     174816 bytes,    2841064 total
- age   6:     332688 bytes,    3173752 total
- age   7:     235336 bytes,    3409088 total
- age   8:     169088 bytes,    3578176 total
: 92087K->3617K(109248K), 0.0052170 secs] 245726K->157518K(502464K), 0.0052858 secs] [Times: user=0.01 sys=0.00, real=0.00 secs] 
Heap after GC invocations=403 (full 1):
 par new generation   total 109248K, used 3617K [0x00000007a0000000, 0x00000007a8000000, 0x00000007a8000000)
  eden space 87424K,   0% used [0x00000007a0000000, 0x00000007a0000000, 0x00000007a5560000)
  from space 21824K,  16% used [0x00000007a6ab0000, 0x00000007a6e387c0, 0x00000007a8000000)
  to   space 21824K,   0% used [0x00000007a5560000, 0x00000007a5560000, 0x00000007a6ab0000)
 concurrent mark-sweep generation total 393216K, used 153901K [0x00000007a8000000, 0x00000007c0000000, 0x00000007c0000000)
 Metaspace       used 37508K, capacity 38620K, committed 38884K, reserved 1083392K
  class space    used 4449K, capacity 4765K, committed 4836K, reserved 1048576K
}
2018-04-03T13:40:23.958+0700: 64.221: Total time for which application threads were stopped: 0.0054514 seconds, Stopping threads took: 0.0000201 seconds
{Heap before GC invocations=403 (full 1):
 par new generation   total 109248K, used 91041K [0x00000007a0000000, 0x00000007a8000000, 0x00000007a8000000)
  eden space 87424K, 100% used [0x00000007a0000000, 0x00000007a5560000, 0x00000007a5560000)
  from space 21824K,  16% used [0x00000007a6ab0000, 0x00000007a6e387c0, 0x00000007a8000000)
  to   space 21824K,   0% used [0x00000007a5560000, 0x00000007a5560000, 0x00000007a6ab0000)
 concurrent mark-sweep generation total 393216K, used 153901K [0x00000007a8000000, 0x00000007c0000000, 0x00000007c0000000)
 Metaspace       used 37508K, capacity 38620K, committed 38884K, reserved 1083392K
  class space    used 4449K, capacity 4765K, committed 4836K, reserved 1048576K
2018-04-03T13:40:23.985+0700: 64.248: [GC (Allocation Failure) 2018-04-03T13:40:23.985+0700: 64.248: [ParNew
Desired survivor size 20112992 bytes, new threshold 8 (max 8)
- age   1:    1273392 bytes,    1273392 total
- age   2:     727608 bytes,    2001000 total
- age   3:     558960 bytes,    2559960 total
- age   4:     235464 bytes,    2795424 total
- age   5:     169344 bytes,    2964768 total
- age   6:     174816 bytes,    3139584 total
- age   7:     332688 bytes,    3472272 total
- age   8:     235336 bytes,    3707608 total
: 91041K->4532K(109248K), 0.0041087 secs] 244942K->158598K(502464K), 0.0041808 secs] [Times: user=0.01 sys=0.00, real=0.00 secs] 
Heap after GC invocations=404 (full 1):
 par new generation   total 109248K, used 4532K [0x00000007a0000000, 0x00000007a8000000, 0x00000007a8000000)
  eden space 87424K,   0% used [0x00000007a0000000, 0x00000007a0000000, 0x00000007a5560000)
  from space 21824K,  20% used [0x00000007a5560000, 0x00000007a59cd0b0, 0x00000007a6ab0000)
  to   space 21824K,   0% used [0x00000007a6ab0000, 0x00000007a6ab0000, 0x00000007a8000000)
 concurrent mark-sweep generation total 393216K, used 154066K [0x00000007a8000000, 0x00000007c0000000, 0x00000007c0000000)
 Metaspace       used 37508K, capacity 38620K, committed 38884K, reserved 1083392K
  class space    used 4449K, capacity 4765K, committed 4836K, reserved 1048576K
}
2018-04-03T13:40:23.989+0700: 64.252: Total time for which application threads were stopped: 0.0043290 seconds, Stopping threads took: 0.0000151 seconds
{Heap before GC invocations=404 (full 1):
 par new generation   total 109248K, used 91956K [0x00000007a0000000, 0x00000007a8000000, 0x00000007a8000000)
  eden space 87424K, 100% used [0x00000007a0000000, 0x00000007a5560000, 0x00000007a5560000)
  from space 21824K,  20% used [0x00000007a5560000, 0x00000007a59cd0b0, 0x00000007a6ab0000)
  to   space 21824K,   0% used [0x00000007a6ab0000, 0x00000007a6ab0000, 0x00000007a8000000)
 concurrent mark-sweep generation total 393216K, used 154066K [0x00000007a8000000, 0x00000007c0000000, 0x00000007c0000000)
 Metaspace       used 37508K, capacity 38620K, committed 38884K, reserved 1083392K
  class space    used 4449K, capacity 4765K, committed 4836K, reserved 1048576K
2018-04-03T13:40:24.016+0700: 64.279: [GC (Allocation Failure) 2018-04-03T13:40:24.016+0700: 64.279: [ParNew
Desired survivor size 20112992 bytes, new threshold 8 (max 8)
- age   1:     726160 bytes,     726160 total
- age   2:    1157296 bytes,    1883456 total
- age   3:     727368 bytes,    2610824 total
- age   4:     202640 bytes,    2813464 total
- age   5:     235464 bytes,    3048928 total
- age   6:     169344 bytes,    3218272 total
- age   7:     174816 bytes,    3393088 total
- age   8:     332688 bytes,    3725776 total
: 91956K->4505K(109248K), 0.0040753 secs] 246022K->158801K(502464K), 0.0041378 secs] [Times: user=0.01 sys=0.00, real=0.01 secs] 
Heap after GC invocations=405 (full 1):
 par new generation   total 109248K, used 4505K [0x00000007a0000000, 0x00000007a8000000, 0x00000007a8000000)
  eden space 87424K,   0% used [0x00000007a0000000, 0x00000007a0000000, 0x00000007a5560000)
  from space 21824K,  20% used [0x00000007a6ab0000, 0x00000007a6f165a0, 0x00000007a8000000)
  to   space 21824K,   0% used [0x00000007a5560000, 0x00000007a5560000, 0x00000007a6ab0000)
 concurrent mark-sweep generation total 393216K, used 154295K [0x00000007a8000000, 0x00000007c0000000, 0x00000007c0000000)
 Metaspace       used 37508K, capacity 38620K, committed 38884K, reserved 1083392K
  class space    used 4449K, capacity 4765K, committed 4836K, reserved 1048576K
}
2018-04-03T13:40:24.020+0700: 64.283: Total time for which application threads were stopped: 0.0042877 seconds, Stopping threads took: 0.0000150 seconds
{Heap before GC invocations=405 (full 1):
 par new generation   total 109248K, used 91929K [0x00000007a0000000, 0x00000007a8000000, 0x00000007a8000000)
  eden space 87424K, 100% used [0x00000007a0000000, 0x00000007a5560000, 0x00000007a5560000)
  from space 21824K,  20% used [0x00000007a6ab0000, 0x00000007a6f165a0, 0x00000007a8000000)
  to   space 21824K,   0% used [0x00000007a5560000, 0x00000007a5560000, 0x00000007a6ab0000)
 concurrent mark-sweep generation total 393216K, used 154295K [0x00000007a8000000, 0x00000007c0000000, 0x00000007c0000000)
 Metaspace       used 37508K, capacity 38620K, committed 38884K, reserved 1083392K
  class space    used 4449K, capacity 4765K, committed 4836K, reserved 1048576K
2018-04-03T13:40:24.046+0700: 64.309: [GC (Allocation Failure) 2018-04-03T13:40:24.046+0700: 64.309: [ParNew
Desired survivor size 20112992 bytes, new threshold 8 (max 8)
- age   1:    1446936 bytes,    1446936 total
- age   2:     609232 bytes,    2056168 total
- age   3:     170816 bytes,    2226984 total
- age   4:     727256 bytes,    2954240 total
- age   5:     202640 bytes,    3156880 total
- age   6:     235464 bytes,    3392344 total
- age   7:     169344 bytes,    3561688 total
- age   8:     174816 bytes,    3736504 total
: 91929K->5185K(109248K), 0.0041802 secs] 246225K->159806K(502464K), 0.0042495 secs] [Times: user=0.02 sys=0.00, real=0.01 secs] 
Heap after GC invocations=406 (full 1):
 par new generation   total 109248K, used 5185K [0x00000007a0000000, 0x00000007a8000000, 0x00000007a8000000)
  eden space 87424K,   0% used [0x00000007a0000000, 0x00000007a0000000, 0x00000007a5560000)
  from space 21824K,  23% used [0x00000007a5560000, 0x00000007a5a70620, 0x00000007a6ab0000)
  to   space 21824K,   0% used [0x00000007a6ab0000, 0x00000007a6ab0000, 0x00000007a8000000)
 concurrent mark-sweep generation total 393216K, used 154620K [0x00000007a8000000, 0x00000007c0000000, 0x00000007c0000000)
 Metaspace       used 37508K, capacity 38620K, committed 38884K, reserved 1083392K
  class space    used 4449K, capacity 4765K, committed 4836K, reserved 1048576K
}
2018-04-03T13:40:24.051+0700: 64.314: Total time for which application threads were stopped: 0.0043970 seconds, Stopping threads took: 0.0000150 seconds
{Heap before GC invocations=406 (full 1):
 par new generation   total 109248K, used 92609K [0x00000007a0000000, 0x00000007a8000000, 0x00000007a8000000)
  eden space 87424K, 100% used [0x00000007a0000000, 0x00000007a5560000, 0x00000007a5560000)
  from space 21824K,  23% used [0x00000007a5560000, 0x00000007a5a70620, 0x00000007a6ab0000)
  to   space 21824K,   0% used [0x00000007a6ab0000, 0x00000007a6ab0000, 0x00000007a8000000)
 concurrent mark-sweep generation total 393216K, used 154620K [0x00000007a8000000, 0x00000007c0000000, 0x00000007c0000000)
 Metaspace       used 37508K, capacity 38620K, committed 38884K, reserved 1083392K
  class space    used 4449K, capacity 4765K, committed 4836K, reserved 1048576K
2018-04-03T13:40:24.078+0700: 64.341: [GC (Allocation Failure) 2018-04-03T13:40:24.078+0700: 64.341: [ParNew
Desired survivor size 20112992 bytes, new threshold 8 (max 8)
- age   1:     299072 bytes,     299072 total
- age   2:    1312416 bytes,    1611488 total
- age   3:     608960 bytes,    2220448 total
- age   4:     169728 bytes,    2390176 total
- age   5:     727256 bytes,    3117432 total
- age   6:     202640 bytes,    3320072 total
- age   7:     235464 bytes,    3555536 total
- age   8:     169344 bytes,    3724880 total
: 92609K->4469K(109248K), 0.0046949 secs] 247230K->159261K(502464K), 0.0047598 secs] [Times: user=0.02 sys=0.00, real=0.01 secs] 
Heap after GC invocations=407 (full 1):
 par new generation   total 109248K, used 4469K [0x00000007a0000000, 0x00000007a8000000, 0x00000007a8000000)
  eden space 87424K,   0% used [0x00000007a0000000, 0x00000007a0000000, 0x00000007a5560000)
  from space 21824K,  20% used [0x00000007a6ab0000, 0x00000007a6f0d660, 0x00000007a8000000)
  to   space 21824K,   0% used [0x00000007a5560000, 0x00000007a5560000, 0x00000007a6ab0000)
 concurrent mark-sweep generation total 393216K, used 154791K [0x00000007a8000000, 0x00000007c0000000, 0x00000007c0000000)
 Metaspace       used 37508K, capacity 38620K, committed 38884K, reserved 1083392K
  class space    used 4449K, capacity 4765K, committed 4836K, reserved 1048576K
}
2018-04-03T13:40:24.082+0700: 64.346: Total time for which application threads were stopped: 0.0049070 seconds, Stopping threads took: 0.0000149 seconds
{Heap before GC invocations=407 (full 1):
 par new generation   total 109248K, used 91893K [0x00000007a0000000, 0x00000007a8000000, 0x00000007a8000000)
  eden space 87424K, 100% used [0x00000007a0000000, 0x00000007a5560000, 0x00000007a5560000)
  from space 21824K,  20% used [0x00000007a6ab0000, 0x00000007a6f0d660, 0x00000007a8000000)
  to   space 21824K,   0% used [0x00000007a5560000, 0x00000007a5560000, 0x00000007a6ab0000)
 concurrent mark-sweep generation total 393216K, used 154791K [0x00000007a8000000, 0x00000007c0000000, 0x00000007c0000000)
 Metaspace       used 37508K, capacity 38620K, committed 38884K, reserved 1083392K
  class space    used 4449K, capacity 4765K, committed 4836K, reserved 1048576K
2018-04-03T13:40:24.109+0700: 64.372: [GC (Allocation Failure) 2018-04-03T13:40:24.109+0700: 64.372: [ParNew
Desired survivor size 20112992 bytes, new threshold 8 (max 8)
- age   1:    1528288 bytes,    1528288 total
- age   2:     204392 bytes,    1732680 total
- age   3:     202896 bytes,    1935576 total
- age   4:     608960 bytes,    2544536 total
- age   5:     169728 bytes,    2714264 total
- age   6:     727256 bytes,    3441520 total
- age   7:     202640 bytes,    3644160 total
- age   8:     235464 bytes,    3879624 total
: 91893K->4781K(109248K), 0.0041286 secs] 246685K->159738K(502464K), 0.0041998 secs] [Times: user=0.01 sys=0.00, real=0.01 secs] 
Heap after GC invocations=408 (full 1):
 par new generation   total 109248K, used 4781K [0x00000007a0000000, 0x00000007a8000000, 0x00000007a8000000)
  eden space 87424K,   0% used [0x00000007a0000000, 0x00000007a0000000, 0x00000007a5560000)
  from space 21824K,  21% used [0x00000007a5560000, 0x00000007a5a0b5c0, 0x00000007a6ab0000)
  to   space 21824K,   0% used [0x00000007a6ab0000, 0x00000007a6ab0000, 0x00000007a8000000)
 concurrent mark-sweep generation total 393216K, used 154956K [0x00000007a8000000, 0x00000007c0000000, 0x00000007c0000000)
 Metaspace       used 37508K, capacity 38620K, committed 38884K, reserved 1083392K
  class space    used 4449K, capacity 4765K, committed 4836K, reserved 1048576K
}
2018-04-03T13:40:24.113+0700: 64.376: Total time for which application threads were stopped: 0.0043503 seconds, Stopping threads took: 0.0000157 seconds
{Heap before GC invocations=408 (full 1):
 par new generation   total 109248K, used 92205K [0x00000007a0000000, 0x00000007a8000000, 0x00000007a8000000)
  eden space 87424K, 100% used [0x00000007a0000000, 0x00000007a5560000, 0x00000007a5560000)
  from space 21824K,  21% used [0x00000007a5560000, 0x00000007a5a0b5c0, 0x00000007a6ab0000)
  to   space 21824K,   0% used [0x00000007a6ab0000, 0x00000007a6ab0000, 0x00000007a8000000)
 concurrent mark-sweep generation total 393216K, used 154956K [0x00000007a8000000, 0x00000007c0000000, 0x00000007c0000000)
 Metaspace       used 37508K, capacity 38620K, committed 38884K, reserved 1083392K
  class space    used 4449K, capacity 4765K, committed 4836K, reserved 1048576K
2018-04-03T13:40:24.141+0700: 64.404: [GC (Allocation Failure) 2018-04-03T13:40:24.141+0700: 64.404: [ParNew
Desired survivor size 20112992 bytes, new threshold 8 (max 8)
- age   1:     317472 bytes,     317472 total
- age   2:    1417384 bytes,    1734856 total
- age   3:     204392 bytes,    1939248 total
- age   4:     202512 bytes,    2141760 total
- age   5:     608960 bytes,    2750720 total
- age   6:     169728 bytes,    2920448 total
- age   7:     727256 bytes,    3647704 total
- age   8:     202640 bytes,    3850344 total
: 92205K->5059K(109248K), 0.0039581 secs] 247162K->160246K(502464K), 0.0040218 secs] [Times: user=0.01 sys=0.00, real=0.00 secs] 
Heap after GC invocations=409 (full 1):
 par new generation   total 109248K, used 5059K [0x00000007a0000000, 0x00000007a8000000, 0x00000007a8000000)
  eden space 87424K,   0% used [0x00000007a0000000, 0x00000007a0000000, 0x00000007a5560000)
  from space 21824K,  23% used [0x00000007a6ab0000, 0x00000007a6fa0ea0, 0x00000007a8000000)
  to   space 21824K,   0% used [0x00000007a5560000, 0x00000007a5560000, 0x00000007a6ab0000)
 concurrent mark-sweep generation total 393216K, used 155186K [0x00000007a8000000, 0x00000007c0000000, 0x00000007c0000000)
 Metaspace       used 37508K, capacity 38620K, committed 38884K, reserved 1083392K
  class space    used 4449K, capacity 4765K, committed 4836K, reserved 1048576K
}
2018-04-03T13:40:24.145+0700: 64.408: Total time for which application threads were stopped: 0.0041715 seconds, Stopping threads took: 0.0000183 seconds
{Heap before GC invocations=409 (full 1):
 par new generation   total 109248K, used 92483K [0x00000007a0000000, 0x00000007a8000000, 0x00000007a8000000)
  eden space 87424K, 100% used [0x00000007a0000000, 0x00000007a5560000, 0x00000007a5560000)
  from space 21824K,  23% used [0x00000007a6ab0000, 0x00000007a6fa0ea0, 0x00000007a8000000)
  to   space 21824K,   0% used [0x00000007a5560000, 0x00000007a5560000, 0x00000007a6ab0000)
 concurrent mark-sweep generation total 393216K, used 155186K [0x00000007a8000000, 0x00000007c0000000, 0x00000007c0000000)
 Metaspace       used 37508K, capacity 38620K, committed 38884K, reserved 1083392K
  class space    used 4449K, capacity 4765K, committed 4836K, reserved 1048576K
2018-04-03T13:40:24.172+0700: 64.435: [GC (Allocation Failure) 2018-04-03T13:40:24.172+0700: 64.435: [ParNew
Desired survivor size 20112992 bytes, new threshold 8 (max 8)
- age   1:     722520 bytes,     722520 total
- age   2:     202856 bytes,     925376 total
- age   3:    1417384 bytes,    2342760 total
- age   4:     204088 bytes,    2546848 total
- age   5:     202512 bytes,    2749360 total
- age   6:     208064 bytes,    2957424 total
- age   7:     169728 bytes,    3127152 total
- age   8:     727256 bytes,    3854408 total
: 92483K->4303K(109248K), 0.0038868 secs] 247670K->159688K(502464K), 0.0039590 secs] [Times: user=0.01 sys=0.00, real=0.00 secs] 
Heap after GC invocations=410 (full 1):
 par new generation   total 109248K, used 4303K [0x00000007a0000000, 0x00000007a8000000, 0x00000007a8000000)
  eden space 87424K,   0% used [0x00000007a0000000, 0x00000007a0000000, 0x00000007a5560000)
  from space 21824K,  19% used [0x00000007a5560000, 0x00000007a5993df8, 0x00000007a6ab0000)
  to   space 21824K,   0% used [0x00000007a6ab0000, 0x00000007a6ab0000, 0x00000007a8000000)
 concurrent mark-sweep generation total 393216K, used 155384K [0x00000007a8000000, 0x00000007c0000000, 0x00000007c0000000)
 Metaspace       used 37508K, capacity 38620K, committed 38884K, reserved 1083392K
  class space    used 4449K, capacity 4765K, committed 4836K, reserved 1048576K
}
2018-04-03T13:40:24.176+0700: 64.439: Total time for which application threads were stopped: 0.0041289 seconds, Stopping threads took: 0.0000167 seconds
{Heap before GC invocations=410 (full 1):
 par new generation   total 109248K, used 91727K [0x00000007a0000000, 0x00000007a8000000, 0x00000007a8000000)
  eden space 87424K, 100% used [0x00000007a0000000, 0x00000007a5560000, 0x00000007a5560000)
  from space 21824K,  19% used [0x00000007a5560000, 0x00000007a5993df8, 0x00000007a6ab0000)
  to   space 21824K,   0% used [0x00000007a6ab0000, 0x00000007a6ab0000, 0x00000007a8000000)
 concurrent mark-sweep generation total 393216K, used 155384K [0x00000007a8000000, 0x00000007c0000000, 0x00000007c0000000)
 Metaspace       used 37508K, capacity 38620K, committed 38884K, reserved 1083392K
  class space    used 4449K, capacity 4765K, committed 4836K, reserved 1048576K
2018-04-03T13:40:24.206+0700: 64.469: [GC (Allocation Failure) 2018-04-03T13:40:24.206+0700: 64.469: [ParNew
Desired survivor size 20112992 bytes, new threshold 8 (max 8)
- age   1:    1761928 bytes,    1761928 total
- age   2:     620704 bytes,    2382632 total
- age   3:     202712 bytes,    2585344 total
- age   4:     169216 bytes,    2754560 total
- age   5:     202808 bytes,    2957368 total
- age   6:     202512 bytes,    3159880 total
- age   7:     208064 bytes,    3367944 total
- age   8:     169728 bytes,    3537672 total
: 91727K->3952K(109248K), 0.0050082 secs] 247112K->160047K(502464K), 0.0050805 secs] [Times: user=0.01 sys=0.00, real=0.01 secs] 
Heap after GC invocations=411 (full 1):
 par new generation   total 109248K, used 3952K [0x00000007a0000000, 0x00000007a8000000, 0x00000007a8000000)
  eden space 87424K,   0% used [0x00000007a0000000, 0x00000007a0000000, 0x00000007a5560000)
  from space 21824K,  18% used [0x00000007a6ab0000, 0x00000007a6e8c280, 0x00000007a8000000)
  to   space 21824K,   0% used [0x00000007a5560000, 0x00000007a5560000, 0x00000007a6ab0000)
 concurrent mark-sweep generation total 393216K, used 156095K [0x00000007a8000000, 0x00000007c0000000, 0x00000007c0000000)
 Metaspace       used 37508K, capacity 38620K, committed 38884K, reserved 1083392K
  class space    used 4449K, capacity 4765K, committed 4836K, reserved 1048576K
}
2018-04-03T13:40:24.211+0700: 64.474: Total time for which application threads were stopped: 0.0052396 seconds, Stopping threads took: 0.0000173 seconds
{Heap before GC invocations=411 (full 1):
 par new generation   total 109248K, used 91376K [0x00000007a0000000, 0x00000007a8000000, 0x00000007a8000000)
  eden space 87424K, 100% used [0x00000007a0000000, 0x00000007a5560000, 0x00000007a5560000)
  from space 21824K,  18% used [0x00000007a6ab0000, 0x00000007a6e8c280, 0x00000007a8000000)
  to   space 21824K,   0% used [0x00000007a5560000, 0x00000007a5560000, 0x00000007a6ab0000)
 concurrent mark-sweep generation total 393216K, used 156095K [0x00000007a8000000, 0x00000007c0000000, 0x00000007c0000000)
 Metaspace       used 37508K, capacity 38620K, committed 38884K, reserved 1083392K
  class space    used 4449K, capacity 4765K, committed 4836K, reserved 1048576K
2018-04-03T13:40:24.239+0700: 64.502: [GC (Allocation Failure) 2018-04-03T13:40:24.239+0700: 64.502: [ParNew
Desired survivor size 20112992 bytes, new threshold 8 (max 8)
- age   1:     353920 bytes,     353920 total
- age   2:    1612672 bytes,    1966592 total
- age   3:     620704 bytes,    2587296 total
- age   4:     202424 bytes,    2789720 total
- age   5:     169216 bytes,    2958936 total
- age   6:     202808 bytes,    3161744 total
- age   7:     202512 bytes,    3364256 total
- age   8:     208064 bytes,    3572320 total
: 91376K->3863K(109248K), 0.0045681 secs] 247471K->160124K(502464K), 0.0046349 secs] [Times: user=0.01 sys=0.00, real=0.01 secs] 
Heap after GC invocations=412 (full 1):
 par new generation   total 109248K, used 3863K [0x00000007a0000000, 0x00000007a8000000, 0x00000007a8000000)
  eden space 87424K,   0% used [0x00000007a0000000, 0x00000007a0000000, 0x00000007a5560000)
  from space 21824K,  17% used [0x00000007a5560000, 0x00000007a5925df0, 0x00000007a6ab0000)
  to   space 21824K,   0% used [0x00000007a6ab0000, 0x00000007a6ab0000, 0x00000007a8000000)
 concurrent mark-sweep generation total 393216K, used 156260K [0x00000007a8000000, 0x00000007c0000000, 0x00000007c0000000)
 Metaspace       used 37508K, capacity 38620K, committed 38884K, reserved 1083392K
  class space    used 4449K, capacity 4765K, committed 4836K, reserved 1048576K
}
2018-04-03T13:40:24.244+0700: 64.507: Total time for which application threads were stopped: 0.0047940 seconds, Stopping threads took: 0.0000174 seconds
{Heap before GC invocations=412 (full 1):
 par new generation   total 109248K, used 91287K [0x00000007a0000000, 0x00000007a8000000, 0x00000007a8000000)
  eden space 87424K, 100% used [0x00000007a0000000, 0x00000007a5560000, 0x00000007a5560000)
  from space 21824K,  17% used [0x00000007a5560000, 0x00000007a5925df0, 0x00000007a6ab0000)
  to   space 21824K,   0% used [0x00000007a6ab0000, 0x00000007a6ab0000, 0x00000007a8000000)
 concurrent mark-sweep generation total 393216K, used 156260K [0x00000007a8000000, 0x00000007c0000000, 0x00000007c0000000)
 Metaspace       used 37508K, capacity 38620K, committed 38884K, reserved 1083392K
  class space    used 4449K, capacity 4765K, committed 4836K, reserved 1048576K
2018-04-03T13:40:24.274+0700: 64.537: [GC (Allocation Failure) 2018-04-03T13:40:24.274+0700: 64.537: [ParNew
Desired survivor size 20112992 bytes, new threshold 8 (max 8)
- age   1:    1947704 bytes,    1947704 total
- age   2:     234856 bytes,    2182560 total
- age   3:     208272 bytes,    2390832 total
- age   4:     620360 bytes,    3011192 total
- age   5:     202424 bytes,    3213616 total
- age   6:     169216 bytes,    3382832 total
- age   7:     202808 bytes,    3585640 total
- age   8:     202512 bytes,    3788152 total
: 91287K->5251K(109248K), 0.0043733 secs] 247548K->161715K(502464K), 0.0044454 secs] [Times: user=0.01 sys=0.00, real=0.00 secs] 
Heap after GC invocations=413 (full 1):
 par new generation   total 109248K, used 5251K [0x00000007a0000000, 0x00000007a8000000, 0x00000007a8000000)
  eden space 87424K,   0% used [0x00000007a0000000, 0x00000007a0000000, 0x00000007a5560000)
  from space 21824K,  24% used [0x00000007a6ab0000, 0x00000007a6fd0e48, 0x00000007a8000000)
  to   space 21824K,   0% used [0x00000007a5560000, 0x00000007a5560000, 0x00000007a6ab0000)
 concurrent mark-sweep generation total 393216K, used 156464K [0x00000007a8000000, 0x00000007c0000000, 0x00000007c0000000)
 Metaspace       used 37508K, capacity 38620K, committed 38884K, reserved 1083392K
  class space    used 4449K, capacity 4765K, committed 4836K, reserved 1048576K
}
2018-04-03T13:40:24.278+0700: 64.541: Total time for which application threads were stopped: 0.0046017 seconds, Stopping threads took: 0.0000175 seconds
{Heap before GC invocations=413 (full 1):
 par new generation   total 109248K, used 92675K [0x00000007a0000000, 0x00000007a8000000, 0x00000007a8000000)
  eden space 87424K, 100% used [0x00000007a0000000, 0x00000007a5560000, 0x00000007a5560000)
  from space 21824K,  24% used [0x00000007a6ab0000, 0x00000007a6fd0e48, 0x00000007a8000000)
  to   space 21824K,   0% used [0x00000007a5560000, 0x00000007a5560000, 0x00000007a6ab0000)
 concurrent mark-sweep generation total 393216K, used 156464K [0x00000007a8000000, 0x00000007c0000000, 0x00000007c0000000)
 Metaspace       used 37508K, capacity 38620K, committed 38884K, reserved 1083392K
  class space    used 4449K, capacity 4765K, committed 4836K, reserved 1048576K
2018-04-03T13:40:24.306+0700: 64.570: [GC (Allocation Failure) 2018-04-03T13:40:24.307+0700: 64.570: [ParNew
Desired survivor size 20112992 bytes, new threshold 8 (max 8)
- age   1:    1122784 bytes,    1122784 total
- age   2:    1815096 bytes,    2937880 total
- age   3:     234856 bytes,    3172736 total
- age   4:     206800 bytes,    3379536 total
- age   5:     169344 bytes,    3548880 total
- age   6:     202424 bytes,    3751304 total
- age   7:     169216 bytes,    3920520 total
- age   8:     202808 bytes,    4123328 total
: 92675K->4658K(109248K), 0.0049573 secs] 249139K->161320K(502464K), 0.0050274 secs] [Times: user=0.01 sys=0.00, real=0.01 secs] 
Heap after GC invocations=414 (full 1):
 par new generation   total 109248K, used 4658K [0x00000007a0000000, 0x00000007a8000000, 0x00000007a8000000)
  eden space 87424K,   0% used [0x00000007a0000000, 0x00000007a0000000, 0x00000007a5560000)
  from space 21824K,  21% used [0x00000007a5560000, 0x00000007a59ec930, 0x00000007a6ab0000)
  to   space 21824K,   0% used [0x00000007a6ab0000, 0x00000007a6ab0000, 0x00000007a8000000)
 concurrent mark-sweep generation total 393216K, used 156661K [0x00000007a8000000, 0x00000007c0000000, 0x00000007c0000000)
 Metaspace       used 37508K, capacity 38620K, committed 38884K, reserved 1083392K
  class space    used 4449K, capacity 4765K, committed 4836K, reserved 1048576K
}
2018-04-03T13:40:24.312+0700: 64.575: Total time for which application threads were stopped: 0.0051785 seconds, Stopping threads took: 0.0000152 seconds
{Heap before GC invocations=414 (full 1):
 par new generation   total 109248K, used 92082K [0x00000007a0000000, 0x00000007a8000000, 0x00000007a8000000)
  eden space 87424K, 100% used [0x00000007a0000000, 0x00000007a5560000, 0x00000007a5560000)
  from space 21824K,  21% used [0x00000007a5560000, 0x00000007a59ec930, 0x00000007a6ab0000)
  to   space 21824K,   0% used [0x00000007a6ab0000, 0x00000007a6ab0000, 0x00000007a8000000)
 concurrent mark-sweep generation total 393216K, used 156661K [0x00000007a8000000, 0x00000007c0000000, 0x00000007c0000000)
 Metaspace       used 37508K, capacity 38620K, committed 38884K, reserved 1083392K
  class space    used 4449K, capacity 4765K, committed 4836K, reserved 1048576K
2018-04-03T13:40:24.341+0700: 64.604: [GC (Allocation Failure) 2018-04-03T13:40:24.341+0700: 64.604: [ParNew
Desired survivor size 20112992 bytes, new threshold 8 (max 8)
- age   1:     288800 bytes,     288800 total
- age   2:    1006776 bytes,    1295576 total
- age   3:    1815096 bytes,    3110672 total
- age   4:     234856 bytes,    3345528 total
- age   5:     206800 bytes,    3552328 total
- age   6:     169344 bytes,    3721672 total
- age   7:     202424 bytes,    3924096 total
- age   8:     169216 bytes,    4093312 total
: 92082K->4766K(109248K), 0.0050682 secs] 248744K->161626K(502464K), 0.0051361 secs] [Times: user=0.02 sys=0.00, real=0.00 secs] 
Heap after GC invocations=415 (full 1):
 par new generation   total 109248K, used 4766K [0x00000007a0000000, 0x00000007a8000000, 0x00000007a8000000)
  eden space 87424K,   0% used [0x00000007a0000000, 0x00000007a0000000, 0x00000007a5560000)
  from space 21824K,  21% used [0x00000007a6ab0000, 0x00000007a6f57bc0, 0x00000007a8000000)
  to   space 21824K,   0% used [0x00000007a5560000, 0x00000007a5560000, 0x00000007a6ab0000)
 concurrent mark-sweep generation total 393216K, used 156859K [0x00000007a8000000, 0x00000007c0000000, 0x00000007c0000000)
 Metaspace       used 37508K, capacity 38620K, committed 38884K, reserved 1083392K
  class space    used 4449K, capacity 4765K, committed 4836K, reserved 1048576K
}
2018-04-03T13:40:24.346+0700: 64.610: Total time for which application threads were stopped: 0.0052998 seconds, Stopping threads took: 0.0000170 seconds
{Heap before GC invocations=415 (full 1):
 par new generation   total 109248K, used 92177K [0x00000007a0000000, 0x00000007a8000000, 0x00000007a8000000)
  eden space 87424K,  99% used [0x00000007a0000000, 0x00000007a555cae8, 0x00000007a5560000)
  from space 21824K,  21% used [0x00000007a6ab0000, 0x00000007a6f57bc0, 0x00000007a8000000)
  to   space 21824K,   0% used [0x00000007a5560000, 0x00000007a5560000, 0x00000007a6ab0000)
 concurrent mark-sweep generation total 393216K, used 156859K [0x00000007a8000000, 0x00000007c0000000, 0x00000007c0000000)
 Metaspace       used 37508K, capacity 38620K, committed 38884K, reserved 1083392K
  class space    used 4449K, capacity 4765K, committed 4836K, reserved 1048576K
2018-04-03T13:40:24.379+0700: 64.642: [GC (Allocation Failure) 2018-04-03T13:40:24.379+0700: 64.642: [ParNew
Desired survivor size 20112992 bytes, new threshold 8 (max 8)
- age   1:    2176872 bytes,    2176872 total
- age   2:     169768 bytes,    2346640 total
- age   3:    1006776 bytes,    3353416 total
- age   4:     234952 bytes,    3588368 total
- age   5:     234528 bytes,    3822896 total
- age   6:     206704 bytes,    4029600 total
- age   7:     169344 bytes,    4198944 total
- age   8:     202424 bytes,    4401368 total
: 92177K->6043K(109248K), 0.0053132 secs] 249037K->163068K(502464K), 0.0053841 secs] [Times: user=0.02 sys=0.00, real=0.01 secs] 
Heap after GC invocations=416 (full 1):
 par new generation   total 109248K, used 6043K [0x00000007a0000000, 0x00000007a8000000, 0x00000007a8000000)
  eden space 87424K,   0% used [0x00000007a0000000, 0x00000007a0000000, 0x00000007a5560000)
  from space 21824K,  27% used [0x00000007a5560000, 0x00000007a5b46cc8, 0x00000007a6ab0000)
  to   space 21824K,   0% used [0x00000007a6ab0000, 0x00000007a6ab0000, 0x00000007a8000000)
 concurrent mark-sweep generation total 393216K, used 157025K [0x00000007a8000000, 0x00000007c0000000, 0x00000007c0000000)
 Metaspace       used 37508K, capacity 38620K, committed 38884K, reserved 1083392K
  class space    used 4449K, capacity 4765K, committed 4836K, reserved 1048576K
}
2018-04-03T13:40:24.385+0700: 64.648: Total time for which application threads were stopped: 0.0055519 seconds, Stopping threads took: 0.0000185 seconds
{Heap before GC invocations=416 (full 1):
 par new generation   total 109248K, used 93467K [0x00000007a0000000, 0x00000007a8000000, 0x00000007a8000000)
  eden space 87424K, 100% used [0x00000007a0000000, 0x00000007a5560000, 0x00000007a5560000)
  from space 21824K,  27% used [0x00000007a5560000, 0x00000007a5b46cc8, 0x00000007a6ab0000)
  to   space 21824K,   0% used [0x00000007a6ab0000, 0x00000007a6ab0000, 0x00000007a8000000)
 concurrent mark-sweep generation total 393216K, used 157025K [0x00000007a8000000, 0x00000007c0000000, 0x00000007c0000000)
 Metaspace       used 37508K, capacity 38620K, committed 38884K, reserved 1083392K
  class space    used 4449K, capacity 4765K, committed 4836K, reserved 1048576K
2018-04-03T13:40:24.420+0700: 64.683: [GC (Allocation Failure) 2018-04-03T13:40:24.420+0700: 64.683: [ParNew
Desired survivor size 20112992 bytes, new threshold 8 (max 8)
- age   1:    1340832 bytes,    1340832 total
- age   2:    2045840 bytes,    3386672 total
- age   3:     169768 bytes,    3556440 total
- age   4:    1004912 bytes,    4561352 total
- age   5:     234952 bytes,    4796304 total
- age   6:     234528 bytes,    5030832 total
- age   7:     206704 bytes,    5237536 total
- age   8:     169344 bytes,    5406880 total
: 93467K->5579K(109248K), 0.0048777 secs] 250492K->162802K(502464K), 0.0049542 secs] [Times: user=0.02 sys=0.00, real=0.00 secs] 
Heap after GC invocations=417 (full 1):
 par new generation   total 109248K, used 5579K [0x00000007a0000000, 0x00000007a8000000, 0x00000007a8000000)
  eden space 87424K,   0% used [0x00000007a0000000, 0x00000007a0000000, 0x00000007a5560000)
  from space 21824K,  25% used [0x00000007a6ab0000, 0x00000007a7022f18, 0x00000007a8000000)
  to   space 21824K,   0% used [0x00000007a5560000, 0x00000007a5560000, 0x00000007a6ab0000)
 concurrent mark-sweep generation total 393216K, used 157222K [0x00000007a8000000, 0x00000007c0000000, 0x00000007c0000000)
 Metaspace       used 37508K, capacity 38620K, committed 38884K, reserved 1083392K
  class space    used 4449K, capacity 4765K, committed 4836K, reserved 1048576K
}
2018-04-03T13:40:24.425+0700: 64.688: Total time for which application threads were stopped: 0.0051193 seconds, Stopping threads took: 0.0000205 seconds
{Heap before GC invocations=417 (full 1):
 par new generation   total 109248K, used 93003K [0x00000007a0000000, 0x00000007a8000000, 0x00000007a8000000)
  eden space 87424K, 100% used [0x00000007a0000000, 0x00000007a5560000, 0x00000007a5560000)
  from space 21824K,  25% used [0x00000007a6ab0000, 0x00000007a7022f18, 0x00000007a8000000)
  to   space 21824K,   0% used [0x00000007a5560000, 0x00000007a5560000, 0x00000007a6ab0000)
 concurrent mark-sweep generation total 393216K, used 157222K [0x00000007a8000000, 0x00000007c0000000, 0x00000007c0000000)
 Metaspace       used 37508K, capacity 38620K, committed 38884K, reserved 1083392K
  class space    used 4449K, capacity 4765K, committed 4836K, reserved 1048576K
2018-04-03T13:40:24.452+0700: 64.716: [GC (Allocation Failure) 2018-04-03T13:40:24.452+0700: 64.716: [ParNew
Desired survivor size 20112992 bytes, new threshold 8 (max 8)
- age   1:     920256 bytes,     920256 total
- age   2:    1225168 bytes,    2145424 total
- age   3:    2045840 bytes,    4191264 total
- age   4:     169768 bytes,    4361032 total
- age   5:     497560 bytes,    4858592 total
- age   6:     234952 bytes,    5093544 total
- age   7:     234528 bytes,    5328072 total
- age   8:     206704 bytes,    5534776 total
: 93003K->5792K(109248K), 0.0047502 secs] 250226K->163180K(502464K), 0.0048188 secs] [Times: user=0.02 sys=0.00, real=0.00 secs] 
Heap after GC invocations=418 (full 1):
 par new generation   total 109248K, used 5792K [0x00000007a0000000, 0x00000007a8000000, 0x00000007a8000000)
  eden space 87424K,   0% used [0x00000007a0000000, 0x00000007a0000000, 0x00000007a5560000)
  from space 21824K,  26% used [0x00000007a5560000, 0x00000007a5b08070, 0x00000007a6ab0000)
  to   space 21824K,   0% used [0x00000007a6ab0000, 0x00000007a6ab0000, 0x00000007a8000000)
 concurrent mark-sweep generation total 393216K, used 157388K [0x00000007a8000000, 0x00000007c0000000, 0x00000007c0000000)
 Metaspace       used 37508K, capacity 38620K, committed 38884K, reserved 1083392K
  class space    used 4449K, capacity 4765K, committed 4836K, reserved 1048576K
}
2018-04-03T13:40:24.457+0700: 64.720: Total time for which application threads were stopped: 0.0050106 seconds, Stopping threads took: 0.0000151 seconds
{Heap before GC invocations=418 (full 1):
 par new generation   total 109248K, used 93216K [0x00000007a0000000, 0x00000007a8000000, 0x00000007a8000000)
  eden space 87424K, 100% used [0x00000007a0000000, 0x00000007a5560000, 0x00000007a5560000)
  from space 21824K,  26% used [0x00000007a5560000, 0x00000007a5b08070, 0x00000007a6ab0000)
  to   space 21824K,   0% used [0x00000007a6ab0000, 0x00000007a6ab0000, 0x00000007a8000000)
 concurrent mark-sweep generation total 393216K, used 157388K [0x00000007a8000000, 0x00000007c0000000, 0x00000007c0000000)
 Metaspace       used 37508K, capacity 38620K, committed 38884K, reserved 1083392K
  class space    used 4449K, capacity 4765K, committed 4836K, reserved 1048576K
2018-04-03T13:40:24.486+0700: 64.749: [GC (Allocation Failure) 2018-04-03T13:40:24.486+0700: 64.749: [ParNew
Desired survivor size 20112992 bytes, new threshold 8 (max 8)
- age   1:     404000 bytes,     404000 total
- age   2:     838240 bytes,    1242240 total
- age   3:    1224944 bytes,    2467184 total
- age   4:    2045032 bytes,    4512216 total
- age   5:     169768 bytes,    4681984 total
- age   6:     497560 bytes,    5179544 total
- age   7:     234952 bytes,    5414496 total
- age   8:     234528 bytes,    5649024 total
: 93216K->6583K(109248K), 0.0041204 secs] 250604K->164173K(502464K), 0.0041942 secs] [Times: user=0.02 sys=0.00, real=0.01 secs] 
Heap after GC invocations=419 (full 1):
 par new generation   total 109248K, used 6583K [0x00000007a0000000, 0x00000007a8000000, 0x00000007a8000000)
  eden space 87424K,   0% used [0x00000007a0000000, 0x00000007a0000000, 0x00000007a5560000)
  from space 21824K,  30% used [0x00000007a6ab0000, 0x00000007a711dd88, 0x00000007a8000000)
  to   space 21824K,   0% used [0x00000007a5560000, 0x00000007a5560000, 0x00000007a6ab0000)
 concurrent mark-sweep generation total 393216K, used 157590K [0x00000007a8000000, 0x00000007c0000000, 0x00000007c0000000)
 Metaspace       used 37508K, capacity 38620K, committed 38884K, reserved 1083392K
  class space    used 4449K, capacity 4765K, committed 4836K, reserved 1048576K
}
2018-04-03T13:40:24.490+0700: 64.754: Total time for which application threads were stopped: 0.0043528 seconds, Stopping threads took: 0.0000170 seconds
{Heap before GC invocations=419 (full 1):
 par new generation   total 109248K, used 94007K [0x00000007a0000000, 0x00000007a8000000, 0x00000007a8000000)
  eden space 87424K, 100% used [0x00000007a0000000, 0x00000007a5560000, 0x00000007a5560000)
  from space 21824K,  30% used [0x00000007a6ab0000, 0x00000007a711dd88, 0x00000007a8000000)
  to   space 21824K,   0% used [0x00000007a5560000, 0x00000007a5560000, 0x00000007a6ab0000)
 concurrent mark-sweep generation total 393216K, used 157590K [0x00000007a8000000, 0x00000007c0000000, 0x00000007c0000000)
 Metaspace       used 37508K, capacity 38620K, committed 38884K, reserved 1083392K
  class space    used 4449K, capacity 4765K, committed 4836K, reserved 1048576K
2018-04-03T13:40:24.519+0700: 64.782: [GC (Allocation Failure) 2018-04-03T13:40:24.519+0700: 64.782: [ParNew
Desired survivor size 20112992 bytes, new threshold 8 (max 8)
- age   1:    2379344 bytes,    2379344 total
- age   2:     268776 bytes,    2648120 total
- age   3:     838240 bytes,    3486360 total
- age   4:    1224944 bytes,    4711304 total
- age   5:     267808 bytes,    4979112 total
- age   6:     169768 bytes,    5148880 total
- age   7:     497560 bytes,    5646440 total
- age   8:     234952 bytes,    5881392 total
: 94007K->6621K(109248K), 0.0044119 secs] 251597K->164440K(502464K), 0.0044849 secs] [Times: user=0.02 sys=0.00, real=0.01 secs] 
Heap after GC invocations=420 (full 1):
 par new generation   total 109248K, used 6621K [0x00000007a0000000, 0x00000007a8000000, 0x00000007a8000000)
  eden space 87424K,   0% used [0x00000007a0000000, 0x00000007a0000000, 0x00000007a5560000)
  from space 21824K,  30% used [0x00000007a5560000, 0x00000007a5bd74b0, 0x00000007a6ab0000)
  to   space 21824K,   0% used [0x00000007a6ab0000, 0x00000007a6ab0000, 0x00000007a8000000)
 concurrent mark-sweep generation total 393216K, used 157819K [0x00000007a8000000, 0x00000007c0000000, 0x00000007c0000000)
 Metaspace       used 37508K, capacity 38620K, committed 38884K, reserved 1083392K
  class space    used 4449K, capacity 4765K, committed 4836K, reserved 1048576K
}
2018-04-03T13:40:24.524+0700: 64.787: Total time for which application threads were stopped: 0.0046425 seconds, Stopping threads took: 0.0000173 seconds
{Heap before GC invocations=420 (full 1):
 par new generation   total 109248K, used 94045K [0x00000007a0000000, 0x00000007a8000000, 0x00000007a8000000)
  eden space 87424K, 100% used [0x00000007a0000000, 0x00000007a5560000, 0x00000007a5560000)
  from space 21824K,  30% used [0x00000007a5560000, 0x00000007a5bd74b0, 0x00000007a6ab0000)
  to   space 21824K,   0% used [0x00000007a6ab0000, 0x00000007a6ab0000, 0x00000007a8000000)
 concurrent mark-sweep generation total 393216K, used 157819K [0x00000007a8000000, 0x00000007c0000000, 0x00000007c0000000)
 Metaspace       used 37508K, capacity 38620K, committed 38884K, reserved 1083392K
  class space    used 4449K, capacity 4765K, committed 4836K, reserved 1048576K
2018-04-03T13:40:24.552+0700: 64.815: [GC (Allocation Failure) 2018-04-03T13:40:24.552+0700: 64.815: [ParNew
Desired survivor size 20112992 bytes, new threshold 8 (max 8)
- age   1:     348872 bytes,     348872 total
- age   2:    2234560 bytes,    2583432 total
- age   3:     268776 bytes,    2852208 total
- age   4:     838240 bytes,    3690448 total
- age   5:    1224944 bytes,    4915392 total
- age   6:     267808 bytes,    5183200 total
- age   7:     169768 bytes,    5352968 total
- age   8:     497560 bytes,    5850528 total
: 94045K->7120K(109248K), 0.0046840 secs] 251864K->165169K(502464K), 0.0047527 secs] [Times: user=0.02 sys=0.00, real=0.00 secs] 
Heap after GC invocations=421 (full 1):
 par new generation   total 109248K, used 7120K [0x00000007a0000000, 0x00000007a8000000, 0x00000007a8000000)
  eden space 87424K,   0% used [0x00000007a0000000, 0x00000007a0000000, 0x00000007a5560000)
  from space 21824K,  32% used [0x00000007a6ab0000, 0x00000007a71a43d0, 0x00000007a8000000)
  to   space 21824K,   0% used [0x00000007a5560000, 0x00000007a5560000, 0x00000007a6ab0000)
 concurrent mark-sweep generation total 393216K, used 158048K [0x00000007a8000000, 0x00000007c0000000, 0x00000007c0000000)
 Metaspace       used 37508K, capacity 38620K, committed 38884K, reserved 1083392K
  class space    used 4449K, capacity 4765K, committed 4836K, reserved 1048576K
}
2018-04-03T13:40:24.557+0700: 64.820: Total time for which application threads were stopped: 0.0049027 seconds, Stopping threads took: 0.0000162 seconds
{Heap before GC invocations=421 (full 1):
 par new generation   total 109248K, used 94544K [0x00000007a0000000, 0x00000007a8000000, 0x00000007a8000000)
  eden space 87424K, 100% used [0x00000007a0000000, 0x00000007a5560000, 0x00000007a5560000)
  from space 21824K,  32% used [0x00000007a6ab0000, 0x00000007a71a43d0, 0x00000007a8000000)
  to   space 21824K,   0% used [0x00000007a5560000, 0x00000007a5560000, 0x00000007a6ab0000)
 concurrent mark-sweep generation total 393216K, used 158048K [0x00000007a8000000, 0x00000007c0000000, 0x00000007c0000000)
 Metaspace       used 37508K, capacity 38620K, committed 38884K, reserved 1083392K
  class space    used 4449K, capacity 4765K, committed 4836K, reserved 1048576K
2018-04-03T13:40:24.585+0700: 64.848: [GC (Allocation Failure) 2018-04-03T13:40:24.585+0700: 64.848: [ParNew
Desired survivor size 20112992 bytes, new threshold 8 (max 8)
- age   1:     371992 bytes,     371992 total
- age   2:     267992 bytes,     639984 total
- age   3:    2234560 bytes,    2874544 total
- age   4:     268776 bytes,    3143320 total
- age   5:     838240 bytes,    3981560 total
- age   6:    1223024 bytes,    5204584 total
- age   7:     267696 bytes,    5472280 total
- age   8:     169768 bytes,    5642048 total
: 94544K->8248K(109248K), 0.0041918 secs] 252593K->166782K(502464K), 0.0042633 secs] [Times: user=0.01 sys=0.00, real=0.00 secs] 
Heap after GC invocations=422 (full 1):
 par new generation   total 109248K, used 8248K [0x00000007a0000000, 0x00000007a8000000, 0x00000007a8000000)
  eden space 87424K,   0% used [0x00000007a0000000, 0x00000007a0000000, 0x00000007a5560000)
  from space 21824K,  37% used [0x00000007a5560000, 0x00000007a5d6e0c8, 0x00000007a6ab0000)
  to   space 21824K,   0% used [0x00000007a6ab0000, 0x00000007a6ab0000, 0x00000007a8000000)
 concurrent mark-sweep generation total 393216K, used 158534K [0x00000007a8000000, 0x00000007c0000000, 0x00000007c0000000)
 Metaspace       used 37508K, capacity 38620K, committed 38884K, reserved 1083392K
  class space    used 4449K, capacity 4765K, committed 4836K, reserved 1048576K
}
2018-04-03T13:40:24.589+0700: 64.852: Total time for which application threads were stopped: 0.0044173 seconds, Stopping threads took: 0.0000163 seconds
{Heap before GC invocations=422 (full 1):
 par new generation   total 109248K, used 95672K [0x00000007a0000000, 0x00000007a8000000, 0x00000007a8000000)
  eden space 87424K, 100% used [0x00000007a0000000, 0x00000007a5560000, 0x00000007a5560000)
  from space 21824K,  37% used [0x00000007a5560000, 0x00000007a5d6e0c8, 0x00000007a6ab0000)
  to   space 21824K,   0% used [0x00000007a6ab0000, 0x00000007a6ab0000, 0x00000007a8000000)
 concurrent mark-sweep generation total 393216K, used 158534K [0x00000007a8000000, 0x00000007c0000000, 0x00000007c0000000)
 Metaspace       used 37508K, capacity 38620K, committed 38884K, reserved 1083392K
  class space    used 4449K, capacity 4765K, committed 4836K, reserved 1048576K
2018-04-03T13:40:24.616+0700: 64.879: [GC (Allocation Failure) 2018-04-03T13:40:24.616+0700: 64.879: [ParNew
Desired survivor size 20112992 bytes, new threshold 8 (max 8)
- age   1:     279904 bytes,     279904 total
- age   2:     269840 bytes,     549744 total
- age   3:     267992 bytes,     817736 total
- age   4:    2234280 bytes,    3052016 total
- age   5:     267864 bytes,    3319880 total
- age   6:     838240 bytes,    4158120 total
- age   7:    1223024 bytes,    5381144 total
- age   8:     267696 bytes,    5648840 total
: 95672K->5901K(109248K), 0.0051039 secs] 254206K->164601K(502464K), 0.0051709 secs] [Times: user=0.02 sys=0.00, real=0.01 secs] 
Heap after GC invocations=423 (full 1):
 par new generation   total 109248K, used 5901K [0x00000007a0000000, 0x00000007a8000000, 0x00000007a8000000)
  eden space 87424K,   0% used [0x00000007a0000000, 0x00000007a0000000, 0x00000007a5560000)
  from space 21824K,  27% used [0x00000007a6ab0000, 0x00000007a7073640, 0x00000007a8000000)
  to   space 21824K,   0% used [0x00000007a5560000, 0x00000007a5560000, 0x00000007a6ab0000)
 concurrent mark-sweep generation total 393216K, used 158700K [0x00000007a8000000, 0x00000007c0000000, 0x00000007c0000000)
 Metaspace       used 37508K, capacity 38620K, committed 38884K, reserved 1083392K
  class space    used 4449K, capacity 4765K, committed 4836K, reserved 1048576K
}
2018-04-03T13:40:24.621+0700: 64.884: Total time for which application threads were stopped: 0.0053275 seconds, Stopping threads took: 0.0000164 seconds
2018-04-03T13:40:24.634+0700: 64.897: Total time for which application threads were stopped: 0.0000673 seconds, Stopping threads took: 0.0000139 seconds
2018-04-03T13:40:24.635+0700: 64.898: Total time for which application threads were stopped: 0.0001322 seconds, Stopping threads took: 0.0000703 seconds
2018-04-03T13:40:24.636+0700: 64.899: Total time for which application threads were stopped: 0.0000873 seconds, Stopping threads took: 0.0000519 seconds
2018-04-03T13:40:24.636+0700: 64.899: Total time for which application threads were stopped: 0.0000837 seconds, Stopping threads took: 0.0000482 seconds
2018-04-03T13:40:24.636+0700: 64.899: Total time for which application threads were stopped: 0.0000899 seconds, Stopping threads took: 0.0000502 seconds
2018-04-03T13:40:24.636+0700: 64.899: Total time for which application threads were stopped: 0.0000813 seconds, Stopping threads took: 0.0000410 seconds
{Heap before GC invocations=423 (full 1):
 par new generation   total 109248K, used 93325K [0x00000007a0000000, 0x00000007a8000000, 0x00000007a8000000)
  eden space 87424K, 100% used [0x00000007a0000000, 0x00000007a5560000, 0x00000007a5560000)
  from space 21824K,  27% used [0x00000007a6ab0000, 0x00000007a7073640, 0x00000007a8000000)
  to   space 21824K,   0% used [0x00000007a5560000, 0x00000007a5560000, 0x00000007a6ab0000)
 concurrent mark-sweep generation total 393216K, used 158700K [0x00000007a8000000, 0x00000007c0000000, 0x00000007c0000000)
 Metaspace       used 37509K, capacity 38620K, committed 38884K, reserved 1083392K
  class space    used 4449K, capacity 4765K, committed 4836K, reserved 1048576K
2018-04-03T13:40:24.650+0700: 64.913: [GC (Allocation Failure) 2018-04-03T13:40:24.650+0700: 64.913: [ParNew
Desired survivor size 20112992 bytes, new threshold 8 (max 8)
- age   1:    3173496 bytes,    3173496 total
- age   2:     208048 bytes,    3381544 total
- age   3:     269840 bytes,    3651384 total
- age   4:     267992 bytes,    3919376 total
- age   5:     234912 bytes,    4154288 total
- age   6:     267864 bytes,    4422152 total
- age   7:     267440 bytes,    4689592 total
- age   8:    1223024 bytes,    5912616 total
: 93325K->6349K(109248K), 0.0049539 secs] 252025K->165311K(502464K), 0.0050241 secs] [Times: user=0.01 sys=0.00, real=0.00 secs] 
Heap after GC invocations=424 (full 1):
 par new generation   total 109248K, used 6349K [0x00000007a0000000, 0x00000007a8000000, 0x00000007a8000000)
  eden space 87424K,   0% used [0x00000007a0000000, 0x00000007a0000000, 0x00000007a5560000)
  from space 21824K,  29% used [0x00000007a5560000, 0x00000007a5b935f0, 0x00000007a6ab0000)
  to   space 21824K,   0% used [0x00000007a6ab0000, 0x00000007a6ab0000, 0x00000007a8000000)
 concurrent mark-sweep generation total 393216K, used 158961K [0x00000007a8000000, 0x00000007c0000000, 0x00000007c0000000)
 Metaspace       used 37509K, capacity 38620K, committed 38884K, reserved 1083392K
  class space    used 4449K, capacity 4765K, committed 4836K, reserved 1048576K
}
2018-04-03T13:40:24.655+0700: 64.918: Total time for which application threads were stopped: 0.0051650 seconds, Stopping threads took: 0.0000134 seconds
{Heap before GC invocations=424 (full 1):
 par new generation   total 109248K, used 93773K [0x00000007a0000000, 0x00000007a8000000, 0x00000007a8000000)
  eden space 87424K, 100% used [0x00000007a0000000, 0x00000007a5560000, 0x00000007a5560000)
  from space 21824K,  29% used [0x00000007a5560000, 0x00000007a5b935f0, 0x00000007a6ab0000)
  to   space 21824K,   0% used [0x00000007a6ab0000, 0x00000007a6ab0000, 0x00000007a8000000)
 concurrent mark-sweep generation total 393216K, used 158961K [0x00000007a8000000, 0x00000007c0000000, 0x00000007c0000000)
 Metaspace       used 37509K, capacity 38620K, committed 38884K, reserved 1083392K
  class space    used 4449K, capacity 4765K, committed 4836K, reserved 1048576K
2018-04-03T13:40:24.683+0700: 64.946: [GC (Allocation Failure) 2018-04-03T13:40:24.683+0700: 64.946: [ParNew
Desired survivor size 20112992 bytes, new threshold 8 (max 8)
- age   1:     365320 bytes,     365320 total
- age   2:    3099416 bytes,    3464736 total
- age   3:     208048 bytes,    3672784 total
- age   4:     269840 bytes,    3942624 total
- age   5:     267992 bytes,    4210616 total
- age   6:     234912 bytes,    4445528 total
- age   7:     267864 bytes,    4713392 total
- age   8:     267440 bytes,    4980832 total
: 93773K->6480K(109248K), 0.0041275 secs] 252735K->166636K(502464K), 0.0041969 secs] [Times: user=0.01 sys=0.00, real=0.00 secs] 
Heap after GC invocations=425 (full 1):
 par new generation   total 109248K, used 6480K [0x00000007a0000000, 0x00000007a8000000, 0x00000007a8000000)
  eden space 87424K,   0% used [0x00000007a0000000, 0x00000007a0000000, 0x00000007a5560000)
  from space 21824K,  29% used [0x00000007a6ab0000, 0x00000007a71042f0, 0x00000007a8000000)
  to   space 21824K,   0% used [0x00000007a5560000, 0x00000007a5560000, 0x00000007a6ab0000)
 concurrent mark-sweep generation total 393216K, used 160156K [0x00000007a8000000, 0x00000007c0000000, 0x00000007c0000000)
 Metaspace       used 37509K, capacity 38620K, committed 38884K, reserved 1083392K
  class space    used 4449K, capacity 4765K, committed 4836K, reserved 1048576K
}
2018-04-03T13:40:24.687+0700: 64.950: Total time for which application threads were stopped: 0.0043455 seconds, Stopping threads took: 0.0000154 seconds
{Heap before GC invocations=425 (full 1):
 par new generation   total 109248K, used 93904K [0x00000007a0000000, 0x00000007a8000000, 0x00000007a8000000)
  eden space 87424K, 100% used [0x00000007a0000000, 0x00000007a5560000, 0x00000007a5560000)
  from space 21824K,  29% used [0x00000007a6ab0000, 0x00000007a71042f0, 0x00000007a8000000)
  to   space 21824K,   0% used [0x00000007a5560000, 0x00000007a5560000, 0x00000007a6ab0000)
 concurrent mark-sweep generation total 393216K, used 160156K [0x00000007a8000000, 0x00000007c0000000, 0x00000007c0000000)
 Metaspace       used 37509K, capacity 38620K, committed 38884K, reserved 1083392K
  class space    used 4449K, capacity 4765K, committed 4836K, reserved 1048576K
2018-04-03T13:40:24.715+0700: 64.978: [GC (Allocation Failure) 2018-04-03T13:40:24.715+0700: 64.978: [ParNew
Desired survivor size 20112992 bytes, new threshold 8 (max 8)
- age   1:     272512 bytes,     272512 total
- age   2:     235592 bytes,     508104 total
- age   3:    3099416 bytes,    3607520 total
- age   4:     207736 bytes,    3815256 total
- age   5:     267696 bytes,    4082952 total
- age   6:     267992 bytes,    4350944 total
- age   7:     234912 bytes,    4585856 total
- age   8:     267864 bytes,    4853720 total
: 93904K->5715K(109248K), 0.0039578 secs] 254060K->166133K(502464K), 0.0040401 secs] [Times: user=0.01 sys=0.00, real=0.00 secs] 
Heap after GC invocations=426 (full 1):
 par new generation   total 109248K, used 5715K [0x00000007a0000000, 0x00000007a8000000, 0x00000007a8000000)
  eden space 87424K,   0% used [0x00000007a0000000, 0x00000007a0000000, 0x00000007a5560000)
  from space 21824K,  26% used [0x00000007a5560000, 0x00000007a5af4f50, 0x00000007a6ab0000)
  to   space 21824K,   0% used [0x00000007a6ab0000, 0x00000007a6ab0000, 0x00000007a8000000)
 concurrent mark-sweep generation total 393216K, used 160417K [0x00000007a8000000, 0x00000007c0000000, 0x00000007c0000000)
 Metaspace       used 37509K, capacity 38620K, committed 38884K, reserved 1083392K
  class space    used 4449K, capacity 4765K, committed 4836K, reserved 1048576K
}
2018-04-03T13:40:24.719+0700: 64.982: Total time for which application threads were stopped: 0.0041959 seconds, Stopping threads took: 0.0000164 seconds
{Heap before GC invocations=426 (full 1):
 par new generation   total 109248K, used 93139K [0x00000007a0000000, 0x00000007a8000000, 0x00000007a8000000)
  eden space 87424K, 100% used [0x00000007a0000000, 0x00000007a5560000, 0x00000007a5560000)
  from space 21824K,  26% used [0x00000007a5560000, 0x00000007a5af4f50, 0x00000007a6ab0000)
  to   space 21824K,   0% used [0x00000007a6ab0000, 0x00000007a6ab0000, 0x00000007a8000000)
 concurrent mark-sweep generation total 393216K, used 160417K [0x00000007a8000000, 0x00000007c0000000, 0x00000007c0000000)
 Metaspace       used 37509K, capacity 38620K, committed 38884K, reserved 1083392K
  class space    used 4449K, capacity 4765K, committed 4836K, reserved 1048576K
2018-04-03T13:40:24.746+0700: 65.009: [GC (Allocation Failure) 2018-04-03T13:40:24.746+0700: 65.009: [ParNew
Desired survivor size 20112992 bytes, new threshold 8 (max 8)
- age   1:     292880 bytes,     292880 total
- age   2:     205040 bytes,     497920 total
- age   3:     235592 bytes,     733512 total
- age   4:    3099416 bytes,    3832928 total
- age   5:     207736 bytes,    4040664 total
- age   6:     267696 bytes,    4308360 total
- age   7:     267992 bytes,    4576352 total
- age   8:     234912 bytes,    4811264 total
: 93139K->5342K(109248K), 0.0051351 secs] 253557K->166021K(502464K), 0.0052154 secs] [Times: user=0.01 sys=0.00, real=0.01 secs] 
Heap after GC invocations=427 (full 1):
 par new generation   total 109248K, used 5342K [0x00000007a0000000, 0x00000007a8000000, 0x00000007a8000000)
  eden space 87424K,   0% used [0x00000007a0000000, 0x00000007a0000000, 0x00000007a5560000)
  from space 21824K,  24% used [0x00000007a6ab0000, 0x00000007a6fe7910, 0x00000007a8000000)
  to   space 21824K,   0% used [0x00000007a5560000, 0x00000007a5560000, 0x00000007a6ab0000)
 concurrent mark-sweep generation total 393216K, used 160678K [0x00000007a8000000, 0x00000007c0000000, 0x00000007c0000000)
 Metaspace       used 37509K, capacity 38620K, committed 38884K, reserved 1083392K
  class space    used 4449K, capacity 4765K, committed 4836K, reserved 1048576K
}
2018-04-03T13:40:24.752+0700: 65.015: Total time for which application threads were stopped: 0.0053879 seconds, Stopping threads took: 0.0000161 seconds
{Heap before GC invocations=427 (full 1):
 par new generation   total 109248K, used 92766K [0x00000007a0000000, 0x00000007a8000000, 0x00000007a8000000)
  eden space 87424K, 100% used [0x00000007a0000000, 0x00000007a5560000, 0x00000007a5560000)
  from space 21824K,  24% used [0x00000007a6ab0000, 0x00000007a6fe7910, 0x00000007a8000000)
  to   space 21824K,   0% used [0x00000007a5560000, 0x00000007a5560000, 0x00000007a6ab0000)
 concurrent mark-sweep generation total 393216K, used 160678K [0x00000007a8000000, 0x00000007c0000000, 0x00000007c0000000)
 Metaspace       used 37509K, capacity 38620K, committed 38884K, reserved 1083392K
  class space    used 4449K, capacity 4765K, committed 4836K, reserved 1048576K
2018-04-03T13:40:24.778+0700: 65.041: [GC (Allocation Failure) 2018-04-03T13:40:24.778+0700: 65.041: [ParNew
Desired survivor size 20112992 bytes, new threshold 8 (max 8)
- age   1:    2798736 bytes,    2798736 total
- age   2:     202576 bytes,    3001312 total
- age   3:     205040 bytes,    3206352 total
- age   4:     235592 bytes,    3441944 total
- age   5:     850136 bytes,    4292080 total
- age   6:     207176 bytes,    4499256 total
- age   7:     267568 bytes,    4766824 total
- age   8:     267992 bytes,    5034816 total
: 92766K->5608K(109248K), 0.0041114 secs] 253445K->166517K(502464K), 0.0041806 secs] [Times: user=0.01 sys=0.00, real=0.01 secs] 
Heap after GC invocations=428 (full 1):
 par new generation   total 109248K, used 5608K [0x00000007a0000000, 0x00000007a8000000, 0x00000007a8000000)
  eden space 87424K,   0% used [0x00000007a0000000, 0x00000007a0000000, 0x00000007a5560000)
  from space 21824K,  25% used [0x00000007a5560000, 0x00000007a5ada330, 0x00000007a6ab0000)
  to   space 21824K,   0% used [0x00000007a6ab0000, 0x00000007a6ab0000, 0x00000007a8000000)
 concurrent mark-sweep generation total 393216K, used 160908K [0x00000007a8000000, 0x00000007c0000000, 0x00000007c0000000)
 Metaspace       used 37509K, capacity 38620K, committed 38884K, reserved 1083392K
  class space    used 4449K, capacity 4765K, committed 4836K, reserved 1048576K
}
2018-04-03T13:40:24.782+0700: 65.046: Total time for which application threads were stopped: 0.0043366 seconds, Stopping threads took: 0.0000166 seconds
{Heap before GC invocations=428 (full 1):
 par new generation   total 109248K, used 93032K [0x00000007a0000000, 0x00000007a8000000, 0x00000007a8000000)
  eden space 87424K, 100% used [0x00000007a0000000, 0x00000007a5560000, 0x00000007a5560000)
  from space 21824K,  25% used [0x00000007a5560000, 0x00000007a5ada330, 0x00000007a6ab0000)
  to   space 21824K,   0% used [0x00000007a6ab0000, 0x00000007a6ab0000, 0x00000007a8000000)
 concurrent mark-sweep generation total 393216K, used 160908K [0x00000007a8000000, 0x00000007c0000000, 0x00000007c0000000)
 Metaspace       used 37509K, capacity 38620K, committed 38884K, reserved 1083392K
  class space    used 4449K, capacity 4765K, committed 4836K, reserved 1048576K
2018-04-03T13:40:24.812+0700: 65.075: [GC (Allocation Failure) 2018-04-03T13:40:24.812+0700: 65.075: [ParNew
Desired survivor size 20112992 bytes, new threshold 8 (max 8)
- age   1:     309472 bytes,     309472 total
- age   2:    2701096 bytes,    3010568 total
- age   3:     202576 bytes,    3213144 total
- age   4:     205040 bytes,    3418184 total
- age   5:     235592 bytes,    3653776 total
- age   6:     850136 bytes,    4503912 total
- age   7:     206704 bytes,    4710616 total
- age   8:     267568 bytes,    4978184 total
: 93032K->5850K(109248K), 0.0039214 secs] 253941K->167020K(502464K), 0.0039853 secs] [Times: user=0.01 sys=0.00, real=0.00 secs] 
Heap after GC invocations=429 (full 1):
 par new generation   total 109248K, used 5850K [0x00000007a0000000, 0x00000007a8000000, 0x00000007a8000000)
  eden space 87424K,   0% used [0x00000007a0000000, 0x00000007a0000000, 0x00000007a5560000)
  from space 21824K,  26% used [0x00000007a6ab0000, 0x00000007a70669c0, 0x00000007a8000000)
  to   space 21824K,   0% used [0x00000007a5560000, 0x00000007a5560000, 0x00000007a6ab0000)
 concurrent mark-sweep generation total 393216K, used 161169K [0x00000007a8000000, 0x00000007c0000000, 0x00000007c0000000)
 Metaspace       used 37509K, capacity 38620K, committed 38884K, reserved 1083392K
  class space    used 4449K, capacity 4765K, committed 4836K, reserved 1048576K
}
2018-04-03T13:40:24.816+0700: 65.079: Total time for which application threads were stopped: 0.0041365 seconds, Stopping threads took: 0.0000158 seconds
{Heap before GC invocations=429 (full 1):
 par new generation   total 109248K, used 93274K [0x00000007a0000000, 0x00000007a8000000, 0x00000007a8000000)
  eden space 87424K, 100% used [0x00000007a0000000, 0x00000007a5560000, 0x00000007a5560000)
  from space 21824K,  26% used [0x00000007a6ab0000, 0x00000007a70669c0, 0x00000007a8000000)
  to   space 21824K,   0% used [0x00000007a5560000, 0x00000007a5560000, 0x00000007a6ab0000)
 concurrent mark-sweep generation total 393216K, used 161169K [0x00000007a8000000, 0x00000007c0000000, 0x00000007c0000000)
 Metaspace       used 37509K, capacity 38620K, committed 38884K, reserved 1083392K
  class space    used 4449K, capacity 4765K, committed 4836K, reserved 1048576K
2018-04-03T13:40:24.842+0700: 65.105: [GC (Allocation Failure) 2018-04-03T13:40:24.842+0700: 65.105: [ParNew
Desired survivor size 20112992 bytes, new threshold 8 (max 8)
- age   1:     328256 bytes,     328256 total
- age   2:     240792 bytes,     569048 total
- age   3:    2701096 bytes,    3270144 total
- age   4:     202576 bytes,    3472720 total
- age   5:     205040 bytes,    3677760 total
- age   6:     235592 bytes,    3913352 total
- age   7:     850136 bytes,    4763488 total
- age   8:     206704 bytes,    4970192 total
: 93274K->5910K(109248K), 0.0037576 secs] 254444K->167341K(502464K), 0.0038221 secs] [Times: user=0.01 sys=0.00, real=0.00 secs] 
Heap after GC invocations=430 (full 1):
 par new generation   total 109248K, used 5910K [0x00000007a0000000, 0x00000007a8000000, 0x00000007a8000000)
  eden space 87424K,   0% used [0x00000007a0000000, 0x00000007a0000000, 0x00000007a5560000)
  from space 21824K,  27% used [0x00000007a5560000, 0x00000007a5b25ae0, 0x00000007a6ab0000)
  to   space 21824K,   0% used [0x00000007a6ab0000, 0x00000007a6ab0000, 0x00000007a8000000)
 concurrent mark-sweep generation total 393216K, used 161431K [0x00000007a8000000, 0x00000007c0000000, 0x00000007c0000000)
 Metaspace       used 37509K, capacity 38620K, committed 38884K, reserved 1083392K
  class space    used 4449K, capacity 4765K, committed 4836K, reserved 1048576K
}
2018-04-03T13:40:24.846+0700: 65.109: Total time for which application threads were stopped: 0.0039666 seconds, Stopping threads took: 0.0000140 seconds
{Heap before GC invocations=430 (full 1):
 par new generation   total 109248K, used 93334K [0x00000007a0000000, 0x00000007a8000000, 0x00000007a8000000)
  eden space 87424K, 100% used [0x00000007a0000000, 0x00000007a5560000, 0x00000007a5560000)
  from space 21824K,  27% used [0x00000007a5560000, 0x00000007a5b25ae0, 0x00000007a6ab0000)
  to   space 21824K,   0% used [0x00000007a6ab0000, 0x00000007a6ab0000, 0x00000007a8000000)
 concurrent mark-sweep generation total 393216K, used 161431K [0x00000007a8000000, 0x00000007c0000000, 0x00000007c0000000)
 Metaspace       used 37509K, capacity 38620K, committed 38884K, reserved 1083392K
  class space    used 4449K, capacity 4765K, committed 4836K, reserved 1048576K
2018-04-03T13:40:24.873+0700: 65.136: [GC (Allocation Failure) 2018-04-03T13:40:24.873+0700: 65.136: [ParNew
Desired survivor size 20112992 bytes, new threshold 8 (max 8)
- age   1:     339848 bytes,     339848 total
- age   2:     202384 bytes,     542232 total
- age   3:     240792 bytes,     783024 total
- age   4:    2701096 bytes,    3484120 total
- age   5:     202576 bytes,    3686696 total
- age   6:     202256 bytes,    3888952 total
- age   7:     235592 bytes,    4124544 total
- age   8:     850136 bytes,    4974680 total
: 93334K->5624K(109248K), 0.0043260 secs] 254765K->167257K(502464K), 0.0043953 secs] [Times: user=0.02 sys=0.01, real=0.00 secs] 
Heap after GC invocations=431 (full 1):
 par new generation   total 109248K, used 5624K [0x00000007a0000000, 0x00000007a8000000, 0x00000007a8000000)
  eden space 87424K,   0% used [0x00000007a0000000, 0x00000007a0000000, 0x00000007a5560000)
  from space 21824K,  25% used [0x00000007a6ab0000, 0x00000007a702e0f0, 0x00000007a8000000)
  to   space 21824K,   0% used [0x00000007a5560000, 0x00000007a5560000, 0x00000007a6ab0000)
 concurrent mark-sweep generation total 393216K, used 161633K [0x00000007a8000000, 0x00000007c0000000, 0x00000007c0000000)
 Metaspace       used 37509K, capacity 38620K, committed 38884K, reserved 1083392K
  class space    used 4449K, capacity 4765K, committed 4836K, reserved 1048576K
}
2018-04-03T13:40:24.878+0700: 65.141: Total time for which application threads were stopped: 0.0045472 seconds, Stopping threads took: 0.0000170 seconds
{Heap before GC invocations=431 (full 1):
 par new generation   total 109248K, used 93048K [0x00000007a0000000, 0x00000007a8000000, 0x00000007a8000000)
  eden space 87424K, 100% used [0x00000007a0000000, 0x00000007a5560000, 0x00000007a5560000)
  from space 21824K,  25% used [0x00000007a6ab0000, 0x00000007a702e0f0, 0x00000007a8000000)
  to   space 21824K,   0% used [0x00000007a5560000, 0x00000007a5560000, 0x00000007a6ab0000)
 concurrent mark-sweep generation total 393216K, used 161633K [0x00000007a8000000, 0x00000007c0000000, 0x00000007c0000000)
 Metaspace       used 37509K, capacity 38620K, committed 38884K, reserved 1083392K
  class space    used 4449K, capacity 4765K, committed 4836K, reserved 1048576K
2018-04-03T13:40:24.904+0700: 65.167: [GC (Allocation Failure) 2018-04-03T13:40:24.904+0700: 65.167: [ParNew
Desired survivor size 20112992 bytes, new threshold 8 (max 8)
- age   1:    1083720 bytes,    1083720 total
- age   2:     238768 bytes,    1322488 total
- age   3:     202384 bytes,    1524872 total
- age   4:     240792 bytes,    1765664 total
- age   5:    2701096 bytes,    4466760 total
- age   6:     202576 bytes,    4669336 total
- age   7:     202256 bytes,    4871592 total
- age   8:     235592 bytes,    5107184 total
: 93048K->6412K(109248K), 0.0049562 secs] 254681K->168248K(502464K), 0.0050225 secs] [Times: user=0.02 sys=0.00, real=0.00 secs] 
Heap after GC invocations=432 (full 1):
 par new generation   total 109248K, used 6412K [0x00000007a0000000, 0x00000007a8000000, 0x00000007a8000000)
  eden space 87424K,   0% used [0x00000007a0000000, 0x00000007a0000000, 0x00000007a5560000)
  from space 21824K,  29% used [0x00000007a5560000, 0x00000007a5ba3098, 0x00000007a6ab0000)
  to   space 21824K,   0% used [0x00000007a6ab0000, 0x00000007a6ab0000, 0x00000007a8000000)
 concurrent mark-sweep generation total 393216K, used 161836K [0x00000007a8000000, 0x00000007c0000000, 0x00000007c0000000)
 Metaspace       used 37509K, capacity 38620K, committed 38884K, reserved 1083392K
  class space    used 4449K, capacity 4765K, committed 4836K, reserved 1048576K
}
2018-04-03T13:40:24.909+0700: 65.172: Total time for which application threads were stopped: 0.0051667 seconds, Stopping threads took: 0.0000155 seconds
{Heap before GC invocations=432 (full 1):
 par new generation   total 109248K, used 93836K [0x00000007a0000000, 0x00000007a8000000, 0x00000007a8000000)
  eden space 87424K, 100% used [0x00000007a0000000, 0x00000007a5560000, 0x00000007a5560000)
  from space 21824K,  29% used [0x00000007a5560000, 0x00000007a5ba3098, 0x00000007a6ab0000)
  to   space 21824K,   0% used [0x00000007a6ab0000, 0x00000007a6ab0000, 0x00000007a8000000)
 concurrent mark-sweep generation total 393216K, used 161836K [0x00000007a8000000, 0x00000007c0000000, 0x00000007c0000000)
 Metaspace       used 37509K, capacity 38620K, committed 38884K, reserved 1083392K
  class space    used 4449K, capacity 4765K, committed 4836K, reserved 1048576K
2018-04-03T13:40:24.935+0700: 65.198: [GC (Allocation Failure) 2018-04-03T13:40:24.935+0700: 65.198: [ParNew
Desired survivor size 20112992 bytes, new threshold 8 (max 8)
- age   1:    3214096 bytes,    3214096 total
- age   2:     957176 bytes,    4171272 total
- age   3:     238768 bytes,    4410040 total
- age   4:     202384 bytes,    4612424 total
- age   5:     240792 bytes,    4853216 total
- age   6:     169856 bytes,    5023072 total
- age   7:     202576 bytes,    5225648 total
- age   8:     202256 bytes,    5427904 total
: 93836K->5830K(109248K), 0.0043879 secs] 255672K->167896K(502464K), 0.0044583 secs] [Times: user=0.01 sys=0.00, real=0.00 secs] 
Heap after GC invocations=433 (full 1):
 par new generation   total 109248K, used 5830K [0x00000007a0000000, 0x00000007a8000000, 0x00000007a8000000)
  eden space 87424K,   0% used [0x00000007a0000000, 0x00000007a0000000, 0x00000007a5560000)
  from space 21824K,  26% used [0x00000007a6ab0000, 0x00000007a7061a88, 0x00000007a8000000)
  to   space 21824K,   0% used [0x00000007a5560000, 0x00000007a5560000, 0x00000007a6ab0000)
 concurrent mark-sweep generation total 393216K, used 162066K [0x00000007a8000000, 0x00000007c0000000, 0x00000007c0000000)
 Metaspace       used 37509K, capacity 38620K, committed 38884K, reserved 1083392K
  class space    used 4449K, capacity 4765K, committed 4836K, reserved 1048576K
}
2018-04-03T13:40:24.939+0700: 65.203: Total time for which application threads were stopped: 0.0046060 seconds, Stopping threads took: 0.0000162 seconds
{Heap before GC invocations=433 (full 1):
 par new generation   total 109248K, used 93254K [0x00000007a0000000, 0x00000007a8000000, 0x00000007a8000000)
  eden space 87424K, 100% used [0x00000007a0000000, 0x00000007a5560000, 0x00000007a5560000)
  from space 21824K,  26% used [0x00000007a6ab0000, 0x00000007a7061a88, 0x00000007a8000000)
  to   space 21824K,   0% used [0x00000007a5560000, 0x00000007a5560000, 0x00000007a6ab0000)
 concurrent mark-sweep generation total 393216K, used 162066K [0x00000007a8000000, 0x00000007c0000000, 0x00000007c0000000)
 Metaspace       used 37509K, capacity 38620K, committed 38884K, reserved 1083392K
  class space    used 4449K, capacity 4765K, committed 4836K, reserved 1048576K
2018-04-03T13:40:24.971+0700: 65.234: [GC (Allocation Failure) 2018-04-03T13:40:24.971+0700: 65.234: [ParNew
Desired survivor size 20112992 bytes, new threshold 8 (max 8)
- age   1:     369496 bytes,     369496 total
- age   2:    3082456 bytes,    3451952 total
- age   3:     957176 bytes,    4409128 total
- age   4:     238376 bytes,    4647504 total
- age   5:     202384 bytes,    4849888 total
- age   6:     240256 bytes,    5090144 total
- age   7:     169856 bytes,    5260000 total
- age   8:     202576 bytes,    5462576 total
: 93254K->6378K(109248K), 0.0048497 secs] 255320K->168642K(502464K), 0.0049191 secs] [Times: user=0.02 sys=0.00, real=0.00 secs] 
Heap after GC invocations=434 (full 1):
 par new generation   total 109248K, used 6378K [0x00000007a0000000, 0x00000007a8000000, 0x00000007a8000000)
  eden space 87424K,   0% used [0x00000007a0000000, 0x00000007a0000000, 0x00000007a5560000)
  from space 21824K,  29% used [0x00000007a5560000, 0x00000007a5b9abb0, 0x00000007a6ab0000)
  to   space 21824K,   0% used [0x00000007a6ab0000, 0x00000007a6ab0000, 0x00000007a8000000)
 concurrent mark-sweep generation total 393216K, used 162263K [0x00000007a8000000, 0x00000007c0000000, 0x00000007c0000000)
 Metaspace       used 37509K, capacity 38620K, committed 38884K, reserved 1083392K
  class space    used 4449K, capacity 4765K, committed 4836K, reserved 1048576K
}
2018-04-03T13:40:24.976+0700: 65.239: Total time for which application threads were stopped: 0.0051400 seconds, Stopping threads took: 0.0000375 seconds
{Heap before GC invocations=434 (full 1):
 par new generation   total 109248K, used 93802K [0x00000007a0000000, 0x00000007a8000000, 0x00000007a8000000)
  eden space 87424K, 100% used [0x00000007a0000000, 0x00000007a5560000, 0x00000007a5560000)
  from space 21824K,  29% used [0x00000007a5560000, 0x00000007a5b9abb0, 0x00000007a6ab0000)
  to   space 21824K,   0% used [0x00000007a6ab0000, 0x00000007a6ab0000, 0x00000007a8000000)
 concurrent mark-sweep generation total 393216K, used 162263K [0x00000007a8000000, 0x00000007c0000000, 0x00000007c0000000)
 Metaspace       used 37509K, capacity 38620K, committed 38884K, reserved 1083392K
  class space    used 4449K, capacity 4765K, committed 4836K, reserved 1048576K
2018-04-03T13:40:25.012+0700: 65.275: [GC (Allocation Failure) 2018-04-03T13:40:25.012+0700: 65.275: [ParNew
Desired survivor size 20112992 bytes, new threshold 8 (max 8)
- age   1:     297528 bytes,     297528 total
- age   2:     268488 bytes,     566016 total
- age   3:    3082456 bytes,    3648472 total
- age   4:     957176 bytes,    4605648 total
- age   5:     238376 bytes,    4844024 total
- age   6:     202384 bytes,    5046408 total
- age   7:     240256 bytes,    5286664 total
- age   8:     169856 bytes,    5456520 total
: 93802K->5828K(109248K), 0.0053964 secs] 256066K->168290K(502464K), 0.0054714 secs] [Times: user=0.02 sys=0.00, real=0.00 secs] 
Heap after GC invocations=435 (full 1):
 par new generation   total 109248K, used 5828K [0x00000007a0000000, 0x00000007a8000000, 0x00000007a8000000)
  eden space 87424K,   0% used [0x00000007a0000000, 0x00000007a0000000, 0x00000007a5560000)
  from space 21824K,  26% used [0x00000007a6ab0000, 0x00000007a70611c8, 0x00000007a8000000)
  to   space 21824K,   0% used [0x00000007a5560000, 0x00000007a5560000, 0x00000007a6ab0000)
 concurrent mark-sweep generation total 393216K, used 162461K [0x00000007a8000000, 0x00000007c0000000, 0x00000007c0000000)
 Metaspace       used 37509K, capacity 38620K, committed 38884K, reserved 1083392K
  class space    used 4449K, capacity 4765K, committed 4836K, reserved 1048576K
}
2018-04-03T13:40:25.017+0700: 65.280: Total time for which application threads were stopped: 0.0056369 seconds, Stopping threads took: 0.0000179 seconds
{Heap before GC invocations=435 (full 1):
 par new generation   total 109248K, used 93252K [0x00000007a0000000, 0x00000007a8000000, 0x00000007a8000000)
  eden space 87424K, 100% used [0x00000007a0000000, 0x00000007a5560000, 0x00000007a5560000)
  from space 21824K,  26% used [0x00000007a6ab0000, 0x00000007a70611c8, 0x00000007a8000000)
  to   space 21824K,   0% used [0x00000007a5560000, 0x00000007a5560000, 0x00000007a6ab0000)
 concurrent mark-sweep generation total 393216K, used 162461K [0x00000007a8000000, 0x00000007c0000000, 0x00000007c0000000)
 Metaspace       used 37509K, capacity 38620K, committed 38884K, reserved 1083392K
  class space    used 4449K, capacity 4765K, committed 4836K, reserved 1048576K
2018-04-03T13:40:25.045+0700: 65.308: [GC (Allocation Failure) 2018-04-03T13:40:25.045+0700: 65.308: [ParNew
Desired survivor size 20112992 bytes, new threshold 8 (max 8)
- age   1:     315592 bytes,     315592 total
- age   2:     206032 bytes,     521624 total
- age   3:     268488 bytes,     790112 total
- age   4:    3082456 bytes,    3872568 total
- age   5:     957176 bytes,    4829744 total
- age   6:     238376 bytes,    5068120 total
- age   7:     202384 bytes,    5270504 total
- age   8:     240256 bytes,    5510760 total
: 93252K->5602K(109248K), 0.0052562 secs] 255714K->168230K(502464K), 0.0053286 secs] [Times: user=0.02 sys=0.01, real=0.01 secs] 
Heap after GC invocations=436 (full 1):
 par new generation   total 109248K, used 5602K [0x00000007a0000000, 0x00000007a8000000, 0x00000007a8000000)
  eden space 87424K,   0% used [0x00000007a0000000, 0x00000007a0000000, 0x00000007a5560000)
  from space 21824K,  25% used [0x00000007a5560000, 0x00000007a5ad8bd8, 0x00000007a6ab0000)
  to   space 21824K,   0% used [0x00000007a6ab0000, 0x00000007a6ab0000, 0x00000007a8000000)
 concurrent mark-sweep generation total 393216K, used 162627K [0x00000007a8000000, 0x00000007c0000000, 0x00000007c0000000)
 Metaspace       used 37509K, capacity 38620K, committed 38884K, reserved 1083392K
  class space    used 4449K, capacity 4765K, committed 4836K, reserved 1048576K
}
2018-04-03T13:40:25.050+0700: 65.314: Total time for which application threads were stopped: 0.0054932 seconds, Stopping threads took: 0.0000184 seconds
{Heap before GC invocations=436 (full 1):
 par new generation   total 109248K, used 93026K [0x00000007a0000000, 0x00000007a8000000, 0x00000007a8000000)
  eden space 87424K, 100% used [0x00000007a0000000, 0x00000007a5560000, 0x00000007a5560000)
  from space 21824K,  25% used [0x00000007a5560000, 0x00000007a5ad8bd8, 0x00000007a6ab0000)
  to   space 21824K,   0% used [0x00000007a6ab0000, 0x00000007a6ab0000, 0x00000007a8000000)
 concurrent mark-sweep generation total 393216K, used 162627K [0x00000007a8000000, 0x00000007c0000000, 0x00000007c0000000)
 Metaspace       used 37509K, capacity 38620K, committed 38884K, reserved 1083392K
  class space    used 4449K, capacity 4765K, committed 4836K, reserved 1048576K
2018-04-03T13:40:25.079+0700: 65.342: [GC (Allocation Failure) 2018-04-03T13:40:25.079+0700: 65.342: [ParNew
Desired survivor size 20112992 bytes, new threshold 8 (max 8)
- age   1:     386224 bytes,     386224 total
- age   2:     169216 bytes,     555440 total
- age   3:     206032 bytes,     761472 total
- age   4:     268488 bytes,    1029960 total
- age   5:    3082456 bytes,    4112416 total
- age   6:     957176 bytes,    5069592 total
- age   7:     235592 bytes,    5305184 total
- age   8:     202384 bytes,    5507568 total
: 93026K->5901K(109248K), 0.0053230 secs] 255654K->168763K(502464K), 0.0054041 secs] [Times: user=0.01 sys=0.00, real=0.01 secs] 
Heap after GC invocations=437 (full 1):
 par new generation   total 109248K, used 5901K [0x00000007a0000000, 0x00000007a8000000, 0x00000007a8000000)
  eden space 87424K,   0% used [0x00000007a0000000, 0x00000007a0000000, 0x00000007a5560000)
  from space 21824K,  27% used [0x00000007a6ab0000, 0x00000007a7073598, 0x00000007a8000000)
  to   space 21824K,   0% used [0x00000007a5560000, 0x00000007a5560000, 0x00000007a6ab0000)
 concurrent mark-sweep generation total 393216K, used 162862K [0x00000007a8000000, 0x00000007c0000000, 0x00000007c0000000)
 Metaspace       used 37509K, capacity 38620K, committed 38884K, reserved 1083392K
  class space    used 4449K, capacity 4765K, committed 4836K, reserved 1048576K
}
2018-04-03T13:40:25.084+0700: 65.348: Total time for which application threads were stopped: 0.0055947 seconds, Stopping threads took: 0.0000221 seconds
{Heap before GC invocations=437 (full 1):
 par new generation   total 109248K, used 93325K [0x00000007a0000000, 0x00000007a8000000, 0x00000007a8000000)
  eden space 87424K, 100% used [0x00000007a0000000, 0x00000007a5560000, 0x00000007a5560000)
  from space 21824K,  27% used [0x00000007a6ab0000, 0x00000007a7073598, 0x00000007a8000000)
  to   space 21824K,   0% used [0x00000007a5560000, 0x00000007a5560000, 0x00000007a6ab0000)
 concurrent mark-sweep generation total 393216K, used 162862K [0x00000007a8000000, 0x00000007c0000000, 0x00000007c0000000)
 Metaspace       used 37509K, capacity 38620K, committed 38884K, reserved 1083392K
  class space    used 4449K, capacity 4765K, committed 4836K, reserved 1048576K
2018-04-03T13:40:25.115+0700: 65.378: [GC (Allocation Failure) 2018-04-03T13:40:25.115+0700: 65.378: [ParNew
Desired survivor size 20112992 bytes, new threshold 8 (max 8)
- age   1:    3596656 bytes,    3596656 total
- age   2:     238248 bytes,    3834904 total
- age   3:     169216 bytes,    4004120 total
- age   4:     206032 bytes,    4210152 total
- age   5:     268048 bytes,    4478200 total
- age   6:     257784 bytes,    4735984 total
- age   7:     957176 bytes,    5693160 total
- age   8:     235592 bytes,    5928752 total
: 93325K->6618K(109248K), 0.0049352 secs] 256187K->169678K(502464K), 0.0050110 secs] [Times: user=0.01 sys=0.00, real=0.01 secs] 
Heap after GC invocations=438 (full 1):
 par new generation   total 109248K, used 6618K [0x00000007a0000000, 0x00000007a8000000, 0x00000007a8000000)
  eden space 87424K,   0% used [0x00000007a0000000, 0x00000007a0000000, 0x00000007a5560000)
  from space 21824K,  30% used [0x00000007a5560000, 0x00000007a5bd6bf8, 0x00000007a6ab0000)
  to   space 21824K,   0% used [0x00000007a6ab0000, 0x00000007a6ab0000, 0x00000007a8000000)
 concurrent mark-sweep generation total 393216K, used 163059K [0x00000007a8000000, 0x00000007c0000000, 0x00000007c0000000)
 Metaspace       used 37509K, capacity 38620K, committed 38884K, reserved 1083392K
  class space    used 4449K, capacity 4765K, committed 4836K, reserved 1048576K
}
2018-04-03T13:40:25.120+0700: 65.383: Total time for which application threads were stopped: 0.0051785 seconds, Stopping threads took: 0.0000202 seconds
{Heap before GC invocations=438 (full 1):
 par new generation   total 109248K, used 94042K [0x00000007a0000000, 0x00000007a8000000, 0x00000007a8000000)
  eden space 87424K, 100% used [0x00000007a0000000, 0x00000007a5560000, 0x00000007a5560000)
  from space 21824K,  30% used [0x00000007a5560000, 0x00000007a5bd6bf8, 0x00000007a6ab0000)
  to   space 21824K,   0% used [0x00000007a6ab0000, 0x00000007a6ab0000, 0x00000007a8000000)
 concurrent mark-sweep generation total 393216K, used 163059K [0x00000007a8000000, 0x00000007c0000000, 0x00000007c0000000)
 Metaspace       used 37509K, capacity 38620K, committed 38884K, reserved 1083392K
  class space    used 4449K, capacity 4765K, committed 4836K, reserved 1048576K
2018-04-03T13:40:25.149+0700: 65.413: [GC (Allocation Failure) 2018-04-03T13:40:25.149+0700: 65.413: [ParNew
Desired survivor size 20112992 bytes, new threshold 8 (max 8)
- age   1:     270624 bytes,     270624 total
- age   2:    3478528 bytes,    3749152 total
- age   3:     238248 bytes,    3987400 total
- age   4:     169216 bytes,    4156616 total
- age   5:     206032 bytes,    4362648 total
- age   6:     268048 bytes,    4630696 total
- age   7:     234824 bytes,    4865520 total
- age   8:     957176 bytes,    5822696 total
: 94042K->6638K(109248K), 0.0056298 secs] 257102K->169928K(502464K), 0.0057216 secs] [Times: user=0.02 sys=0.00, real=0.01 secs] 
Heap after GC invocations=439 (full 1):
 par new generation   total 109248K, used 6638K [0x00000007a0000000, 0x00000007a8000000, 0x00000007a8000000)
  eden space 87424K,   0% used [0x00000007a0000000, 0x00000007a0000000, 0x00000007a5560000)
  from space 21824K,  30% used [0x00000007a6ab0000, 0x00000007a712b888, 0x00000007a8000000)
  to   space 21824K,   0% used [0x00000007a5560000, 0x00000007a5560000, 0x00000007a6ab0000)
 concurrent mark-sweep generation total 393216K, used 163289K [0x00000007a8000000, 0x00000007c0000000, 0x00000007c0000000)
 Metaspace       used 37509K, capacity 38620K, committed 38884K, reserved 1083392K
  class space    used 4449K, capacity 4765K, committed 4836K, reserved 1048576K
}
2018-04-03T13:40:25.155+0700: 65.418: Total time for which application threads were stopped: 0.0059396 seconds, Stopping threads took: 0.0000209 seconds
{Heap before GC invocations=439 (full 1):
 par new generation   total 109248K, used 94062K [0x00000007a0000000, 0x00000007a8000000, 0x00000007a8000000)
  eden space 87424K, 100% used [0x00000007a0000000, 0x00000007a5560000, 0x00000007a5560000)
  from space 21824K,  30% used [0x00000007a6ab0000, 0x00000007a712b888, 0x00000007a8000000)
  to   space 21824K,   0% used [0x00000007a5560000, 0x00000007a5560000, 0x00000007a6ab0000)
 concurrent mark-sweep generation total 393216K, used 163289K [0x00000007a8000000, 0x00000007c0000000, 0x00000007c0000000)
 Metaspace       used 37509K, capacity 38620K, committed 38884K, reserved 1083392K
  class space    used 4449K, capacity 4765K, committed 4836K, reserved 1048576K
2018-04-03T13:40:25.184+0700: 65.447: [GC (Allocation Failure) 2018-04-03T13:40:25.184+0700: 65.447: [ParNew
Desired survivor size 20112992 bytes, new threshold 8 (max 8)
- age   1:     312992 bytes,     312992 total
- age   2:     129648 bytes,     442640 total
- age   3:    3478528 bytes,    3921168 total
- age   4:     238248 bytes,    4159416 total
- age   5:     169216 bytes,    4328632 total
- age   6:     206032 bytes,    4534664 total
- age   7:     268048 bytes,    4802712 total
- age   8:     234824 bytes,    5037536 total
: 94062K->7078K(109248K), 0.0047931 secs] 257352K->171303K(502464K), 0.0048628 secs] [Times: user=0.01 sys=0.00, real=0.00 secs] 
Heap after GC invocations=440 (full 1):
 par new generation   total 109248K, used 7078K [0x00000007a0000000, 0x00000007a8000000, 0x00000007a8000000)
  eden space 87424K,   0% used [0x00000007a0000000, 0x00000007a0000000, 0x00000007a5560000)
  from space 21824K,  32% used [0x00000007a5560000, 0x00000007a5c499f0, 0x00000007a6ab0000)
  to   space 21824K,   0% used [0x00000007a6ab0000, 0x00000007a6ab0000, 0x00000007a8000000)
 concurrent mark-sweep generation total 393216K, used 164224K [0x00000007a8000000, 0x00000007c0000000, 0x00000007c0000000)
 Metaspace       used 37509K, capacity 38620K, committed 38884K, reserved 1083392K
  class space    used 4449K, capacity 4765K, committed 4836K, reserved 1048576K
}
2018-04-03T13:40:25.189+0700: 65.452: Total time for which application threads were stopped: 0.0050157 seconds, Stopping threads took: 0.0000158 seconds
{Heap before GC invocations=440 (full 1):
 par new generation   total 109248K, used 94502K [0x00000007a0000000, 0x00000007a8000000, 0x00000007a8000000)
  eden space 87424K, 100% used [0x00000007a0000000, 0x00000007a5560000, 0x00000007a5560000)
  from space 21824K,  32% used [0x00000007a5560000, 0x00000007a5c499f0, 0x00000007a6ab0000)
  to   space 21824K,   0% used [0x00000007a6ab0000, 0x00000007a6ab0000, 0x00000007a8000000)
 concurrent mark-sweep generation total 393216K, used 164224K [0x00000007a8000000, 0x00000007c0000000, 0x00000007c0000000)
 Metaspace       used 37509K, capacity 38620K, committed 38884K, reserved 1083392K
  class space    used 4449K, capacity 4765K, committed 4836K, reserved 1048576K
2018-04-03T13:40:25.220+0700: 65.483: [GC (Allocation Failure) 2018-04-03T13:40:25.220+0700: 65.483: [ParNew
Desired survivor size 20112992 bytes, new threshold 8 (max 8)
- age   1:     340592 bytes,     340592 total
- age   2:     234944 bytes,     575536 total
- age   3:     129648 bytes,     705184 total
- age   4:    3478528 bytes,    4183712 total
- age   5:     238248 bytes,    4421960 total
- age   6:     169216 bytes,    4591176 total
- age   7:     206032 bytes,    4797208 total
- age   8:     267440 bytes,    5064648 total
: 94502K->5681K(109248K), 0.0048726 secs] 258727K->170135K(502464K), 0.0049437 secs] [Times: user=0.01 sys=0.00, real=0.00 secs] 
Heap after GC invocations=441 (full 1):
 par new generation   total 109248K, used 5681K [0x00000007a0000000, 0x00000007a8000000, 0x00000007a8000000)
  eden space 87424K,   0% used [0x00000007a0000000, 0x00000007a0000000, 0x00000007a5560000)
  from space 21824K,  26% used [0x00000007a6ab0000, 0x00000007a703c4a0, 0x00000007a8000000)
  to   space 21824K,   0% used [0x00000007a5560000, 0x00000007a5560000, 0x00000007a6ab0000)
 concurrent mark-sweep generation total 393216K, used 164454K [0x00000007a8000000, 0x00000007c0000000, 0x00000007c0000000)
 Metaspace       used 37509K, capacity 38620K, committed 38884K, reserved 1083392K
  class space    used 4449K, capacity 4765K, committed 4836K, reserved 1048576K
}
2018-04-03T13:40:25.225+0700: 65.488: Total time for which application threads were stopped: 0.0051026 seconds, Stopping threads took: 0.0000193 seconds
{Heap before GC invocations=441 (full 1):
 par new generation   total 109248K, used 93105K [0x00000007a0000000, 0x00000007a8000000, 0x00000007a8000000)
  eden space 87424K, 100% used [0x00000007a0000000, 0x00000007a5560000, 0x00000007a5560000)
  from space 21824K,  26% used [0x00000007a6ab0000, 0x00000007a703c4a0, 0x00000007a8000000)
  to   space 21824K,   0% used [0x00000007a5560000, 0x00000007a5560000, 0x00000007a6ab0000)
 concurrent mark-sweep generation total 393216K, used 164454K [0x00000007a8000000, 0x00000007c0000000, 0x00000007c0000000)
 Metaspace       used 37509K, capacity 38620K, committed 38884K, reserved 1083392K
  class space    used 4449K, capacity 4765K, committed 4836K, reserved 1048576K
2018-04-03T13:40:25.541+0700: 65.805: [GC (Allocation Failure) 2018-04-03T13:40:25.541+0700: 65.805: [ParNew
Desired survivor size 20112992 bytes, new threshold 8 (max 8)
- age   1:     891416 bytes,     891416 total
- age   2:     240432 bytes,    1131848 total
- age   3:     234944 bytes,    1366792 total
- age   4:     129648 bytes,    1496440 total
- age   5:    3478352 bytes,    4974792 total
- age   6:     238248 bytes,    5213040 total
- age   7:     169216 bytes,    5382256 total
- age   8:     206032 bytes,    5588288 total
: 93105K->6094K(109248K), 0.0053607 secs] 257559K->170810K(502464K), 0.0054450 secs] [Times: user=0.01 sys=0.00, real=0.00 secs] 
Heap after GC invocations=442 (full 1):
 par new generation   total 109248K, used 6094K [0x00000007a0000000, 0x00000007a8000000, 0x00000007a8000000)
  eden space 87424K,   0% used [0x00000007a0000000, 0x00000007a0000000, 0x00000007a5560000)
  from space 21824K,  27% used [0x00000007a5560000, 0x00000007a5b53b38, 0x00000007a6ab0000)
  to   space 21824K,   0% used [0x00000007a6ab0000, 0x00000007a6ab0000, 0x00000007a8000000)
 concurrent mark-sweep generation total 393216K, used 164715K [0x00000007a8000000, 0x00000007c0000000, 0x00000007c0000000)
 Metaspace       used 37509K, capacity 38620K, committed 38884K, reserved 1083392K
  class space    used 4449K, capacity 4765K, committed 4836K, reserved 1048576K
}
2018-04-03T13:40:25.547+0700: 65.810: Total time for which application threads were stopped: 0.0056410 seconds, Stopping threads took: 0.0000192 seconds
{Heap before GC invocations=442 (full 1):
 par new generation   total 109248K, used 93518K [0x00000007a0000000, 0x00000007a8000000, 0x00000007a8000000)
  eden space 87424K, 100% used [0x00000007a0000000, 0x00000007a5560000, 0x00000007a5560000)
  from space 21824K,  27% used [0x00000007a5560000, 0x00000007a5b53b38, 0x00000007a6ab0000)
  to   space 21824K,   0% used [0x00000007a6ab0000, 0x00000007a6ab0000, 0x00000007a8000000)
 concurrent mark-sweep generation total 393216K, used 164715K [0x00000007a8000000, 0x00000007c0000000, 0x00000007c0000000)
 Metaspace       used 37509K, capacity 38620K, committed 38884K, reserved 1083392K
  class space    used 4449K, capacity 4765K, committed 4836K, reserved 1048576K
2018-04-03T13:40:25.845+0700: 66.109: [GC (Allocation Failure) 2018-04-03T13:40:25.845+0700: 66.109: [ParNew
Desired survivor size 20112992 bytes, new threshold 8 (max 8)
- age   1:      40232 bytes,      40232 total
- age   2:     873680 bytes,     913912 total
- age   3:     240432 bytes,    1154344 total
- age   4:     234944 bytes,    1389288 total
- age   5:     129648 bytes,    1518936 total
- age   6:    3478352 bytes,    4997288 total
- age   7:     238248 bytes,    5235536 total
- age   8:     169216 bytes,    5404752 total
: 93518K->5749K(109248K), 0.0039909 secs] 258234K->170666K(502464K), 0.0040750 secs] [Times: user=0.01 sys=0.00, real=0.00 secs] 
Heap after GC invocations=443 (full 1):
 par new generation   total 109248K, used 5749K [0x00000007a0000000, 0x00000007a8000000, 0x00000007a8000000)
  eden space 87424K,   0% used [0x00000007a0000000, 0x00000007a0000000, 0x00000007a5560000)
  from space 21824K,  26% used [0x00000007a6ab0000, 0x00000007a704d698, 0x00000007a8000000)
  to   space 21824K,   0% used [0x00000007a5560000, 0x00000007a5560000, 0x00000007a6ab0000)
 concurrent mark-sweep generation total 393216K, used 164916K [0x00000007a8000000, 0x00000007c0000000, 0x00000007c0000000)
 Metaspace       used 37509K, capacity 38620K, committed 38884K, reserved 1083392K
  class space    used 4449K, capacity 4765K, committed 4836K, reserved 1048576K
}
2018-04-03T13:40:25.849+0700: 66.113: Total time for which application threads were stopped: 0.0042665 seconds, Stopping threads took: 0.0000208 seconds
{Heap before GC invocations=443 (full 1):
 par new generation   total 109248K, used 93173K [0x00000007a0000000, 0x00000007a8000000, 0x00000007a8000000)
  eden space 87424K, 100% used [0x00000007a0000000, 0x00000007a5560000, 0x00000007a5560000)
  from space 21824K,  26% used [0x00000007a6ab0000, 0x00000007a704d698, 0x00000007a8000000)
  to   space 21824K,   0% used [0x00000007a5560000, 0x00000007a5560000, 0x00000007a6ab0000)
 concurrent mark-sweep generation total 393216K, used 164916K [0x00000007a8000000, 0x00000007c0000000, 0x00000007c0000000)
 Metaspace       used 37509K, capacity 38620K, committed 38884K, reserved 1083392K
  class space    used 4449K, capacity 4765K, committed 4836K, reserved 1048576K
2018-04-03T13:40:26.148+0700: 66.411: [GC (Allocation Failure) 2018-04-03T13:40:26.148+0700: 66.411: [ParNew
Desired survivor size 20112992 bytes, new threshold 8 (max 8)
- age   1:      23344 bytes,      23344 total
- age   2:        120 bytes,      23464 total
- age   3:     873680 bytes,     897144 total
- age   4:     240432 bytes,    1137576 total
- age   5:     234944 bytes,    1372520 total
- age   6:     129648 bytes,    1502168 total
- age   7:    3478352 bytes,    4980520 total
- age   8:     238248 bytes,    5218768 total
: 93173K->5546K(109248K), 0.0064207 secs] 258090K->170628K(502464K), 0.0065098 secs] [Times: user=0.02 sys=0.00, real=0.01 secs] 
Heap after GC invocations=444 (full 1):
 par new generation   total 109248K, used 5546K [0x00000007a0000000, 0x00000007a8000000, 0x00000007a8000000)
  eden space 87424K,   0% used [0x00000007a0000000, 0x00000007a0000000, 0x00000007a5560000)
  from space 21824K,  25% used [0x00000007a5560000, 0x00000007a5aca998, 0x00000007a6ab0000)
  to   space 21824K,   0% used [0x00000007a6ab0000, 0x00000007a6ab0000, 0x00000007a8000000)
 concurrent mark-sweep generation total 393216K, used 165081K [0x00000007a8000000, 0x00000007c0000000, 0x00000007c0000000)
 Metaspace       used 37509K, capacity 38620K, committed 38884K, reserved 1083392K
  class space    used 4449K, capacity 4765K, committed 4836K, reserved 1048576K
}
2018-04-03T13:40:26.154+0700: 66.417: Total time for which application threads were stopped: 0.0067574 seconds, Stopping threads took: 0.0000228 seconds
{Heap before GC invocations=444 (full 1):
 par new generation   total 109248K, used 92970K [0x00000007a0000000, 0x00000007a8000000, 0x00000007a8000000)
  eden space 87424K, 100% used [0x00000007a0000000, 0x00000007a5560000, 0x00000007a5560000)
  from space 21824K,  25% used [0x00000007a5560000, 0x00000007a5aca998, 0x00000007a6ab0000)
  to   space 21824K,   0% used [0x00000007a6ab0000, 0x00000007a6ab0000, 0x00000007a8000000)
 concurrent mark-sweep generation total 393216K, used 165081K [0x00000007a8000000, 0x00000007c0000000, 0x00000007c0000000)
 Metaspace       used 37509K, capacity 38620K, committed 38884K, reserved 1083392K
  class space    used 4449K, capacity 4765K, committed 4836K, reserved 1048576K
2018-04-03T13:40:26.527+0700: 66.791: [GC (Allocation Failure) 2018-04-03T13:40:26.527+0700: 66.791: [ParNew
Desired survivor size 20112992 bytes, new threshold 8 (max 8)
- age   1:      31912 bytes,      31912 total
- age   3:        120 bytes,      32032 total
- age   4:     873680 bytes,     905712 total
- age   5:     240432 bytes,    1146144 total
- age   6:     234944 bytes,    1381088 total
- age   7:     129648 bytes,    1510736 total
- age   8:    3478352 bytes,    4989088 total
: 92970K->5052K(109248K), 0.0067854 secs] 258052K->170367K(502464K), 0.0068707 secs] [Times: user=0.02 sys=0.00, real=0.01 secs] 
Heap after GC invocations=445 (full 1):
 par new generation   total 109248K, used 5052K [0x00000007a0000000, 0x00000007a8000000, 0x00000007a8000000)
  eden space 87424K,   0% used [0x00000007a0000000, 0x00000007a0000000, 0x00000007a5560000)
  from space 21824K,  23% used [0x00000007a6ab0000, 0x00000007a6f9f300, 0x00000007a8000000)
  to   space 21824K,   0% used [0x00000007a5560000, 0x00000007a5560000, 0x00000007a6ab0000)
 concurrent mark-sweep generation total 393216K, used 165314K [0x00000007a8000000, 0x00000007c0000000, 0x00000007c0000000)
 Metaspace       used 37509K, capacity 38620K, committed 38884K, reserved 1083392K
  class space    used 4449K, capacity 4765K, committed 4836K, reserved 1048576K
}
2018-04-03T13:40:26.534+0700: 66.798: Total time for which application threads were stopped: 0.0071115 seconds, Stopping threads took: 0.0000253 seconds
{Heap before GC invocations=445 (full 1):
 par new generation   total 109248K, used 92476K [0x00000007a0000000, 0x00000007a8000000, 0x00000007a8000000)
  eden space 87424K, 100% used [0x00000007a0000000, 0x00000007a5560000, 0x00000007a5560000)
  from space 21824K,  23% used [0x00000007a6ab0000, 0x00000007a6f9f300, 0x00000007a8000000)
  to   space 21824K,   0% used [0x00000007a5560000, 0x00000007a5560000, 0x00000007a6ab0000)
 concurrent mark-sweep generation total 393216K, used 165314K [0x00000007a8000000, 0x00000007c0000000, 0x00000007c0000000)
 Metaspace       used 37509K, capacity 38620K, committed 38884K, reserved 1083392K
  class space    used 4449K, capacity 4765K, committed 4836K, reserved 1048576K
2018-04-03T13:40:26.845+0700: 67.109: [GC (Allocation Failure) 2018-04-03T13:40:26.845+0700: 67.109: [ParNew
Desired survivor size 20112992 bytes, new threshold 8 (max 8)
- age   1:      18520 bytes,      18520 total
- age   4:        120 bytes,      18640 total
- age   5:     873616 bytes,     892256 total
- age   6:     240432 bytes,    1132688 total
- age   7:     234944 bytes,    1367632 total
- age   8:     129648 bytes,    1497280 total
: 92476K->1689K(109248K), 0.0057951 secs] 257791K->170400K(502464K), 0.0058805 secs] [Times: user=0.01 sys=0.01, real=0.01 secs] 
Heap after GC invocations=446 (full 1):
 par new generation   total 109248K, used 1689K [0x00000007a0000000, 0x00000007a8000000, 0x00000007a8000000)
  eden space 87424K,   0% used [0x00000007a0000000, 0x00000007a0000000, 0x00000007a5560000)
  from space 21824K,   7% used [0x00000007a5560000, 0x00000007a5706410, 0x00000007a6ab0000)
  to   space 21824K,   0% used [0x00000007a6ab0000, 0x00000007a6ab0000, 0x00000007a8000000)
 concurrent mark-sweep generation total 393216K, used 168711K [0x00000007a8000000, 0x00000007c0000000, 0x00000007c0000000)
 Metaspace       used 37509K, capacity 38620K, committed 38884K, reserved 1083392K
  class space    used 4449K, capacity 4765K, committed 4836K, reserved 1048576K
}
2018-04-03T13:40:26.851+0700: 67.114: Total time for which application threads were stopped: 0.0060519 seconds, Stopping threads took: 0.0000194 seconds
{Heap before GC invocations=446 (full 1):
 par new generation   total 109248K, used 89113K [0x00000007a0000000, 0x00000007a8000000, 0x00000007a8000000)
  eden space 87424K, 100% used [0x00000007a0000000, 0x00000007a5560000, 0x00000007a5560000)
  from space 21824K,   7% used [0x00000007a5560000, 0x00000007a5706410, 0x00000007a6ab0000)
  to   space 21824K,   0% used [0x00000007a6ab0000, 0x00000007a6ab0000, 0x00000007a8000000)
 concurrent mark-sweep generation total 393216K, used 168711K [0x00000007a8000000, 0x00000007c0000000, 0x00000007c0000000)
 Metaspace       used 37509K, capacity 38620K, committed 38884K, reserved 1083392K
  class space    used 4449K, capacity 4765K, committed 4836K, reserved 1048576K
2018-04-03T13:40:27.140+0700: 67.403: [GC (Allocation Failure) 2018-04-03T13:40:27.140+0700: 67.403: [ParNew
Desired survivor size 20112992 bytes, new threshold 8 (max 8)
- age   1:      23600 bytes,      23600 total
- age   2:         72 bytes,      23672 total
- age   5:         32 bytes,      23704 total
- age   6:     873616 bytes,     897320 total
- age   7:     240432 bytes,    1137752 total
- age   8:     234944 bytes,    1372696 total
: 89113K->1463K(109248K), 0.0047077 secs] 257824K->170300K(502464K), 0.0047857 secs] [Times: user=0.01 sys=0.00, real=0.00 secs] 
Heap after GC invocations=447 (full 1):
 par new generation   total 109248K, used 1463K [0x00000007a0000000, 0x00000007a8000000, 0x00000007a8000000)
  eden space 87424K,   0% used [0x00000007a0000000, 0x00000007a0000000, 0x00000007a5560000)
  from space 21824K,   6% used [0x00000007a6ab0000, 0x00000007a6c1dc58, 0x00000007a8000000)
  to   space 21824K,   0% used [0x00000007a5560000, 0x00000007a5560000, 0x00000007a6ab0000)
 concurrent mark-sweep generation total 393216K, used 168837K [0x00000007a8000000, 0x00000007c0000000, 0x00000007c0000000)
 Metaspace       used 37509K, capacity 38620K, committed 38884K, reserved 1083392K
  class space    used 4449K, capacity 4765K, committed 4836K, reserved 1048576K
}
2018-04-03T13:40:27.145+0700: 67.408: Total time for which application threads were stopped: 0.0049642 seconds, Stopping threads took: 0.0000210 seconds
{Heap before GC invocations=447 (full 1):
 par new generation   total 109248K, used 88887K [0x00000007a0000000, 0x00000007a8000000, 0x00000007a8000000)
  eden space 87424K, 100% used [0x00000007a0000000, 0x00000007a5560000, 0x00000007a5560000)
  from space 21824K,   6% used [0x00000007a6ab0000, 0x00000007a6c1dc58, 0x00000007a8000000)
  to   space 21824K,   0% used [0x00000007a5560000, 0x00000007a5560000, 0x00000007a6ab0000)
 concurrent mark-sweep generation total 393216K, used 168837K [0x00000007a8000000, 0x00000007c0000000, 0x00000007c0000000)
 Metaspace       used 37509K, capacity 38620K, committed 38884K, reserved 1083392K
  class space    used 4449K, capacity 4765K, committed 4836K, reserved 1048576K
2018-04-03T13:40:27.457+0700: 67.720: [GC (Allocation Failure) 2018-04-03T13:40:27.457+0700: 67.720: [ParNew
Desired survivor size 20112992 bytes, new threshold 8 (max 8)
- age   1:     637784 bytes,     637784 total
- age   6:         32 bytes,     637816 total
- age   7:     802544 bytes,    1440360 total
- age   8:     240432 bytes,    1680792 total
: 88887K->1794K(109248K), 0.0047546 secs] 257724K->170861K(502464K), 0.0048253 secs] [Times: user=0.01 sys=0.00, real=0.01 secs] 
Heap after GC invocations=448 (full 1):
 par new generation   total 109248K, used 1794K [0x00000007a0000000, 0x00000007a8000000, 0x00000007a8000000)
  eden space 87424K,   0% used [0x00000007a0000000, 0x00000007a0000000, 0x00000007a5560000)
  from space 21824K,   8% used [0x00000007a5560000, 0x00000007a5720a90, 0x00000007a6ab0000)
  to   space 21824K,   0% used [0x00000007a6ab0000, 0x00000007a6ab0000, 0x00000007a8000000)
 concurrent mark-sweep generation total 393216K, used 169067K [0x00000007a8000000, 0x00000007c0000000, 0x00000007c0000000)
 Metaspace       used 37509K, capacity 38620K, committed 38884K, reserved 1083392K
  class space    used 4449K, capacity 4765K, committed 4836K, reserved 1048576K
}
2018-04-03T13:40:27.462+0700: 67.725: Total time for which application threads were stopped: 0.0049927 seconds, Stopping threads took: 0.0000187 seconds
{Heap before GC invocations=448 (full 1):
 par new generation   total 109248K, used 89218K [0x00000007a0000000, 0x00000007a8000000, 0x00000007a8000000)
  eden space 87424K, 100% used [0x00000007a0000000, 0x00000007a5560000, 0x00000007a5560000)
  from space 21824K,   8% used [0x00000007a5560000, 0x00000007a5720a90, 0x00000007a6ab0000)
  to   space 21824K,   0% used [0x00000007a6ab0000, 0x00000007a6ab0000, 0x00000007a8000000)
 concurrent mark-sweep generation total 393216K, used 169067K [0x00000007a8000000, 0x00000007c0000000, 0x00000007c0000000)
 Metaspace       used 37509K, capacity 38620K, committed 38884K, reserved 1083392K
  class space    used 4449K, capacity 4765K, committed 4836K, reserved 1048576K
2018-04-03T13:40:27.528+0700: 67.791: [GC (Allocation Failure) 2018-04-03T13:40:27.528+0700: 67.791: [ParNew
Desired survivor size 20112992 bytes, new threshold 8 (max 8)
- age   1:      98416 bytes,      98416 total
- age   2:      49728 bytes,     148144 total
- age   7:         32 bytes,     148176 total
- age   8:     802544 bytes,     950720 total
: 89218K->1138K(109248K), 0.0042663 secs] 258285K->170440K(502464K), 0.0043388 secs] [Times: user=0.01 sys=0.00, real=0.01 secs] 
Heap after GC invocations=449 (full 1):
 par new generation   total 109248K, used 1138K [0x00000007a0000000, 0x00000007a8000000, 0x00000007a8000000)
  eden space 87424K,   0% used [0x00000007a0000000, 0x00000007a0000000, 0x00000007a5560000)
  from space 21824K,   5% used [0x00000007a6ab0000, 0x00000007a6bcca88, 0x00000007a8000000)
  to   space 21824K,   0% used [0x00000007a5560000, 0x00000007a5560000, 0x00000007a6ab0000)
 concurrent mark-sweep generation total 393216K, used 169302K [0x00000007a8000000, 0x00000007c0000000, 0x00000007c0000000)
 Metaspace       used 37509K, capacity 38620K, committed 38884K, reserved 1083392K
  class space    used 4449K, capacity 4765K, committed 4836K, reserved 1048576K
}
2018-04-03T13:40:27.533+0700: 67.796: Total time for which application threads were stopped: 0.0045226 seconds, Stopping threads took: 0.0000192 seconds
{Heap before GC invocations=449 (full 1):
 par new generation   total 109248K, used 88562K [0x00000007a0000000, 0x00000007a8000000, 0x00000007a8000000)
  eden space 87424K, 100% used [0x00000007a0000000, 0x00000007a5560000, 0x00000007a5560000)
  from space 21824K,   5% used [0x00000007a6ab0000, 0x00000007a6bcca88, 0x00000007a8000000)
  to   space 21824K,   0% used [0x00000007a5560000, 0x00000007a5560000, 0x00000007a6ab0000)
 concurrent mark-sweep generation total 393216K, used 169302K [0x00000007a8000000, 0x00000007c0000000, 0x00000007c0000000)
 Metaspace       used 37511K, capacity 38620K, committed 38884K, reserved 1083392K
  class space    used 4449K, capacity 4765K, committed 4836K, reserved 1048576K
2018-04-03T13:40:27.684+0700: 67.947: [GC (Allocation Failure) 2018-04-03T13:40:27.684+0700: 67.947: [ParNew
Desired survivor size 20112992 bytes, new threshold 8 (max 8)
- age   1:     663096 bytes,     663096 total
- age   3:       1072 bytes,     664168 total
- age   8:         32 bytes,     664200 total
: 88562K->949K(109248K), 0.0045146 secs] 257864K->170764K(502464K), 0.0045857 secs] [Times: user=0.02 sys=0.00, real=0.00 secs] 
Heap after GC invocations=450 (full 1):
 par new generation   total 109248K, used 949K [0x00000007a0000000, 0x00000007a8000000, 0x00000007a8000000)
  eden space 87424K,   0% used [0x00000007a0000000, 0x00000007a0000000, 0x00000007a5560000)
  from space 21824K,   4% used [0x00000007a5560000, 0x00000007a564d6d0, 0x00000007a6ab0000)
  to   space 21824K,   0% used [0x00000007a6ab0000, 0x00000007a6ab0000, 0x00000007a8000000)
 concurrent mark-sweep generation total 393216K, used 169814K [0x00000007a8000000, 0x00000007c0000000, 0x00000007c0000000)
 Metaspace       used 37511K, capacity 38620K, committed 38884K, reserved 1083392K
  class space    used 4449K, capacity 4765K, committed 4836K, reserved 1048576K
}
2018-04-03T13:40:27.688+0700: 67.952: Total time for which application threads were stopped: 0.0047669 seconds, Stopping threads took: 0.0000189 seconds
{Heap before GC invocations=450 (full 1):
 par new generation   total 109248K, used 88373K [0x00000007a0000000, 0x00000007a8000000, 0x00000007a8000000)
  eden space 87424K, 100% used [0x00000007a0000000, 0x00000007a5560000, 0x00000007a5560000)
  from space 21824K,   4% used [0x00000007a5560000, 0x00000007a564d6d0, 0x00000007a6ab0000)
  to   space 21824K,   0% used [0x00000007a6ab0000, 0x00000007a6ab0000, 0x00000007a8000000)
 concurrent mark-sweep generation total 393216K, used 169814K [0x00000007a8000000, 0x00000007c0000000, 0x00000007c0000000)
 Metaspace       used 37511K, capacity 38620K, committed 38884K, reserved 1083392K
  class space    used 4449K, capacity 4765K, committed 4836K, reserved 1048576K
2018-04-03T13:40:27.714+0700: 67.977: [GC (Allocation Failure) 2018-04-03T13:40:27.714+0700: 67.977: [ParNew
Desired survivor size 20112992 bytes, new threshold 8 (max 8)
- age   1:     576240 bytes,     576240 total
- age   2:     438720 bytes,    1014960 total
- age   4:       1072 bytes,    1016032 total
: 88373K->1081K(109248K), 0.0044680 secs] 258188K->170895K(502464K), 0.0045289 secs] [Times: user=0.01 sys=0.00, real=0.00 secs] 
Heap after GC invocations=451 (full 1):
 par new generation   total 109248K, used 1081K [0x00000007a0000000, 0x00000007a8000000, 0x00000007a8000000)
  eden space 87424K,   0% used [0x00000007a0000000, 0x00000007a0000000, 0x00000007a5560000)
  from space 21824K,   4% used [0x00000007a6ab0000, 0x00000007a6bbe5e0, 0x00000007a8000000)
  to   space 21824K,   0% used [0x00000007a5560000, 0x00000007a5560000, 0x00000007a6ab0000)
 concurrent mark-sweep generation total 393216K, used 169814K [0x00000007a8000000, 0x00000007c0000000, 0x00000007c0000000)
 Metaspace       used 37511K, capacity 38620K, committed 38884K, reserved 1083392K
  class space    used 4449K, capacity 4765K, committed 4836K, reserved 1048576K
}
2018-04-03T13:40:27.718+0700: 67.982: Total time for which application threads were stopped: 0.0046759 seconds, Stopping threads took: 0.0000163 seconds
{Heap before GC invocations=451 (full 1):
 par new generation   total 109248K, used 88505K [0x00000007a0000000, 0x00000007a8000000, 0x00000007a8000000)
  eden space 87424K, 100% used [0x00000007a0000000, 0x00000007a5560000, 0x00000007a5560000)
  from space 21824K,   4% used [0x00000007a6ab0000, 0x00000007a6bbe5e0, 0x00000007a8000000)
  to   space 21824K,   0% used [0x00000007a5560000, 0x00000007a5560000, 0x00000007a6ab0000)
 concurrent mark-sweep generation total 393216K, used 169814K [0x00000007a8000000, 0x00000007c0000000, 0x00000007c0000000)
 Metaspace       used 37511K, capacity 38620K, committed 38884K, reserved 1083392K
  class space    used 4449K, capacity 4765K, committed 4836K, reserved 1048576K
2018-04-03T13:40:27.745+0700: 68.008: [GC (Allocation Failure) 2018-04-03T13:40:27.745+0700: 68.008: [ParNew
Desired survivor size 20112992 bytes, new threshold 8 (max 8)
- age   1:     611480 bytes,     611480 total
- age   2:     267464 bytes,     878944 total
- age   3:     438432 bytes,    1317376 total
- age   5:       1072 bytes,    1318448 total
: 88505K->1465K(109248K), 0.0048228 secs] 258319K->171280K(502464K), 0.0048869 secs] [Times: user=0.02 sys=0.00, real=0.01 secs] 
Heap after GC invocations=452 (full 1):
 par new generation   total 109248K, used 1465K [0x00000007a0000000, 0x00000007a8000000, 0x00000007a8000000)
  eden space 87424K,   0% used [0x00000007a0000000, 0x00000007a0000000, 0x00000007a5560000)
  from space 21824K,   6% used [0x00000007a5560000, 0x00000007a56ce6c0, 0x00000007a6ab0000)
  to   space 21824K,   0% used [0x00000007a6ab0000, 0x00000007a6ab0000, 0x00000007a8000000)
 concurrent mark-sweep generation total 393216K, used 169814K [0x00000007a8000000, 0x00000007c0000000, 0x00000007c0000000)
 Metaspace       used 37511K, capacity 38620K, committed 38884K, reserved 1083392K
  class space    used 4449K, capacity 4765K, committed 4836K, reserved 1048576K
}
2018-04-03T13:40:27.750+0700: 68.013: Total time for which application threads were stopped: 0.0050342 seconds, Stopping threads took: 0.0000165 seconds
{Heap before GC invocations=452 (full 1):
 par new generation   total 109248K, used 88889K [0x00000007a0000000, 0x00000007a8000000, 0x00000007a8000000)
  eden space 87424K, 100% used [0x00000007a0000000, 0x00000007a5560000, 0x00000007a5560000)
  from space 21824K,   6% used [0x00000007a5560000, 0x00000007a56ce6c0, 0x00000007a6ab0000)
  to   space 21824K,   0% used [0x00000007a6ab0000, 0x00000007a6ab0000, 0x00000007a8000000)
 concurrent mark-sweep generation total 393216K, used 169814K [0x00000007a8000000, 0x00000007c0000000, 0x00000007c0000000)
 Metaspace       used 37511K, capacity 38620K, committed 38884K, reserved 1083392K
  class space    used 4449K, capacity 4765K, committed 4836K, reserved 1048576K
2018-04-03T13:40:27.776+0700: 68.039: [GC (Allocation Failure) 2018-04-03T13:40:27.776+0700: 68.039: [ParNew
Desired survivor size 20112992 bytes, new threshold 8 (max 8)
- age   1:     852528 bytes,     852528 total
- age   2:     202216 bytes,    1054744 total
- age   3:     267464 bytes,    1322208 total
- age   4:     471160 bytes,    1793368 total
- age   6:       1072 bytes,    1794440 total
: 88889K->1831K(109248K), 0.0038606 secs] 258704K->171645K(502464K), 0.0039410 secs] [Times: user=0.01 sys=0.00, real=0.01 secs] 
Heap after GC invocations=453 (full 1):
 par new generation   total 109248K, used 1831K [0x00000007a0000000, 0x00000007a8000000, 0x00000007a8000000)
  eden space 87424K,   0% used [0x00000007a0000000, 0x00000007a0000000, 0x00000007a5560000)
  from space 21824K,   8% used [0x00000007a6ab0000, 0x00000007a6c79df8, 0x00000007a8000000)
  to   space 21824K,   0% used [0x00000007a5560000, 0x00000007a5560000, 0x00000007a6ab0000)
 concurrent mark-sweep generation total 393216K, used 169814K [0x00000007a8000000, 0x00000007c0000000, 0x00000007c0000000)
 Metaspace       used 37511K, capacity 38620K, committed 38884K, reserved 1083392K
  class space    used 4449K, capacity 4765K, committed 4836K, reserved 1048576K
}
2018-04-03T13:40:27.780+0700: 68.043: Total time for which application threads were stopped: 0.0041161 seconds, Stopping threads took: 0.0000160 seconds
{Heap before GC invocations=453 (full 1):
 par new generation   total 109248K, used 89255K [0x00000007a0000000, 0x00000007a8000000, 0x00000007a8000000)
  eden space 87424K, 100% used [0x00000007a0000000, 0x00000007a5560000, 0x00000007a5560000)
  from space 21824K,   8% used [0x00000007a6ab0000, 0x00000007a6c79df8, 0x00000007a8000000)
  to   space 21824K,   0% used [0x00000007a5560000, 0x00000007a5560000, 0x00000007a6ab0000)
 concurrent mark-sweep generation total 393216K, used 169814K [0x00000007a8000000, 0x00000007c0000000, 0x00000007c0000000)
 Metaspace       used 37511K, capacity 38620K, committed 38884K, reserved 1083392K
  class space    used 4449K, capacity 4765K, committed 4836K, reserved 1048576K
2018-04-03T13:40:27.807+0700: 68.070: [GC (Allocation Failure) 2018-04-03T13:40:27.807+0700: 68.070: [ParNew
Desired survivor size 20112992 bytes, new threshold 8 (max 8)
- age   1:     872112 bytes,     872112 total
- age   2:     370536 bytes,    1242648 total
- age   3:     202216 bytes,    1444864 total
- age   4:     234680 bytes,    1679544 total
- age   5:     438376 bytes,    2117920 total
- age   7:       1072 bytes,    2118992 total
: 89255K->2085K(109248K), 0.0052662 secs] 259069K->171899K(502464K), 0.0053301 secs] [Times: user=0.01 sys=0.00, real=0.01 secs] 
Heap after GC invocations=454 (full 1):
 par new generation   total 109248K, used 2085K [0x00000007a0000000, 0x00000007a8000000, 0x00000007a8000000)
  eden space 87424K,   0% used [0x00000007a0000000, 0x00000007a0000000, 0x00000007a5560000)
  from space 21824K,   9% used [0x00000007a5560000, 0x00000007a57695b0, 0x00000007a6ab0000)
  to   space 21824K,   0% used [0x00000007a6ab0000, 0x00000007a6ab0000, 0x00000007a8000000)
 concurrent mark-sweep generation total 393216K, used 169814K [0x00000007a8000000, 0x00000007c0000000, 0x00000007c0000000)
 Metaspace       used 37511K, capacity 38620K, committed 38884K, reserved 1083392K
  class space    used 4449K, capacity 4765K, committed 4836K, reserved 1048576K
}
2018-04-03T13:40:27.812+0700: 68.076: Total time for which application threads were stopped: 0.0054833 seconds, Stopping threads took: 0.0000169 seconds
{Heap before GC invocations=454 (full 1):
 par new generation   total 109248K, used 89509K [0x00000007a0000000, 0x00000007a8000000, 0x00000007a8000000)
  eden space 87424K, 100% used [0x00000007a0000000, 0x00000007a5560000, 0x00000007a5560000)
  from space 21824K,   9% used [0x00000007a5560000, 0x00000007a57695b0, 0x00000007a6ab0000)
  to   space 21824K,   0% used [0x00000007a6ab0000, 0x00000007a6ab0000, 0x00000007a8000000)
 concurrent mark-sweep generation total 393216K, used 169814K [0x00000007a8000000, 0x00000007c0000000, 0x00000007c0000000)
 Metaspace       used 37511K, capacity 38620K, committed 38884K, reserved 1083392K
  class space    used 4449K, capacity 4765K, committed 4836K, reserved 1048576K
2018-04-03T13:40:27.837+0700: 68.101: [GC (Allocation Failure) 2018-04-03T13:40:27.838+0700: 68.101: [ParNew
Desired survivor size 20112992 bytes, new threshold 8 (max 8)
- age   1:     845560 bytes,     845560 total
- age   2:     333120 bytes,    1178680 total
- age   3:     370464 bytes,    1549144 total
- age   4:     202216 bytes,    1751360 total
- age   5:     234680 bytes,    1986040 total
- age   6:     425144 bytes,    2411184 total
- age   8:       1072 bytes,    2412256 total
: 89509K->2528K(109248K), 0.0037193 secs] 259323K->172342K(502464K), 0.0038033 secs] [Times: user=0.01 sys=0.00, real=0.01 secs] 
Heap after GC invocations=455 (full 1):
 par new generation   total 109248K, used 2528K [0x00000007a0000000, 0x00000007a8000000, 0x00000007a8000000)
  eden space 87424K,   0% used [0x00000007a0000000, 0x00000007a0000000, 0x00000007a5560000)
  from space 21824K,  11% used [0x00000007a6ab0000, 0x00000007a6d281a8, 0x00000007a8000000)
  to   space 21824K,   0% used [0x00000007a5560000, 0x00000007a5560000, 0x00000007a6ab0000)
 concurrent mark-sweep generation total 393216K, used 169814K [0x00000007a8000000, 0x00000007c0000000, 0x00000007c0000000)
 Metaspace       used 37511K, capacity 38620K, committed 38884K, reserved 1083392K
  class space    used 4449K, capacity 4765K, committed 4836K, reserved 1048576K
}
2018-04-03T13:40:27.841+0700: 68.105: Total time for which application threads were stopped: 0.0039527 seconds, Stopping threads took: 0.0000169 seconds
{Heap before GC invocations=455 (full 1):
 par new generation   total 109248K, used 89952K [0x00000007a0000000, 0x00000007a8000000, 0x00000007a8000000)
  eden space 87424K, 100% used [0x00000007a0000000, 0x00000007a5560000, 0x00000007a5560000)
  from space 21824K,  11% used [0x00000007a6ab0000, 0x00000007a6d281a8, 0x00000007a8000000)
  to   space 21824K,   0% used [0x00000007a5560000, 0x00000007a5560000, 0x00000007a6ab0000)
 concurrent mark-sweep generation total 393216K, used 169814K [0x00000007a8000000, 0x00000007c0000000, 0x00000007c0000000)
 Metaspace       used 37511K, capacity 38620K, committed 38884K, reserved 1083392K
  class space    used 4449K, capacity 4765K, committed 4836K, reserved 1048576K
2018-04-03T13:40:27.866+0700: 68.129: [GC (Allocation Failure) 2018-04-03T13:40:27.866+0700: 68.129: [ParNew
Desired survivor size 20112992 bytes, new threshold 8 (max 8)
- age   1:     846032 bytes,     846032 total
- age   2:     251376 bytes,    1097408 total
- age   3:     333120 bytes,    1430528 total
- age   4:     370464 bytes,    1800992 total
- age   5:     202216 bytes,    2003208 total
- age   6:     234680 bytes,    2237888 total
- age   7:     425144 bytes,    2663032 total
: 89952K->2665K(109248K), 0.0045830 secs] 259766K->172480K(502464K), 0.0046461 secs] [Times: user=0.02 sys=0.00, real=0.01 secs] 
Heap after GC invocations=456 (full 1):
 par new generation   total 109248K, used 2665K [0x00000007a0000000, 0x00000007a8000000, 0x00000007a8000000)
  eden space 87424K,   0% used [0x00000007a0000000, 0x00000007a0000000, 0x00000007a5560000)
  from space 21824K,  12% used [0x00000007a5560000, 0x00000007a57fa648, 0x00000007a6ab0000)
  to   space 21824K,   0% used [0x00000007a6ab0000, 0x00000007a6ab0000, 0x00000007a8000000)
 concurrent mark-sweep generation total 393216K, used 169815K [0x00000007a8000000, 0x00000007c0000000, 0x00000007c0000000)
 Metaspace       used 37511K, capacity 38620K, committed 38884K, reserved 1083392K
  class space    used 4449K, capacity 4765K, committed 4836K, reserved 1048576K
}
2018-04-03T13:40:27.871+0700: 68.134: Total time for which application threads were stopped: 0.0047934 seconds, Stopping threads took: 0.0000160 seconds
{Heap before GC invocations=456 (full 1):
 par new generation   total 109248K, used 90089K [0x00000007a0000000, 0x00000007a8000000, 0x00000007a8000000)
  eden space 87424K, 100% used [0x00000007a0000000, 0x00000007a5560000, 0x00000007a5560000)
  from space 21824K,  12% used [0x00000007a5560000, 0x00000007a57fa648, 0x00000007a6ab0000)
  to   space 21824K,   0% used [0x00000007a6ab0000, 0x00000007a6ab0000, 0x00000007a8000000)
 concurrent mark-sweep generation total 393216K, used 169815K [0x00000007a8000000, 0x00000007c0000000, 0x00000007c0000000)
 Metaspace       used 37511K, capacity 38620K, committed 38884K, reserved 1083392K
  class space    used 4449K, capacity 4765K, committed 4836K, reserved 1048576K
2018-04-03T13:40:27.897+0700: 68.160: [GC (Allocation Failure) 2018-04-03T13:40:27.897+0700: 68.160: [ParNew
Desired survivor size 20112992 bytes, new threshold 8 (max 8)
- age   1:    1292840 bytes,    1292840 total
- age   2:     202000 bytes,    1494840 total
- age   3:     251376 bytes,    1746216 total
- age   4:     333120 bytes,    2079336 total
- age   5:     239360 bytes,    2318696 total
- age   6:     202216 bytes,    2520912 total
- age   7:     234680 bytes,    2755592 total
- age   8:     425064 bytes,    3180656 total
: 90089K->3268K(109248K), 0.0053211 secs] 259904K->173084K(502464K), 0.0053867 secs] [Times: user=0.02 sys=0.00, real=0.01 secs] 
Heap after GC invocations=457 (full 1):
 par new generation   total 109248K, used 3268K [0x00000007a0000000, 0x00000007a8000000, 0x00000007a8000000)
  eden space 87424K,   0% used [0x00000007a0000000, 0x00000007a0000000, 0x00000007a5560000)
  from space 21824K,  14% used [0x00000007a6ab0000, 0x00000007a6de1388, 0x00000007a8000000)
  to   space 21824K,   0% used [0x00000007a5560000, 0x00000007a5560000, 0x00000007a6ab0000)
 concurrent mark-sweep generation total 393216K, used 169815K [0x00000007a8000000, 0x00000007c0000000, 0x00000007c0000000)
 Metaspace       used 37511K, capacity 38620K, committed 38884K, reserved 1083392K
  class space    used 4449K, capacity 4765K, committed 4836K, reserved 1048576K
}
2018-04-03T13:40:27.902+0700: 68.165: Total time for which application threads were stopped: 0.0055303 seconds, Stopping threads took: 0.0000149 seconds
{Heap before GC invocations=457 (full 1):
 par new generation   total 109248K, used 90692K [0x00000007a0000000, 0x00000007a8000000, 0x00000007a8000000)
  eden space 87424K, 100% used [0x00000007a0000000, 0x00000007a5560000, 0x00000007a5560000)
  from space 21824K,  14% used [0x00000007a6ab0000, 0x00000007a6de1388, 0x00000007a8000000)
  to   space 21824K,   0% used [0x00000007a5560000, 0x00000007a5560000, 0x00000007a6ab0000)
 concurrent mark-sweep generation total 393216K, used 169815K [0x00000007a8000000, 0x00000007c0000000, 0x00000007c0000000)
 Metaspace       used 37511K, capacity 38620K, committed 38884K, reserved 1083392K
  class space    used 4449K, capacity 4765K, committed 4836K, reserved 1048576K
2018-04-03T13:40:27.929+0700: 68.192: [GC (Allocation Failure) 2018-04-03T13:40:27.929+0700: 68.192: [ParNew
Desired survivor size 20112992 bytes, new threshold 8 (max 8)
- age   1:    1166656 bytes,    1166656 total
- age   2:     497376 bytes,    1664032 total
- age   3:     169216 bytes,    1833248 total
- age   4:     251376 bytes,    2084624 total
- age   5:     333120 bytes,    2417744 total
- age   6:     239360 bytes,    2657104 total
- age   7:     201944 bytes,    2859048 total
- age   8:     234680 bytes,    3093728 total
: 90692K->3151K(109248K), 0.0048884 secs] 260508K->173382K(502464K), 0.0049542 secs] [Times: user=0.02 sys=0.00, real=0.01 secs] 
Heap after GC invocations=458 (full 1):
 par new generation   total 109248K, used 3151K [0x00000007a0000000, 0x00000007a8000000, 0x00000007a8000000)
  eden space 87424K,   0% used [0x00000007a0000000, 0x00000007a0000000, 0x00000007a5560000)
  from space 21824K,  14% used [0x00000007a5560000, 0x00000007a5873fb8, 0x00000007a6ab0000)
  to   space 21824K,   0% used [0x00000007a6ab0000, 0x00000007a6ab0000, 0x00000007a8000000)
 concurrent mark-sweep generation total 393216K, used 170230K [0x00000007a8000000, 0x00000007c0000000, 0x00000007c0000000)
 Metaspace       used 37511K, capacity 38620K, committed 38884K, reserved 1083392K
  class space    used 4449K, capacity 4765K, committed 4836K, reserved 1048576K
}
2018-04-03T13:40:27.934+0700: 68.197: Total time for which application threads were stopped: 0.0051065 seconds, Stopping threads took: 0.0000155 seconds
{Heap before GC invocations=458 (full 1):
 par new generation   total 109248K, used 90575K [0x00000007a0000000, 0x00000007a8000000, 0x00000007a8000000)
  eden space 87424K, 100% used [0x00000007a0000000, 0x00000007a5560000, 0x00000007a5560000)
  from space 21824K,  14% used [0x00000007a5560000, 0x00000007a5873fb8, 0x00000007a6ab0000)
  to   space 21824K,   0% used [0x00000007a6ab0000, 0x00000007a6ab0000, 0x00000007a8000000)
 concurrent mark-sweep generation total 393216K, used 170230K [0x00000007a8000000, 0x00000007c0000000, 0x00000007c0000000)
 Metaspace       used 37511K, capacity 38620K, committed 38884K, reserved 1083392K
  class space    used 4449K, capacity 4765K, committed 4836K, reserved 1048576K
2018-04-03T13:40:27.961+0700: 68.224: [GC (Allocation Failure) 2018-04-03T13:40:27.961+0700: 68.224: [ParNew
Desired survivor size 20112992 bytes, new threshold 8 (max 8)
- age   1:    1350104 bytes,    1350104 total
- age   2:     267864 bytes,    1617968 total
- age   3:     497256 bytes,    2115224 total
- age   4:     169216 bytes,    2284440 total
- age   5:     251376 bytes,    2535816 total
- age   6:     267568 bytes,    2803384 total
- age   7:     239360 bytes,    3042744 total
- age   8:     201944 bytes,    3244688 total
: 90575K->3260K(109248K), 0.0048454 secs] 260806K->173720K(502464K), 0.0049134 secs] [Times: user=0.02 sys=0.00, real=0.00 secs] 
Heap after GC invocations=459 (full 1):
 par new generation   total 109248K, used 3260K [0x00000007a0000000, 0x00000007a8000000, 0x00000007a8000000)
  eden space 87424K,   0% used [0x00000007a0000000, 0x00000007a0000000, 0x00000007a5560000)
  from space 21824K,  14% used [0x00000007a6ab0000, 0x00000007a6ddf0b8, 0x00000007a8000000)
  to   space 21824K,   0% used [0x00000007a5560000, 0x00000007a5560000, 0x00000007a6ab0000)
 concurrent mark-sweep generation total 393216K, used 170460K [0x00000007a8000000, 0x00000007c0000000, 0x00000007c0000000)
 Metaspace       used 37511K, capacity 38620K, committed 38884K, reserved 1083392K
  class space    used 4449K, capacity 4765K, committed 4836K, reserved 1048576K
}
2018-04-03T13:40:27.966+0700: 68.229: Total time for which application threads were stopped: 0.0050611 seconds, Stopping threads took: 0.0000159 seconds
{Heap before GC invocations=459 (full 1):
 par new generation   total 109248K, used 90684K [0x00000007a0000000, 0x00000007a8000000, 0x00000007a8000000)
  eden space 87424K, 100% used [0x00000007a0000000, 0x00000007a5560000, 0x00000007a5560000)
  from space 21824K,  14% used [0x00000007a6ab0000, 0x00000007a6ddf0b8, 0x00000007a8000000)
  to   space 21824K,   0% used [0x00000007a5560000, 0x00000007a5560000, 0x00000007a6ab0000)
 concurrent mark-sweep generation total 393216K, used 170460K [0x00000007a8000000, 0x00000007c0000000, 0x00000007c0000000)
 Metaspace       used 37511K, capacity 38620K, committed 38884K, reserved 1083392K
  class space    used 4449K, capacity 4765K, committed 4836K, reserved 1048576K
2018-04-03T13:40:27.992+0700: 68.256: [GC (Allocation Failure) 2018-04-03T13:40:27.992+0700: 68.256: [ParNew
Desired survivor size 20112992 bytes, new threshold 8 (max 8)
- age   1:     395648 bytes,     395648 total
- age   2:    1231976 bytes,    1627624 total
- age   3:     267752 bytes,    1895376 total
- age   4:     497256 bytes,    2392632 total
- age   5:     169216 bytes,    2561848 total
- age   6:     251376 bytes,    2813224 total
- age   7:     267568 bytes,    3080792 total
- age   8:     239360 bytes,    3320152 total
: 90684K->3331K(109248K), 0.0047986 secs] 261144K->173988K(502464K), 0.0048660 secs] [Times: user=0.02 sys=0.00, real=0.00 secs] 
Heap after GC invocations=460 (full 1):
 par new generation   total 109248K, used 3331K [0x00000007a0000000, 0x00000007a8000000, 0x00000007a8000000)
  eden space 87424K,   0% used [0x00000007a0000000, 0x00000007a0000000, 0x00000007a5560000)
  from space 21824K,  15% used [0x00000007a5560000, 0x00000007a58a0c10, 0x00000007a6ab0000)
  to   space 21824K,   0% used [0x00000007a6ab0000, 0x00000007a6ab0000, 0x00000007a8000000)
 concurrent mark-sweep generation total 393216K, used 170657K [0x00000007a8000000, 0x00000007c0000000, 0x00000007c0000000)
 Metaspace       used 37511K, capacity 38620K, committed 38884K, reserved 1083392K
  class space    used 4449K, capacity 4765K, committed 4836K, reserved 1048576K
}
2018-04-03T13:40:27.997+0700: 68.261: Total time for which application threads were stopped: 0.0050160 seconds, Stopping threads took: 0.0000155 seconds
{Heap before GC invocations=460 (full 1):
 par new generation   total 109248K, used 90755K [0x00000007a0000000, 0x00000007a8000000, 0x00000007a8000000)
  eden space 87424K, 100% used [0x00000007a0000000, 0x00000007a5560000, 0x00000007a5560000)
  from space 21824K,  15% used [0x00000007a5560000, 0x00000007a58a0c10, 0x00000007a6ab0000)
  to   space 21824K,   0% used [0x00000007a6ab0000, 0x00000007a6ab0000, 0x00000007a8000000)
 concurrent mark-sweep generation total 393216K, used 170657K [0x00000007a8000000, 0x00000007c0000000, 0x00000007c0000000)
 Metaspace       used 37511K, capacity 38620K, committed 38884K, reserved 1083392K
  class space    used 4449K, capacity 4765K, committed 4836K, reserved 1048576K
2018-04-03T13:40:28.023+0700: 68.286: [GC (Allocation Failure) 2018-04-03T13:40:28.023+0700: 68.286: [ParNew
Desired survivor size 20112992 bytes, new threshold 8 (max 8)
- age   1:    1309896 bytes,    1309896 total
- age   2:     273120 bytes,    1583016 total
- age   3:     370704 bytes,    1953720 total
- age   4:     267752 bytes,    2221472 total
- age   5:     497256 bytes,    2718728 total
- age   6:     169216 bytes,    2887944 total
- age   7:     251376 bytes,    3139320 total
- age   8:     267568 bytes,    3406888 total
: 90755K->3350K(109248K), 0.0038954 secs] 261412K->174241K(502464K), 0.0039660 secs] [Times: user=0.01 sys=0.00, real=0.00 secs] 
Heap after GC invocations=461 (full 1):
 par new generation   total 109248K, used 3350K [0x00000007a0000000, 0x00000007a8000000, 0x00000007a8000000)
  eden space 87424K,   0% used [0x00000007a0000000, 0x00000007a0000000, 0x00000007a5560000)
  from space 21824K,  15% used [0x00000007a6ab0000, 0x00000007a6df5b00, 0x00000007a8000000)
  to   space 21824K,   0% used [0x00000007a5560000, 0x00000007a5560000, 0x00000007a6ab0000)
 concurrent mark-sweep generation total 393216K, used 170891K [0x00000007a8000000, 0x00000007c0000000, 0x00000007c0000000)
 Metaspace       used 37511K, capacity 38620K, committed 38884K, reserved 1083392K
  class space    used 4449K, capacity 4765K, committed 4836K, reserved 1048576K
}
2018-04-03T13:40:28.027+0700: 68.290: Total time for which application threads were stopped: 0.0041118 seconds, Stopping threads took: 0.0000148 seconds
{Heap before GC invocations=461 (full 1):
 par new generation   total 109248K, used 90774K [0x00000007a0000000, 0x00000007a8000000, 0x00000007a8000000)
  eden space 87424K, 100% used [0x00000007a0000000, 0x00000007a5560000, 0x00000007a5560000)
  from space 21824K,  15% used [0x00000007a6ab0000, 0x00000007a6df5b00, 0x00000007a8000000)
  to   space 21824K,   0% used [0x00000007a5560000, 0x00000007a5560000, 0x00000007a6ab0000)
 concurrent mark-sweep generation total 393216K, used 170891K [0x00000007a8000000, 0x00000007c0000000, 0x00000007c0000000)
 Metaspace       used 37511K, capacity 38620K, committed 38884K, reserved 1083392K
  class space    used 4449K, capacity 4765K, committed 4836K, reserved 1048576K
2018-04-03T13:40:28.052+0700: 68.315: [GC (Allocation Failure) 2018-04-03T13:40:28.052+0700: 68.315: [ParNew
Desired survivor size 20112992 bytes, new threshold 8 (max 8)
- age   1:    1367480 bytes,    1367480 total
- age   2:     235528 bytes,    1603008 total
- age   3:     267696 bytes,    1870704 total
- age   4:     370704 bytes,    2241408 total
- age   5:     267752 bytes,    2509160 total
- age   6:     497256 bytes,    3006416 total
- age   7:     169216 bytes,    3175632 total
- age   8:     251376 bytes,    3427008 total
: 90774K->3365K(109248K), 0.0044767 secs] 261665K->174518K(502464K), 0.0045412 secs] [Times: user=0.01 sys=0.00, real=0.00 secs] 
Heap after GC invocations=462 (full 1):
 par new generation   total 109248K, used 3365K [0x00000007a0000000, 0x00000007a8000000, 0x00000007a8000000)
  eden space 87424K,   0% used [0x00000007a0000000, 0x00000007a0000000, 0x00000007a5560000)
  from space 21824K,  15% used [0x00000007a5560000, 0x00000007a58a96a0, 0x00000007a6ab0000)
  to   space 21824K,   0% used [0x00000007a6ab0000, 0x00000007a6ab0000, 0x00000007a8000000)
 concurrent mark-sweep generation total 393216K, used 171152K [0x00000007a8000000, 0x00000007c0000000, 0x00000007c0000000)
 Metaspace       used 37511K, capacity 38620K, committed 38884K, reserved 1083392K
  class space    used 4449K, capacity 4765K, committed 4836K, reserved 1048576K
}
2018-04-03T13:40:28.056+0700: 68.320: Total time for which application threads were stopped: 0.0046869 seconds, Stopping threads took: 0.0000153 seconds
{Heap before GC invocations=462 (full 1):
 par new generation   total 109248K, used 90789K [0x00000007a0000000, 0x00000007a8000000, 0x00000007a8000000)
  eden space 87424K, 100% used [0x00000007a0000000, 0x00000007a5560000, 0x00000007a5560000)
  from space 21824K,  15% used [0x00000007a5560000, 0x00000007a58a96a0, 0x00000007a6ab0000)
  to   space 21824K,   0% used [0x00000007a6ab0000, 0x00000007a6ab0000, 0x00000007a8000000)
 concurrent mark-sweep generation total 393216K, used 171152K [0x00000007a8000000, 0x00000007c0000000, 0x00000007c0000000)
 Metaspace       used 37511K, capacity 38620K, committed 38884K, reserved 1083392K
  class space    used 4449K, capacity 4765K, committed 4836K, reserved 1048576K
2018-04-03T13:40:28.081+0700: 68.345: [GC (Allocation Failure) 2018-04-03T13:40:28.082+0700: 68.345: [ParNew
Desired survivor size 20112992 bytes, new threshold 8 (max 8)
- age   1:    1295800 bytes,    1295800 total
- age   2:     519064 bytes,    1814864 total
- age   3:     235208 bytes,    2050072 total
- age   4:     267696 bytes,    2317768 total
- age   5:     370704 bytes,    2688472 total
- age   6:     267752 bytes,    2956224 total
- age   7:     497256 bytes,    3453480 total
- age   8:     169216 bytes,    3622696 total
: 90789K->3543K(109248K), 0.0037000 secs] 261942K->174940K(502464K), 0.0037680 secs] [Times: user=0.01 sys=0.00, real=0.00 secs] 
Heap after GC invocations=463 (full 1):
 par new generation   total 109248K, used 3543K [0x00000007a0000000, 0x00000007a8000000, 0x00000007a8000000)
  eden space 87424K,   0% used [0x00000007a0000000, 0x00000007a0000000, 0x00000007a5560000)
  from space 21824K,  16% used [0x00000007a6ab0000, 0x00000007a6e25c48, 0x00000007a8000000)
  to   space 21824K,   0% used [0x00000007a5560000, 0x00000007a5560000, 0x00000007a6ab0000)
 concurrent mark-sweep generation total 393216K, used 171397K [0x00000007a8000000, 0x00000007c0000000, 0x00000007c0000000)
 Metaspace       used 37511K, capacity 38620K, committed 38884K, reserved 1083392K
  class space    used 4449K, capacity 4765K, committed 4836K, reserved 1048576K
}
2018-04-03T13:40:28.085+0700: 68.349: Total time for which application threads were stopped: 0.0039112 seconds, Stopping threads took: 0.0000150 seconds
{Heap before GC invocations=463 (full 1):
 par new generation   total 109248K, used 90967K [0x00000007a0000000, 0x00000007a8000000, 0x00000007a8000000)
  eden space 87424K, 100% used [0x00000007a0000000, 0x00000007a5560000, 0x00000007a5560000)
  from space 21824K,  16% used [0x00000007a6ab0000, 0x00000007a6e25c48, 0x00000007a8000000)
  to   space 21824K,   0% used [0x00000007a5560000, 0x00000007a5560000, 0x00000007a6ab0000)
 concurrent mark-sweep generation total 393216K, used 171397K [0x00000007a8000000, 0x00000007c0000000, 0x00000007c0000000)
 Metaspace       used 37511K, capacity 38620K, committed 38884K, reserved 1083392K
  class space    used 4449K, capacity 4765K, committed 4836K, reserved 1048576K
2018-04-03T13:40:28.112+0700: 68.376: [GC (Allocation Failure) 2018-04-03T13:40:28.112+0700: 68.376: [ParNew
Desired survivor size 20112992 bytes, new threshold 8 (max 8)
- age   1:     864544 bytes,     864544 total
- age   2:    1177728 bytes,    2042272 total
- age   3:     518856 bytes,    2561128 total
- age   4:     235208 bytes,    2796336 total
- age   5:     267696 bytes,    3064032 total
- age   6:     370704 bytes,    3434736 total
- age   7:     267752 bytes,    3702488 total
- age   8:     235080 bytes,    3937568 total
: 90967K->3862K(109248K), 0.0043219 secs] 262364K->175425K(502464K), 0.0043908 secs] [Times: user=0.01 sys=0.01, real=0.00 secs] 
Heap after GC invocations=464 (full 1):
 par new generation   total 109248K, used 3862K [0x00000007a0000000, 0x00000007a8000000, 0x00000007a8000000)
  eden space 87424K,   0% used [0x00000007a0000000, 0x00000007a0000000, 0x00000007a5560000)
  from space 21824K,  17% used [0x00000007a5560000, 0x00000007a5925ae8, 0x00000007a6ab0000)
  to   space 21824K,   0% used [0x00000007a6ab0000, 0x00000007a6ab0000, 0x00000007a8000000)
 concurrent mark-sweep generation total 393216K, used 171563K [0x00000007a8000000, 0x00000007c0000000, 0x00000007c0000000)
 Metaspace       used 37511K, capacity 38620K, committed 38884K, reserved 1083392K
  class space    used 4449K, capacity 4765K, committed 4836K, reserved 1048576K
}
2018-04-03T13:40:28.117+0700: 68.380: Total time for which application threads were stopped: 0.0045368 seconds, Stopping threads took: 0.0000166 seconds
{Heap before GC invocations=464 (full 1):
 par new generation   total 109248K, used 91286K [0x00000007a0000000, 0x00000007a8000000, 0x00000007a8000000)
  eden space 87424K, 100% used [0x00000007a0000000, 0x00000007a5560000, 0x00000007a5560000)
  from space 21824K,  17% used [0x00000007a5560000, 0x00000007a5925ae8, 0x00000007a6ab0000)
  to   space 21824K,   0% used [0x00000007a6ab0000, 0x00000007a6ab0000, 0x00000007a8000000)
 concurrent mark-sweep generation total 393216K, used 171563K [0x00000007a8000000, 0x00000007c0000000, 0x00000007c0000000)
 Metaspace       used 37511K, capacity 38620K, committed 38884K, reserved 1083392K
  class space    used 4449K, capacity 4765K, committed 4836K, reserved 1048576K
2018-04-03T13:40:28.142+0700: 68.405: [GC (Allocation Failure) 2018-04-03T13:40:28.142+0700: 68.405: [ParNew
Desired survivor size 20112992 bytes, new threshold 8 (max 8)
- age   1:    1702224 bytes,    1702224 total
- age   2:     727328 bytes,    2429552 total
- age   3:     301104 bytes,    2730656 total
- age   4:     202128 bytes,    2932784 total
- age   5:     235208 bytes,    3167992 total
- age   6:     267696 bytes,    3435688 total
- age   7:     370704 bytes,    3806392 total
- age   8:     267752 bytes,    4074144 total
: 91286K->4003K(109248K), 0.0047886 secs] 262849K->175796K(502464K), 0.0048520 secs] [Times: user=0.01 sys=0.00, real=0.00 secs] 
Heap after GC invocations=465 (full 1):
 par new generation   total 109248K, used 4003K [0x00000007a0000000, 0x00000007a8000000, 0x00000007a8000000)
  eden space 87424K,   0% used [0x00000007a0000000, 0x00000007a0000000, 0x00000007a5560000)
  from space 21824K,  18% used [0x00000007a6ab0000, 0x00000007a6e98fd8, 0x00000007a8000000)
  to   space 21824K,   0% used [0x00000007a5560000, 0x00000007a5560000, 0x00000007a6ab0000)
 concurrent mark-sweep generation total 393216K, used 171792K [0x00000007a8000000, 0x00000007c0000000, 0x00000007c0000000)
 Metaspace       used 37511K, capacity 38620K, committed 38884K, reserved 1083392K
  class space    used 4449K, capacity 4765K, committed 4836K, reserved 1048576K
}
2018-04-03T13:40:28.147+0700: 68.410: Total time for which application threads were stopped: 0.0049949 seconds, Stopping threads took: 0.0000143 seconds
{Heap before GC invocations=465 (full 1):
 par new generation   total 109248K, used 91427K [0x00000007a0000000, 0x00000007a8000000, 0x00000007a8000000)
  eden space 87424K, 100% used [0x00000007a0000000, 0x00000007a5560000, 0x00000007a5560000)
  from space 21824K,  18% used [0x00000007a6ab0000, 0x00000007a6e98fd8, 0x00000007a8000000)
  to   space 21824K,   0% used [0x00000007a5560000, 0x00000007a5560000, 0x00000007a6ab0000)
 concurrent mark-sweep generation total 393216K, used 171792K [0x00000007a8000000, 0x00000007c0000000, 0x00000007c0000000)
 Metaspace       used 37511K, capacity 38620K, committed 38884K, reserved 1083392K
  class space    used 4449K, capacity 4765K, committed 4836K, reserved 1048576K
2018-04-03T13:40:28.172+0700: 68.435: [GC (Allocation Failure) 2018-04-03T13:40:28.172+0700: 68.435: [ParNew
Desired survivor size 20112992 bytes, new threshold 8 (max 8)
- age   1:     389696 bytes,     389696 total
- age   2:    1550696 bytes,    1940392 total
- age   3:     727088 bytes,    2667480 total
- age   4:     300904 bytes,    2968384 total
- age   5:     202128 bytes,    3170512 total
- age   6:     235208 bytes,    3405720 total
- age   7:     267696 bytes,    3673416 total
- age   8:     370704 bytes,    4044120 total
: 91427K->4005K(109248K), 0.0039212 secs] 263220K->176059K(502464K), 0.0039919 secs] [Times: user=0.01 sys=0.00, real=0.00 secs] 
Heap after GC invocations=466 (full 1):
 par new generation   total 109248K, used 4005K [0x00000007a0000000, 0x00000007a8000000, 0x00000007a8000000)
  eden space 87424K,   0% used [0x00000007a0000000, 0x00000007a0000000, 0x00000007a5560000)
  from space 21824K,  18% used [0x00000007a5560000, 0x00000007a5949500, 0x00000007a6ab0000)
  to   space 21824K,   0% used [0x00000007a6ab0000, 0x00000007a6ab0000, 0x00000007a8000000)
 concurrent mark-sweep generation total 393216K, used 172054K [0x00000007a8000000, 0x00000007c0000000, 0x00000007c0000000)
 Metaspace       used 37511K, capacity 38620K, committed 38884K, reserved 1083392K
  class space    used 4449K, capacity 4765K, committed 4836K, reserved 1048576K
}
2018-04-03T13:40:28.176+0700: 68.439: Total time for which application threads were stopped: 0.0041412 seconds, Stopping threads took: 0.0000156 seconds
{Heap before GC invocations=466 (full 1):
 par new generation   total 109248K, used 91429K [0x00000007a0000000, 0x00000007a8000000, 0x00000007a8000000)
  eden space 87424K, 100% used [0x00000007a0000000, 0x00000007a5560000, 0x00000007a5560000)
  from space 21824K,  18% used [0x00000007a5560000, 0x00000007a5949500, 0x00000007a6ab0000)
  to   space 21824K,   0% used [0x00000007a6ab0000, 0x00000007a6ab0000, 0x00000007a8000000)
 concurrent mark-sweep generation total 393216K, used 172054K [0x00000007a8000000, 0x00000007c0000000, 0x00000007c0000000)
 Metaspace       used 37511K, capacity 38620K, committed 38884K, reserved 1083392K
  class space    used 4449K, capacity 4765K, committed 4836K, reserved 1048576K
2018-04-03T13:40:28.202+0700: 68.465: [GC (Allocation Failure) 2018-04-03T13:40:28.202+0700: 68.465: [ParNew
Desired survivor size 20112992 bytes, new threshold 8 (max 8)
- age   1:    1448896 bytes,    1448896 total
- age   2:     235488 bytes,    1684384 total
- age   3:     564440 bytes,    2248824 total
- age   4:     727088 bytes,    2975912 total
- age   5:     300904 bytes,    3276816 total
- age   6:     202128 bytes,    3478944 total
- age   7:     235208 bytes,    3714152 total
- age   8:     267696 bytes,    3981848 total
: 91429K->3903K(109248K), 0.0048064 secs] 263483K->176319K(502464K), 0.0048709 secs] [Times: user=0.02 sys=0.00, real=0.00 secs] 
Heap after GC invocations=467 (full 1):
 par new generation   total 109248K, used 3903K [0x00000007a0000000, 0x00000007a8000000, 0x00000007a8000000)
  eden space 87424K,   0% used [0x00000007a0000000, 0x00000007a0000000, 0x00000007a5560000)
  from space 21824K,  17% used [0x00000007a6ab0000, 0x00000007a6e7fdd0, 0x00000007a8000000)
  to   space 21824K,   0% used [0x00000007a5560000, 0x00000007a5560000, 0x00000007a6ab0000)
 concurrent mark-sweep generation total 393216K, used 172416K [0x00000007a8000000, 0x00000007c0000000, 0x00000007c0000000)
 Metaspace       used 37511K, capacity 38620K, committed 38884K, reserved 1083392K
  class space    used 4449K, capacity 4765K, committed 4836K, reserved 1048576K
}
2018-04-03T13:40:28.207+0700: 68.470: Total time for which application threads were stopped: 0.0050215 seconds, Stopping threads took: 0.0000155 seconds
{Heap before GC invocations=467 (full 1):
 par new generation   total 109248K, used 91327K [0x00000007a0000000, 0x00000007a8000000, 0x00000007a8000000)
  eden space 87424K, 100% used [0x00000007a0000000, 0x00000007a5560000, 0x00000007a5560000)
  from space 21824K,  17% used [0x00000007a6ab0000, 0x00000007a6e7fdd0, 0x00000007a8000000)
  to   space 21824K,   0% used [0x00000007a5560000, 0x00000007a5560000, 0x00000007a6ab0000)
 concurrent mark-sweep generation total 393216K, used 172416K [0x00000007a8000000, 0x00000007c0000000, 0x00000007c0000000)
 Metaspace       used 37511K, capacity 38620K, committed 38884K, reserved 1083392K
  class space    used 4449K, capacity 4765K, committed 4836K, reserved 1048576K
2018-04-03T13:40:28.233+0700: 68.496: [GC (Allocation Failure) 2018-04-03T13:40:28.233+0700: 68.496: [ParNew
Desired survivor size 20112992 bytes, new threshold 8 (max 8)
- age   1:     677352 bytes,     677352 total
- age   2:    1311944 bytes,    1989296 total
- age   3:     234992 bytes,    2224288 total
- age   4:     206832 bytes,    2431120 total
- age   5:     727088 bytes,    3158208 total
- age   6:     300904 bytes,    3459112 total
- age   7:     202128 bytes,    3661240 total
- age   8:     235208 bytes,    3896448 total
: 91327K->3844K(109248K), 0.0047681 secs] 263743K->176522K(502464K), 0.0048305 secs] [Times: user=0.02 sys=0.00, real=0.00 secs] 
Heap after GC invocations=468 (full 1):
 par new generation   total 109248K, used 3844K [0x00000007a0000000, 0x00000007a8000000, 0x00000007a8000000)
  eden space 87424K,   0% used [0x00000007a0000000, 0x00000007a0000000, 0x00000007a5560000)
  from space 21824K,  17% used [0x00000007a5560000, 0x00000007a5921230, 0x00000007a6ab0000)
  to   space 21824K,   0% used [0x00000007a6ab0000, 0x00000007a6ab0000, 0x00000007a8000000)
 concurrent mark-sweep generation total 393216K, used 172677K [0x00000007a8000000, 0x00000007c0000000, 0x00000007c0000000)
 Metaspace       used 37511K, capacity 38620K, committed 38884K, reserved 1083392K
  class space    used 4449K, capacity 4765K, committed 4836K, reserved 1048576K
}
2018-04-03T13:40:28.238+0700: 68.501: Total time for which application threads were stopped: 0.0049713 seconds, Stopping threads took: 0.0000156 seconds
{Heap before GC invocations=468 (full 1):
 par new generation   total 109248K, used 91268K [0x00000007a0000000, 0x00000007a8000000, 0x00000007a8000000)
  eden space 87424K, 100% used [0x00000007a0000000, 0x00000007a5560000, 0x00000007a5560000)
  from space 21824K,  17% used [0x00000007a5560000, 0x00000007a5921230, 0x00000007a6ab0000)
  to   space 21824K,   0% used [0x00000007a6ab0000, 0x00000007a6ab0000, 0x00000007a8000000)
 concurrent mark-sweep generation total 393216K, used 172677K [0x00000007a8000000, 0x00000007c0000000, 0x00000007c0000000)
 Metaspace       used 37511K, capacity 38620K, committed 38884K, reserved 1083392K
  class space    used 4449K, capacity 4765K, committed 4836K, reserved 1048576K
2018-04-03T13:40:28.262+0700: 68.525: [GC (Allocation Failure) 2018-04-03T13:40:28.262+0700: 68.525: [ParNew
Desired survivor size 20112992 bytes, new threshold 8 (max 8)
- age   1:    1505592 bytes,    1505592 total
- age   2:     604832 bytes,    2110424 total
- age   3:     202424 bytes,    2312848 total
- age   4:     234992 bytes,    2547840 total
- age   5:     206832 bytes,    2754672 total
- age   6:     759872 bytes,    3514544 total
- age   7:     333688 bytes,    3848232 total
- age   8:     202128 bytes,    4050360 total
: 91268K->3971K(109248K), 0.0036429 secs] 263946K->176878K(502464K), 0.0037082 secs] [Times: user=0.01 sys=0.00, real=0.00 secs] 
Heap after GC invocations=469 (full 1):
 par new generation   total 109248K, used 3971K [0x00000007a0000000, 0x00000007a8000000, 0x00000007a8000000)
  eden space 87424K,   0% used [0x00000007a0000000, 0x00000007a0000000, 0x00000007a5560000)
  from space 21824K,  18% used [0x00000007a6ab0000, 0x00000007a6e90c40, 0x00000007a8000000)
  to   space 21824K,   0% used [0x00000007a5560000, 0x00000007a5560000, 0x00000007a6ab0000)
 concurrent mark-sweep generation total 393216K, used 172907K [0x00000007a8000000, 0x00000007c0000000, 0x00000007c0000000)
 Metaspace       used 37511K, capacity 38620K, committed 38884K, reserved 1083392K
  class space    used 4449K, capacity 4765K, committed 4836K, reserved 1048576K
}
2018-04-03T13:40:28.266+0700: 68.529: Total time for which application threads were stopped: 0.0038553 seconds, Stopping threads took: 0.0000152 seconds
{Heap before GC invocations=469 (full 1):
 par new generation   total 109248K, used 91395K [0x00000007a0000000, 0x00000007a8000000, 0x00000007a8000000)
  eden space 87424K, 100% used [0x00000007a0000000, 0x00000007a5560000, 0x00000007a5560000)
  from space 21824K,  18% used [0x00000007a6ab0000, 0x00000007a6e90c40, 0x00000007a8000000)
  to   space 21824K,   0% used [0x00000007a5560000, 0x00000007a5560000, 0x00000007a6ab0000)
 concurrent mark-sweep generation total 393216K, used 172907K [0x00000007a8000000, 0x00000007c0000000, 0x00000007c0000000)
 Metaspace       used 37511K, capacity 38620K, committed 38884K, reserved 1083392K
  class space    used 4449K, capacity 4765K, committed 4836K, reserved 1048576K
2018-04-03T13:40:28.291+0700: 68.554: [GC (Allocation Failure) 2018-04-03T13:40:28.291+0700: 68.554: [ParNew
Desired survivor size 20112992 bytes, new threshold 8 (max 8)
- age   1:     345432 bytes,     345432 total
- age   2:    1417808 bytes,    1763240 total
- age   3:     604832 bytes,    2368072 total
- age   4:     202424 bytes,    2570496 total
- age   5:     234992 bytes,    2805488 total
- age   6:     206832 bytes,    3012320 total
- age   7:     727088 bytes,    3739408 total
- age   8:     300904 bytes,    4040312 total
: 91395K->3952K(109248K), 0.0038588 secs] 264302K->177057K(502464K), 0.0039289 secs] [Times: user=0.01 sys=0.00, real=0.00 secs] 
Heap after GC invocations=470 (full 1):
 par new generation   total 109248K, used 3952K [0x00000007a0000000, 0x00000007a8000000, 0x00000007a8000000)
  eden space 87424K,   0% used [0x00000007a0000000, 0x00000007a0000000, 0x00000007a5560000)
  from space 21824K,  18% used [0x00000007a5560000, 0x00000007a593c370, 0x00000007a6ab0000)
  to   space 21824K,   0% used [0x00000007a6ab0000, 0x00000007a6ab0000, 0x00000007a8000000)
 concurrent mark-sweep generation total 393216K, used 173104K [0x00000007a8000000, 0x00000007c0000000, 0x00000007c0000000)
 Metaspace       used 37511K, capacity 38620K, committed 38884K, reserved 1083392K
  class space    used 4449K, capacity 4765K, committed 4836K, reserved 1048576K
}
2018-04-03T13:40:28.295+0700: 68.558: Total time for which application threads were stopped: 0.0040775 seconds, Stopping threads took: 0.0000154 seconds
{Heap before GC invocations=470 (full 1):
 par new generation   total 109248K, used 91376K [0x00000007a0000000, 0x00000007a8000000, 0x00000007a8000000)
  eden space 87424K, 100% used [0x00000007a0000000, 0x00000007a5560000, 0x00000007a5560000)
  from space 21824K,  18% used [0x00000007a5560000, 0x00000007a593c370, 0x00000007a6ab0000)
  to   space 21824K,   0% used [0x00000007a6ab0000, 0x00000007a6ab0000, 0x00000007a8000000)
 concurrent mark-sweep generation total 393216K, used 173104K [0x00000007a8000000, 0x00000007c0000000, 0x00000007c0000000)
 Metaspace       used 37511K, capacity 38620K, committed 38884K, reserved 1083392K
  class space    used 4449K, capacity 4765K, committed 4836K, reserved 1048576K
2018-04-03T13:40:28.320+0700: 68.583: [GC (Allocation Failure) 2018-04-03T13:40:28.320+0700: 68.583: [ParNew
Desired survivor size 20112992 bytes, new threshold 8 (max 8)
- age   1:     674208 bytes,     674208 total
- age   2:     234784 bytes,     908992 total
- age   3:    1417808 bytes,    2326800 total
- age   4:     202096 bytes,    2528896 total
- age   5:     202424 bytes,    2731320 total
- age   6:     234992 bytes,    2966312 total
- age   7:     206832 bytes,    3173144 total
- age   8:     727088 bytes,    3900232 total
: 91376K->3838K(109248K), 0.0044147 secs] 264481K->177236K(502464K), 0.0044802 secs] [Times: user=0.01 sys=0.01, real=0.00 secs] 
Heap after GC invocations=471 (full 1):
 par new generation   total 109248K, used 3838K [0x00000007a0000000, 0x00000007a8000000, 0x00000007a8000000)
  eden space 87424K,   0% used [0x00000007a0000000, 0x00000007a0000000, 0x00000007a5560000)
  from space 21824K,  17% used [0x00000007a6ab0000, 0x00000007a6e6f920, 0x00000007a8000000)
  to   space 21824K,   0% used [0x00000007a5560000, 0x00000007a5560000, 0x00000007a6ab0000)
 concurrent mark-sweep generation total 393216K, used 173398K [0x00000007a8000000, 0x00000007c0000000, 0x00000007c0000000)
 Metaspace       used 37511K, capacity 38620K, committed 38884K, reserved 1083392K
  class space    used 4449K, capacity 4765K, committed 4836K, reserved 1048576K
}
2018-04-03T13:40:28.325+0700: 68.588: Total time for which application threads were stopped: 0.0046243 seconds, Stopping threads took: 0.0000144 seconds
{Heap before GC invocations=471 (full 1):
 par new generation   total 109248K, used 91262K [0x00000007a0000000, 0x00000007a8000000, 0x00000007a8000000)
  eden space 87424K, 100% used [0x00000007a0000000, 0x00000007a5560000, 0x00000007a5560000)
  from space 21824K,  17% used [0x00000007a6ab0000, 0x00000007a6e6f920, 0x00000007a8000000)
  to   space 21824K,   0% used [0x00000007a5560000, 0x00000007a5560000, 0x00000007a6ab0000)
 concurrent mark-sweep generation total 393216K, used 173398K [0x00000007a8000000, 0x00000007c0000000, 0x00000007c0000000)
 Metaspace       used 37511K, capacity 38620K, committed 38884K, reserved 1083392K
  class space    used 4449K, capacity 4765K, committed 4836K, reserved 1048576K
2018-04-03T13:40:28.350+0700: 68.613: [GC (Allocation Failure) 2018-04-03T13:40:28.350+0700: 68.613: [ParNew
Desired survivor size 20112992 bytes, new threshold 8 (max 8)
- age   1:    1700216 bytes,    1700216 total
- age   2:     595280 bytes,    2295496 total
- age   3:     234784 bytes,    2530280 total
- age   4:     169640 bytes,    2699920 total
- age   5:     201872 bytes,    2901792 total
- age   6:     202424 bytes,    3104216 total
- age   7:     234992 bytes,    3339208 total
- age   8:     206832 bytes,    3546040 total
: 91262K->3474K(109248K), 0.0038580 secs] 264660K->177583K(502464K), 0.0039255 secs] [Times: user=0.01 sys=0.00, real=0.00 secs] 
Heap after GC invocations=472 (full 1):
 par new generation   total 109248K, used 3474K [0x00000007a0000000, 0x00000007a8000000, 0x00000007a8000000)
  eden space 87424K,   0% used [0x00000007a0000000, 0x00000007a0000000, 0x00000007a5560000)
  from space 21824K,  15% used [0x00000007a5560000, 0x00000007a58c4b88, 0x00000007a6ab0000)
  to   space 21824K,   0% used [0x00000007a6ab0000, 0x00000007a6ab0000, 0x00000007a8000000)
 concurrent mark-sweep generation total 393216K, used 174108K [0x00000007a8000000, 0x00000007c0000000, 0x00000007c0000000)
 Metaspace       used 37511K, capacity 38620K, committed 38884K, reserved 1083392K
  class space    used 4449K, capacity 4765K, committed 4836K, reserved 1048576K
}
2018-04-03T13:40:28.354+0700: 68.617: Total time for which application threads were stopped: 0.0040672 seconds, Stopping threads took: 0.0000149 seconds
{Heap before GC invocations=472 (full 1):
 par new generation   total 109248K, used 90898K [0x00000007a0000000, 0x00000007a8000000, 0x00000007a8000000)
  eden space 87424K, 100% used [0x00000007a0000000, 0x00000007a5560000, 0x00000007a5560000)
  from space 21824K,  15% used [0x00000007a5560000, 0x00000007a58c4b88, 0x00000007a6ab0000)
  to   space 21824K,   0% used [0x00000007a6ab0000, 0x00000007a6ab0000, 0x00000007a8000000)
 concurrent mark-sweep generation total 393216K, used 174108K [0x00000007a8000000, 0x00000007c0000000, 0x00000007c0000000)
 Metaspace       used 37511K, capacity 38620K, committed 38884K, reserved 1083392K
  class space    used 4449K, capacity 4765K, committed 4836K, reserved 1048576K
2018-04-03T13:40:28.380+0700: 68.643: [GC (Allocation Failure) 2018-04-03T13:40:28.380+0700: 68.643: [ParNew
Desired survivor size 20112992 bytes, new threshold 8 (max 8)
- age   1:     416936 bytes,     416936 total
- age   2:    1606616 bytes,    2023552 total
- age   3:     594992 bytes,    2618544 total
- age   4:     234784 bytes,    2853328 total
- age   5:     169640 bytes,    3022968 total
- age   6:     201872 bytes,    3224840 total
- age   7:     202424 bytes,    3427264 total
- age   8:     234992 bytes,    3662256 total
: 90898K->3607K(109248K), 0.0047316 secs] 265007K->177918K(502464K), 0.0047933 secs] [Times: user=0.02 sys=0.00, real=0.00 secs] 
Heap after GC invocations=473 (full 1):
 par new generation   total 109248K, used 3607K [0x00000007a0000000, 0x00000007a8000000, 0x00000007a8000000)
  eden space 87424K,   0% used [0x00000007a0000000, 0x00000007a0000000, 0x00000007a5560000)
  from space 21824K,  16% used [0x00000007a6ab0000, 0x00000007a6e35ea0, 0x00000007a8000000)
  to   space 21824K,   0% used [0x00000007a5560000, 0x00000007a5560000, 0x00000007a6ab0000)
 concurrent mark-sweep generation total 393216K, used 174310K [0x00000007a8000000, 0x00000007c0000000, 0x00000007c0000000)
 Metaspace       used 37511K, capacity 38620K, committed 38884K, reserved 1083392K
  class space    used 4449K, capacity 4765K, committed 4836K, reserved 1048576K
}
2018-04-03T13:40:28.385+0700: 68.648: Total time for which application threads were stopped: 0.0049465 seconds, Stopping threads took: 0.0000252 seconds
{Heap before GC invocations=473 (full 1):
 par new generation   total 109248K, used 91031K [0x00000007a0000000, 0x00000007a8000000, 0x00000007a8000000)
  eden space 87424K, 100% used [0x00000007a0000000, 0x00000007a5560000, 0x00000007a5560000)
  from space 21824K,  16% used [0x00000007a6ab0000, 0x00000007a6e35ea0, 0x00000007a8000000)
  to   space 21824K,   0% used [0x00000007a5560000, 0x00000007a5560000, 0x00000007a6ab0000)
 concurrent mark-sweep generation total 393216K, used 174310K [0x00000007a8000000, 0x00000007c0000000, 0x00000007c0000000)
 Metaspace       used 37511K, capacity 38620K, committed 38884K, reserved 1083392K
  class space    used 4449K, capacity 4765K, committed 4836K, reserved 1048576K
2018-04-03T13:40:28.410+0700: 68.674: [GC (Allocation Failure) 2018-04-03T13:40:28.410+0700: 68.674: [ParNew
Desired survivor size 20112992 bytes, new threshold 8 (max 8)
- age   1:    1826720 bytes,    1826720 total
- age   2:     268544 bytes,    2095264 total
- age   3:     202376 bytes,    2297640 total
- age   4:     594648 bytes,    2892288 total
- age   5:     234784 bytes,    3127072 total
- age   6:     169640 bytes,    3296712 total
- age   7:     201872 bytes,    3498584 total
- age   8:     202424 bytes,    3701008 total
: 91031K->3651K(109248K), 0.0043667 secs] 265342K->178191K(502464K), 0.0044352 secs] [Times: user=0.02 sys=0.00, real=0.00 secs] 
Heap after GC invocations=474 (full 1):
 par new generation   total 109248K, used 3651K [0x00000007a0000000, 0x00000007a8000000, 0x00000007a8000000)
  eden space 87424K,   0% used [0x00000007a0000000, 0x00000007a0000000, 0x00000007a5560000)
  from space 21824K,  16% used [0x00000007a5560000, 0x00000007a58f0d08, 0x00000007a6ab0000)
  to   space 21824K,   0% used [0x00000007a6ab0000, 0x00000007a6ab0000, 0x00000007a8000000)
 concurrent mark-sweep generation total 393216K, used 174540K [0x00000007a8000000, 0x00000007c0000000, 0x00000007c0000000)
 Metaspace       used 37511K, capacity 38620K, committed 38884K, reserved 1083392K
  class space    used 4449K, capacity 4765K, committed 4836K, reserved 1048576K
}
2018-04-03T13:40:28.415+0700: 68.678: Total time for which application threads were stopped: 0.0045901 seconds, Stopping threads took: 0.0000253 seconds
{Heap before GC invocations=474 (full 1):
 par new generation   total 109248K, used 91075K [0x00000007a0000000, 0x00000007a8000000, 0x00000007a8000000)
  eden space 87424K, 100% used [0x00000007a0000000, 0x00000007a5560000, 0x00000007a5560000)
  from space 21824K,  16% used [0x00000007a5560000, 0x00000007a58f0d08, 0x00000007a6ab0000)
  to   space 21824K,   0% used [0x00000007a6ab0000, 0x00000007a6ab0000, 0x00000007a8000000)
 concurrent mark-sweep generation total 393216K, used 174540K [0x00000007a8000000, 0x00000007c0000000, 0x00000007c0000000)
 Metaspace       used 37511K, capacity 38620K, committed 38884K, reserved 1083392K
  class space    used 4449K, capacity 4765K, committed 4836K, reserved 1048576K
2018-04-03T13:40:28.443+0700: 68.707: [GC (Allocation Failure) 2018-04-03T13:40:28.443+0700: 68.707: [ParNew
Desired survivor size 20112992 bytes, new threshold 8 (max 8)
- age   1:    1069008 bytes,    1069008 total
- age   2:    1749232 bytes,    2818240 total
- age   3:     268544 bytes,    3086784 total
- age   4:     202128 bytes,    3288912 total
- age   5:     142160 bytes,    3431072 total
- age   6:     234784 bytes,    3665856 total
- age   7:     169640 bytes,    3835496 total
- age   8:     201872 bytes,    4037368 total
: 91075K->3950K(109248K), 0.0048257 secs] 265615K->178687K(502464K), 0.0048962 secs] [Times: user=0.02 sys=0.00, real=0.00 secs] 
Heap after GC invocations=475 (full 1):
 par new generation   total 109248K, used 3950K [0x00000007a0000000, 0x00000007a8000000, 0x00000007a8000000)
  eden space 87424K,   0% used [0x00000007a0000000, 0x00000007a0000000, 0x00000007a5560000)
  from space 21824K,  18% used [0x00000007a6ab0000, 0x00000007a6e8b808, 0x00000007a8000000)
  to   space 21824K,   0% used [0x00000007a5560000, 0x00000007a5560000, 0x00000007a6ab0000)
 concurrent mark-sweep generation total 393216K, used 174737K [0x00000007a8000000, 0x00000007c0000000, 0x00000007c0000000)
 Metaspace       used 37511K, capacity 38620K, committed 38884K, reserved 1083392K
  class space    used 4449K, capacity 4765K, committed 4836K, reserved 1048576K
}
2018-04-03T13:40:28.448+0700: 68.711: Total time for which application threads were stopped: 0.0050488 seconds, Stopping threads took: 0.0000154 seconds
{Heap before GC invocations=475 (full 1):
 par new generation   total 109248K, used 91374K [0x00000007a0000000, 0x00000007a8000000, 0x00000007a8000000)
  eden space 87424K, 100% used [0x00000007a0000000, 0x00000007a5560000, 0x00000007a5560000)
  from space 21824K,  18% used [0x00000007a6ab0000, 0x00000007a6e8b808, 0x00000007a8000000)
  to   space 21824K,   0% used [0x00000007a5560000, 0x00000007a5560000, 0x00000007a6ab0000)
 concurrent mark-sweep generation total 393216K, used 174737K [0x00000007a8000000, 0x00000007c0000000, 0x00000007c0000000)
 Metaspace       used 37511K, capacity 38620K, committed 38884K, reserved 1083392K
  class space    used 4449K, capacity 4765K, committed 4836K, reserved 1048576K
2018-04-03T13:40:28.476+0700: 68.739: [GC (Allocation Failure) 2018-04-03T13:40:28.476+0700: 68.739: [ParNew
Desired survivor size 20112992 bytes, new threshold 8 (max 8)
- age   1:     320440 bytes,     320440 total
- age   2:     940816 bytes,    1261256 total
- age   3:    1749232 bytes,    3010488 total
- age   4:     301328 bytes,    3311816 total
- age   5:     234912 bytes,    3546728 total
- age   6:     142160 bytes,    3688888 total
- age   7:     267568 bytes,    3956456 total
- age   8:     169640 bytes,    4126096 total
: 91374K->4047K(109248K), 0.0037598 secs] 266111K->178982K(502464K), 0.0038277 secs] [Times: user=0.01 sys=0.00, real=0.01 secs] 
Heap after GC invocations=476 (full 1):
 par new generation   total 109248K, used 4047K [0x00000007a0000000, 0x00000007a8000000, 0x00000007a8000000)
  eden space 87424K,   0% used [0x00000007a0000000, 0x00000007a0000000, 0x00000007a5560000)
  from space 21824K,  18% used [0x00000007a5560000, 0x00000007a5953ec8, 0x00000007a6ab0000)
  to   space 21824K,   0% used [0x00000007a6ab0000, 0x00000007a6ab0000, 0x00000007a8000000)
 concurrent mark-sweep generation total 393216K, used 174935K [0x00000007a8000000, 0x00000007c0000000, 0x00000007c0000000)
 Metaspace       used 37511K, capacity 38620K, committed 38884K, reserved 1083392K
  class space    used 4449K, capacity 4765K, committed 4836K, reserved 1048576K
}
2018-04-03T13:40:28.480+0700: 68.743: Total time for which application threads were stopped: 0.0039848 seconds, Stopping threads took: 0.0000173 seconds
{Heap before GC invocations=476 (full 1):
 par new generation   total 109248K, used 91471K [0x00000007a0000000, 0x00000007a8000000, 0x00000007a8000000)
  eden space 87424K, 100% used [0x00000007a0000000, 0x00000007a5560000, 0x00000007a5560000)
  from space 21824K,  18% used [0x00000007a5560000, 0x00000007a5953ec8, 0x00000007a6ab0000)
  to   space 21824K,   0% used [0x00000007a6ab0000, 0x00000007a6ab0000, 0x00000007a8000000)
 concurrent mark-sweep generation total 393216K, used 174935K [0x00000007a8000000, 0x00000007c0000000, 0x00000007c0000000)
 Metaspace       used 37511K, capacity 38620K, committed 38884K, reserved 1083392K
  class space    used 4449K, capacity 4765K, committed 4836K, reserved 1048576K
2018-04-03T13:40:28.513+0700: 68.776: [GC (Allocation Failure) 2018-04-03T13:40:28.513+0700: 68.776: [ParNew
Desired survivor size 20112992 bytes, new threshold 8 (max 8)
- age   1:    3139656 bytes,    3139656 total
- age   2:     202384 bytes,    3342040 total
- age   3:     940816 bytes,    4282856 total
- age   4:     169088 bytes,    4451944 total
- age   5:     268216 bytes,    4720160 total
- age   6:     202128 bytes,    4922288 total
- age   7:     142160 bytes,    5064448 total
- age   8:     234784 bytes,    5299232 total
: 91471K->5209K(109248K), 0.0040139 secs] 266406K->180309K(502464K), 0.0040795 secs] [Times: user=0.01 sys=0.00, real=0.00 secs] 
Heap after GC invocations=477 (full 1):
 par new generation   total 109248K, used 5209K [0x00000007a0000000, 0x00000007a8000000, 0x00000007a8000000)
  eden space 87424K,   0% used [0x00000007a0000000, 0x00000007a0000000, 0x00000007a5560000)
  from space 21824K,  23% used [0x00000007a6ab0000, 0x00000007a6fc6408, 0x00000007a8000000)
  to   space 21824K,   0% used [0x00000007a5560000, 0x00000007a5560000, 0x00000007a6ab0000)
 concurrent mark-sweep generation total 393216K, used 175100K [0x00000007a8000000, 0x00000007c0000000, 0x00000007c0000000)
 Metaspace       used 37511K, capacity 38620K, committed 38884K, reserved 1083392K
  class space    used 4449K, capacity 4765K, committed 4836K, reserved 1048576K
}
2018-04-03T13:40:28.517+0700: 68.780: Total time for which application threads were stopped: 0.0042332 seconds, Stopping threads took: 0.0000169 seconds
{Heap before GC invocations=477 (full 1):
 par new generation   total 109248K, used 92633K [0x00000007a0000000, 0x00000007a8000000, 0x00000007a8000000)
  eden space 87424K, 100% used [0x00000007a0000000, 0x00000007a5560000, 0x00000007a5560000)
  from space 21824K,  23% used [0x00000007a6ab0000, 0x00000007a6fc6408, 0x00000007a8000000)
  to   space 21824K,   0% used [0x00000007a5560000, 0x00000007a5560000, 0x00000007a6ab0000)
 concurrent mark-sweep generation total 393216K, used 175100K [0x00000007a8000000, 0x00000007c0000000, 0x00000007c0000000)
 Metaspace       used 37511K, capacity 38620K, committed 38884K, reserved 1083392K
  class space    used 4449K, capacity 4765K, committed 4836K, reserved 1048576K
2018-04-03T13:40:28.544+0700: 68.807: [GC (Allocation Failure) 2018-04-03T13:40:28.544+0700: 68.807: [ParNew
Desired survivor size 20112992 bytes, new threshold 8 (max 8)
- age   1:     300640 bytes,     300640 total
- age   2:    3034064 bytes,    3334704 total
- age   3:     202384 bytes,    3537088 total
- age   4:     939152 bytes,    4476240 total
- age   5:     169088 bytes,    4645328 total
- age   6:     268120 bytes,    4913448 total
- age   7:     202128 bytes,    5115576 total
- age   8:     142160 bytes,    5257736 total
: 92633K->5146K(109248K), 0.0042117 secs] 267733K->180476K(502464K), 0.0042855 secs] [Times: user=0.02 sys=0.00, real=0.00 secs] 
Heap after GC invocations=478 (full 1):
 par new generation   total 109248K, used 5146K [0x00000007a0000000, 0x00000007a8000000, 0x00000007a8000000)
  eden space 87424K,   0% used [0x00000007a0000000, 0x00000007a0000000, 0x00000007a5560000)
  from space 21824K,  23% used [0x00000007a5560000, 0x00000007a5a66938, 0x00000007a6ab0000)
  to   space 21824K,   0% used [0x00000007a6ab0000, 0x00000007a6ab0000, 0x00000007a8000000)
 concurrent mark-sweep generation total 393216K, used 175329K [0x00000007a8000000, 0x00000007c0000000, 0x00000007c0000000)
 Metaspace       used 37511K, capacity 38620K, committed 38884K, reserved 1083392K
  class space    used 4449K, capacity 4765K, committed 4836K, reserved 1048576K
}
2018-04-03T13:40:28.548+0700: 68.811: Total time for which application threads were stopped: 0.0044372 seconds, Stopping threads took: 0.0000157 seconds
{Heap before GC invocations=478 (full 1):
 par new generation   total 109248K, used 92570K [0x00000007a0000000, 0x00000007a8000000, 0x00000007a8000000)
  eden space 87424K, 100% used [0x00000007a0000000, 0x00000007a5560000, 0x00000007a5560000)
  from space 21824K,  23% used [0x00000007a5560000, 0x00000007a5a66938, 0x00000007a6ab0000)
  to   space 21824K,   0% used [0x00000007a6ab0000, 0x00000007a6ab0000, 0x00000007a8000000)
 concurrent mark-sweep generation total 393216K, used 175329K [0x00000007a8000000, 0x00000007c0000000, 0x00000007c0000000)
 Metaspace       used 37511K, capacity 38620K, committed 38884K, reserved 1083392K
  class space    used 4449K, capacity 4765K, committed 4836K, reserved 1048576K
2018-04-03T13:40:28.574+0700: 68.837: [GC (Allocation Failure) 2018-04-03T13:40:28.574+0700: 68.837: [ParNew
Desired survivor size 20112992 bytes, new threshold 8 (max 8)
- age   1:     320984 bytes,     320984 total
- age   2:     204896 bytes,     525880 total
- age   3:    3034064 bytes,    3559944 total
- age   4:     202384 bytes,    3762328 total
- age   5:     939152 bytes,    4701480 total
- age   6:     169088 bytes,    4870568 total
- age   7:     268120 bytes,    5138688 total
- age   8:     202128 bytes,    5340816 total
: 92570K->5230K(109248K), 0.0039935 secs] 267900K->180699K(502464K), 0.0040626 secs] [Times: user=0.01 sys=0.00, real=0.00 secs] 
Heap after GC invocations=479 (full 1):
 par new generation   total 109248K, used 5230K [0x00000007a0000000, 0x00000007a8000000, 0x00000007a8000000)
  eden space 87424K,   0% used [0x00000007a0000000, 0x00000007a0000000, 0x00000007a5560000)
  from space 21824K,  23% used [0x00000007a6ab0000, 0x00000007a6fcb920, 0x00000007a8000000)
  to   space 21824K,   0% used [0x00000007a5560000, 0x00000007a5560000, 0x00000007a6ab0000)
 concurrent mark-sweep generation total 393216K, used 175468K [0x00000007a8000000, 0x00000007c0000000, 0x00000007c0000000)
 Metaspace       used 37511K, capacity 38620K, committed 38884K, reserved 1083392K
  class space    used 4449K, capacity 4765K, committed 4836K, reserved 1048576K
}
2018-04-03T13:40:28.578+0700: 68.841: Total time for which application threads were stopped: 0.0042170 seconds, Stopping threads took: 0.0000160 seconds
{Heap before GC invocations=479 (full 1):
 par new generation   total 109248K, used 92654K [0x00000007a0000000, 0x00000007a8000000, 0x00000007a8000000)
  eden space 87424K, 100% used [0x00000007a0000000, 0x00000007a5560000, 0x00000007a5560000)
  from space 21824K,  23% used [0x00000007a6ab0000, 0x00000007a6fcb920, 0x00000007a8000000)
  to   space 21824K,   0% used [0x00000007a5560000, 0x00000007a5560000, 0x00000007a6ab0000)
 concurrent mark-sweep generation total 393216K, used 175468K [0x00000007a8000000, 0x00000007c0000000, 0x00000007c0000000)
 Metaspace       used 37511K, capacity 38620K, committed 38884K, reserved 1083392K
  class space    used 4449K, capacity 4765K, committed 4836K, reserved 1048576K
2018-04-03T13:40:28.605+0700: 68.868: [GC (Allocation Failure) 2018-04-03T13:40:28.605+0700: 68.868: [ParNew
Desired survivor size 20112992 bytes, new threshold 8 (max 8)
- age   1:     892200 bytes,     892200 total
- age   2:     202552 bytes,    1094752 total
- age   3:     204896 bytes,    1299648 total
- age   4:    3033624 bytes,    4333272 total
- age   5:     202384 bytes,    4535656 total
- age   6:     431520 bytes,    4967176 total
- age   7:     169088 bytes,    5136264 total
- age   8:     268120 bytes,    5404384 total
: 92654K->5293K(109248K), 0.0042520 secs] 268123K->180959K(502464K), 0.0043188 secs] [Times: user=0.01 sys=0.00, real=0.00 secs] 
Heap after GC invocations=480 (full 1):
 par new generation   total 109248K, used 5293K [0x00000007a0000000, 0x00000007a8000000, 0x00000007a8000000)
  eden space 87424K,   0% used [0x00000007a0000000, 0x00000007a0000000, 0x00000007a5560000)
  from space 21824K,  24% used [0x00000007a5560000, 0x00000007a5a8b4b0, 0x00000007a6ab0000)
  to   space 21824K,   0% used [0x00000007a6ab0000, 0x00000007a6ab0000, 0x00000007a8000000)
 concurrent mark-sweep generation total 393216K, used 175666K [0x00000007a8000000, 0x00000007c0000000, 0x00000007c0000000)
 Metaspace       used 37511K, capacity 38620K, committed 38884K, reserved 1083392K
  class space    used 4449K, capacity 4765K, committed 4836K, reserved 1048576K
}
2018-04-03T13:40:28.609+0700: 68.872: Total time for which application threads were stopped: 0.0044698 seconds, Stopping threads took: 0.0000156 seconds
{Heap before GC invocations=480 (full 1):
 par new generation   total 109248K, used 92717K [0x00000007a0000000, 0x00000007a8000000, 0x00000007a8000000)
  eden space 87424K, 100% used [0x00000007a0000000, 0x00000007a5560000, 0x00000007a5560000)
  from space 21824K,  24% used [0x00000007a5560000, 0x00000007a5a8b4b0, 0x00000007a6ab0000)
  to   space 21824K,   0% used [0x00000007a6ab0000, 0x00000007a6ab0000, 0x00000007a8000000)
 concurrent mark-sweep generation total 393216K, used 175666K [0x00000007a8000000, 0x00000007c0000000, 0x00000007c0000000)
 Metaspace       used 37511K, capacity 38620K, committed 38884K, reserved 1083392K
  class space    used 4449K, capacity 4765K, committed 4836K, reserved 1048576K
2018-04-03T13:40:28.635+0700: 68.899: [GC (Allocation Failure) 2018-04-03T13:40:28.636+0700: 68.899: [ParNew
Desired survivor size 20112992 bytes, new threshold 8 (max 8)
- age   1:    2363408 bytes,    2363408 total
- age   2:     773864 bytes,    3137272 total
- age   3:     202552 bytes,    3339824 total
- age   4:     204896 bytes,    3544720 total
- age   5:    1256032 bytes,    4800752 total
- age   6:     202384 bytes,    5003136 total
- age   7:     431520 bytes,    5434656 total
- age   8:     169088 bytes,    5603744 total
: 92717K->5496K(109248K), 0.0045232 secs] 268383K->181424K(502464K), 0.0045904 secs] [Times: user=0.01 sys=0.00, real=0.01 secs] 
Heap after GC invocations=481 (full 1):
 par new generation   total 109248K, used 5496K [0x00000007a0000000, 0x00000007a8000000, 0x00000007a8000000)
  eden space 87424K,   0% used [0x00000007a0000000, 0x00000007a0000000, 0x00000007a5560000)
  from space 21824K,  25% used [0x00000007a6ab0000, 0x00000007a700e1f0, 0x00000007a8000000)
  to   space 21824K,   0% used [0x00000007a5560000, 0x00000007a5560000, 0x00000007a6ab0000)
 concurrent mark-sweep generation total 393216K, used 175928K [0x00000007a8000000, 0x00000007c0000000, 0x00000007c0000000)
 Metaspace       used 37511K, capacity 38620K, committed 38884K, reserved 1083392K
  class space    used 4449K, capacity 4765K, committed 4836K, reserved 1048576K
}
2018-04-03T13:40:28.640+0700: 68.903: Total time for which application threads were stopped: 0.0047472 seconds, Stopping threads took: 0.0000171 seconds
{Heap before GC invocations=481 (full 1):
 par new generation   total 109248K, used 92920K [0x00000007a0000000, 0x00000007a8000000, 0x00000007a8000000)
  eden space 87424K, 100% used [0x00000007a0000000, 0x00000007a5560000, 0x00000007a5560000)
  from space 21824K,  25% used [0x00000007a6ab0000, 0x00000007a700e1f0, 0x00000007a8000000)
  to   space 21824K,   0% used [0x00000007a5560000, 0x00000007a5560000, 0x00000007a6ab0000)
 concurrent mark-sweep generation total 393216K, used 175928K [0x00000007a8000000, 0x00000007c0000000, 0x00000007c0000000)
 Metaspace       used 37511K, capacity 38620K, committed 38884K, reserved 1083392K
  class space    used 4449K, capacity 4765K, committed 4836K, reserved 1048576K
2018-04-03T13:40:28.666+0700: 68.929: [GC (Allocation Failure) 2018-04-03T13:40:28.666+0700: 68.930: [ParNew
Desired survivor size 20112992 bytes, new threshold 8 (max 8)
- age   1:     352920 bytes,     352920 total
- age   2:    2235248 bytes,    2588168 total
- age   3:     773864 bytes,    3362032 total
- age   4:     202552 bytes,    3564584 total
- age   5:     204896 bytes,    3769480 total
- age   6:    1256032 bytes,    5025512 total
- age   7:     202384 bytes,    5227896 total
- age   8:     431520 bytes,    5659416 total
: 92920K->5552K(109248K), 0.0038377 secs] 268848K->181645K(502464K), 0.0039022 secs] [Times: user=0.01 sys=0.00, real=0.01 secs] 
Heap after GC invocations=482 (full 1):
 par new generation   total 109248K, used 5552K [0x00000007a0000000, 0x00000007a8000000, 0x00000007a8000000)
  eden space 87424K,   0% used [0x00000007a0000000, 0x00000007a0000000, 0x00000007a5560000)
  from space 21824K,  25% used [0x00000007a5560000, 0x00000007a5acc1a0, 0x00000007a6ab0000)
  to   space 21824K,   0% used [0x00000007a6ab0000, 0x00000007a6ab0000, 0x00000007a8000000)
 concurrent mark-sweep generation total 393216K, used 176093K [0x00000007a8000000, 0x00000007c0000000, 0x00000007c0000000)
 Metaspace       used 37511K, capacity 38620K, committed 38884K, reserved 1083392K
  class space    used 4449K, capacity 4765K, committed 4836K, reserved 1048576K
}
2018-04-03T13:40:28.670+0700: 68.933: Total time for which application threads were stopped: 0.0040588 seconds, Stopping threads took: 0.0000250 seconds
{Heap before GC invocations=482 (full 1):
 par new generation   total 109248K, used 92976K [0x00000007a0000000, 0x00000007a8000000, 0x00000007a8000000)
  eden space 87424K, 100% used [0x00000007a0000000, 0x00000007a5560000, 0x00000007a5560000)
  from space 21824K,  25% used [0x00000007a5560000, 0x00000007a5acc1a0, 0x00000007a6ab0000)
  to   space 21824K,   0% used [0x00000007a6ab0000, 0x00000007a6ab0000, 0x00000007a8000000)
 concurrent mark-sweep generation total 393216K, used 176093K [0x00000007a8000000, 0x00000007c0000000, 0x00000007c0000000)
 Metaspace       used 37511K, capacity 38620K, committed 38884K, reserved 1083392K
  class space    used 4449K, capacity 4765K, committed 4836K, reserved 1048576K
2018-04-03T13:40:28.697+0700: 68.961: [GC (Allocation Failure) 2018-04-03T13:40:28.697+0700: 68.961: [ParNew
Desired survivor size 20112992 bytes, new threshold 8 (max 8)
- age   1:     298120 bytes,     298120 total
- age   2:     202128 bytes,     500248 total
- age   3:    2400552 bytes,    2900800 total
- age   4:     773552 bytes,    3674352 total
- age   5:     202552 bytes,    3876904 total
- age   6:     202976 bytes,    4079880 total
- age   7:    1256032 bytes,    5335912 total
- age   8:     202384 bytes,    5538296 total
: 92976K->5478K(109248K), 0.0045141 secs] 269069K->181992K(502464K), 0.0045816 secs] [Times: user=0.01 sys=0.00, real=0.01 secs] 
Heap after GC invocations=483 (full 1):
 par new generation   total 109248K, used 5478K [0x00000007a0000000, 0x00000007a8000000, 0x00000007a8000000)
  eden space 87424K,   0% used [0x00000007a0000000, 0x00000007a0000000, 0x00000007a5560000)
  from space 21824K,  25% used [0x00000007a6ab0000, 0x00000007a70098b0, 0x00000007a8000000)
  to   space 21824K,   0% used [0x00000007a5560000, 0x00000007a5560000, 0x00000007a6ab0000)
 concurrent mark-sweep generation total 393216K, used 176514K [0x00000007a8000000, 0x00000007c0000000, 0x00000007c0000000)
 Metaspace       used 37511K, capacity 38620K, committed 38884K, reserved 1083392K
  class space    used 4449K, capacity 4765K, committed 4836K, reserved 1048576K
}
2018-04-03T13:40:28.702+0700: 68.965: Total time for which application threads were stopped: 0.0047368 seconds, Stopping threads took: 0.0000168 seconds
{Heap before GC invocations=483 (full 1):
 par new generation   total 109248K, used 92902K [0x00000007a0000000, 0x00000007a8000000, 0x00000007a8000000)
  eden space 87424K, 100% used [0x00000007a0000000, 0x00000007a5560000, 0x00000007a5560000)
  from space 21824K,  25% used [0x00000007a6ab0000, 0x00000007a70098b0, 0x00000007a8000000)
  to   space 21824K,   0% used [0x00000007a5560000, 0x00000007a5560000, 0x00000007a6ab0000)
 concurrent mark-sweep generation total 393216K, used 176514K [0x00000007a8000000, 0x00000007c0000000, 0x00000007c0000000)
 Metaspace       used 37511K, capacity 38620K, committed 38884K, reserved 1083392K
  class space    used 4449K, capacity 4765K, committed 4836K, reserved 1048576K
2018-04-03T13:40:28.729+0700: 68.992: [GC (Allocation Failure) 2018-04-03T13:40:28.729+0700: 68.992: [ParNew
Desired survivor size 20112992 bytes, new threshold 8 (max 8)
- age   1:     313416 bytes,     313416 total
- age   2:     209840 bytes,     523256 total
- age   3:     202128 bytes,     725384 total
- age   4:    2235248 bytes,    2960632 total
- age   5:     773056 bytes,    3733688 total
- age   6:     202552 bytes,    3936240 total
- age   7:     202864 bytes,    4139104 total
- age   8:    1256032 bytes,    5395136 total
: 92902K->5286K(109248K), 0.0043223 secs] 269416K->181998K(502464K), 0.0043971 secs] [Times: user=0.01 sys=0.00, real=0.01 secs] 
Heap after GC invocations=484 (full 1):
 par new generation   total 109248K, used 5286K [0x00000007a0000000, 0x00000007a8000000, 0x00000007a8000000)
  eden space 87424K,   0% used [0x00000007a0000000, 0x00000007a0000000, 0x00000007a5560000)
  from space 21824K,  24% used [0x00000007a5560000, 0x00000007a5a89870, 0x00000007a6ab0000)
  to   space 21824K,   0% used [0x00000007a6ab0000, 0x00000007a6ab0000, 0x00000007a8000000)
 concurrent mark-sweep generation total 393216K, used 176712K [0x00000007a8000000, 0x00000007c0000000, 0x00000007c0000000)
 Metaspace       used 37511K, capacity 38620K, committed 38884K, reserved 1083392K
  class space    used 4449K, capacity 4765K, committed 4836K, reserved 1048576K
}
2018-04-03T13:40:28.733+0700: 68.996: Total time for which application threads were stopped: 0.0045534 seconds, Stopping threads took: 0.0000241 seconds
{Heap before GC invocations=484 (full 1):
 par new generation   total 109248K, used 92710K [0x00000007a0000000, 0x00000007a8000000, 0x00000007a8000000)
  eden space 87424K, 100% used [0x00000007a0000000, 0x00000007a5560000, 0x00000007a5560000)
  from space 21824K,  24% used [0x00000007a5560000, 0x00000007a5a89870, 0x00000007a6ab0000)
  to   space 21824K,   0% used [0x00000007a6ab0000, 0x00000007a6ab0000, 0x00000007a8000000)
 concurrent mark-sweep generation total 393216K, used 176712K [0x00000007a8000000, 0x00000007c0000000, 0x00000007c0000000)
 Metaspace       used 37511K, capacity 38620K, committed 38884K, reserved 1083392K
  class space    used 4449K, capacity 4765K, committed 4836K, reserved 1048576K
2018-04-03T13:40:28.759+0700: 69.023: [GC (Allocation Failure) 2018-04-03T13:40:28.759+0700: 69.023: [ParNew
Desired survivor size 20112992 bytes, new threshold 8 (max 8)
- age   1:    2553176 bytes,    2553176 total
- age   2:     202944 bytes,    2756120 total
- age   3:     209840 bytes,    2965960 total
- age   4:     202128 bytes,    3168088 total
- age   5:     235464 bytes,    3403552 total
- age   6:     773056 bytes,    4176608 total
- age   7:     202552 bytes,    4379160 total
- age   8:     202864 bytes,    4582024 total
: 92710K->4495K(109248K), 0.0050799 secs] 269422K->182433K(502464K), 0.0051397 secs] [Times: user=0.01 sys=0.00, real=0.01 secs] 
Heap after GC invocations=485 (full 1):
 par new generation   total 109248K, used 4495K [0x00000007a0000000, 0x00000007a8000000, 0x00000007a8000000)
  eden space 87424K,   0% used [0x00000007a0000000, 0x00000007a0000000, 0x00000007a5560000)
  from space 21824K,  20% used [0x00000007a6ab0000, 0x00000007a6f13c48, 0x00000007a8000000)
  to   space 21824K,   0% used [0x00000007a5560000, 0x00000007a5560000, 0x00000007a6ab0000)
 concurrent mark-sweep generation total 393216K, used 177938K [0x00000007a8000000, 0x00000007c0000000, 0x00000007c0000000)
 Metaspace       used 37511K, capacity 38620K, committed 38884K, reserved 1083392K
  class space    used 4449K, capacity 4765K, committed 4836K, reserved 1048576K
}
2018-04-03T13:40:28.765+0700: 69.028: Total time for which application threads were stopped: 0.0052849 seconds, Stopping threads took: 0.0000156 seconds
{Heap before GC invocations=485 (full 1):
 par new generation   total 109248K, used 91919K [0x00000007a0000000, 0x00000007a8000000, 0x00000007a8000000)
  eden space 87424K, 100% used [0x00000007a0000000, 0x00000007a5560000, 0x00000007a5560000)
  from space 21824K,  20% used [0x00000007a6ab0000, 0x00000007a6f13c48, 0x00000007a8000000)
  to   space 21824K,   0% used [0x00000007a5560000, 0x00000007a5560000, 0x00000007a6ab0000)
 concurrent mark-sweep generation total 393216K, used 177938K [0x00000007a8000000, 0x00000007c0000000, 0x00000007c0000000)
 Metaspace       used 37511K, capacity 38620K, committed 38884K, reserved 1083392K
  class space    used 4449K, capacity 4765K, committed 4836K, reserved 1048576K
2018-04-03T13:40:28.793+0700: 69.056: [GC (Allocation Failure) 2018-04-03T13:40:28.793+0700: 69.056: [ParNew
Desired survivor size 20112992 bytes, new threshold 8 (max 8)
- age   1:     313944 bytes,     313944 total
- age   2:    2452048 bytes,    2765992 total
- age   3:     202944 bytes,    2968936 total
- age   4:     209840 bytes,    3178776 total
- age   5:     202128 bytes,    3380904 total
- age   6:     235464 bytes,    3616368 total
- age   7:     773056 bytes,    4389424 total
- age   8:     202552 bytes,    4591976 total
: 91919K->4503K(109248K), 0.0045818 secs] 269857K->182640K(502464K), 0.0046582 secs] [Times: user=0.01 sys=0.00, real=0.00 secs] 
Heap after GC invocations=486 (full 1):
 par new generation   total 109248K, used 4503K [0x00000007a0000000, 0x00000007a8000000, 0x00000007a8000000)
  eden space 87424K,   0% used [0x00000007a0000000, 0x00000007a0000000, 0x00000007a5560000)
  from space 21824K,  20% used [0x00000007a5560000, 0x00000007a59c5e20, 0x00000007a6ab0000)
  to   space 21824K,   0% used [0x00000007a6ab0000, 0x00000007a6ab0000, 0x00000007a8000000)
 concurrent mark-sweep generation total 393216K, used 178136K [0x00000007a8000000, 0x00000007c0000000, 0x00000007c0000000)
 Metaspace       used 37511K, capacity 38620K, committed 38884K, reserved 1083392K
  class space    used 4449K, capacity 4765K, committed 4836K, reserved 1048576K
}
2018-04-03T13:40:28.798+0700: 69.061: Total time for which application threads were stopped: 0.0048231 seconds, Stopping threads took: 0.0000267 seconds
{Heap before GC invocations=486 (full 1):
 par new generation   total 109248K, used 91927K [0x00000007a0000000, 0x00000007a8000000, 0x00000007a8000000)
  eden space 87424K, 100% used [0x00000007a0000000, 0x00000007a5560000, 0x00000007a5560000)
  from space 21824K,  20% used [0x00000007a5560000, 0x00000007a59c5e20, 0x00000007a6ab0000)
  to   space 21824K,   0% used [0x00000007a6ab0000, 0x00000007a6ab0000, 0x00000007a8000000)
 concurrent mark-sweep generation total 393216K, used 178136K [0x00000007a8000000, 0x00000007c0000000, 0x00000007c0000000)
 Metaspace       used 37511K, capacity 38620K, committed 38884K, reserved 1083392K
  class space    used 4449K, capacity 4765K, committed 4836K, reserved 1048576K
2018-04-03T13:40:28.827+0700: 69.091: [GC (Allocation Failure) 2018-04-03T13:40:28.827+0700: 69.091: [ParNew
Desired survivor size 20112992 bytes, new threshold 8 (max 8)
- age   1:     959536 bytes,     959536 total
- age   2:     190504 bytes,    1150040 total
- age   3:    2452048 bytes,    3602088 total
- age   4:     202944 bytes,    3805032 total
- age   5:     207696 bytes,    4012728 total
- age   6:     202128 bytes,    4214856 total
- age   7:     235464 bytes,    4450320 total
- age   8:     202256 bytes,    4652576 total
: 91927K->4558K(109248K), 0.0040259 secs] 270064K->182893K(502464K), 0.0041021 secs] [Times: user=0.01 sys=0.00, real=0.01 secs] 
Heap after GC invocations=487 (full 1):
 par new generation   total 109248K, used 4558K [0x00000007a0000000, 0x00000007a8000000, 0x00000007a8000000)
  eden space 87424K,   0% used [0x00000007a0000000, 0x00000007a0000000, 0x00000007a5560000)
  from space 21824K,  20% used [0x00000007a6ab0000, 0x00000007a6f238d8, 0x00000007a8000000)
  to   space 21824K,   0% used [0x00000007a5560000, 0x00000007a5560000, 0x00000007a6ab0000)
 concurrent mark-sweep generation total 393216K, used 178334K [0x00000007a8000000, 0x00000007c0000000, 0x00000007c0000000)
 Metaspace       used 37511K, capacity 38620K, committed 38884K, reserved 1083392K
  class space    used 4449K, capacity 4765K, committed 4836K, reserved 1048576K
}
2018-04-03T13:40:28.832+0700: 69.095: Total time for which application threads were stopped: 0.0042685 seconds, Stopping threads took: 0.0000283 seconds
{Heap before GC invocations=487 (full 1):
 par new generation   total 109248K, used 91982K [0x00000007a0000000, 0x00000007a8000000, 0x00000007a8000000)
  eden space 87424K, 100% used [0x00000007a0000000, 0x00000007a5560000, 0x00000007a5560000)
  from space 21824K,  20% used [0x00000007a6ab0000, 0x00000007a6f238d8, 0x00000007a8000000)
  to   space 21824K,   0% used [0x00000007a5560000, 0x00000007a5560000, 0x00000007a6ab0000)
 concurrent mark-sweep generation total 393216K, used 178334K [0x00000007a8000000, 0x00000007c0000000, 0x00000007c0000000)
 Metaspace       used 37511K, capacity 38620K, committed 38884K, reserved 1083392K
  class space    used 4449K, capacity 4765K, committed 4836K, reserved 1048576K
2018-04-03T13:40:28.859+0700: 69.123: [GC (Allocation Failure) 2018-04-03T13:40:28.859+0700: 69.123: [ParNew
Desired survivor size 20112992 bytes, new threshold 8 (max 8)
- age   1:     388152 bytes,     388152 total
- age   2:     814216 bytes,    1202368 total
- age   3:     190504 bytes,    1392872 total
- age   4:    2452048 bytes,    3844920 total
- age   5:     202944 bytes,    4047864 total
- age   6:     207696 bytes,    4255560 total
- age   7:     202128 bytes,    4457688 total
- age   8:     235464 bytes,    4693152 total
: 91982K->4610K(109248K), 0.0041325 secs] 270317K->183142K(502464K), 0.0041985 secs] [Times: user=0.01 sys=0.01, real=0.01 secs] 
Heap after GC invocations=488 (full 1):
 par new generation   total 109248K, used 4610K [0x00000007a0000000, 0x00000007a8000000, 0x00000007a8000000)
  eden space 87424K,   0% used [0x00000007a0000000, 0x00000007a0000000, 0x00000007a5560000)
  from space 21824K,  21% used [0x00000007a5560000, 0x00000007a59e08d8, 0x00000007a6ab0000)
  to   space 21824K,   0% used [0x00000007a6ab0000, 0x00000007a6ab0000, 0x00000007a8000000)
 concurrent mark-sweep generation total 393216K, used 178532K [0x00000007a8000000, 0x00000007c0000000, 0x00000007c0000000)
 Metaspace       used 37511K, capacity 38620K, committed 38884K, reserved 1083392K
  class space    used 4449K, capacity 4765K, committed 4836K, reserved 1048576K
}
2018-04-03T13:40:28.864+0700: 69.127: Total time for which application threads were stopped: 0.0043634 seconds, Stopping threads took: 0.0000270 seconds
{Heap before GC invocations=488 (full 1):
 par new generation   total 109248K, used 92034K [0x00000007a0000000, 0x00000007a8000000, 0x00000007a8000000)
  eden space 87424K, 100% used [0x00000007a0000000, 0x00000007a5560000, 0x00000007a5560000)
  from space 21824K,  21% used [0x00000007a5560000, 0x00000007a59e08d8, 0x00000007a6ab0000)
  to   space 21824K,   0% used [0x00000007a6ab0000, 0x00000007a6ab0000, 0x00000007a8000000)
 concurrent mark-sweep generation total 393216K, used 178532K [0x00000007a8000000, 0x00000007c0000000, 0x00000007c0000000)
 Metaspace       used 37511K, capacity 38620K, committed 38884K, reserved 1083392K
  class space    used 4449K, capacity 4765K, committed 4836K, reserved 1048576K
2018-04-03T13:40:28.890+0700: 69.153: [GC (Allocation Failure) 2018-04-03T13:40:28.890+0700: 69.153: [ParNew
Desired survivor size 20112992 bytes, new threshold 8 (max 8)
- age   1:    2759320 bytes,    2759320 total
- age   2:     240152 bytes,    2999472 total
- age   3:     814216 bytes,    3813688 total
- age   4:     190504 bytes,    4004192 total
- age   5:     202768 bytes,    4206960 total
- age   6:     202256 bytes,    4409216 total
- age   7:     207696 bytes,    4616912 total
- age   8:     202128 bytes,    4819040 total
: 92034K->4720K(109248K), 0.0040682 secs] 270566K->183482K(502464K), 0.0041348 secs] [Times: user=0.01 sys=0.00, real=0.00 secs] 
Heap after GC invocations=489 (full 1):
 par new generation   total 109248K, used 4720K [0x00000007a0000000, 0x00000007a8000000, 0x00000007a8000000)
  eden space 87424K,   0% used [0x00000007a0000000, 0x00000007a0000000, 0x00000007a5560000)
  from space 21824K,  21% used [0x00000007a6ab0000, 0x00000007a6f4c0d0, 0x00000007a8000000)
  to   space 21824K,   0% used [0x00000007a5560000, 0x00000007a5560000, 0x00000007a6ab0000)
 concurrent mark-sweep generation total 393216K, used 178762K [0x00000007a8000000, 0x00000007c0000000, 0x00000007c0000000)
 Metaspace       used 37511K, capacity 38620K, committed 38884K, reserved 1083392K
  class space    used 4449K, capacity 4765K, committed 4836K, reserved 1048576K
}
2018-04-03T13:40:28.894+0700: 69.157: Total time for which application threads were stopped: 0.0042984 seconds, Stopping threads took: 0.0000261 seconds
{Heap before GC invocations=489 (full 1):
 par new generation   total 109248K, used 92144K [0x00000007a0000000, 0x00000007a8000000, 0x00000007a8000000)
  eden space 87424K, 100% used [0x00000007a0000000, 0x00000007a5560000, 0x00000007a5560000)
  from space 21824K,  21% used [0x00000007a6ab0000, 0x00000007a6f4c0d0, 0x00000007a8000000)
  to   space 21824K,   0% used [0x00000007a5560000, 0x00000007a5560000, 0x00000007a6ab0000)
 concurrent mark-sweep generation total 393216K, used 178762K [0x00000007a8000000, 0x00000007c0000000, 0x00000007c0000000)
 Metaspace       used 37511K, capacity 38620K, committed 38884K, reserved 1083392K
  class space    used 4449K, capacity 4765K, committed 4836K, reserved 1048576K
2018-04-03T13:40:28.921+0700: 69.185: [GC (Allocation Failure) 2018-04-03T13:40:28.921+0700: 69.185: [ParNew
Desired survivor size 20112992 bytes, new threshold 8 (max 8)
- age   1:     274200 bytes,     274200 total
- age   2:    2667800 bytes,    2942000 total
- age   3:     240152 bytes,    3182152 total
- age   4:     814216 bytes,    3996368 total
- age   5:     190504 bytes,    4186872 total
- age   6:     202296 bytes,    4389168 total
- age   7:     202256 bytes,    4591424 total
- age   8:     207344 bytes,    4798768 total
: 92144K->4707K(109248K), 0.0040386 secs] 270906K->183666K(502464K), 0.0041135 secs] [Times: user=0.02 sys=0.00, real=0.00 secs] 
Heap after GC invocations=490 (full 1):
 par new generation   total 109248K, used 4707K [0x00000007a0000000, 0x00000007a8000000, 0x00000007a8000000)
  eden space 87424K,   0% used [0x00000007a0000000, 0x00000007a0000000, 0x00000007a5560000)
  from space 21824K,  21% used [0x00000007a5560000, 0x00000007a59f8cc8, 0x00000007a6ab0000)
  to   space 21824K,   0% used [0x00000007a6ab0000, 0x00000007a6ab0000, 0x00000007a8000000)
 concurrent mark-sweep generation total 393216K, used 178959K [0x00000007a8000000, 0x00000007c0000000, 0x00000007c0000000)
 Metaspace       used 37511K, capacity 38620K, committed 38884K, reserved 1083392K
  class space    used 4449K, capacity 4765K, committed 4836K, reserved 1048576K
}
2018-04-03T13:40:28.925+0700: 69.189: Total time for which application threads were stopped: 0.0042895 seconds, Stopping threads took: 0.0000388 seconds
{Heap before GC invocations=490 (full 1):
 par new generation   total 109248K, used 92131K [0x00000007a0000000, 0x00000007a8000000, 0x00000007a8000000)
  eden space 87424K, 100% used [0x00000007a0000000, 0x00000007a5560000, 0x00000007a5560000)
  from space 21824K,  21% used [0x00000007a5560000, 0x00000007a59f8cc8, 0x00000007a6ab0000)
  to   space 21824K,   0% used [0x00000007a6ab0000, 0x00000007a6ab0000, 0x00000007a8000000)
 concurrent mark-sweep generation total 393216K, used 178959K [0x00000007a8000000, 0x00000007c0000000, 0x00000007c0000000)
 Metaspace       used 37511K, capacity 38620K, committed 38884K, reserved 1083392K
  class space    used 4449K, capacity 4765K, committed 4836K, reserved 1048576K
2018-04-03T13:40:28.952+0700: 69.216: [GC (Allocation Failure) 2018-04-03T13:40:28.952+0700: 69.216: [ParNew
Desired survivor size 20112992 bytes, new threshold 8 (max 8)
- age   1:     298784 bytes,     298784 total
- age   2:     203760 bytes,     502544 total
- age   3:    2667800 bytes,    3170344 total
- age   4:     240152 bytes,    3410496 total
- age   5:     814216 bytes,    4224712 total
- age   6:     190504 bytes,    4415216 total
- age   7:     202296 bytes,    4617512 total
- age   8:     202256 bytes,    4819768 total
: 92131K->4717K(109248K), 0.0042480 secs] 271090K->183879K(502464K), 0.0043230 secs] [Times: user=0.01 sys=0.00, real=0.00 secs] 
Heap after GC invocations=491 (full 1):
 par new generation   total 109248K, used 4717K [0x00000007a0000000, 0x00000007a8000000, 0x00000007a8000000)
  eden space 87424K,   0% used [0x00000007a0000000, 0x00000007a0000000, 0x00000007a5560000)
  from space 21824K,  21% used [0x00000007a6ab0000, 0x00000007a6f4b420, 0x00000007a8000000)
  to   space 21824K,   0% used [0x00000007a5560000, 0x00000007a5560000, 0x00000007a6ab0000)
 concurrent mark-sweep generation total 393216K, used 179162K [0x00000007a8000000, 0x00000007c0000000, 0x00000007c0000000)
 Metaspace       used 37511K, capacity 38620K, committed 38884K, reserved 1083392K
  class space    used 4449K, capacity 4765K, committed 4836K, reserved 1048576K
}
2018-04-03T13:40:28.957+0700: 69.220: Total time for which application threads were stopped: 0.0044794 seconds, Stopping threads took: 0.0000245 seconds
{Heap before GC invocations=491 (full 1):
 par new generation   total 109248K, used 92141K [0x00000007a0000000, 0x00000007a8000000, 0x00000007a8000000)
  eden space 87424K, 100% used [0x00000007a0000000, 0x00000007a5560000, 0x00000007a5560000)
  from space 21824K,  21% used [0x00000007a6ab0000, 0x00000007a6f4b420, 0x00000007a8000000)
  to   space 21824K,   0% used [0x00000007a5560000, 0x00000007a5560000, 0x00000007a6ab0000)
 concurrent mark-sweep generation total 393216K, used 179162K [0x00000007a8000000, 0x00000007c0000000, 0x00000007c0000000)
 Metaspace       used 37511K, capacity 38620K, committed 38884K, reserved 1083392K
  class space    used 4449K, capacity 4765K, committed 4836K, reserved 1048576K
2018-04-03T13:40:28.984+0700: 69.247: [GC (Allocation Failure) 2018-04-03T13:40:28.984+0700: 69.247: [ParNew
Desired survivor size 20112992 bytes, new threshold 8 (max 8)
- age   1:     320136 bytes,     320136 total
- age   2:     169640 bytes,     489776 total
- age   3:     203760 bytes,     693536 total
- age   4:    2667800 bytes,    3361336 total
- age   5:     240152 bytes,    3601488 total
- age   6:     811784 bytes,    4413272 total
- age   7:     190504 bytes,    4603776 total
- age   8:     202296 bytes,    4806072 total
: 92141K->4730K(109248K), 0.0040275 secs] 271303K->184089K(502464K), 0.0040917 secs] [Times: user=0.01 sys=0.00, real=0.00 secs] 
Heap after GC invocations=492 (full 1):
 par new generation   total 109248K, used 4730K [0x00000007a0000000, 0x00000007a8000000, 0x00000007a8000000)
  eden space 87424K,   0% used [0x00000007a0000000, 0x00000007a0000000, 0x00000007a5560000)
  from space 21824K,  21% used [0x00000007a5560000, 0x00000007a59fe8c8, 0x00000007a6ab0000)
  to   space 21824K,   0% used [0x00000007a6ab0000, 0x00000007a6ab0000, 0x00000007a8000000)
 concurrent mark-sweep generation total 393216K, used 179359K [0x00000007a8000000, 0x00000007c0000000, 0x00000007c0000000)
 Metaspace       used 37511K, capacity 38620K, committed 38884K, reserved 1083392K
  class space    used 4449K, capacity 4765K, committed 4836K, reserved 1048576K
}
2018-04-03T13:40:28.988+0700: 69.251: Total time for which application threads were stopped: 0.0042475 seconds, Stopping threads took: 0.0000165 seconds
{Heap before GC invocations=492 (full 1):
 par new generation   total 109248K, used 92154K [0x00000007a0000000, 0x00000007a8000000, 0x00000007a8000000)
  eden space 87424K, 100% used [0x00000007a0000000, 0x00000007a5560000, 0x00000007a5560000)
  from space 21824K,  21% used [0x00000007a5560000, 0x00000007a59fe8c8, 0x00000007a6ab0000)
  to   space 21824K,   0% used [0x00000007a6ab0000, 0x00000007a6ab0000, 0x00000007a8000000)
 concurrent mark-sweep generation total 393216K, used 179359K [0x00000007a8000000, 0x00000007c0000000, 0x00000007c0000000)
 Metaspace       used 37511K, capacity 38620K, committed 38884K, reserved 1083392K
  class space    used 4449K, capacity 4765K, committed 4836K, reserved 1048576K
2018-04-03T13:40:29.014+0700: 69.277: [GC (Allocation Failure) 2018-04-03T13:40:29.014+0700: 69.277: [ParNew
Desired survivor size 20112992 bytes, new threshold 8 (max 8)
- age   1:     360056 bytes,     360056 total
- age   2:     205080 bytes,     565136 total
- age   3:     169640 bytes,     734776 total
- age   4:     203760 bytes,     938536 total
- age   5:    2667800 bytes,    3606336 total
- age   6:     240152 bytes,    3846488 total
- age   7:     811784 bytes,    4658272 total
- age   8:     190504 bytes,    4848776 total
: 92154K->4759K(109248K), 0.0041637 secs] 271513K->184316K(502464K), 0.0042377 secs] [Times: user=0.01 sys=0.00, real=0.00 secs] 
Heap after GC invocations=493 (full 1):
 par new generation   total 109248K, used 4759K [0x00000007a0000000, 0x00000007a8000000, 0x00000007a8000000)
  eden space 87424K,   0% used [0x00000007a0000000, 0x00000007a0000000, 0x00000007a5560000)
  from space 21824K,  21% used [0x00000007a6ab0000, 0x00000007a6f55e50, 0x00000007a8000000)
  to   space 21824K,   0% used [0x00000007a5560000, 0x00000007a5560000, 0x00000007a6ab0000)
 concurrent mark-sweep generation total 393216K, used 179557K [0x00000007a8000000, 0x00000007c0000000, 0x00000007c0000000)
 Metaspace       used 37511K, capacity 38620K, committed 38884K, reserved 1083392K
  class space    used 4449K, capacity 4765K, committed 4836K, reserved 1048576K
}
2018-04-03T13:40:29.018+0700: 69.281: Total time for which application threads were stopped: 0.0043920 seconds, Stopping threads took: 0.0000249 seconds
{Heap before GC invocations=493 (full 1):
 par new generation   total 109248K, used 92183K [0x00000007a0000000, 0x00000007a8000000, 0x00000007a8000000)
  eden space 87424K, 100% used [0x00000007a0000000, 0x00000007a5560000, 0x00000007a5560000)
  from space 21824K,  21% used [0x00000007a6ab0000, 0x00000007a6f55e50, 0x00000007a8000000)
  to   space 21824K,   0% used [0x00000007a5560000, 0x00000007a5560000, 0x00000007a6ab0000)
 concurrent mark-sweep generation total 393216K, used 179557K [0x00000007a8000000, 0x00000007c0000000, 0x00000007c0000000)
 Metaspace       used 37511K, capacity 38620K, committed 38884K, reserved 1083392K
  class space    used 4449K, capacity 4765K, committed 4836K, reserved 1048576K
2018-04-03T13:40:29.044+0700: 69.308: [GC (Allocation Failure) 2018-04-03T13:40:29.044+0700: 69.308: [ParNew
Desired survivor size 20112992 bytes, new threshold 8 (max 8)
- age   1:    3165056 bytes,    3165056 total
- age   2:     255920 bytes,    3420976 total
- age   3:     205080 bytes,    3626056 total
- age   4:     169640 bytes,    3795696 total
- age   5:     203760 bytes,    3999456 total
- age   6:     136560 bytes,    4136016 total
- age   7:     240152 bytes,    4376168 total
- age   8:     811784 bytes,    5187952 total
: 92183K->5091K(109248K), 0.0048126 secs] 271740K->184834K(502464K), 0.0048821 secs] [Times: user=0.02 sys=0.00, real=0.00 secs] 
Heap after GC invocations=494 (full 1):
 par new generation   total 109248K, used 5091K [0x00000007a0000000, 0x00000007a8000000, 0x00000007a8000000)
  eden space 87424K,   0% used [0x00000007a0000000, 0x00000007a0000000, 0x00000007a5560000)
  from space 21824K,  23% used [0x00000007a5560000, 0x00000007a5a58c78, 0x00000007a6ab0000)
  to   space 21824K,   0% used [0x00000007a6ab0000, 0x00000007a6ab0000, 0x00000007a8000000)
 concurrent mark-sweep generation total 393216K, used 179743K [0x00000007a8000000, 0x00000007c0000000, 0x00000007c0000000)
 Metaspace       used 37511K, capacity 38620K, committed 38884K, reserved 1083392K
  class space    used 4449K, capacity 4765K, committed 4836K, reserved 1048576K
}
2018-04-03T13:40:29.049+0700: 69.312: Total time for which application threads were stopped: 0.0050445 seconds, Stopping threads took: 0.0000172 seconds
{Heap before GC invocations=494 (full 1):
 par new generation   total 109248K, used 92515K [0x00000007a0000000, 0x00000007a8000000, 0x00000007a8000000)
  eden space 87424K, 100% used [0x00000007a0000000, 0x00000007a5560000, 0x00000007a5560000)
  from space 21824K,  23% used [0x00000007a5560000, 0x00000007a5a58c78, 0x00000007a6ab0000)
  to   space 21824K,   0% used [0x00000007a6ab0000, 0x00000007a6ab0000, 0x00000007a8000000)
 concurrent mark-sweep generation total 393216K, used 179743K [0x00000007a8000000, 0x00000007c0000000, 0x00000007c0000000)
 Metaspace       used 37511K, capacity 38620K, committed 38884K, reserved 1083392K
  class space    used 4449K, capacity 4765K, committed 4836K, reserved 1048576K
2018-04-03T13:40:29.075+0700: 69.338: [GC (Allocation Failure) 2018-04-03T13:40:29.075+0700: 69.338: [ParNew
Desired survivor size 20112992 bytes, new threshold 8 (max 8)
- age   1:     283240 bytes,     283240 total
- age   2:    3054720 bytes,    3337960 total
- age   3:     255920 bytes,    3593880 total
- age   4:     205080 bytes,    3798960 total
- age   5:     169640 bytes,    3968600 total
- age   6:     203368 bytes,    4171968 total
- age   7:     136560 bytes,    4308528 total
- age   8:     240152 bytes,    4548680 total
: 92515K->4473K(109248K), 0.0042160 secs] 272258K->185009K(502464K), 0.0042945 secs] [Times: user=0.02 sys=0.00, real=0.00 secs] 
Heap after GC invocations=495 (full 1):
 par new generation   total 109248K, used 4473K [0x00000007a0000000, 0x00000007a8000000, 0x00000007a8000000)
  eden space 87424K,   0% used [0x00000007a0000000, 0x00000007a0000000, 0x00000007a5560000)
  from space 21824K,  20% used [0x00000007a6ab0000, 0x00000007a6f0e6a0, 0x00000007a8000000)
  to   space 21824K,   0% used [0x00000007a5560000, 0x00000007a5560000, 0x00000007a6ab0000)
 concurrent mark-sweep generation total 393216K, used 180536K [0x00000007a8000000, 0x00000007c0000000, 0x00000007c0000000)
 Metaspace       used 37511K, capacity 38620K, committed 38884K, reserved 1083392K
  class space    used 4449K, capacity 4765K, committed 4836K, reserved 1048576K
}
2018-04-03T13:40:29.079+0700: 69.343: Total time for which application threads were stopped: 0.0044499 seconds, Stopping threads took: 0.0000242 seconds
{Heap before GC invocations=495 (full 1):
 par new generation   total 109248K, used 91897K [0x00000007a0000000, 0x00000007a8000000, 0x00000007a8000000)
  eden space 87424K, 100% used [0x00000007a0000000, 0x00000007a5560000, 0x00000007a5560000)
  from space 21824K,  20% used [0x00000007a6ab0000, 0x00000007a6f0e6a0, 0x00000007a8000000)
  to   space 21824K,   0% used [0x00000007a5560000, 0x00000007a5560000, 0x00000007a6ab0000)
 concurrent mark-sweep generation total 393216K, used 180536K [0x00000007a8000000, 0x00000007c0000000, 0x00000007c0000000)
 Metaspace       used 37511K, capacity 38620K, committed 38884K, reserved 1083392K
  class space    used 4449K, capacity 4765K, committed 4836K, reserved 1048576K
2018-04-03T13:40:29.108+0700: 69.371: [GC (Allocation Failure) 2018-04-03T13:40:29.108+0700: 69.371: [ParNew
Desired survivor size 20112992 bytes, new threshold 8 (max 8)
- age   1:     266800 bytes,     266800 total
- age   2:     202568 bytes,     469368 total
- age   3:    3054720 bytes,    3524088 total
- age   4:     255920 bytes,    3780008 total
- age   5:     205080 bytes,    3985088 total
- age   6:     169640 bytes,    4154728 total
- age   7:     202832 bytes,    4357560 total
- age   8:     136560 bytes,    4494120 total
: 91897K->4436K(109248K), 0.0040249 secs] 272433K->185206K(502464K), 0.0041013 secs] [Times: user=0.01 sys=0.00, real=0.01 secs] 
Heap after GC invocations=496 (full 1):
 par new generation   total 109248K, used 4436K [0x00000007a0000000, 0x00000007a8000000, 0x00000007a8000000)
  eden space 87424K,   0% used [0x00000007a0000000, 0x00000007a0000000, 0x00000007a5560000)
  from space 21824K,  20% used [0x00000007a5560000, 0x00000007a59b5070, 0x00000007a6ab0000)
  to   space 21824K,   0% used [0x00000007a6ab0000, 0x00000007a6ab0000, 0x00000007a8000000)
 concurrent mark-sweep generation total 393216K, used 180770K [0x00000007a8000000, 0x00000007c0000000, 0x00000007c0000000)
 Metaspace       used 37511K, capacity 38620K, committed 38884K, reserved 1083392K
  class space    used 4449K, capacity 4765K, committed 4836K, reserved 1048576K
}
2018-04-03T13:40:29.112+0700: 69.375: Total time for which application threads were stopped: 0.0042650 seconds, Stopping threads took: 0.0000272 seconds
{Heap before GC invocations=496 (full 1):
 par new generation   total 109248K, used 91860K [0x00000007a0000000, 0x00000007a8000000, 0x00000007a8000000)
  eden space 87424K, 100% used [0x00000007a0000000, 0x00000007a5560000, 0x00000007a5560000)
  from space 21824K,  20% used [0x00000007a5560000, 0x00000007a59b5070, 0x00000007a6ab0000)
  to   space 21824K,   0% used [0x00000007a6ab0000, 0x00000007a6ab0000, 0x00000007a8000000)
 concurrent mark-sweep generation total 393216K, used 180770K [0x00000007a8000000, 0x00000007c0000000, 0x00000007c0000000)
 Metaspace       used 37511K, capacity 38620K, committed 38884K, reserved 1083392K
  class space    used 4449K, capacity 4765K, committed 4836K, reserved 1048576K
2018-04-03T13:40:29.140+0700: 69.404: [GC (Allocation Failure) 2018-04-03T13:40:29.140+0700: 69.404: [ParNew
Desired survivor size 20112992 bytes, new threshold 8 (max 8)
- age   1:     376224 bytes,     376224 total
- age   2:     158888 bytes,     535112 total
- age   3:     202568 bytes,     737680 total
- age   4:    3054720 bytes,    3792400 total
- age   5:     255920 bytes,    4048320 total
- age   6:     205080 bytes,    4253400 total
- age   7:     169640 bytes,    4423040 total
- age   8:     202832 bytes,    4625872 total
: 91860K->4531K(109248K), 0.0050921 secs] 272630K->185435K(502464K), 0.0051569 secs] [Times: user=0.02 sys=0.00, real=0.00 secs] 
Heap after GC invocations=497 (full 1):
 par new generation   total 109248K, used 4531K [0x00000007a0000000, 0x00000007a8000000, 0x00000007a8000000)
  eden space 87424K,   0% used [0x00000007a0000000, 0x00000007a0000000, 0x00000007a5560000)
  from space 21824K,  20% used [0x00000007a6ab0000, 0x00000007a6f1ccf8, 0x00000007a8000000)
  to   space 21824K,   0% used [0x00000007a5560000, 0x00000007a5560000, 0x00000007a6ab0000)
 concurrent mark-sweep generation total 393216K, used 180903K [0x00000007a8000000, 0x00000007c0000000, 0x00000007c0000000)
 Metaspace       used 37511K, capacity 38620K, committed 38884K, reserved 1083392K
  class space    used 4449K, capacity 4765K, committed 4836K, reserved 1048576K
}
2018-04-03T13:40:29.146+0700: 69.409: Total time for which application threads were stopped: 0.0053126 seconds, Stopping threads took: 0.0000178 seconds
{Heap before GC invocations=497 (full 1):
 par new generation   total 109248K, used 91955K [0x00000007a0000000, 0x00000007a8000000, 0x00000007a8000000)
  eden space 87424K, 100% used [0x00000007a0000000, 0x00000007a5560000, 0x00000007a5560000)
  from space 21824K,  20% used [0x00000007a6ab0000, 0x00000007a6f1ccf8, 0x00000007a8000000)
  to   space 21824K,   0% used [0x00000007a5560000, 0x00000007a5560000, 0x00000007a6ab0000)
 concurrent mark-sweep generation total 393216K, used 180903K [0x00000007a8000000, 0x00000007c0000000, 0x00000007c0000000)
 Metaspace       used 37511K, capacity 38620K, committed 38884K, reserved 1083392K
  class space    used 4449K, capacity 4765K, committed 4836K, reserved 1048576K
2018-04-03T13:40:29.173+0700: 69.436: [GC (Allocation Failure) 2018-04-03T13:40:29.173+0700: 69.436: [ParNew
Desired survivor size 20112992 bytes, new threshold 8 (max 8)
- age   1:     294792 bytes,     294792 total
- age   2:     265696 bytes,     560488 total
- age   3:     158888 bytes,     719376 total
- age   4:     202568 bytes,     921944 total
- age   5:    3054720 bytes,    3976664 total
- age   6:     255920 bytes,    4232584 total
- age   7:     202296 bytes,    4434880 total
- age   8:     169640 bytes,    4604520 total
: 91955K->4526K(109248K), 0.0039992 secs] 272859K->185628K(502464K), 0.0040640 secs] [Times: user=0.02 sys=0.00, real=0.00 secs] 
Heap after GC invocations=498 (full 1):
 par new generation   total 109248K, used 4526K [0x00000007a0000000, 0x00000007a8000000, 0x00000007a8000000)
  eden space 87424K,   0% used [0x00000007a0000000, 0x00000007a0000000, 0x00000007a5560000)
  from space 21824K,  20% used [0x00000007a5560000, 0x00000007a59cb800, 0x00000007a6ab0000)
  to   space 21824K,   0% used [0x00000007a6ab0000, 0x00000007a6ab0000, 0x00000007a8000000)
 concurrent mark-sweep generation total 393216K, used 181102K [0x00000007a8000000, 0x00000007c0000000, 0x00000007c0000000)
 Metaspace       used 37511K, capacity 38620K, committed 38884K, reserved 1083392K
  class space    used 4449K, capacity 4765K, committed 4836K, reserved 1048576K
}
2018-04-03T13:40:29.177+0700: 69.440: Total time for which application threads were stopped: 0.0042235 seconds, Stopping threads took: 0.0000250 seconds
{Heap before GC invocations=498 (full 1):
 par new generation   total 109248K, used 91950K [0x00000007a0000000, 0x00000007a8000000, 0x00000007a8000000)
  eden space 87424K, 100% used [0x00000007a0000000, 0x00000007a5560000, 0x00000007a5560000)
  from space 21824K,  20% used [0x00000007a5560000, 0x00000007a59cb800, 0x00000007a6ab0000)
  to   space 21824K,   0% used [0x00000007a6ab0000, 0x00000007a6ab0000, 0x00000007a8000000)
 concurrent mark-sweep generation total 393216K, used 181102K [0x00000007a8000000, 0x00000007c0000000, 0x00000007c0000000)
 Metaspace       used 37511K, capacity 38620K, committed 38884K, reserved 1083392K
  class space    used 4449K, capacity 4765K, committed 4836K, reserved 1048576K
2018-04-03T13:40:29.203+0700: 69.466: [GC (Allocation Failure) 2018-04-03T13:40:29.203+0700: 69.466: [ParNew
Desired survivor size 20112992 bytes, new threshold 8 (max 8)
- age   1:    3466616 bytes,    3466616 total
- age   2:     193936 bytes,    3660552 total
- age   3:     265696 bytes,    3926248 total
- age   4:     158888 bytes,    4085136 total
- age   5:     202568 bytes,    4287704 total
- age   6:     207960 bytes,    4495664 total
- age   7:     255920 bytes,    4751584 total
- age   8:     202296 bytes,    4953880 total
: 91950K->4857K(109248K), 0.0047805 secs] 273052K->186125K(502464K), 0.0048587 secs] [Times: user=0.01 sys=0.00, real=0.00 secs] 
Heap after GC invocations=499 (full 1):
 par new generation   total 109248K, used 4857K [0x00000007a0000000, 0x00000007a8000000, 0x00000007a8000000)
  eden space 87424K,   0% used [0x00000007a0000000, 0x00000007a0000000, 0x00000007a5560000)
  from space 21824K,  22% used [0x00000007a6ab0000, 0x00000007a6f6e6b8, 0x00000007a8000000)
  to   space 21824K,   0% used [0x00000007a5560000, 0x00000007a5560000, 0x00000007a6ab0000)
 concurrent mark-sweep generation total 393216K, used 181267K [0x00000007a8000000, 0x00000007c0000000, 0x00000007c0000000)
 Metaspace       used 37511K, capacity 38620K, committed 38884K, reserved 1083392K
  class space    used 4449K, capacity 4765K, committed 4836K, reserved 1048576K
}
2018-04-03T13:40:29.207+0700: 69.471: Total time for which application threads were stopped: 0.0050109 seconds, Stopping threads took: 0.0000172 seconds
{Heap before GC invocations=499 (full 1):
 par new generation   total 109248K, used 92281K [0x00000007a0000000, 0x00000007a8000000, 0x00000007a8000000)
  eden space 87424K, 100% used [0x00000007a0000000, 0x00000007a5560000, 0x00000007a5560000)
  from space 21824K,  22% used [0x00000007a6ab0000, 0x00000007a6f6e6b8, 0x00000007a8000000)
  to   space 21824K,   0% used [0x00000007a5560000, 0x00000007a5560000, 0x00000007a6ab0000)
 concurrent mark-sweep generation total 393216K, used 181267K [0x00000007a8000000, 0x00000007c0000000, 0x00000007c0000000)
 Metaspace       used 37511K, capacity 38620K, committed 38884K, reserved 1083392K
  class space    used 4449K, capacity 4765K, committed 4836K, reserved 1048576K
2018-04-03T13:40:29.233+0700: 69.497: [GC (Allocation Failure) 2018-04-03T13:40:29.233+0700: 69.497: [ParNew
Desired survivor size 20112992 bytes, new threshold 8 (max 8)
- age   1:     253224 bytes,     253224 total
- age   2:    3327224 bytes,    3580448 total
- age   3:     193936 bytes,    3774384 total
- age   4:     265696 bytes,    4040080 total
- age   5:     158888 bytes,    4198968 total
- age   6:     202568 bytes,    4401536 total
- age   7:     207088 bytes,    4608624 total
- age   8:     255920 bytes,    4864544 total
: 92281K->4772K(109248K), 0.0047987 secs] 273549K->186238K(502464K), 0.0048723 secs] [Times: user=0.01 sys=0.00, real=0.00 secs] 
Heap after GC invocations=500 (full 1):
 par new generation   total 109248K, used 4772K [0x00000007a0000000, 0x00000007a8000000, 0x00000007a8000000)
  eden space 87424K,   0% used [0x00000007a0000000, 0x00000007a0000000, 0x00000007a5560000)
  from space 21824K,  21% used [0x00000007a5560000, 0x00000007a5a09318, 0x00000007a6ab0000)
  to   space 21824K,   0% used [0x00000007a6ab0000, 0x00000007a6ab0000, 0x00000007a8000000)
 concurrent mark-sweep generation total 393216K, used 181465K [0x00000007a8000000, 0x00000007c0000000, 0x00000007c0000000)
 Metaspace       used 37511K, capacity 38620K, committed 38884K, reserved 1083392K
  class space    used 4449K, capacity 4765K, committed 4836K, reserved 1048576K
}
2018-04-03T13:40:29.238+0700: 69.501: Total time for which application threads were stopped: 0.0050241 seconds, Stopping threads took: 0.0000237 seconds
{Heap before GC invocations=500 (full 1):
 par new generation   total 109248K, used 92196K [0x00000007a0000000, 0x00000007a8000000, 0x00000007a8000000)
  eden space 87424K, 100% used [0x00000007a0000000, 0x00000007a5560000, 0x00000007a5560000)
  from space 21824K,  21% used [0x00000007a5560000, 0x00000007a5a09318, 0x00000007a6ab0000)
  to   space 21824K,   0% used [0x00000007a6ab0000, 0x00000007a6ab0000, 0x00000007a8000000)
 concurrent mark-sweep generation total 393216K, used 181465K [0x00000007a8000000, 0x00000007c0000000, 0x00000007c0000000)
 Metaspace       used 37511K, capacity 38620K, committed 38884K, reserved 1083392K
  class space    used 4449K, capacity 4765K, committed 4836K, reserved 1048576K
2018-04-03T13:40:29.265+0700: 69.529: [GC (Allocation Failure) 2018-04-03T13:40:29.266+0700: 69.529: [ParNew
Desired survivor size 20112992 bytes, new threshold 8 (max 8)
- age   1:     324688 bytes,     324688 total
- age   2:     175152 bytes,     499840 total
- age   3:    3327224 bytes,    3827064 total
- age   4:     193936 bytes,    4021000 total
- age   5:     265696 bytes,    4286696 total
- age   6:     158888 bytes,    4445584 total
- age   7:     202568 bytes,    4648152 total
- age   8:     207088 bytes,    4855240 total
: 92196K->4762K(109248K), 0.0054136 secs] 273662K->186477K(502464K), 0.0054889 secs] [Times: user=0.02 sys=0.00, real=0.01 secs] 
Heap after GC invocations=501 (full 1):
 par new generation   total 109248K, used 4762K [0x00000007a0000000, 0x00000007a8000000, 0x00000007a8000000)
  eden space 87424K,   0% used [0x00000007a0000000, 0x00000007a0000000, 0x00000007a5560000)
  from space 21824K,  21% used [0x00000007a6ab0000, 0x00000007a6f56a60, 0x00000007a8000000)
  to   space 21824K,   0% used [0x00000007a5560000, 0x00000007a5560000, 0x00000007a6ab0000)
 concurrent mark-sweep generation total 393216K, used 181715K [0x00000007a8000000, 0x00000007c0000000, 0x00000007c0000000)
 Metaspace       used 37511K, capacity 38620K, committed 38884K, reserved 1083392K
  class space    used 4449K, capacity 4765K, committed 4836K, reserved 1048576K
}
2018-04-03T13:40:29.271+0700: 69.534: Total time for which application threads were stopped: 0.0056502 seconds, Stopping threads took: 0.0000180 seconds
{Heap before GC invocations=501 (full 1):
 par new generation   total 109248K, used 92186K [0x00000007a0000000, 0x00000007a8000000, 0x00000007a8000000)
  eden space 87424K, 100% used [0x00000007a0000000, 0x00000007a5560000, 0x00000007a5560000)
  from space 21824K,  21% used [0x00000007a6ab0000, 0x00000007a6f56a60, 0x00000007a8000000)
  to   space 21824K,   0% used [0x00000007a5560000, 0x00000007a5560000, 0x00000007a6ab0000)
 concurrent mark-sweep generation total 393216K, used 181715K [0x00000007a8000000, 0x00000007c0000000, 0x00000007c0000000)
 Metaspace       used 37511K, capacity 38620K, committed 38884K, reserved 1083392K
  class space    used 4449K, capacity 4765K, committed 4836K, reserved 1048576K
2018-04-03T13:40:29.304+0700: 69.567: [GC (Allocation Failure) 2018-04-03T13:40:29.304+0700: 69.567: [ParNew
Desired survivor size 20112992 bytes, new threshold 8 (max 8)
- age   1:     981912 bytes,     981912 total
- age   2:     190464 bytes,    1172376 total
- age   3:     175152 bytes,    1347528 total
- age   4:    3327224 bytes,    4674752 total
- age   5:     193936 bytes,    4868688 total
- age   6:     265696 bytes,    5134384 total
- age   7:     158280 bytes,    5292664 total
- age   8:     202568 bytes,    5495232 total
: 92186K->5386K(109248K), 0.0051220 secs] 273901K->187303K(502464K), 0.0052019 secs] [Times: user=0.01 sys=0.00, real=0.00 secs] 
Heap after GC invocations=502 (full 1):
 par new generation   total 109248K, used 5386K [0x00000007a0000000, 0x00000007a8000000, 0x00000007a8000000)
  eden space 87424K,   0% used [0x00000007a0000000, 0x00000007a0000000, 0x00000007a5560000)
  from space 21824K,  24% used [0x00000007a5560000, 0x00000007a5aa2830, 0x00000007a6ab0000)
  to   space 21824K,   0% used [0x00000007a6ab0000, 0x00000007a6ab0000, 0x00000007a8000000)
 concurrent mark-sweep generation total 393216K, used 181917K [0x00000007a8000000, 0x00000007c0000000, 0x00000007c0000000)
 Metaspace       used 37511K, capacity 38620K, committed 38884K, reserved 1083392K
  class space    used 4449K, capacity 4765K, committed 4836K, reserved 1048576K
}
2018-04-03T13:40:29.309+0700: 69.572: Total time for which application threads were stopped: 0.0053644 seconds, Stopping threads took: 0.0000196 seconds
{Heap before GC invocations=502 (full 1):
 par new generation   total 109248K, used 92810K [0x00000007a0000000, 0x00000007a8000000, 0x00000007a8000000)
  eden space 87424K, 100% used [0x00000007a0000000, 0x00000007a5560000, 0x00000007a5560000)
  from space 21824K,  24% used [0x00000007a5560000, 0x00000007a5aa2830, 0x00000007a6ab0000)
  to   space 21824K,   0% used [0x00000007a6ab0000, 0x00000007a6ab0000, 0x00000007a8000000)
 concurrent mark-sweep generation total 393216K, used 181917K [0x00000007a8000000, 0x00000007c0000000, 0x00000007c0000000)
 Metaspace       used 37511K, capacity 38620K, committed 38884K, reserved 1083392K
  class space    used 4449K, capacity 4765K, committed 4836K, reserved 1048576K
2018-04-03T13:40:29.341+0700: 69.604: [GC (Allocation Failure) 2018-04-03T13:40:29.341+0700: 69.604: [ParNew
Desired survivor size 20112992 bytes, new threshold 8 (max 8)
- age   1:     346160 bytes,     346160 total
- age   2:     913632 bytes,    1259792 total
- age   3:     190464 bytes,    1450256 total
- age   4:     175152 bytes,    1625408 total
- age   5:    3327224 bytes,    4952632 total
- age   6:     193936 bytes,    5146568 total
- age   7:     265696 bytes,    5412264 total
- age   8:     158280 bytes,    5570544 total
: 92810K->5445K(109248K), 0.0048577 secs] 274727K->187561K(502464K), 0.0049528 secs] [Times: user=0.02 sys=0.00, real=0.00 secs] 
Heap after GC invocations=503 (full 1):
 par new generation   total 109248K, used 5445K [0x00000007a0000000, 0x00000007a8000000, 0x00000007a8000000)
  eden space 87424K,   0% used [0x00000007a0000000, 0x00000007a0000000, 0x00000007a5560000)
  from space 21824K,  24% used [0x00000007a6ab0000, 0x00000007a70017c8, 0x00000007a8000000)
  to   space 21824K,   0% used [0x00000007a5560000, 0x00000007a5560000, 0x00000007a6ab0000)
 concurrent mark-sweep generation total 393216K, used 182115K [0x00000007a8000000, 0x00000007c0000000, 0x00000007c0000000)
 Metaspace       used 37511K, capacity 38620K, committed 38884K, reserved 1083392K
  class space    used 4449K, capacity 4765K, committed 4836K, reserved 1048576K
}
2018-04-03T13:40:29.346+0700: 69.609: Total time for which application threads were stopped: 0.0051475 seconds, Stopping threads took: 0.0000180 seconds
{Heap before GC invocations=503 (full 1):
 par new generation   total 109248K, used 92869K [0x00000007a0000000, 0x00000007a8000000, 0x00000007a8000000)
  eden space 87424K, 100% used [0x00000007a0000000, 0x00000007a5560000, 0x00000007a5560000)
  from space 21824K,  24% used [0x00000007a6ab0000, 0x00000007a70017c8, 0x00000007a8000000)
  to   space 21824K,   0% used [0x00000007a5560000, 0x00000007a5560000, 0x00000007a6ab0000)
 concurrent mark-sweep generation total 393216K, used 182115K [0x00000007a8000000, 0x00000007c0000000, 0x00000007c0000000)
 Metaspace       used 37511K, capacity 38620K, committed 38884K, reserved 1083392K
  class space    used 4449K, capacity 4765K, committed 4836K, reserved 1048576K
2018-04-03T13:40:29.661+0700: 69.924: [GC (Allocation Failure) 2018-04-03T13:40:29.661+0700: 69.924: [ParNew
Desired survivor size 20112992 bytes, new threshold 8 (max 8)
- age   1:     843448 bytes,     843448 total
- age   2:     222488 bytes,    1065936 total
- age   3:     913632 bytes,    1979568 total
- age   4:     190464 bytes,    2170032 total
- age   5:     174976 bytes,    2345008 total
- age   6:    3327224 bytes,    5672232 total
- age   7:     190768 bytes,    5863000 total
- age   8:     265696 bytes,    6128696 total
: 92869K->6011K(109248K), 0.0049819 secs] 274985K->188281K(502464K), 0.0050662 secs] [Times: user=0.01 sys=0.00, real=0.00 secs] 
Heap after GC invocations=504 (full 1):
 par new generation   total 109248K, used 6011K [0x00000007a0000000, 0x00000007a8000000, 0x00000007a8000000)
  eden space 87424K,   0% used [0x00000007a0000000, 0x00000007a0000000, 0x00000007a5560000)
  from space 21824K,  27% used [0x00000007a5560000, 0x00000007a5b3ecb8, 0x00000007a6ab0000)
  to   space 21824K,   0% used [0x00000007a6ab0000, 0x00000007a6ab0000, 0x00000007a8000000)
 concurrent mark-sweep generation total 393216K, used 182269K [0x00000007a8000000, 0x00000007c0000000, 0x00000007c0000000)
 Metaspace       used 37511K, capacity 38620K, committed 38884K, reserved 1083392K
  class space    used 4449K, capacity 4765K, committed 4836K, reserved 1048576K
}
2018-04-03T13:40:29.666+0700: 69.929: Total time for which application threads were stopped: 0.0052448 seconds, Stopping threads took: 0.0000231 seconds
{Heap before GC invocations=504 (full 1):
 par new generation   total 109248K, used 93435K [0x00000007a0000000, 0x00000007a8000000, 0x00000007a8000000)
  eden space 87424K, 100% used [0x00000007a0000000, 0x00000007a5560000, 0x00000007a5560000)
  from space 21824K,  27% used [0x00000007a5560000, 0x00000007a5b3ecb8, 0x00000007a6ab0000)
  to   space 21824K,   0% used [0x00000007a6ab0000, 0x00000007a6ab0000, 0x00000007a8000000)
 concurrent mark-sweep generation total 393216K, used 182269K [0x00000007a8000000, 0x00000007c0000000, 0x00000007c0000000)
 Metaspace       used 37511K, capacity 38620K, committed 38884K, reserved 1083392K
  class space    used 4449K, capacity 4765K, committed 4836K, reserved 1048576K
2018-04-03T13:40:29.954+0700: 70.218: [GC (Allocation Failure) 2018-04-03T13:40:29.954+0700: 70.218: [ParNew
Desired survivor size 20112992 bytes, new threshold 8 (max 8)
- age   1:       8184 bytes,       8184 total
- age   2:     791504 bytes,     799688 total
- age   3:     222488 bytes,    1022176 total
- age   4:     913632 bytes,    1935808 total
- age   5:     190464 bytes,    2126272 total
- age   6:     174976 bytes,    2301248 total
- age   7:    3327224 bytes,    5628472 total
- age   8:     190768 bytes,    5819240 total
: 93435K->5752K(109248K), 0.0046299 secs] 275705K->188281K(502464K), 0.0047350 secs] [Times: user=0.01 sys=0.00, real=0.00 secs] 
Heap after GC invocations=505 (full 1):
 par new generation   total 109248K, used 5752K [0x00000007a0000000, 0x00000007a8000000, 0x00000007a8000000)
  eden space 87424K,   0% used [0x00000007a0000000, 0x00000007a0000000, 0x00000007a5560000)
  from space 21824K,  26% used [0x00000007a6ab0000, 0x00000007a704e1e0, 0x00000007a8000000)
  to   space 21824K,   0% used [0x00000007a5560000, 0x00000007a5560000, 0x00000007a6ab0000)
 concurrent mark-sweep generation total 393216K, used 182529K [0x00000007a8000000, 0x00000007c0000000, 0x00000007c0000000)
 Metaspace       used 37511K, capacity 38620K, committed 38884K, reserved 1083392K
  class space    used 4449K, capacity 4765K, committed 4836K, reserved 1048576K
}
2018-04-03T13:40:29.959+0700: 70.222: Total time for which application threads were stopped: 0.0049298 seconds, Stopping threads took: 0.0000227 seconds
{Heap before GC invocations=505 (full 1):
 par new generation   total 109248K, used 93176K [0x00000007a0000000, 0x00000007a8000000, 0x00000007a8000000)
  eden space 87424K, 100% used [0x00000007a0000000, 0x00000007a5560000, 0x00000007a5560000)
  from space 21824K,  26% used [0x00000007a6ab0000, 0x00000007a704e1e0, 0x00000007a8000000)
  to   space 21824K,   0% used [0x00000007a5560000, 0x00000007a5560000, 0x00000007a6ab0000)
 concurrent mark-sweep generation total 393216K, used 182529K [0x00000007a8000000, 0x00000007c0000000, 0x00000007c0000000)
 Metaspace       used 37511K, capacity 38620K, committed 38884K, reserved 1083392K
  class space    used 4449K, capacity 4765K, committed 4836K, reserved 1048576K
2018-04-03T13:40:30.232+0700: 70.495: [GC (Allocation Failure) 2018-04-03T13:40:30.232+0700: 70.495: [ParNew
Desired survivor size 20112992 bytes, new threshold 8 (max 8)
- age   1:       9952 bytes,       9952 total
- age   3:     791504 bytes,     801456 total
- age   4:     222488 bytes,    1023944 total
- age   5:     913632 bytes,    1937576 total
- age   6:     190464 bytes,    2128040 total
- age   7:     174976 bytes,    2303016 total
- age   8:    3327224 bytes,    5630240 total
: 93176K->5650K(109248K), 0.0043254 secs] 275705K->188366K(502464K), 0.0044102 secs] [Times: user=0.01 sys=0.00, real=0.00 secs] 
Heap after GC invocations=506 (full 1):
 par new generation   total 109248K, used 5650K [0x00000007a0000000, 0x00000007a8000000, 0x00000007a8000000)
  eden space 87424K,   0% used [0x00000007a0000000, 0x00000007a0000000, 0x00000007a5560000)
  from space 21824K,  25% used [0x00000007a5560000, 0x00000007a5ae4b08, 0x00000007a6ab0000)
  to   space 21824K,   0% used [0x00000007a6ab0000, 0x00000007a6ab0000, 0x00000007a8000000)
 concurrent mark-sweep generation total 393216K, used 182715K [0x00000007a8000000, 0x00000007c0000000, 0x00000007c0000000)
 Metaspace       used 37511K, capacity 38620K, committed 38884K, reserved 1083392K
  class space    used 4449K, capacity 4765K, committed 4836K, reserved 1048576K
}
2018-04-03T13:40:30.236+0700: 70.500: Total time for which application threads were stopped: 0.0045957 seconds, Stopping threads took: 0.0000310 seconds
{Heap before GC invocations=506 (full 1):
 par new generation   total 109248K, used 93074K [0x00000007a0000000, 0x00000007a8000000, 0x00000007a8000000)
  eden space 87424K, 100% used [0x00000007a0000000, 0x00000007a5560000, 0x00000007a5560000)
  from space 21824K,  25% used [0x00000007a5560000, 0x00000007a5ae4b08, 0x00000007a6ab0000)
  to   space 21824K,   0% used [0x00000007a6ab0000, 0x00000007a6ab0000, 0x00000007a8000000)
 concurrent mark-sweep generation total 393216K, used 182715K [0x00000007a8000000, 0x00000007c0000000, 0x00000007c0000000)
 Metaspace       used 37511K, capacity 38620K, committed 38884K, reserved 1083392K
  class space    used 4449K, capacity 4765K, committed 4836K, reserved 1048576K
2018-04-03T13:40:30.513+0700: 70.776: [GC (Allocation Failure) 2018-04-03T13:40:30.513+0700: 70.776: [ParNew
Desired survivor size 20112992 bytes, new threshold 8 (max 8)
- age   1:      26824 bytes,      26824 total
- age   2:         32 bytes,      26856 total
- age   4:     791504 bytes,     818360 total
- age   5:     222488 bytes,    1040848 total
- age   6:     913632 bytes,    1954480 total
- age   7:     190464 bytes,    2144944 total
- age   8:     174976 bytes,    2319920 total
: 93074K->2297K(109248K), 0.0042883 secs] 275790K->188262K(502464K), 0.0043736 secs] [Times: user=0.01 sys=0.00, real=0.00 secs] 
Heap after GC invocations=507 (full 1):
 par new generation   total 109248K, used 2297K [0x00000007a0000000, 0x00000007a8000000, 0x00000007a8000000)
  eden space 87424K,   0% used [0x00000007a0000000, 0x00000007a0000000, 0x00000007a5560000)
  from space 21824K,  10% used [0x00000007a6ab0000, 0x00000007a6cee510, 0x00000007a8000000)
  to   space 21824K,   0% used [0x00000007a5560000, 0x00000007a5560000, 0x00000007a6ab0000)
 concurrent mark-sweep generation total 393216K, used 185964K [0x00000007a8000000, 0x00000007c0000000, 0x00000007c0000000)
 Metaspace       used 37511K, capacity 38620K, committed 38884K, reserved 1083392K
  class space    used 4449K, capacity 4765K, committed 4836K, reserved 1048576K
}
2018-04-03T13:40:30.517+0700: 70.780: Total time for which application threads were stopped: 0.0045554 seconds, Stopping threads took: 0.0000300 seconds
{Heap before GC invocations=507 (full 1):
 par new generation   total 109248K, used 89721K [0x00000007a0000000, 0x00000007a8000000, 0x00000007a8000000)
  eden space 87424K, 100% used [0x00000007a0000000, 0x00000007a5560000, 0x00000007a5560000)
  from space 21824K,  10% used [0x00000007a6ab0000, 0x00000007a6cee510, 0x00000007a8000000)
  to   space 21824K,   0% used [0x00000007a5560000, 0x00000007a5560000, 0x00000007a6ab0000)
 concurrent mark-sweep generation total 393216K, used 185964K [0x00000007a8000000, 0x00000007c0000000, 0x00000007c0000000)
 Metaspace       used 37511K, capacity 38620K, committed 38884K, reserved 1083392K
  class space    used 4449K, capacity 4765K, committed 4836K, reserved 1048576K
2018-04-03T13:40:30.785+0700: 71.048: [GC (Allocation Failure) 2018-04-03T13:40:30.785+0700: 71.048: [ParNew
Desired survivor size 20112992 bytes, new threshold 8 (max 8)
- age   1:      37352 bytes,      37352 total
- age   2:         64 bytes,      37416 total
- age   3:         32 bytes,      37448 total
- age   5:     791440 bytes,     828888 total
- age   6:     222488 bytes,    1051376 total
- age   7:     913632 bytes,    1965008 total
- age   8:     190464 bytes,    2155472 total
: 89721K->2540K(109248K), 0.0048736 secs] 275686K->188676K(502464K), 0.0049581 secs] [Times: user=0.02 sys=0.01, real=0.01 secs] 
Heap after GC invocations=508 (full 1):
 par new generation   total 109248K, used 2540K [0x00000007a0000000, 0x00000007a8000000, 0x00000007a8000000)
  eden space 87424K,   0% used [0x00000007a0000000, 0x00000007a0000000, 0x00000007a5560000)
  from space 21824K,  11% used [0x00000007a5560000, 0x00000007a57db278, 0x00000007a6ab0000)
  to   space 21824K,   0% used [0x00000007a6ab0000, 0x00000007a6ab0000, 0x00000007a8000000)
 concurrent mark-sweep generation total 393216K, used 186135K [0x00000007a8000000, 0x00000007c0000000, 0x00000007c0000000)
 Metaspace       used 37511K, capacity 38620K, committed 38884K, reserved 1083392K
  class space    used 4449K, capacity 4765K, committed 4836K, reserved 1048576K
}
2018-04-03T13:40:30.790+0700: 71.053: Total time for which application threads were stopped: 0.0051314 seconds, Stopping threads took: 0.0000296 seconds
{Heap before GC invocations=508 (full 1):
 par new generation   total 109248K, used 89964K [0x00000007a0000000, 0x00000007a8000000, 0x00000007a8000000)
  eden space 87424K, 100% used [0x00000007a0000000, 0x00000007a5560000, 0x00000007a5560000)
  from space 21824K,  11% used [0x00000007a5560000, 0x00000007a57db278, 0x00000007a6ab0000)
  to   space 21824K,   0% used [0x00000007a6ab0000, 0x00000007a6ab0000, 0x00000007a8000000)
 concurrent mark-sweep generation total 393216K, used 186135K [0x00000007a8000000, 0x00000007c0000000, 0x00000007c0000000)
 Metaspace       used 37511K, capacity 38620K, committed 38884K, reserved 1083392K
  class space    used 4449K, capacity 4765K, committed 4836K, reserved 1048576K
2018-04-03T13:40:31.053+0700: 71.316: [GC (Allocation Failure) 2018-04-03T13:40:31.053+0700: 71.316: [ParNew
Desired survivor size 20112992 bytes, new threshold 8 (max 8)
- age   1:      23848 bytes,      23848 total
- age   2:        136 bytes,      23984 total
- age   3:         64 bytes,      24048 total
- age   4:         32 bytes,      24080 total
- age   6:     791440 bytes,     815520 total
- age   7:     222488 bytes,    1038008 total
- age   8:     913632 bytes,    1951640 total
: 89964K->2263K(109248K), 0.0044173 secs] 276100K->188585K(502464K), 0.0044903 secs] [Times: user=0.01 sys=0.00, real=0.00 secs] 
Heap after GC invocations=509 (full 1):
 par new generation   total 109248K, used 2263K [0x00000007a0000000, 0x00000007a8000000, 0x00000007a8000000)
  eden space 87424K,   0% used [0x00000007a0000000, 0x00000007a0000000, 0x00000007a5560000)
  from space 21824K,  10% used [0x00000007a6ab0000, 0x00000007a6ce5ea0, 0x00000007a8000000)
  to   space 21824K,   0% used [0x00000007a5560000, 0x00000007a5560000, 0x00000007a6ab0000)
 concurrent mark-sweep generation total 393216K, used 186321K [0x00000007a8000000, 0x00000007c0000000, 0x00000007c0000000)
 Metaspace       used 37511K, capacity 38620K, committed 38884K, reserved 1083392K
  class space    used 4449K, capacity 4765K, committed 4836K, reserved 1048576K
}
2018-04-03T13:40:31.057+0700: 71.321: Total time for which application threads were stopped: 0.0046481 seconds, Stopping threads took: 0.0000282 seconds
{Heap before GC invocations=509 (full 1):
 par new generation   total 109248K, used 89687K [0x00000007a0000000, 0x00000007a8000000, 0x00000007a8000000)
  eden space 87424K, 100% used [0x00000007a0000000, 0x00000007a5560000, 0x00000007a5560000)
  from space 21824K,  10% used [0x00000007a6ab0000, 0x00000007a6ce5ea0, 0x00000007a8000000)
  to   space 21824K,   0% used [0x00000007a5560000, 0x00000007a5560000, 0x00000007a6ab0000)
 concurrent mark-sweep generation total 393216K, used 186321K [0x00000007a8000000, 0x00000007c0000000, 0x00000007c0000000)
 Metaspace       used 37511K, capacity 38620K, committed 38884K, reserved 1083392K
  class space    used 4449K, capacity 4765K, committed 4836K, reserved 1048576K
2018-04-03T13:40:31.386+0700: 71.650: [GC (Allocation Failure) 2018-04-03T13:40:31.386+0700: 71.650: [ParNew
Desired survivor size 20112992 bytes, new threshold 8 (max 8)
- age   1:     387144 bytes,     387144 total
- age   3:         64 bytes,     387208 total
- age   4:         64 bytes,     387272 total
- age   5:         32 bytes,     387304 total
- age   7:     720376 bytes,    1107680 total
- age   8:     222488 bytes,    1330168 total
: 89687K->1601K(109248K), 0.0046528 secs] 276009K->188815K(502464K), 0.0047180 secs] [Times: user=0.02 sys=0.00, real=0.01 secs] 
Heap after GC invocations=510 (full 1):
 par new generation   total 109248K, used 1601K [0x00000007a0000000, 0x00000007a8000000, 0x00000007a8000000)
  eden space 87424K,   0% used [0x00000007a0000000, 0x00000007a0000000, 0x00000007a5560000)
  from space 21824K,   7% used [0x00000007a5560000, 0x00000007a56f06e0, 0x00000007a6ab0000)
  to   space 21824K,   0% used [0x00000007a6ab0000, 0x00000007a6ab0000, 0x00000007a8000000)
 concurrent mark-sweep generation total 393216K, used 187214K [0x00000007a8000000, 0x00000007c0000000, 0x00000007c0000000)
 Metaspace       used 37511K, capacity 38620K, committed 38884K, reserved 1083392K
  class space    used 4449K, capacity 4765K, committed 4836K, reserved 1048576K
}
2018-04-03T13:40:31.391+0700: 71.655: Total time for which application threads were stopped: 0.0048972 seconds, Stopping threads took: 0.0000287 seconds
{Heap before GC invocations=510 (full 1):
 par new generation   total 109248K, used 89025K [0x00000007a0000000, 0x00000007a8000000, 0x00000007a8000000)
  eden space 87424K, 100% used [0x00000007a0000000, 0x00000007a5560000, 0x00000007a5560000)
  from space 21824K,   7% used [0x00000007a5560000, 0x00000007a56f06e0, 0x00000007a6ab0000)
  to   space 21824K,   0% used [0x00000007a6ab0000, 0x00000007a6ab0000, 0x00000007a8000000)
 concurrent mark-sweep generation total 393216K, used 187214K [0x00000007a8000000, 0x00000007c0000000, 0x00000007c0000000)
 Metaspace       used 37511K, capacity 38620K, committed 38884K, reserved 1083392K
  class space    used 4449K, capacity 4765K, committed 4836K, reserved 1048576K
2018-04-03T13:40:31.454+0700: 71.717: [GC (Allocation Failure) 2018-04-03T13:40:31.454+0700: 71.717: [ParNew
Desired survivor size 20112992 bytes, new threshold 8 (max 8)
- age   1:      96064 bytes,      96064 total
- age   2:      49728 bytes,     145792 total
- age   4:         64 bytes,     145856 total
- age   5:         64 bytes,     145920 total
- age   6:         32 bytes,     145952 total
- age   8:     720376 bytes,     866328 total
: 89025K->1036K(109248K), 0.0048292 secs] 276239K->188467K(502464K), 0.0049077 secs] [Times: user=0.02 sys=0.00, real=0.00 secs] 
Heap after GC invocations=511 (full 1):
 par new generation   total 109248K, used 1036K [0x00000007a0000000, 0x00000007a8000000, 0x00000007a8000000)
  eden space 87424K,   0% used [0x00000007a0000000, 0x00000007a0000000, 0x00000007a5560000)
  from space 21824K,   4% used [0x00000007a6ab0000, 0x00000007a6bb31b0, 0x00000007a8000000)
  to   space 21824K,   0% used [0x00000007a5560000, 0x00000007a5560000, 0x00000007a6ab0000)
 concurrent mark-sweep generation total 393216K, used 187431K [0x00000007a8000000, 0x00000007c0000000, 0x00000007c0000000)
 Metaspace       used 37511K, capacity 38620K, committed 38884K, reserved 1083392K
  class space    used 4449K, capacity 4765K, committed 4836K, reserved 1048576K
}
2018-04-03T13:40:31.459+0700: 71.722: Total time for which application threads were stopped: 0.0050905 seconds, Stopping threads took: 0.0000211 seconds
2018-04-03T13:40:31.639+0700: 71.903: Total time for which application threads were stopped: 0.0001187 seconds, Stopping threads took: 0.0000360 seconds
2018-04-03T13:40:31.686+0700: 71.950: Total time for which application threads were stopped: 0.0000886 seconds, Stopping threads took: 0.0000138 seconds
2018-04-03T13:40:31.714+0700: 71.977: Total time for which application threads were stopped: 0.0001046 seconds, Stopping threads took: 0.0000209 seconds
2018-04-03T13:40:31.717+0700: 71.980: Total time for which application threads were stopped: 0.0000748 seconds, Stopping threads took: 0.0000165 seconds
2018-04-03T13:40:31.717+0700: 71.981: Total time for which application threads were stopped: 0.0000775 seconds, Stopping threads took: 0.0000144 seconds
2018-04-03T13:40:31.719+0700: 71.982: Total time for which application threads were stopped: 0.0000877 seconds, Stopping threads took: 0.0000137 seconds
2018-04-03T13:40:31.720+0700: 71.983: Total time for which application threads were stopped: 0.0000872 seconds, Stopping threads took: 0.0000155 seconds
2018-04-03T13:40:31.722+0700: 71.985: Total time for which application threads were stopped: 0.0000885 seconds, Stopping threads took: 0.0000155 seconds
2018-04-03T13:40:31.723+0700: 71.987: Total time for which application threads were stopped: 0.0000893 seconds, Stopping threads took: 0.0000155 seconds
2018-04-03T13:40:31.725+0700: 71.988: Total time for which application threads were stopped: 0.0000879 seconds, Stopping threads took: 0.0000156 seconds
{Heap before GC invocations=511 (full 1):
 par new generation   total 109248K, used 88460K [0x00000007a0000000, 0x00000007a8000000, 0x00000007a8000000)
  eden space 87424K, 100% used [0x00000007a0000000, 0x00000007a5560000, 0x00000007a5560000)
  from space 21824K,   4% used [0x00000007a6ab0000, 0x00000007a6bb31b0, 0x00000007a8000000)
  to   space 21824K,   0% used [0x00000007a5560000, 0x00000007a5560000, 0x00000007a6ab0000)
 concurrent mark-sweep generation total 393216K, used 187431K [0x00000007a8000000, 0x00000007c0000000, 0x00000007c0000000)
 Metaspace       used 37551K, capacity 38620K, committed 38884K, reserved 1083392K
  class space    used 4449K, capacity 4765K, committed 4836K, reserved 1048576K
2018-04-03T13:40:31.728+0700: 71.991: [GC (Allocation Failure) 2018-04-03T13:40:31.728+0700: 71.991: [ParNew
Desired survivor size 20112992 bytes, new threshold 8 (max 8)
- age   1:    2053456 bytes,    2053456 total
- age   3:       1072 bytes,    2054528 total
- age   5:         64 bytes,    2054592 total
- age   6:         32 bytes,    2054624 total
: 88460K->2232K(109248K), 0.0059446 secs] 275891K->190090K(502464K), 0.0060214 secs] [Times: user=0.02 sys=0.00, real=0.01 secs] 
Heap after GC invocations=512 (full 1):
 par new generation   total 109248K, used 2232K [0x00000007a0000000, 0x00000007a8000000, 0x00000007a8000000)
  eden space 87424K,   0% used [0x00000007a0000000, 0x00000007a0000000, 0x00000007a5560000)
  from space 21824K,  10% used [0x00000007a5560000, 0x00000007a578e148, 0x00000007a6ab0000)
  to   space 21824K,   0% used [0x00000007a6ab0000, 0x00000007a6ab0000, 0x00000007a8000000)
 concurrent mark-sweep generation total 393216K, used 187857K [0x00000007a8000000, 0x00000007c0000000, 0x00000007c0000000)
 Metaspace       used 37551K, capacity 38620K, committed 38884K, reserved 1083392K
  class space    used 4449K, capacity 4765K, committed 4836K, reserved 1048576K
}
2018-04-03T13:40:31.734+0700: 71.997: Total time for which application threads were stopped: 0.0061700 seconds, Stopping threads took: 0.0000138 seconds
2018-04-03T13:40:31.734+0700: 71.998: Total time for which application threads were stopped: 0.0001634 seconds, Stopping threads took: 0.0000890 seconds
2018-04-03T13:40:31.743+0700: 72.006: Total time for which application threads were stopped: 0.0001107 seconds, Stopping threads took: 0.0000351 seconds
2018-04-03T13:40:31.752+0700: 72.015: Total time for which application threads were stopped: 0.0001098 seconds, Stopping threads took: 0.0000395 seconds
2018-04-03T13:40:31.752+0700: 72.016: Total time for which application threads were stopped: 0.0000900 seconds, Stopping threads took: 0.0000271 seconds
2018-04-03T13:40:31.764+0700: 72.027: Total time for which application threads were stopped: 0.0000959 seconds, Stopping threads took: 0.0000158 seconds
2018-04-03T13:40:31.764+0700: 72.027: Total time for which application threads were stopped: 0.0000659 seconds, Stopping threads took: 0.0000115 seconds
2018-04-03T13:40:31.764+0700: 72.027: Total time for which application threads were stopped: 0.0000626 seconds, Stopping threads took: 0.0000105 seconds
2018-04-03T13:40:31.764+0700: 72.027: Total time for which application threads were stopped: 0.0000709 seconds, Stopping threads took: 0.0000121 seconds
2018-04-03T13:40:31.765+0700: 72.028: Total time for which application threads were stopped: 0.0001484 seconds, Stopping threads took: 0.0000315 seconds
2018-04-03T13:40:31.765+0700: 72.029: Total time for which application threads were stopped: 0.0001008 seconds, Stopping threads took: 0.0000402 seconds
2018-04-03T13:40:31.766+0700: 72.029: Total time for which application threads were stopped: 0.0000902 seconds, Stopping threads took: 0.0000282 seconds
2018-04-03T13:40:31.766+0700: 72.029: Total time for which application threads were stopped: 0.0000802 seconds, Stopping threads took: 0.0000284 seconds
2018-04-03T13:40:31.766+0700: 72.030: Total time for which application threads were stopped: 0.0000786 seconds, Stopping threads took: 0.0000240 seconds
2018-04-03T13:40:31.766+0700: 72.030: Total time for which application threads were stopped: 0.0000838 seconds, Stopping threads took: 0.0000257 seconds
2018-04-03T13:40:31.767+0700: 72.030: Total time for which application threads were stopped: 0.0000723 seconds, Stopping threads took: 0.0000217 seconds
2018-04-03T13:40:31.767+0700: 72.030: Total time for which application threads were stopped: 0.0000787 seconds, Stopping threads took: 0.0000262 seconds
2018-04-03T13:40:31.784+0700: 72.047: Total time for which application threads were stopped: 0.0000902 seconds, Stopping threads took: 0.0000168 seconds
2018-04-03T13:40:31.813+0700: 72.076: Total time for which application threads were stopped: 0.0001190 seconds, Stopping threads took: 0.0000178 seconds
2018-04-03T13:40:31.875+0700: 72.139: Total time for which application threads were stopped: 0.0001146 seconds, Stopping threads took: 0.0000205 seconds
2018-04-03T13:40:31.877+0700: 72.140: Total time for which application threads were stopped: 0.0000888 seconds, Stopping threads took: 0.0000159 seconds
2018-04-03T13:40:31.901+0700: 72.165: Total time for which application threads were stopped: 0.0001518 seconds, Stopping threads took: 0.0000350 seconds
2018-04-03T13:40:31.902+0700: 72.165: Total time for which application threads were stopped: 0.0000937 seconds, Stopping threads took: 0.0000359 seconds
2018-04-03T13:40:31.902+0700: 72.165: Total time for which application threads were stopped: 0.0000784 seconds, Stopping threads took: 0.0000383 seconds
2018-04-03T13:40:31.902+0700: 72.165: Total time for which application threads were stopped: 0.0000713 seconds, Stopping threads took: 0.0000324 seconds
2018-04-03T13:40:31.902+0700: 72.166: Total time for which application threads were stopped: 0.0000710 seconds, Stopping threads took: 0.0000211 seconds
2018-04-03T13:40:31.916+0700: 72.179: Total time for which application threads were stopped: 0.0000638 seconds, Stopping threads took: 0.0000128 seconds
{Heap before GC invocations=512 (full 1):
 par new generation   total 109248K, used 89656K [0x00000007a0000000, 0x00000007a8000000, 0x00000007a8000000)
  eden space 87424K, 100% used [0x00000007a0000000, 0x00000007a5560000, 0x00000007a5560000)
  from space 21824K,  10% used [0x00000007a5560000, 0x00000007a578e148, 0x00000007a6ab0000)
  to   space 21824K,   0% used [0x00000007a6ab0000, 0x00000007a6ab0000, 0x00000007a8000000)
 concurrent mark-sweep generation total 393216K, used 187857K [0x00000007a8000000, 0x00000007c0000000, 0x00000007c0000000)
 Metaspace       used 37606K, capacity 38620K, committed 38884K, reserved 1083392K
  class space    used 4449K, capacity 4765K, committed 4836K, reserved 1048576K
2018-04-03T13:40:31.952+0700: 72.215: [GC (Allocation Failure) 2018-04-03T13:40:31.952+0700: 72.215: [ParNew
Desired survivor size 20112992 bytes, new threshold 8 (max 8)
- age   1:    2248240 bytes,    2248240 total
- age   2:    1988568 bytes,    4236808 total
- age   4:       1072 bytes,    4237880 total
- age   6:         32 bytes,    4237912 total
: 89656K->4962K(109248K), 0.0054962 secs] 277514K->192819K(502464K), 0.0055798 secs] [Times: user=0.03 sys=0.00, real=0.00 secs] 
Heap after GC invocations=513 (full 1):
 par new generation   total 109248K, used 4962K [0x00000007a0000000, 0x00000007a8000000, 0x00000007a8000000)
  eden space 87424K,   0% used [0x00000007a0000000, 0x00000007a0000000, 0x00000007a5560000)
  from space 21824K,  22% used [0x00000007a6ab0000, 0x00000007a6f88890, 0x00000007a8000000)
  to   space 21824K,   0% used [0x00000007a5560000, 0x00000007a5560000, 0x00000007a6ab0000)
 concurrent mark-sweep generation total 393216K, used 187857K [0x00000007a8000000, 0x00000007c0000000, 0x00000007c0000000)
 Metaspace       used 37606K, capacity 38620K, committed 38884K, reserved 1083392K
  class space    used 4449K, capacity 4765K, committed 4836K, reserved 1048576K
}
2018-04-03T13:40:31.958+0700: 72.221: Total time for which application threads were stopped: 0.0057774 seconds, Stopping threads took: 0.0000183 seconds
2018-04-03T13:40:31.963+0700: 72.226: Total time for which application threads were stopped: 0.0000712 seconds, Stopping threads took: 0.0000137 seconds
2018-04-03T13:40:31.964+0700: 72.228: Total time for which application threads were stopped: 0.0000630 seconds, Stopping threads took: 0.0000124 seconds
2018-04-03T13:40:31.965+0700: 72.228: Total time for which application threads were stopped: 0.0000561 seconds, Stopping threads took: 0.0000103 seconds
2018-04-03T13:40:31.966+0700: 72.229: Total time for which application threads were stopped: 0.0000698 seconds, Stopping threads took: 0.0000135 seconds
2018-04-03T13:40:31.967+0700: 72.230: Total time for which application threads were stopped: 0.0000623 seconds, Stopping threads took: 0.0000182 seconds
2018-04-03T13:40:31.968+0700: 72.232: Total time for which application threads were stopped: 0.0000630 seconds, Stopping threads took: 0.0000133 seconds
2018-04-03T13:40:31.984+0700: 72.248: Total time for which application threads were stopped: 0.0001258 seconds, Stopping threads took: 0.0000432 seconds
2018-04-03T13:40:31.984+0700: 72.248: Total time for which application threads were stopped: 0.0000988 seconds, Stopping threads took: 0.0000354 seconds
2018-04-03T13:40:31.984+0700: 72.248: Total time for which application threads were stopped: 0.0000532 seconds, Stopping threads took: 0.0000114 seconds
2018-04-03T13:40:31.985+0700: 72.248: Total time for which application threads were stopped: 0.0000635 seconds, Stopping threads took: 0.0000240 seconds
2018-04-03T13:40:31.996+0700: 72.259: Total time for which application threads were stopped: 0.0000737 seconds, Stopping threads took: 0.0000199 seconds
2018-04-03T13:40:32.043+0700: 72.306: Total time for which application threads were stopped: 0.0000982 seconds, Stopping threads took: 0.0000170 seconds
2018-04-03T13:40:32.043+0700: 72.307: Total time for which application threads were stopped: 0.0000623 seconds, Stopping threads took: 0.0000192 seconds
2018-04-03T13:40:32.043+0700: 72.307: Total time for which application threads were stopped: 0.0000586 seconds, Stopping threads took: 0.0000210 seconds
2018-04-03T13:40:32.043+0700: 72.307: Total time for which application threads were stopped: 0.0000490 seconds, Stopping threads took: 0.0000193 seconds
2018-04-03T13:40:32.044+0700: 72.307: Total time for which application threads were stopped: 0.0000450 seconds, Stopping threads took: 0.0000085 seconds
2018-04-03T13:40:49.425+0700: 89.689: Total time for which application threads were stopped: 0.0001050 seconds, Stopping threads took: 0.0000207 seconds
2018-04-03T13:40:49.436+0700: 89.700: Total time for which application threads were stopped: 0.0007185 seconds, Stopping threads took: 0.0000171 seconds
2018-04-03T13:40:49.438+0700: 89.702: Total time for which application threads were stopped: 0.0005750 seconds, Stopping threads took: 0.0000156 seconds
2018-04-03T13:40:49.439+0700: 89.703: Total time for which application threads were stopped: 0.0005733 seconds, Stopping threads took: 0.0000128 seconds
2018-04-03T13:40:49.443+0700: 89.707: Total time for which application threads were stopped: 0.0005720 seconds, Stopping threads took: 0.0000163 seconds
{Heap before GC invocations=513 (full 1):
 par new generation   total 109248K, used 92386K [0x00000007a0000000, 0x00000007a8000000, 0x00000007a8000000)
  eden space 87424K, 100% used [0x00000007a0000000, 0x00000007a5560000, 0x00000007a5560000)
  from space 21824K,  22% used [0x00000007a6ab0000, 0x00000007a6f88890, 0x00000007a8000000)
  to   space 21824K,   0% used [0x00000007a5560000, 0x00000007a5560000, 0x00000007a6ab0000)
 concurrent mark-sweep generation total 393216K, used 187857K [0x00000007a8000000, 0x00000007c0000000, 0x00000007c0000000)
 Metaspace       used 38140K, capacity 39172K, committed 39396K, reserved 1083392K
  class space    used 4498K, capacity 4799K, committed 4836K, reserved 1048576K
2018-04-03T13:40:49.635+0700: 89.899: [GC (Allocation Failure) 2018-04-03T13:40:49.635+0700: 89.899: [ParNew
Desired survivor size 20112992 bytes, new threshold 8 (max 8)
- age   1:    4318984 bytes,    4318984 total
- age   2:     229896 bytes,    4548880 total
- age   3:    1988496 bytes,    6537376 total
- age   5:       1072 bytes,    6538448 total
: 92386K->9147K(109248K), 0.0064079 secs] 280243K->197005K(502464K), 0.0065010 secs] [Times: user=0.02 sys=0.00, real=0.01 secs] 
Heap after GC invocations=514 (full 1):
 par new generation   total 109248K, used 9147K [0x00000007a0000000, 0x00000007a8000000, 0x00000007a8000000)
  eden space 87424K,   0% used [0x00000007a0000000, 0x00000007a0000000, 0x00000007a5560000)
  from space 21824K,  41% used [0x00000007a5560000, 0x00000007a5e4ed10, 0x00000007a6ab0000)
  to   space 21824K,   0% used [0x00000007a6ab0000, 0x00000007a6ab0000, 0x00000007a8000000)
 concurrent mark-sweep generation total 393216K, used 187857K [0x00000007a8000000, 0x00000007c0000000, 0x00000007c0000000)
 Metaspace       used 38140K, capacity 39172K, committed 39396K, reserved 1083392K
  class space    used 4498K, capacity 4799K, committed 4836K, reserved 1048576K
}
2018-04-03T13:40:49.641+0700: 89.905: Total time for which application threads were stopped: 0.0067584 seconds, Stopping threads took: 0.0000169 seconds
2018-04-03T13:40:50.017+0700: 90.281: Total time for which application threads were stopped: 0.0001767 seconds, Stopping threads took: 0.0000341 seconds
2018-04-03T13:40:50.044+0700: 90.308: Total time for which application threads were stopped: 0.0001297 seconds, Stopping threads took: 0.0000404 seconds
2018-04-03T13:40:50.044+0700: 90.308: Total time for which application threads were stopped: 0.0000539 seconds, Stopping threads took: 0.0000112 seconds
2018-04-03T13:40:50.044+0700: 90.308: Total time for which application threads were stopped: 0.0000740 seconds, Stopping threads took: 0.0000340 seconds
2018-04-03T13:40:50.045+0700: 90.309: Total time for which application threads were stopped: 0.0001212 seconds, Stopping threads took: 0.0000100 seconds
2018-04-03T13:40:50.046+0700: 90.310: Total time for which application threads were stopped: 0.0000900 seconds, Stopping threads took: 0.0000275 seconds
2018-04-03T13:40:50.046+0700: 90.310: Total time for which application threads were stopped: 0.0000618 seconds, Stopping threads took: 0.0000109 seconds
2018-04-03T13:40:50.047+0700: 90.311: Total time for which application threads were stopped: 0.0001980 seconds, Stopping threads took: 0.0001275 seconds
2018-04-03T13:40:50.060+0700: 90.324: Total time for which application threads were stopped: 0.0001140 seconds, Stopping threads took: 0.0000342 seconds
2018-04-03T13:40:50.060+0700: 90.324: Total time for which application threads were stopped: 0.0000773 seconds, Stopping threads took: 0.0000247 seconds
2018-04-03T13:40:50.060+0700: 90.324: Total time for which application threads were stopped: 0.0000762 seconds, Stopping threads took: 0.0000227 seconds
2018-04-03T13:40:50.417+0700: 90.681: Total time for which application threads were stopped: 0.0001738 seconds, Stopping threads took: 0.0000210 seconds
2018-04-03T13:40:50.417+0700: 90.681: Total time for which application threads were stopped: 0.0000823 seconds, Stopping threads took: 0.0000134 seconds
2018-04-03T13:40:50.453+0700: 90.717: Total time for which application threads were stopped: 0.0001528 seconds, Stopping threads took: 0.0000393 seconds
2018-04-03T13:40:50.463+0700: 90.727: Total time for which application threads were stopped: 0.0001764 seconds, Stopping threads took: 0.0000800 seconds
{Heap before GC invocations=514 (full 1):
 par new generation   total 109248K, used 96571K [0x00000007a0000000, 0x00000007a8000000, 0x00000007a8000000)
  eden space 87424K, 100% used [0x00000007a0000000, 0x00000007a5560000, 0x00000007a5560000)
  from space 21824K,  41% used [0x00000007a5560000, 0x00000007a5e4ed10, 0x00000007a6ab0000)
  to   space 21824K,   0% used [0x00000007a6ab0000, 0x00000007a6ab0000, 0x00000007a8000000)
 concurrent mark-sweep generation total 393216K, used 187857K [0x00000007a8000000, 0x00000007c0000000, 0x00000007c0000000)
 Metaspace       used 38507K, capacity 39574K, committed 39652K, reserved 1083392K
  class space    used 4501K, capacity 4800K, committed 4836K, reserved 1048576K
2018-04-03T13:40:50.806+0700: 91.070: [GC (Allocation Failure) 2018-04-03T13:40:50.806+0700: 91.070: [ParNew
Desired survivor size 20112992 bytes, new threshold 8 (max 8)
- age   1:    3191864 bytes,    3191864 total
- age   2:    2568656 bytes,    5760520 total
- age   3:     228072 bytes,    5988592 total
- age   4:    1988360 bytes,    7976952 total
- age   6:       1072 bytes,    7978024 total
: 96571K->8908K(109248K), 0.0062435 secs] 284429K->196766K(502464K), 0.0063477 secs] [Times: user=0.03 sys=0.00, real=0.01 secs] 
Heap after GC invocations=515 (full 1):
 par new generation   total 109248K, used 8908K [0x00000007a0000000, 0x00000007a8000000, 0x00000007a8000000)
  eden space 87424K,   0% used [0x00000007a0000000, 0x00000007a0000000, 0x00000007a5560000)
  from space 21824K,  40% used [0x00000007a6ab0000, 0x00000007a73633b0, 0x00000007a8000000)
  to   space 21824K,   0% used [0x00000007a5560000, 0x00000007a5560000, 0x00000007a6ab0000)
 concurrent mark-sweep generation total 393216K, used 187857K [0x00000007a8000000, 0x00000007c0000000, 0x00000007c0000000)
 Metaspace       used 38507K, capacity 39574K, committed 39652K, reserved 1083392K
  class space    used 4501K, capacity 4800K, committed 4836K, reserved 1048576K
}
2018-04-03T13:40:50.812+0700: 91.076: Total time for which application threads were stopped: 0.0066799 seconds, Stopping threads took: 0.0000186 seconds
2018-04-03T13:40:50.812+0700: 91.076: Total time for which application threads were stopped: 0.0001041 seconds, Stopping threads took: 0.0000286 seconds
2018-04-03T13:40:50.815+0700: 91.079: Total time for which application threads were stopped: 0.0000911 seconds, Stopping threads took: 0.0000282 seconds
2018-04-03T13:40:51.091+0700: 91.355: Total time for which application threads were stopped: 0.0001693 seconds, Stopping threads took: 0.0000341 seconds
2018-04-03T13:40:51.468+0700: 91.732: Total time for which application threads were stopped: 0.0003203 seconds, Stopping threads took: 0.0001020 seconds
{Heap before GC invocations=515 (full 1):
 par new generation   total 109248K, used 96332K [0x00000007a0000000, 0x00000007a8000000, 0x00000007a8000000)
  eden space 87424K, 100% used [0x00000007a0000000, 0x00000007a5560000, 0x00000007a5560000)
  from space 21824K,  40% used [0x00000007a6ab0000, 0x00000007a73633b0, 0x00000007a8000000)
  to   space 21824K,   0% used [0x00000007a5560000, 0x00000007a5560000, 0x00000007a6ab0000)
 concurrent mark-sweep generation total 393216K, used 187857K [0x00000007a8000000, 0x00000007c0000000, 0x00000007c0000000)
 Metaspace       used 38546K, capacity 39578K, committed 39652K, reserved 1083392K
  class space    used 4501K, capacity 4800K, committed 4836K, reserved 1048576K
2018-04-03T13:40:51.549+0700: 91.813: [GC (Allocation Failure) 2018-04-03T13:40:51.549+0700: 91.813: [ParNew
Desired survivor size 20112992 bytes, new threshold 8 (max 8)
- age   1:    5778232 bytes,    5778232 total
- age   2:    2350736 bytes,    8128968 total
- age   3:    2567712 bytes,   10696680 total
- age   4:     228072 bytes,   10924752 total
- age   5:    1988360 bytes,   12913112 total
- age   7:       1072 bytes,   12914184 total
: 96332K->15074K(109248K), 0.0067950 secs] 284190K->202932K(502464K), 0.0069070 secs] [Times: user=0.02 sys=0.00, real=0.01 secs] 
Heap after GC invocations=516 (full 1):
 par new generation   total 109248K, used 15074K [0x00000007a0000000, 0x00000007a8000000, 0x00000007a8000000)
  eden space 87424K,   0% used [0x00000007a0000000, 0x00000007a0000000, 0x00000007a5560000)
  from space 21824K,  69% used [0x00000007a5560000, 0x00000007a6418b38, 0x00000007a6ab0000)
  to   space 21824K,   0% used [0x00000007a6ab0000, 0x00000007a6ab0000, 0x00000007a8000000)
 concurrent mark-sweep generation total 393216K, used 187857K [0x00000007a8000000, 0x00000007c0000000, 0x00000007c0000000)
 Metaspace       used 38546K, capacity 39578K, committed 39652K, reserved 1083392K
  class space    used 4501K, capacity 4800K, committed 4836K, reserved 1048576K
}
2018-04-03T13:40:51.556+0700: 91.820: Total time for which application threads were stopped: 0.0071689 seconds, Stopping threads took: 0.0000208 seconds
2018-04-03T13:40:51.688+0700: 91.952: Total time for which application threads were stopped: 0.0001441 seconds, Stopping threads took: 0.0000206 seconds
2018-04-03T13:40:51.689+0700: 91.953: Total time for which application threads were stopped: 0.0001047 seconds, Stopping threads took: 0.0000148 seconds
2018-04-03T13:40:51.956+0700: 92.220: Total time for which application threads were stopped: 0.0001128 seconds, Stopping threads took: 0.0000202 seconds
{Heap before GC invocations=516 (full 1):
 par new generation   total 109248K, used 102498K [0x00000007a0000000, 0x00000007a8000000, 0x00000007a8000000)
  eden space 87424K, 100% used [0x00000007a0000000, 0x00000007a5560000, 0x00000007a5560000)
  from space 21824K,  69% used [0x00000007a5560000, 0x00000007a6418b38, 0x00000007a6ab0000)
  to   space 21824K,   0% used [0x00000007a6ab0000, 0x00000007a6ab0000, 0x00000007a8000000)
 concurrent mark-sweep generation total 393216K, used 187857K [0x00000007a8000000, 0x00000007c0000000, 0x00000007c0000000)
 Metaspace       used 38560K, capacity 39578K, committed 39652K, reserved 1083392K
  class space    used 4501K, capacity 4800K, committed 4836K, reserved 1048576K
2018-04-03T13:40:52.435+0700: 92.699: [GC (Allocation Failure) 2018-04-03T13:40:52.435+0700: 92.699: [ParNew
Desired survivor size 20112992 bytes, new threshold 8 (max 8)
- age   1:    5693416 bytes,    5693416 total
- age   2:    2318584 bytes,    8012000 total
- age   3:    1257832 bytes,    9269832 total
- age   4:    2566800 bytes,   11836632 total
- age   5:     228072 bytes,   12064704 total
- age   6:    1988360 bytes,   14053064 total
- age   8:       1072 bytes,   14054136 total
: 102498K->20248K(109248K), 0.0066167 secs] 290356K->208106K(502464K), 0.0067057 secs] [Times: user=0.02 sys=0.00, real=0.01 secs] 
Heap after GC invocations=517 (full 1):
 par new generation   total 109248K, used 20248K [0x00000007a0000000, 0x00000007a8000000, 0x00000007a8000000)
  eden space 87424K,   0% used [0x00000007a0000000, 0x00000007a0000000, 0x00000007a5560000)
  from space 21824K,  92% used [0x00000007a6ab0000, 0x00000007a7e76140, 0x00000007a8000000)
  to   space 21824K,   0% used [0x00000007a5560000, 0x00000007a5560000, 0x00000007a6ab0000)
 concurrent mark-sweep generation total 393216K, used 187857K [0x00000007a8000000, 0x00000007c0000000, 0x00000007c0000000)
 Metaspace       used 38560K, capacity 39578K, committed 39652K, reserved 1083392K
  class space    used 4501K, capacity 4800K, committed 4836K, reserved 1048576K
}
2018-04-03T13:40:52.442+0700: 92.706: Total time for which application threads were stopped: 0.0069434 seconds, Stopping threads took: 0.0000178 seconds
2018-04-03T13:40:52.472+0700: 92.736: Total time for which application threads were stopped: 0.0002009 seconds, Stopping threads took: 0.0000849 seconds
2018-04-03T13:40:52.638+0700: 92.902: Total time for which application threads were stopped: 0.0001693 seconds, Stopping threads took: 0.0000188 seconds
2018-04-03T13:40:52.639+0700: 92.903: Total time for which application threads were stopped: 0.0000715 seconds, Stopping threads took: 0.0000118 seconds
{Heap before GC invocations=517 (full 1):
 par new generation   total 109248K, used 107672K [0x00000007a0000000, 0x00000007a8000000, 0x00000007a8000000)
  eden space 87424K, 100% used [0x00000007a0000000, 0x00000007a5560000, 0x00000007a5560000)
  from space 21824K,  92% used [0x00000007a6ab0000, 0x00000007a7e76140, 0x00000007a8000000)
  to   space 21824K,   0% used [0x00000007a5560000, 0x00000007a5560000, 0x00000007a6ab0000)
 concurrent mark-sweep generation total 393216K, used 187857K [0x00000007a8000000, 0x00000007c0000000, 0x00000007c0000000)
 Metaspace       used 38575K, capacity 39578K, committed 39652K, reserved 1083392K
  class space    used 4501K, capacity 4800K, committed 4836K, reserved 1048576K
2018-04-03T13:40:52.861+0700: 93.125: [GC (Allocation Failure) 2018-04-03T13:40:52.861+0700: 93.125: [ParNew
Desired survivor size 20112992 bytes, new threshold 8 (max 8)
- age   1:    3191680 bytes,    3191680 total
- age   2:     948528 bytes,    4140208 total
- age   3:    1228232 bytes,    5368440 total
- age   4:    1255768 bytes,    6624208 total
- age   5:    2566456 bytes,    9190664 total
- age   6:     228072 bytes,    9418736 total
- age   7:    1988360 bytes,   11407096 total
: 107672K->15120K(109248K), 0.0052986 secs] 295530K->202978K(502464K), 0.0053796 secs] [Times: user=0.02 sys=0.00, real=0.00 secs] 
Heap after GC invocations=518 (full 1):
 par new generation   total 109248K, used 15120K [0x00000007a0000000, 0x00000007a8000000, 0x00000007a8000000)
  eden space 87424K,   0% used [0x00000007a0000000, 0x00000007a0000000, 0x00000007a5560000)
  from space 21824K,  69% used [0x00000007a5560000, 0x00000007a6424038, 0x00000007a6ab0000)
  to   space 21824K,   0% used [0x00000007a6ab0000, 0x00000007a6ab0000, 0x00000007a8000000)
 concurrent mark-sweep generation total 393216K, used 187858K [0x00000007a8000000, 0x00000007c0000000, 0x00000007c0000000)
 Metaspace       used 38575K, capacity 39578K, committed 39652K, reserved 1083392K
  class space    used 4501K, capacity 4800K, committed 4836K, reserved 1048576K
}
2018-04-03T13:40:52.867+0700: 93.131: Total time for which application threads were stopped: 0.0055503 seconds, Stopping threads took: 0.0000175 seconds
2018-04-03T13:40:53.008+0700: 93.272: Total time for which application threads were stopped: 0.0002066 seconds, Stopping threads took: 0.0000278 seconds
2018-04-03T13:40:53.471+0700: 93.735: Total time for which application threads were stopped: 0.0001175 seconds, Stopping threads took: 0.0000185 seconds
{Heap before GC invocations=518 (full 1):
 par new generation   total 109248K, used 102544K [0x00000007a0000000, 0x00000007a8000000, 0x00000007a8000000)
  eden space 87424K, 100% used [0x00000007a0000000, 0x00000007a5560000, 0x00000007a5560000)
  from space 21824K,  69% used [0x00000007a5560000, 0x00000007a6424038, 0x00000007a6ab0000)
  to   space 21824K,   0% used [0x00000007a6ab0000, 0x00000007a6ab0000, 0x00000007a8000000)
 concurrent mark-sweep generation total 393216K, used 187858K [0x00000007a8000000, 0x00000007c0000000, 0x00000007c0000000)
 Metaspace       used 38592K, capacity 39578K, committed 39652K, reserved 1083392K
  class space    used 4501K, capacity 4800K, committed 4836K, reserved 1048576K
2018-04-03T13:40:53.512+0700: 93.776: [GC (Allocation Failure) 2018-04-03T13:40:53.512+0700: 93.777: [ParNew
Desired survivor size 20112992 bytes, new threshold 8 (max 8)
- age   1:    5270560 bytes,    5270560 total
- age   2:    1984304 bytes,    7254864 total
- age   3:     947104 bytes,    8201968 total
- age   4:    1228232 bytes,    9430200 total
- age   5:    1255768 bytes,   10685968 total
- age   6:    2566456 bytes,   13252424 total
- age   7:     228072 bytes,   13480496 total
- age   8:    1988360 bytes,   15468856 total
: 102544K->16504K(109248K), 0.0062200 secs] 290402K->204363K(502464K), 0.0062973 secs] [Times: user=0.03 sys=0.00, real=0.00 secs] 
Heap after GC invocations=519 (full 1):
 par new generation   total 109248K, used 16504K [0x00000007a0000000, 0x00000007a8000000, 0x00000007a8000000)
  eden space 87424K,   0% used [0x00000007a0000000, 0x00000007a0000000, 0x00000007a5560000)
  from space 21824K,  75% used [0x00000007a6ab0000, 0x00000007a7ace3e8, 0x00000007a8000000)
  to   space 21824K,   0% used [0x00000007a5560000, 0x00000007a5560000, 0x00000007a6ab0000)
 concurrent mark-sweep generation total 393216K, used 187858K [0x00000007a8000000, 0x00000007c0000000, 0x00000007c0000000)
 Metaspace       used 38592K, capacity 39578K, committed 39652K, reserved 1083392K
  class space    used 4501K, capacity 4800K, committed 4836K, reserved 1048576K
}
2018-04-03T13:40:53.519+0700: 93.783: Total time for which application threads were stopped: 0.0064721 seconds, Stopping threads took: 0.0000318 seconds
2018-04-03T13:40:53.784+0700: 94.048: Total time for which application threads were stopped: 0.0001078 seconds, Stopping threads took: 0.0000196 seconds
2018-04-03T13:40:53.785+0700: 94.049: Total time for which application threads were stopped: 0.0000489 seconds, Stopping threads took: 0.0000074 seconds
2018-04-03T13:40:53.902+0700: 94.166: Total time for which application threads were stopped: 0.0000870 seconds, Stopping threads took: 0.0000180 seconds
{Heap before GC invocations=519 (full 1):
 par new generation   total 109248K, used 103928K [0x00000007a0000000, 0x00000007a8000000, 0x00000007a8000000)
  eden space 87424K, 100% used [0x00000007a0000000, 0x00000007a5560000, 0x00000007a5560000)
  from space 21824K,  75% used [0x00000007a6ab0000, 0x00000007a7ace3e8, 0x00000007a8000000)
  to   space 21824K,   0% used [0x00000007a5560000, 0x00000007a5560000, 0x00000007a6ab0000)
 concurrent mark-sweep generation total 393216K, used 187858K [0x00000007a8000000, 0x00000007c0000000, 0x00000007c0000000)
 Metaspace       used 38618K, capacity 39642K, committed 39908K, reserved 1085440K
  class space    used 4501K, capacity 4800K, committed 4836K, reserved 1048576K
2018-04-03T13:40:53.948+0700: 94.212: [GC (Allocation Failure) 2018-04-03T13:40:53.948+0700: 94.212: [ParNew
Desired survivor size 20112992 bytes, new threshold 8 (max 8)
- age   1:    4237920 bytes,    4237920 total
- age   2:     673984 bytes,    4911904 total
- age   3:     399384 bytes,    5311288 total
- age   4:     942920 bytes,    6254208 total
- age   5:    1228232 bytes,    7482440 total
- age   6:    1255768 bytes,    8738208 total
- age   7:    2566456 bytes,   11304664 total
- age   8:     228072 bytes,   11532736 total
: 103928K->19250K(109248K), 0.0094148 secs] 291787K->209066K(502464K), 0.0095179 secs] [Times: user=0.02 sys=0.00, real=0.01 secs] 
Heap after GC invocations=520 (full 1):
 par new generation   total 109248K, used 19250K [0x00000007a0000000, 0x00000007a8000000, 0x00000007a8000000)
  eden space 87424K,   0% used [0x00000007a0000000, 0x00000007a0000000, 0x00000007a5560000)
  from space 21824K,  88% used [0x00000007a5560000, 0x00000007a682ca68, 0x00000007a6ab0000)
  to   space 21824K,   0% used [0x00000007a6ab0000, 0x00000007a6ab0000, 0x00000007a8000000)
 concurrent mark-sweep generation total 393216K, used 189815K [0x00000007a8000000, 0x00000007c0000000, 0x00000007c0000000)
 Metaspace       used 38618K, capacity 39642K, committed 39908K, reserved 1085440K
  class space    used 4501K, capacity 4800K, committed 4836K, reserved 1048576K
}
2018-04-03T13:40:53.958+0700: 94.222: Total time for which application threads were stopped: 0.0097085 seconds, Stopping threads took: 0.0000218 seconds
2018-04-03T13:40:54.550+0700: 94.814: Total time for which application threads were stopped: 0.0001282 seconds, Stopping threads took: 0.0000201 seconds
{Heap before GC invocations=520 (full 1):
 par new generation   total 109248K, used 106674K [0x00000007a0000000, 0x00000007a8000000, 0x00000007a8000000)
  eden space 87424K, 100% used [0x00000007a0000000, 0x00000007a5560000, 0x00000007a5560000)
  from space 21824K,  88% used [0x00000007a5560000, 0x00000007a682ca68, 0x00000007a6ab0000)
  to   space 21824K,   0% used [0x00000007a6ab0000, 0x00000007a6ab0000, 0x00000007a8000000)
 concurrent mark-sweep generation total 393216K, used 189815K [0x00000007a8000000, 0x00000007c0000000, 0x00000007c0000000)
 Metaspace       used 38654K, capacity 39770K, committed 39908K, reserved 1085440K
  class space    used 4502K, capacity 4800K, committed 4836K, reserved 1048576K
2018-04-03T13:40:54.587+0700: 94.851: [GC (Allocation Failure) 2018-04-03T13:40:54.587+0700: 94.851: [ParNew
Desired survivor size 20112992 bytes, new threshold 8 (max 8)
- age   1:    6073328 bytes,    6073328 total
- age   2:    2562720 bytes,    8636048 total
- age   3:     673984 bytes,    9310032 total
- age   4:     398440 bytes,    9708472 total
- age   5:     942920 bytes,   10651392 total
- age   6:    1228232 bytes,   11879624 total
- age   7:    1255768 bytes,   13135392 total
- age   8:    2566456 bytes,   15701848 total
: 106674K->18873K(109248K), 0.0063912 secs] 296490K->208911K(502464K), 0.0064628 secs] [Times: user=0.02 sys=0.00, real=0.01 secs] 
Heap after GC invocations=521 (full 1):
 par new generation   total 109248K, used 18873K [0x00000007a0000000, 0x00000007a8000000, 0x00000007a8000000)
  eden space 87424K,   0% used [0x00000007a0000000, 0x00000007a0000000, 0x00000007a5560000)
  from space 21824K,  86% used [0x00000007a6ab0000, 0x00000007a7d1e450, 0x00000007a8000000)
  to   space 21824K,   0% used [0x00000007a5560000, 0x00000007a5560000, 0x00000007a6ab0000)
 concurrent mark-sweep generation total 393216K, used 190038K [0x00000007a8000000, 0x00000007c0000000, 0x00000007c0000000)
 Metaspace       used 38654K, capacity 39770K, committed 39908K, reserved 1085440K
  class space    used 4502K, capacity 4800K, committed 4836K, reserved 1048576K
}
2018-04-03T13:40:54.594+0700: 94.858: Total time for which application threads were stopped: 0.0066302 seconds, Stopping threads took: 0.0000153 seconds
2018-04-03T13:40:54.793+0700: 95.057: Total time for which application threads were stopped: 0.0001126 seconds, Stopping threads took: 0.0000190 seconds
2018-04-03T13:40:54.793+0700: 95.057: Total time for which application threads were stopped: 0.0000590 seconds, Stopping threads took: 0.0000096 seconds
{Heap before GC invocations=521 (full 1):
 par new generation   total 109248K, used 106297K [0x00000007a0000000, 0x00000007a8000000, 0x00000007a8000000)
  eden space 87424K, 100% used [0x00000007a0000000, 0x00000007a5560000, 0x00000007a5560000)
  from space 21824K,  86% used [0x00000007a6ab0000, 0x00000007a7d1e450, 0x00000007a8000000)
  to   space 21824K,   0% used [0x00000007a5560000, 0x00000007a5560000, 0x00000007a6ab0000)
 concurrent mark-sweep generation total 393216K, used 190038K [0x00000007a8000000, 0x00000007c0000000, 0x00000007c0000000)
 Metaspace       used 38672K, capacity 39770K, committed 39908K, reserved 1085440K
  class space    used 4502K, capacity 4800K, committed 4836K, reserved 1048576K
2018-04-03T13:40:54.865+0700: 95.129: [GC (Allocation Failure) 2018-04-03T13:40:54.865+0700: 95.129: [ParNew
Desired survivor size 20112992 bytes, new threshold 8 (max 8)
- age   1:    3736848 bytes,    3736848 total
- age   2:     658704 bytes,    4395552 total
- age   3:     529120 bytes,    4924672 total
- age   4:     673248 bytes,    5597920 total
- age   5:     397288 bytes,    5995208 total
- age   6:     942920 bytes,    6938128 total
- age   7:    1228232 bytes,    8166360 total
- age   8:    1255768 bytes,    9422128 total
: 106297K->16745K(109248K), 0.0058473 secs] 296335K->209292K(502464K), 0.0059351 secs] [Times: user=0.03 sys=0.00, real=0.01 secs] 
Heap after GC invocations=522 (full 1):
 par new generation   total 109248K, used 16745K [0x00000007a0000000, 0x00000007a8000000, 0x00000007a8000000)
  eden space 87424K,   0% used [0x00000007a0000000, 0x00000007a0000000, 0x00000007a5560000)
  from space 21824K,  76% used [0x00000007a5560000, 0x00000007a65ba6b0, 0x00000007a6ab0000)
  to   space 21824K,   0% used [0x00000007a6ab0000, 0x00000007a6ab0000, 0x00000007a8000000)
 concurrent mark-sweep generation total 393216K, used 192546K [0x00000007a8000000, 0x00000007c0000000, 0x00000007c0000000)
 Metaspace       used 38672K, capacity 39770K, committed 39908K, reserved 1085440K
  class space    used 4502K, capacity 4800K, committed 4836K, reserved 1048576K
}
2018-04-03T13:40:54.871+0700: 95.135: Total time for which application threads were stopped: 0.0061251 seconds, Stopping threads took: 0.0000210 seconds
2018-04-03T13:40:54.871+0700: 95.135: Total time for which application threads were stopped: 0.0002608 seconds, Stopping threads took: 0.0000906 seconds
2018-04-03T13:40:54.960+0700: 95.224: Total time for which application threads were stopped: 0.0000915 seconds, Stopping threads took: 0.0000203 seconds
2018-04-03T13:40:55.623+0700: 95.887: Total time for which application threads were stopped: 0.0000977 seconds, Stopping threads took: 0.0000195 seconds
{Heap before GC invocations=522 (full 1):
 par new generation   total 109248K, used 104169K [0x00000007a0000000, 0x00000007a8000000, 0x00000007a8000000)
  eden space 87424K, 100% used [0x00000007a0000000, 0x00000007a5560000, 0x00000007a5560000)
  from space 21824K,  76% used [0x00000007a5560000, 0x00000007a65ba6b0, 0x00000007a6ab0000)
  to   space 21824K,   0% used [0x00000007a6ab0000, 0x00000007a6ab0000, 0x00000007a8000000)
 concurrent mark-sweep generation total 393216K, used 192546K [0x00000007a8000000, 0x00000007c0000000, 0x00000007c0000000)
 Metaspace       used 38678K, capacity 39770K, committed 39908K, reserved 1085440K
  class space    used 4502K, capacity 4800K, committed 4836K, reserved 1048576K
2018-04-03T13:40:55.648+0700: 95.912: [GC (Allocation Failure) 2018-04-03T13:40:55.648+0700: 95.912: [ParNew
Desired survivor size 20112992 bytes, new threshold 8 (max 8)
- age   1:    6206456 bytes,    6206456 total
- age   2:    2315664 bytes,    8522120 total
- age   3:     658192 bytes,    9180312 total
- age   4:     528176 bytes,    9708488 total
- age   5:     673248 bytes,   10381736 total
- age   6:     397288 bytes,   10779024 total
- age   7:     942920 bytes,   11721944 total
- age   8:    1228232 bytes,   12950176 total
: 104169K->15806K(109248K), 0.0061928 secs] 296716K->209579K(502464K), 0.0065042 secs] [Times: user=0.02 sys=0.00, real=0.01 secs] 
Heap after GC invocations=523 (full 1):
 par new generation   total 109248K, used 15806K [0x00000007a0000000, 0x00000007a8000000, 0x00000007a8000000)
  eden space 87424K,   0% used [0x00000007a0000000, 0x00000007a0000000, 0x00000007a5560000)
  from space 21824K,  72% used [0x00000007a6ab0000, 0x00000007a7a1fa30, 0x00000007a8000000)
  to   space 21824K,   0% used [0x00000007a5560000, 0x00000007a5560000, 0x00000007a6ab0000)
 concurrent mark-sweep generation total 393216K, used 193772K [0x00000007a8000000, 0x00000007c0000000, 0x00000007c0000000)
 Metaspace       used 38678K, capacity 39770K, committed 39908K, reserved 1085440K
  class space    used 4502K, capacity 4800K, committed 4836K, reserved 1048576K
}
2018-04-03T13:40:55.654+0700: 95.919: Total time for which application threads were stopped: 0.0066678 seconds, Stopping threads took: 0.0000178 seconds
2018-04-03T13:40:55.850+0700: 96.114: Total time for which application threads were stopped: 0.0001373 seconds, Stopping threads took: 0.0000209 seconds
2018-04-03T13:40:55.850+0700: 96.114: Total time for which application threads were stopped: 0.0000563 seconds, Stopping threads took: 0.0000181 seconds
{Heap before GC invocations=523 (full 1):
 par new generation   total 109248K, used 103230K [0x00000007a0000000, 0x00000007a8000000, 0x00000007a8000000)
  eden space 87424K, 100% used [0x00000007a0000000, 0x00000007a5560000, 0x00000007a5560000)
  from space 21824K,  72% used [0x00000007a6ab0000, 0x00000007a7a1fa30, 0x00000007a8000000)
  to   space 21824K,   0% used [0x00000007a5560000, 0x00000007a5560000, 0x00000007a6ab0000)
 concurrent mark-sweep generation total 393216K, used 193772K [0x00000007a8000000, 0x00000007c0000000, 0x00000007c0000000)
 Metaspace       used 38699K, capacity 39770K, committed 39908K, reserved 1085440K
  class space    used 4502K, capacity 4800K, committed 4836K, reserved 1048576K
2018-04-03T13:40:55.890+0700: 96.154: [GC (Allocation Failure) 2018-04-03T13:40:55.890+0700: 96.154: [ParNew
Desired survivor size 20112992 bytes, new threshold 8 (max 8)
- age   1:    3332776 bytes,    3332776 total
- age   2:     756880 bytes,    4089656 total
- age   3:     446632 bytes,    4536288 total
- age   4:     657456 bytes,    5193744 total
- age   5:     526944 bytes,    5720688 total
- age   6:     673248 bytes,    6393936 total
- age   7:     397288 bytes,    6791224 total
- age   8:     942920 bytes,    7734144 total
: 103230K->13117K(109248K), 0.0057655 secs] 297003K->208088K(502464K), 0.0058746 secs] [Times: user=0.03 sys=0.00, real=0.00 secs] 
Heap after GC invocations=524 (full 1):
 par new generation   total 109248K, used 13117K [0x00000007a0000000, 0x00000007a8000000, 0x00000007a8000000)
  eden space 87424K,   0% used [0x00000007a0000000, 0x00000007a0000000, 0x00000007a5560000)
  from space 21824K,  60% used [0x00000007a5560000, 0x00000007a622f650, 0x00000007a6ab0000)
  to   space 21824K,   0% used [0x00000007a6ab0000, 0x00000007a6ab0000, 0x00000007a8000000)
 concurrent mark-sweep generation total 393216K, used 194970K [0x00000007a8000000, 0x00000007c0000000, 0x00000007c0000000)
 Metaspace       used 38699K, capacity 39770K, committed 39908K, reserved 1085440K
  class space    used 4502K, capacity 4800K, committed 4836K, reserved 1048576K
}
2018-04-03T13:40:55.896+0700: 96.160: Total time for which application threads were stopped: 0.0061064 seconds, Stopping threads took: 0.0000272 seconds
2018-04-03T13:40:56.031+0700: 96.296: Total time for which application threads were stopped: 0.0001083 seconds, Stopping threads took: 0.0000341 seconds
2018-04-03T13:40:56.680+0700: 96.945: Total time for which application threads were stopped: 0.0001245 seconds, Stopping threads took: 0.0000232 seconds
{Heap before GC invocations=524 (full 1):
 par new generation   total 109248K, used 100541K [0x00000007a0000000, 0x00000007a8000000, 0x00000007a8000000)
  eden space 87424K, 100% used [0x00000007a0000000, 0x00000007a5560000, 0x00000007a5560000)
  from space 21824K,  60% used [0x00000007a5560000, 0x00000007a622f650, 0x00000007a6ab0000)
  to   space 21824K,   0% used [0x00000007a6ab0000, 0x00000007a6ab0000, 0x00000007a8000000)
 concurrent mark-sweep generation total 393216K, used 194970K [0x00000007a8000000, 0x00000007c0000000, 0x00000007c0000000)
 Metaspace       used 38721K, capacity 39770K, committed 39908K, reserved 1085440K
  class space    used 4502K, capacity 4800K, committed 4836K, reserved 1048576K
2018-04-03T13:40:56.689+0700: 96.953: [GC (Allocation Failure) 2018-04-03T13:40:56.689+0700: 96.953: [ParNew
Desired survivor size 20112992 bytes, new threshold 8 (max 8)
- age   1:    6851120 bytes,    6851120 total
- age   2:    2056336 bytes,    8907456 total
- age   3:     755400 bytes,    9662856 total
- age   4:     445672 bytes,   10108528 total
- age   5:     657456 bytes,   10765984 total
- age   6:     526944 bytes,   11292928 total
- age   7:     673248 bytes,   11966176 total
- age   8:     397264 bytes,   12363440 total
: 100541K->14663K(109248K), 0.0056128 secs] 295512K->210552K(502464K), 0.0057025 secs] [Times: user=0.02 sys=0.00, real=0.01 secs] 
Heap after GC invocations=525 (full 1):
 par new generation   total 109248K, used 14663K [0x00000007a0000000, 0x00000007a8000000, 0x00000007a8000000)
  eden space 87424K,   0% used [0x00000007a0000000, 0x00000007a0000000, 0x00000007a5560000)
  from space 21824K,  67% used [0x00000007a6ab0000, 0x00000007a7901c58, 0x00000007a8000000)
  to   space 21824K,   0% used [0x00000007a5560000, 0x00000007a5560000, 0x00000007a6ab0000)
 concurrent mark-sweep generation total 393216K, used 195889K [0x00000007a8000000, 0x00000007c0000000, 0x00000007c0000000)
 Metaspace       used 38721K, capacity 39770K, committed 39908K, reserved 1085440K
  class space    used 4502K, capacity 4800K, committed 4836K, reserved 1048576K
}
2018-04-03T13:40:56.695+0700: 96.959: Total time for which application threads were stopped: 0.0058711 seconds, Stopping threads took: 0.0000210 seconds
2018-04-03T13:40:56.831+0700: 97.095: Total time for which application threads were stopped: 0.0000993 seconds, Stopping threads took: 0.0000194 seconds
2018-04-03T13:40:56.832+0700: 97.096: Total time for which application threads were stopped: 0.0000504 seconds, Stopping threads took: 0.0000095 seconds
2018-04-03T13:40:57.015+0700: 97.280: Total time for which application threads were stopped: 0.0000980 seconds, Stopping threads took: 0.0000204 seconds
{Heap before GC invocations=525 (full 1):
 par new generation   total 109248K, used 102087K [0x00000007a0000000, 0x00000007a8000000, 0x00000007a8000000)
  eden space 87424K, 100% used [0x00000007a0000000, 0x00000007a5560000, 0x00000007a5560000)
  from space 21824K,  67% used [0x00000007a6ab0000, 0x00000007a7901c58, 0x00000007a8000000)
  to   space 21824K,   0% used [0x00000007a5560000, 0x00000007a5560000, 0x00000007a6ab0000)
 concurrent mark-sweep generation total 393216K, used 195889K [0x00000007a8000000, 0x00000007c0000000, 0x00000007c0000000)
 Metaspace       used 38730K, capacity 39770K, committed 39908K, reserved 1085440K
  class space    used 4502K, capacity 4800K, committed 4836K, reserved 1048576K
2018-04-03T13:40:57.048+0700: 97.312: [GC (Allocation Failure) 2018-04-03T13:40:57.048+0700: 97.312: [ParNew
Desired survivor size 20112992 bytes, new threshold 8 (max 8)
- age   1:    2198976 bytes,    2198976 total
- age   2:    1591592 bytes,    3790568 total
- age   3:     374152 bytes,    4164720 total
- age   4:     754664 bytes,    4919384 total
- age   5:     444360 bytes,    5363744 total
- age   6:     657456 bytes,    6021200 total
- age   7:     526944 bytes,    6548144 total
- age   8:     673248 bytes,    7221392 total
: 102087K->12729K(109248K), 0.0051788 secs] 297976K->209007K(502464K), 0.0052967 secs] [Times: user=0.01 sys=0.00, real=0.01 secs] 
Heap after GC invocations=526 (full 1):
 par new generation   total 109248K, used 12729K [0x00000007a0000000, 0x00000007a8000000, 0x00000007a8000000)
  eden space 87424K,   0% used [0x00000007a0000000, 0x00000007a0000000, 0x00000007a5560000)
  from space 21824K,  58% used [0x00000007a5560000, 0x00000007a61ce418, 0x00000007a6ab0000)
  to   space 21824K,   0% used [0x00000007a6ab0000, 0x00000007a6ab0000, 0x00000007a8000000)
 concurrent mark-sweep generation total 393216K, used 196278K [0x00000007a8000000, 0x00000007c0000000, 0x00000007c0000000)
 Metaspace       used 38730K, capacity 39770K, committed 39908K, reserved 1085440K
  class space    used 4502K, capacity 4800K, committed 4836K, reserved 1048576K
}
2018-04-03T13:40:57.053+0700: 97.317: Total time for which application threads were stopped: 0.0055114 seconds, Stopping threads took: 0.0000245 seconds
2018-04-03T13:40:57.683+0700: 97.948: Total time for which application threads were stopped: 0.0001756 seconds, Stopping threads took: 0.0000824 seconds
{Heap before GC invocations=526 (full 1):
 par new generation   total 109248K, used 100153K [0x00000007a0000000, 0x00000007a8000000, 0x00000007a8000000)
  eden space 87424K, 100% used [0x00000007a0000000, 0x00000007a5560000, 0x00000007a5560000)
  from space 21824K,  58% used [0x00000007a5560000, 0x00000007a61ce418, 0x00000007a6ab0000)
  to   space 21824K,   0% used [0x00000007a6ab0000, 0x00000007a6ab0000, 0x00000007a8000000)
 concurrent mark-sweep generation total 393216K, used 196278K [0x00000007a8000000, 0x00000007c0000000, 0x00000007c0000000)
 Metaspace       used 38750K, capacity 39778K, committed 39908K, reserved 1085440K
  class space    used 4504K, capacity 4804K, committed 4836K, reserved 1048576K
2018-04-03T13:40:57.713+0700: 97.977: [GC (Allocation Failure) 2018-04-03T13:40:57.713+0700: 97.977: [ParNew
Desired survivor size 20112992 bytes, new threshold 8 (max 8)
- age   1:    6107024 bytes,    6107024 total
- age   2:    1360912 bytes,    7467936 total
- age   3:    1295000 bytes,    8762936 total
- age   4:     373208 bytes,    9136144 total
- age   5:     754664 bytes,    9890808 total
- age   6:     444360 bytes,   10335168 total
- age   7:     657456 bytes,   10992624 total
- age   8:     526944 bytes,   11519568 total
: 100153K->13666K(109248K), 0.0056564 secs] 296431K->210601K(502464K), 0.0057281 secs] [Times: user=0.02 sys=0.00, real=0.00 secs] 
Heap after GC invocations=527 (full 1):
 par new generation   total 109248K, used 13666K [0x00000007a0000000, 0x00000007a8000000, 0x00000007a8000000)
  eden space 87424K,   0% used [0x00000007a0000000, 0x00000007a0000000, 0x00000007a5560000)
  from space 21824K,  62% used [0x00000007a6ab0000, 0x00000007a78088f0, 0x00000007a8000000)
  to   space 21824K,   0% used [0x00000007a5560000, 0x00000007a5560000, 0x00000007a6ab0000)
 concurrent mark-sweep generation total 393216K, used 196935K [0x00000007a8000000, 0x00000007c0000000, 0x00000007c0000000)
 Metaspace       used 38750K, capacity 39778K, committed 39908K, reserved 1085440K
  class space    used 4504K, capacity 4804K, committed 4836K, reserved 1048576K
}
2018-04-03T13:40:57.719+0700: 97.983: Total time for which application threads were stopped: 0.0058924 seconds, Stopping threads took: 0.0000189 seconds
2018-04-03T13:40:57.719+0700: 97.983: [GC (CMS Initial Mark) [1 CMS-initial-mark: 196935K(393216K)] 211165K(502464K), 0.0009316 secs] [Times: user=0.00 sys=0.00, real=0.01 secs] 
2018-04-03T13:40:57.720+0700: 97.984: Total time for which application threads were stopped: 0.0011160 seconds, Stopping threads took: 0.0000956 seconds
2018-04-03T13:40:57.720+0700: 97.984: [CMS-concurrent-mark-start]
2018-04-03T13:40:57.734+0700: 97.999: [CMS-concurrent-mark: 0.014/0.014 secs] [Times: user=0.07 sys=0.00, real=0.01 secs] 
2018-04-03T13:40:57.735+0700: 97.999: [CMS-concurrent-preclean-start]
2018-04-03T13:40:57.735+0700: 98.000: [CMS-concurrent-preclean: 0.001/0.001 secs] [Times: user=0.00 sys=0.00, real=0.00 secs] 
2018-04-03T13:40:57.735+0700: 98.000: [CMS-concurrent-abortable-preclean-start]
2018-04-03T13:40:57.746+0700: 98.011: Total time for which application threads were stopped: 0.0001580 seconds, Stopping threads took: 0.0000751 seconds
2018-04-03T13:40:57.747+0700: 98.011: Total time for which application threads were stopped: 0.0000798 seconds, Stopping threads took: 0.0000209 seconds
2018-04-03T13:40:58.003+0700: 98.267: Total time for which application threads were stopped: 0.0001286 seconds, Stopping threads took: 0.0000429 seconds
{Heap before GC invocations=527 (full 2):
 par new generation   total 109248K, used 101090K [0x00000007a0000000, 0x00000007a8000000, 0x00000007a8000000)
  eden space 87424K, 100% used [0x00000007a0000000, 0x00000007a5560000, 0x00000007a5560000)
  from space 21824K,  62% used [0x00000007a6ab0000, 0x00000007a78088f0, 0x00000007a8000000)
  to   space 21824K,   0% used [0x00000007a5560000, 0x00000007a5560000, 0x00000007a6ab0000)
 concurrent mark-sweep generation total 393216K, used 196935K [0x00000007a8000000, 0x00000007c0000000, 0x00000007c0000000)
 Metaspace       used 38757K, capacity 39778K, committed 39908K, reserved 1085440K
  class space    used 4504K, capacity 4804K, committed 4836K, reserved 1048576K
2018-04-03T13:40:58.045+0700: 98.309: [GC (Allocation Failure) 2018-04-03T13:40:58.045+0700: 98.309: [ParNew
Desired survivor size 20112992 bytes, new threshold 8 (max 8)
- age   1:    3757720 bytes,    3757720 total
- age   2:    1470048 bytes,    5227768 total
- age   3:     332080 bytes,    5559848 total
- age   4:     792640 bytes,    6352488 total
- age   5:     371816 bytes,    6724304 total
- age   6:     754664 bytes,    7478968 total
- age   7:     444360 bytes,    7923328 total
- age   8:     657456 bytes,    8580784 total
: 101090K->13962K(109248K), 0.0049190 secs] 298025K->211412K(502464K), 0.0050088 secs] [Times: user=0.02 sys=0.00, real=0.01 secs] 
Heap after GC invocations=528 (full 2):
 par new generation   total 109248K, used 13962K [0x00000007a0000000, 0x00000007a8000000, 0x00000007a8000000)
  eden space 87424K,   0% used [0x00000007a0000000, 0x00000007a0000000, 0x00000007a5560000)
  from space 21824K,  63% used [0x00000007a5560000, 0x00000007a6302950, 0x00000007a6ab0000)
  to   space 21824K,   0% used [0x00000007a6ab0000, 0x00000007a6ab0000, 0x00000007a8000000)
 concurrent mark-sweep generation total 393216K, used 197450K [0x00000007a8000000, 0x00000007c0000000, 0x00000007c0000000)
 Metaspace       used 38757K, capacity 39778K, committed 39908K, reserved 1085440K
  class space    used 4504K, capacity 4804K, committed 4836K, reserved 1048576K
}
2018-04-03T13:40:58.050+0700: 98.314: Total time for which application threads were stopped: 0.0051939 seconds, Stopping threads took: 0.0000279 seconds
2018-04-03T13:40:58.494+0700: 98.758: [CMS-concurrent-abortable-preclean: 0.095/0.758 secs] [Times: user=0.91 sys=0.03, real=0.76 secs] 
2018-04-03T13:40:58.494+0700: 98.758: [GC (CMS Final Remark) [YG occupancy: 71078 K (109248 K)]{Heap before GC invocations=528 (full 2):
 par new generation   total 109248K, used 71078K [0x00000007a0000000, 0x00000007a8000000, 0x00000007a8000000)
  eden space 87424K,  65% used [0x00000007a0000000, 0x00000007a37c71c0, 0x00000007a5560000)
  from space 21824K,  63% used [0x00000007a5560000, 0x00000007a6302950, 0x00000007a6ab0000)
  to   space 21824K,   0% used [0x00000007a6ab0000, 0x00000007a6ab0000, 0x00000007a8000000)
 concurrent mark-sweep generation total 393216K, used 197450K [0x00000007a8000000, 0x00000007c0000000, 0x00000007c0000000)
 Metaspace       used 38775K, capacity 39778K, committed 39908K, reserved 1085440K
  class space    used 4505K, capacity 4804K, committed 4836K, reserved 1048576K
2018-04-03T13:40:58.494+0700: 98.758: [GC (CMS Final Remark) 2018-04-03T13:40:58.494+0700: 98.758: [ParNew
Desired survivor size 20112992 bytes, new threshold 8 (max 8)
- age   1:    5206584 bytes,    5206584 total
- age   2:    2374624 bytes,    7581208 total
- age   3:    1469992 bytes,    9051200 total
- age   4:     331168 bytes,    9382368 total
- age   5:     792640 bytes,   10175008 total
- age   6:     370728 bytes,   10545736 total
- age   7:     754664 bytes,   11300400 total
- age   8:     444360 bytes,   11744760 total
: 71078K->14371K(109248K), 0.0053041 secs] 268529K->212463K(502464K), 0.0053755 secs] [Times: user=0.02 sys=0.00, real=0.01 secs] 
Heap after GC invocations=529 (full 2):
 par new generation   total 109248K, used 14371K [0x00000007a0000000, 0x00000007a8000000, 0x00000007a8000000)
  eden space 87424K,   0% used [0x00000007a0000000, 0x00000007a0000000, 0x00000007a5560000)
  from space 21824K,  65% used [0x00000007a6ab0000, 0x00000007a78b8d98, 0x00000007a8000000)
  to   space 21824K,   0% used [0x00000007a5560000, 0x00000007a5560000, 0x00000007a6ab0000)
 concurrent mark-sweep generation total 393216K, used 198092K [0x00000007a8000000, 0x00000007c0000000, 0x00000007c0000000)
 Metaspace       used 38775K, capacity 39778K, committed 39908K, reserved 1085440K
  class space    used 4505K, capacity 4804K, committed 4836K, reserved 1048576K
}
2018-04-03T13:40:58.500+0700: 98.764: [Rescan (parallel) , 0.0012100 secs]2018-04-03T13:40:58.501+0700: 98.765: [weak refs processing, 0.0007685 secs]2018-04-03T13:40:58.502+0700: 98.766: [class unloading, 0.0114717 secs]2018-04-03T13:40:58.513+0700: 98.777: [scrub symbol table, 0.0041672 secs]2018-04-03T13:40:58.517+0700: 98.782: [scrub string table, 0.0004494 secs][1 CMS-remark: 198092K(393216K)] 212463K(502464K), 0.0248071 secs] [Times: user=0.04 sys=0.00, real=0.02 secs] 
2018-04-03T13:40:58.519+0700: 98.783: Total time for which application threads were stopped: 0.0250668 seconds, Stopping threads took: 0.0000991 seconds
2018-04-03T13:40:58.519+0700: 98.783: [CMS-concurrent-sweep-start]
2018-04-03T13:40:58.536+0700: 98.800: [CMS-concurrent-sweep: 0.017/0.017 secs] [Times: user=0.04 sys=0.00, real=0.02 secs] 
2018-04-03T13:40:58.536+0700: 98.801: [CMS-concurrent-reset-start]
2018-04-03T13:40:58.537+0700: 98.801: [CMS-concurrent-reset: 0.000/0.000 secs] [Times: user=0.00 sys=0.00, real=0.00 secs] 
2018-04-03T13:40:58.687+0700: 98.952: Total time for which application threads were stopped: 0.0004005 seconds, Stopping threads took: 0.0000839 seconds
{Heap before GC invocations=529 (full 2):
 par new generation   total 109248K, used 101795K [0x00000007a0000000, 0x00000007a8000000, 0x00000007a8000000)
  eden space 87424K, 100% used [0x00000007a0000000, 0x00000007a5560000, 0x00000007a5560000)
  from space 21824K,  65% used [0x00000007a6ab0000, 0x00000007a78b8d98, 0x00000007a8000000)
  to   space 21824K,   0% used [0x00000007a5560000, 0x00000007a5560000, 0x00000007a6ab0000)
 concurrent mark-sweep generation total 393216K, used 37233K [0x00000007a8000000, 0x00000007c0000000, 0x00000007c0000000)
 Metaspace       used 38664K, capacity 39522K, committed 39908K, reserved 1085440K
  class space    used 4470K, capacity 4740K, committed 4836K, reserved 1048576K
2018-04-03T13:40:58.745+0700: 99.009: [GC (Allocation Failure) 2018-04-03T13:40:58.745+0700: 99.009: [ParNew
Desired survivor size 20112992 bytes, new threshold 8 (max 8)
- age   1:    5991400 bytes,    5991400 total
- age   2:    2938736 bytes,    8930136 total
- age   3:    2324808 bytes,   11254944 total
- age   4:    1175944 bytes,   12430888 total
- age   5:     331136 bytes,   12762024 total
- age   6:     792296 bytes,   13554320 total
- age   7:     370728 bytes,   13925048 total
- age   8:     754664 bytes,   14679712 total
: 101795K->21824K(109248K), 0.0038710 secs] 139029K->59491K(502464K), 0.0039473 secs] [Times: user=0.02 sys=0.00, real=0.00 secs] 
Heap after GC invocations=530 (full 2):
 par new generation   total 109248K, used 21824K [0x00000007a0000000, 0x00000007a8000000, 0x00000007a8000000)
  eden space 87424K,   0% used [0x00000007a0000000, 0x00000007a0000000, 0x00000007a5560000)
  from space 21824K, 100% used [0x00000007a5560000, 0x00000007a6ab0000, 0x00000007a6ab0000)
  to   space 21824K,   0% used [0x00000007a6ab0000, 0x00000007a6ab0000, 0x00000007a8000000)
 concurrent mark-sweep generation total 393216K, used 37667K [0x00000007a8000000, 0x00000007c0000000, 0x00000007c0000000)
 Metaspace       used 38664K, capacity 39522K, committed 39908K, reserved 1085440K
  class space    used 4470K, capacity 4740K, committed 4836K, reserved 1048576K
}
2018-04-03T13:40:58.749+0700: 99.013: Total time for which application threads were stopped: 0.0042073 seconds, Stopping threads took: 0.0000716 seconds
2018-04-03T13:40:58.851+0700: 99.116: Total time for which application threads were stopped: 0.0001816 seconds, Stopping threads took: 0.0000178 seconds
2018-04-03T13:40:58.852+0700: 99.116: Total time for which application threads were stopped: 0.0000493 seconds, Stopping threads took: 0.0000078 seconds
2018-04-03T13:40:59.005+0700: 99.269: Total time for which application threads were stopped: 0.0000927 seconds, Stopping threads took: 0.0000182 seconds
{Heap before GC invocations=530 (full 2):
 par new generation   total 109248K, used 109248K [0x00000007a0000000, 0x00000007a8000000, 0x00000007a8000000)
  eden space 87424K, 100% used [0x00000007a0000000, 0x00000007a5560000, 0x00000007a5560000)
  from space 21824K, 100% used [0x00000007a5560000, 0x00000007a6ab0000, 0x00000007a6ab0000)
  to   space 21824K,   0% used [0x00000007a6ab0000, 0x00000007a6ab0000, 0x00000007a8000000)
 concurrent mark-sweep generation total 393216K, used 37667K [0x00000007a8000000, 0x00000007c0000000, 0x00000007c0000000)
 Metaspace       used 38666K, capacity 39522K, committed 39908K, reserved 1085440K
  class space    used 4470K, capacity 4740K, committed 4836K, reserved 1048576K
2018-04-03T13:40:59.366+0700: 99.630: [GC (Allocation Failure) 2018-04-03T13:40:59.366+0700: 99.630: [ParNew
Desired survivor size 20112992 bytes, new threshold 8 (max 8)
- age   1:    5408392 bytes,    5408392 total
- age   2:    1703648 bytes,    7112040 total
- age   3:     552720 bytes,    7664760 total
- age   4:     532152 bytes,    8196912 total
- age   5:     674120 bytes,    8871032 total
- age   6:     329664 bytes,    9200696 total
- age   7:     792296 bytes,    9992992 total
- age   8:     370728 bytes,   10363720 total
: 109248K->13484K(109248K), 0.0043412 secs] 146915K->51889K(502464K), 0.0044511 secs] [Times: user=0.01 sys=0.00, real=0.01 secs] 
Heap after GC invocations=531 (full 2):
 par new generation   total 109248K, used 13484K [0x00000007a0000000, 0x00000007a8000000, 0x00000007a8000000)
  eden space 87424K,   0% used [0x00000007a0000000, 0x00000007a0000000, 0x00000007a5560000)
  from space 21824K,  61% used [0x00000007a6ab0000, 0x00000007a77db0b8, 0x00000007a8000000)
  to   space 21824K,   0% used [0x00000007a5560000, 0x00000007a5560000, 0x00000007a6ab0000)
 concurrent mark-sweep generation total 393216K, used 38404K [0x00000007a8000000, 0x00000007c0000000, 0x00000007c0000000)
 Metaspace       used 38666K, capacity 39522K, committed 39908K, reserved 1085440K
  class space    used 4470K, capacity 4740K, committed 4836K, reserved 1048576K
}
2018-04-03T13:40:59.370+0700: 99.635: Total time for which application threads were stopped: 0.0047630 seconds, Stopping threads took: 0.0000356 seconds
2018-04-03T13:40:59.689+0700: 99.954: Total time for which application threads were stopped: 0.0001791 seconds, Stopping threads took: 0.0000198 seconds
{Heap before GC invocations=531 (full 2):
 par new generation   total 109248K, used 100908K [0x00000007a0000000, 0x00000007a8000000, 0x00000007a8000000)
  eden space 87424K, 100% used [0x00000007a0000000, 0x00000007a5560000, 0x00000007a5560000)
  from space 21824K,  61% used [0x00000007a6ab0000, 0x00000007a77db0b8, 0x00000007a8000000)
  to   space 21824K,   0% used [0x00000007a5560000, 0x00000007a5560000, 0x00000007a6ab0000)
 concurrent mark-sweep generation total 393216K, used 38404K [0x00000007a8000000, 0x00000007c0000000, 0x00000007c0000000)
 Metaspace       used 38667K, capacity 39522K, committed 39908K, reserved 1085440K
  class space    used 4470K, capacity 4740K, committed 4836K, reserved 1048576K
2018-04-03T13:40:59.747+0700: 100.012: [GC (Allocation Failure) 2018-04-03T13:40:59.747+0700: 100.012: [ParNew
Desired survivor size 20112992 bytes, new threshold 8 (max 8)
- age   1:    4941936 bytes,    4941936 total
- age   2:    3313576 bytes,    8255512 total
- age   3:    1379864 bytes,    9635376 total
- age   4:     552720 bytes,   10188096 total
- age   5:     531208 bytes,   10719304 total
- age   6:     674120 bytes,   11393424 total
- age   7:     329664 bytes,   11723088 total
- age   8:     792296 bytes,   12515384 total
: 100908K->15880K(109248K), 0.0036761 secs] 139313K->54647K(502464K), 0.0037465 secs] [Times: user=0.01 sys=0.00, real=0.01 secs] 
Heap after GC invocations=532 (full 2):
 par new generation   total 109248K, used 15880K [0x00000007a0000000, 0x00000007a8000000, 0x00000007a8000000)
  eden space 87424K,   0% used [0x00000007a0000000, 0x00000007a0000000, 0x00000007a5560000)
  from space 21824K,  72% used [0x00000007a5560000, 0x00000007a64e2260, 0x00000007a6ab0000)
  to   space 21824K,   0% used [0x00000007a6ab0000, 0x00000007a6ab0000, 0x00000007a8000000)
 concurrent mark-sweep generation total 393216K, used 38767K [0x00000007a8000000, 0x00000007c0000000, 0x00000007c0000000)
 Metaspace       used 38667K, capacity 39522K, committed 39908K, reserved 1085440K
  class space    used 4470K, capacity 4740K, committed 4836K, reserved 1048576K
}
2018-04-03T13:40:59.751+0700: 100.015: Total time for which application threads were stopped: 0.0039123 seconds, Stopping threads took: 0.0000194 seconds
2018-04-03T13:40:59.784+0700: 100.049: Total time for which application threads were stopped: 0.0001849 seconds, Stopping threads took: 0.0000860 seconds
2018-04-03T13:40:59.784+0700: 100.049: Total time for which application threads were stopped: 0.0001175 seconds, Stopping threads took: 0.0000561 seconds
2018-04-03T13:40:59.785+0700: 100.049: Total time for which application threads were stopped: 0.0001191 seconds, Stopping threads took: 0.0000556 seconds
2018-04-03T13:40:59.785+0700: 100.049: Total time for which application threads were stopped: 0.0001291 seconds, Stopping threads took: 0.0000704 seconds
2018-04-03T13:40:59.787+0700: 100.051: Total time for which application threads were stopped: 0.0001359 seconds, Stopping threads took: 0.0000530 seconds
2018-04-03T13:40:59.860+0700: 100.124: Total time for which application threads were stopped: 0.0011310 seconds, Stopping threads took: 0.0000207 seconds
2018-04-03T13:40:59.908+0700: 100.172: Total time for which application threads were stopped: 0.0001114 seconds, Stopping threads took: 0.0000202 seconds
2018-04-03T13:40:59.909+0700: 100.173: Total time for which application threads were stopped: 0.0000632 seconds, Stopping threads took: 0.0000112 seconds
2018-04-03T13:40:59.909+0700: 100.173: Total time for which application threads were stopped: 0.0000621 seconds, Stopping threads took: 0.0000197 seconds
2018-04-03T13:40:59.909+0700: 100.173: Total time for which application threads were stopped: 0.0000395 seconds, Stopping threads took: 0.0000076 seconds
2018-04-03T13:40:59.909+0700: 100.173: Total time for which application threads were stopped: 0.0000524 seconds, Stopping threads took: 0.0000087 seconds
2018-04-03T13:40:59.909+0700: 100.174: Total time for which application threads were stopped: 0.0000621 seconds, Stopping threads took: 0.0000089 seconds
2018-04-03T13:40:59.912+0700: 100.176: Total time for which application threads were stopped: 0.0006607 seconds, Stopping threads took: 0.0000136 seconds
2018-04-03T13:40:59.972+0700: 100.236: Total time for which application threads were stopped: 0.0002351 seconds, Stopping threads took: 0.0000443 seconds
2018-04-03T13:40:59.972+0700: 100.237: Total time for which application threads were stopped: 0.0000920 seconds, Stopping threads took: 0.0000372 seconds
{Heap before GC invocations=532 (full 2):
 par new generation   total 109248K, used 103304K [0x00000007a0000000, 0x00000007a8000000, 0x00000007a8000000)
  eden space 87424K, 100% used [0x00000007a0000000, 0x00000007a5560000, 0x00000007a5560000)
  from space 21824K,  72% used [0x00000007a5560000, 0x00000007a64e2260, 0x00000007a6ab0000)
  to   space 21824K,   0% used [0x00000007a6ab0000, 0x00000007a6ab0000, 0x00000007a8000000)
 concurrent mark-sweep generation total 393216K, used 38767K [0x00000007a8000000, 0x00000007c0000000, 0x00000007c0000000)
 Metaspace       used 38837K, capacity 39746K, committed 40164K, reserved 1085440K
  class space    used 4493K, capacity 4772K, committed 4836K, reserved 1048576K
2018-04-03T13:41:00.034+0700: 100.298: [GC (Allocation Failure) 2018-04-03T13:41:00.034+0700: 100.298: [ParNew
Desired survivor size 20112992 bytes, new threshold 8 (max 8)
- age   1:    4129840 bytes,    4129840 total
- age   2:     382072 bytes,    4511912 total
- age   3:     686880 bytes,    5198792 total
- age   4:     352128 bytes,    5550920 total
- age   5:     552720 bytes,    6103640 total
- age   6:     529576 bytes,    6633216 total
- age   7:     674120 bytes,    7307336 total
- age   8:     329584 bytes,    7636920 total
: 103304K->11813K(109248K), 0.0039596 secs] 142071K->51354K(502464K), 0.0040954 secs] [Times: user=0.02 sys=0.00, real=0.00 secs] 
Heap after GC invocations=533 (full 2):
 par new generation   total 109248K, used 11813K [0x00000007a0000000, 0x00000007a8000000, 0x00000007a8000000)
  eden space 87424K,   0% used [0x00000007a0000000, 0x00000007a0000000, 0x00000007a5560000)
  from space 21824K,  54% used [0x00000007a6ab0000, 0x00000007a7639540, 0x00000007a8000000)
  to   space 21824K,   0% used [0x00000007a5560000, 0x00000007a5560000, 0x00000007a6ab0000)
 concurrent mark-sweep generation total 393216K, used 39541K [0x00000007a8000000, 0x00000007c0000000, 0x00000007c0000000)
 Metaspace       used 38837K, capacity 39746K, committed 40164K, reserved 1085440K
  class space    used 4493K, capacity 4772K, committed 4836K, reserved 1048576K
}
2018-04-03T13:41:00.038+0700: 100.302: Total time for which application threads were stopped: 0.0042988 seconds, Stopping threads took: 0.0000368 seconds
2018-04-03T13:41:00.196+0700: 100.461: Total time for which application threads were stopped: 0.0001946 seconds, Stopping threads took: 0.0000830 seconds
{Heap before GC invocations=533 (full 2):
 par new generation   total 109248K, used 99237K [0x00000007a0000000, 0x00000007a8000000, 0x00000007a8000000)
  eden space 87424K, 100% used [0x00000007a0000000, 0x00000007a5560000, 0x00000007a5560000)
  from space 21824K,  54% used [0x00000007a6ab0000, 0x00000007a7639540, 0x00000007a8000000)
  to   space 21824K,   0% used [0x00000007a5560000, 0x00000007a5560000, 0x00000007a6ab0000)
 concurrent mark-sweep generation total 393216K, used 39541K [0x00000007a8000000, 0x00000007c0000000, 0x00000007c0000000)
 Metaspace       used 38841K, capacity 39746K, committed 40164K, reserved 1085440K
  class space    used 4493K, capacity 4772K, committed 4836K, reserved 1048576K
2018-04-03T13:41:00.205+0700: 100.469: [GC (Allocation Failure) 2018-04-03T13:41:00.205+0700: 100.469: [ParNew
Desired survivor size 20112992 bytes, new threshold 8 (max 8)
- age   1:    1148880 bytes,    1148880 total
- age   2:    3231824 bytes,    4380704 total
- age   3:     381816 bytes,    4762520 total
- age   4:     685968 bytes,    5448488 total
- age   5:     352128 bytes,    5800616 total
- age   6:     552720 bytes,    6353336 total
- age   7:     529576 bytes,    6882912 total
- age   8:     674120 bytes,    7557032 total
: 99237K->9188K(109248K), 0.0038421 secs] 138778K->49051K(502464K), 0.0039453 secs] [Times: user=0.02 sys=0.00, real=0.00 secs] 
Heap after GC invocations=534 (full 2):
 par new generation   total 109248K, used 9188K [0x00000007a0000000, 0x00000007a8000000, 0x00000007a8000000)
  eden space 87424K,   0% used [0x00000007a0000000, 0x00000007a0000000, 0x00000007a5560000)
  from space 21824K,  42% used [0x00000007a5560000, 0x00000007a5e59060, 0x00000007a6ab0000)
  to   space 21824K,   0% used [0x00000007a6ab0000, 0x00000007a6ab0000, 0x00000007a8000000)
 concurrent mark-sweep generation total 393216K, used 39863K [0x00000007a8000000, 0x00000007c0000000, 0x00000007c0000000)
 Metaspace       used 38841K, capacity 39746K, committed 40164K, reserved 1085440K
  class space    used 4493K, capacity 4772K, committed 4836K, reserved 1048576K
}
2018-04-03T13:41:00.209+0700: 100.473: Total time for which application threads were stopped: 0.0041797 seconds, Stopping threads took: 0.0000350 seconds
{Heap before GC invocations=534 (full 2):
 par new generation   total 109248K, used 96612K [0x00000007a0000000, 0x00000007a8000000, 0x00000007a8000000)
  eden space 87424K, 100% used [0x00000007a0000000, 0x00000007a5560000, 0x00000007a5560000)
  from space 21824K,  42% used [0x00000007a5560000, 0x00000007a5e59060, 0x00000007a6ab0000)
  to   space 21824K,   0% used [0x00000007a6ab0000, 0x00000007a6ab0000, 0x00000007a8000000)
 concurrent mark-sweep generation total 393216K, used 39863K [0x00000007a8000000, 0x00000007c0000000, 0x00000007c0000000)
 Metaspace       used 38841K, capacity 39746K, committed 40164K, reserved 1085440K
  class space    used 4493K, capacity 4772K, committed 4836K, reserved 1048576K
2018-04-03T13:41:00.275+0700: 100.540: [GC (Allocation Failure) 2018-04-03T13:41:00.276+0700: 100.540: [ParNew
Desired survivor size 20112992 bytes, new threshold 8 (max 8)
- age   1:    1968312 bytes,    1968312 total
- age   2:     334184 bytes,    2302496 total
- age   3:    3038360 bytes,    5340856 total
- age   4:     381560 bytes,    5722416 total
- age   5:     685968 bytes,    6408384 total
- age   6:     352128 bytes,    6760512 total
- age   7:     552720 bytes,    7313232 total
- age   8:     529576 bytes,    7842808 total
: 96612K->11147K(109248K), 0.0036274 secs] 136475K->51669K(502464K), 0.0037041 secs] [Times: user=0.01 sys=0.00, real=0.00 secs] 
Heap after GC invocations=535 (full 2):
 par new generation   total 109248K, used 11147K [0x00000007a0000000, 0x00000007a8000000, 0x00000007a8000000)
  eden space 87424K,   0% used [0x00000007a0000000, 0x00000007a0000000, 0x00000007a5560000)
  from space 21824K,  51% used [0x00000007a6ab0000, 0x00000007a7592fc0, 0x00000007a8000000)
  to   space 21824K,   0% used [0x00000007a5560000, 0x00000007a5560000, 0x00000007a6ab0000)
 concurrent mark-sweep generation total 393216K, used 40521K [0x00000007a8000000, 0x00000007c0000000, 0x00000007c0000000)
 Metaspace       used 38841K, capacity 39746K, committed 40164K, reserved 1085440K
  class space    used 4493K, capacity 4772K, committed 4836K, reserved 1048576K
}
2018-04-03T13:41:00.279+0700: 100.544: Total time for which application threads were stopped: 0.0039839 seconds, Stopping threads took: 0.0000966 seconds
{Heap before GC invocations=535 (full 2):
 par new generation   total 109248K, used 98571K [0x00000007a0000000, 0x00000007a8000000, 0x00000007a8000000)
  eden space 87424K, 100% used [0x00000007a0000000, 0x00000007a5560000, 0x00000007a5560000)
  from space 21824K,  51% used [0x00000007a6ab0000, 0x00000007a7592fc0, 0x00000007a8000000)
  to   space 21824K,   0% used [0x00000007a5560000, 0x00000007a5560000, 0x00000007a6ab0000)
 concurrent mark-sweep generation total 393216K, used 40521K [0x00000007a8000000, 0x00000007c0000000, 0x00000007c0000000)
 Metaspace       used 38842K, capacity 39746K, committed 40164K, reserved 1085440K
  class space    used 4493K, capacity 4772K, committed 4836K, reserved 1048576K
2018-04-03T13:41:00.379+0700: 100.643: [GC (Allocation Failure) 2018-04-03T13:41:00.379+0700: 100.643: [ParNew
Desired survivor size 20112992 bytes, new threshold 8 (max 8)
- age   1:    1142048 bytes,    1142048 total
- age   2:    1066592 bytes,    2208640 total
- age   3:     333648 bytes,    2542288 total
- age   4:    3005728 bytes,    5548016 total
- age   5:     381560 bytes,    5929576 total
- age   6:     685968 bytes,    6615544 total
- age   7:     352128 bytes,    6967672 total
- age   8:     552720 bytes,    7520392 total
: 98571K->10045K(109248K), 0.0036744 secs] 139093K->51084K(502464K), 0.0037509 secs] [Times: user=0.01 sys=0.00, real=0.01 secs] 
Heap after GC invocations=536 (full 2):
 par new generation   total 109248K, used 10045K [0x00000007a0000000, 0x00000007a8000000, 0x00000007a8000000)
  eden space 87424K,   0% used [0x00000007a0000000, 0x00000007a0000000, 0x00000007a5560000)
  from space 21824K,  46% used [0x00000007a5560000, 0x00000007a5f2f630, 0x00000007a6ab0000)
  to   space 21824K,   0% used [0x00000007a6ab0000, 0x00000007a6ab0000, 0x00000007a8000000)
 concurrent mark-sweep generation total 393216K, used 41039K [0x00000007a8000000, 0x00000007c0000000, 0x00000007c0000000)
 Metaspace       used 38842K, capacity 39746K, committed 40164K, reserved 1085440K
  class space    used 4493K, capacity 4772K, committed 4836K, reserved 1048576K
}
2018-04-03T13:41:00.383+0700: 100.647: Total time for which application threads were stopped: 0.0039321 seconds, Stopping threads took: 0.0000201 seconds
2018-04-03T13:41:00.452+0700: 100.717: Total time for which application threads were stopped: 0.0002239 seconds, Stopping threads took: 0.0000808 seconds
2018-04-03T13:41:00.452+0700: 100.717: Total time for which application threads were stopped: 0.0001223 seconds, Stopping threads took: 0.0000631 seconds
2018-04-03T13:41:00.455+0700: 100.719: Total time for which application threads were stopped: 0.0012546 seconds, Stopping threads took: 0.0000512 seconds
2018-04-03T13:41:00.498+0700: 100.762: Total time for which application threads were stopped: 0.0001303 seconds, Stopping threads took: 0.0000188 seconds
2018-04-03T13:41:00.498+0700: 100.762: Total time for which application threads were stopped: 0.0001570 seconds, Stopping threads took: 0.0000223 seconds
{Heap before GC invocations=536 (full 2):
 par new generation   total 109248K, used 97469K [0x00000007a0000000, 0x00000007a8000000, 0x00000007a8000000)
  eden space 87424K, 100% used [0x00000007a0000000, 0x00000007a5560000, 0x00000007a5560000)
  from space 21824K,  46% used [0x00000007a5560000, 0x00000007a5f2f630, 0x00000007a6ab0000)
  to   space 21824K,   0% used [0x00000007a6ab0000, 0x00000007a6ab0000, 0x00000007a8000000)
 concurrent mark-sweep generation total 393216K, used 41039K [0x00000007a8000000, 0x00000007c0000000, 0x00000007c0000000)
 Metaspace       used 38873K, capacity 39810K, committed 40164K, reserved 1085440K
  class space    used 4496K, capacity 4772K, committed 4836K, reserved 1048576K
2018-04-03T13:41:00.632+0700: 100.897: [GC (Allocation Failure) 2018-04-03T13:41:00.632+0700: 100.897: [ParNew
Desired survivor size 20112992 bytes, new threshold 8 (max 8)
- age   1:    2763344 bytes,    2763344 total
- age   2:     185520 bytes,    2948864 total
- age   3:     772040 bytes,    3720904 total
- age   4:     241560 bytes,    3962464 total
- age   5:    2622712 bytes,    6585176 total
- age   6:     381304 bytes,    6966480 total
- age   7:     685920 bytes,    7652400 total
- age   8:     352128 bytes,    8004528 total
: 97469K->9675K(109248K), 0.0028923 secs] 138508K->51253K(502464K), 0.0029647 secs] [Times: user=0.01 sys=0.00, real=0.00 secs] 
Heap after GC invocations=537 (full 2):
 par new generation   total 109248K, used 9675K [0x00000007a0000000, 0x00000007a8000000, 0x00000007a8000000)
  eden space 87424K,   0% used [0x00000007a0000000, 0x00000007a0000000, 0x00000007a5560000)
  from space 21824K,  44% used [0x00000007a6ab0000, 0x00000007a7422c50, 0x00000007a8000000)
  to   space 21824K,   0% used [0x00000007a5560000, 0x00000007a5560000, 0x00000007a6ab0000)
 concurrent mark-sweep generation total 393216K, used 41578K [0x00000007a8000000, 0x00000007c0000000, 0x00000007c0000000)
 Metaspace       used 38873K, capacity 39810K, committed 40164K, reserved 1085440K
  class space    used 4496K, capacity 4772K, committed 4836K, reserved 1048576K
}
2018-04-03T13:41:00.635+0700: 100.900: Total time for which application threads were stopped: 0.0031528 seconds, Stopping threads took: 0.0000211 seconds
2018-04-03T13:41:00.759+0700: 101.024: Total time for which application threads were stopped: 0.0001574 seconds, Stopping threads took: 0.0000413 seconds
2018-04-03T13:41:00.822+0700: 101.087: Total time for which application threads were stopped: 0.0001157 seconds, Stopping threads took: 0.0000333 seconds
2018-04-03T13:41:00.822+0700: 101.087: Total time for which application threads were stopped: 0.0000476 seconds, Stopping threads took: 0.0000193 seconds
2018-04-03T13:41:00.823+0700: 101.087: Total time for which application threads were stopped: 0.0000418 seconds, Stopping threads took: 0.0000139 seconds
2018-04-03T13:41:00.823+0700: 101.087: Total time for which application threads were stopped: 0.0000456 seconds, Stopping threads took: 0.0000184 seconds
2018-04-03T13:41:00.823+0700: 101.087: Total time for which application threads were stopped: 0.0000413 seconds, Stopping threads took: 0.0000141 seconds
2018-04-03T13:41:00.834+0700: 101.099: Total time for which application threads were stopped: 0.0001129 seconds, Stopping threads took: 0.0000491 seconds
2018-04-03T13:41:00.834+0700: 101.099: Total time for which application threads were stopped: 0.0000580 seconds, Stopping threads took: 0.0000247 seconds
2018-04-03T13:41:00.835+0700: 101.099: Total time for which application threads were stopped: 0.0000865 seconds, Stopping threads took: 0.0000461 seconds
2018-04-03T13:41:00.835+0700: 101.099: Total time for which application threads were stopped: 0.0000652 seconds, Stopping threads took: 0.0000213 seconds
{Heap before GC invocations=537 (full 2):
 par new generation   total 109248K, used 97099K [0x00000007a0000000, 0x00000007a8000000, 0x00000007a8000000)
  eden space 87424K, 100% used [0x00000007a0000000, 0x00000007a5560000, 0x00000007a5560000)
  from space 21824K,  44% used [0x00000007a6ab0000, 0x00000007a7422c50, 0x00000007a8000000)
  to   space 21824K,   0% used [0x00000007a5560000, 0x00000007a5560000, 0x00000007a6ab0000)
 concurrent mark-sweep generation total 393216K, used 41578K [0x00000007a8000000, 0x00000007c0000000, 0x00000007c0000000)
 Metaspace       used 38877K, capacity 39810K, committed 40164K, reserved 1085440K
  class space    used 4496K, capacity 4772K, committed 4836K, reserved 1048576K
2018-04-03T13:41:00.891+0700: 101.155: [GC (Allocation Failure) 2018-04-03T13:41:00.891+0700: 101.155: [ParNew
Desired survivor size 20112992 bytes, new threshold 8 (max 8)
- age   1:    2256640 bytes,    2256640 total
- age   2:     196896 bytes,    2453536 total
- age   3:      33624 bytes,    2487160 total
- age   4:     138320 bytes,    2625480 total
- age   5:      69824 bytes,    2695304 total
- age   6:     411248 bytes,    3106552 total
- age   7:     380568 bytes,    3487120 total
- age   8:     684256 bytes,    4171376 total
: 97099K->6826K(109248K), 0.0027933 secs] 138677K->48749K(502464K), 0.0028714 secs] [Times: user=0.01 sys=0.00, real=0.00 secs] 
Heap after GC invocations=538 (full 2):
 par new generation   total 109248K, used 6826K [0x00000007a0000000, 0x00000007a8000000, 0x00000007a8000000)
  eden space 87424K,   0% used [0x00000007a0000000, 0x00000007a0000000, 0x00000007a5560000)
  from space 21824K,  31% used [0x00000007a5560000, 0x00000007a5c0aae0, 0x00000007a6ab0000)
  to   space 21824K,   0% used [0x00000007a6ab0000, 0x00000007a6ab0000, 0x00000007a8000000)
 concurrent mark-sweep generation total 393216K, used 41922K [0x00000007a8000000, 0x00000007c0000000, 0x00000007c0000000)
 Metaspace       used 38877K, capacity 39810K, committed 40164K, reserved 1085440K
  class space    used 4496K, capacity 4772K, committed 4836K, reserved 1048576K
}
2018-04-03T13:41:00.894+0700: 101.158: Total time for which application threads were stopped: 0.0030547 seconds, Stopping threads took: 0.0000152 seconds
2018-04-03T13:41:01.043+0700: 101.308: Total time for which application threads were stopped: 0.0000925 seconds, Stopping threads took: 0.0000197 seconds
2018-04-03T13:41:01.053+0700: 101.317: Total time for which application threads were stopped: 0.0000976 seconds, Stopping threads took: 0.0000150 seconds
2018-04-03T13:41:01.053+0700: 101.318: Total time for which application threads were stopped: 0.0000699 seconds, Stopping threads took: 0.0000120 seconds
{Heap before GC invocations=538 (full 2):
 par new generation   total 109248K, used 94250K [0x00000007a0000000, 0x00000007a8000000, 0x00000007a8000000)
  eden space 87424K, 100% used [0x00000007a0000000, 0x00000007a5560000, 0x00000007a5560000)
  from space 21824K,  31% used [0x00000007a5560000, 0x00000007a5c0aae0, 0x00000007a6ab0000)
  to   space 21824K,   0% used [0x00000007a6ab0000, 0x00000007a6ab0000, 0x00000007a8000000)
 concurrent mark-sweep generation total 393216K, used 41922K [0x00000007a8000000, 0x00000007c0000000, 0x00000007c0000000)
 Metaspace       used 38895K, capacity 39810K, committed 40164K, reserved 1085440K
  class space    used 4496K, capacity 4772K, committed 4836K, reserved 1048576K
2018-04-03T13:41:01.531+0700: 101.795: [GC (Allocation Failure) 2018-04-03T13:41:01.531+0700: 101.795: [ParNew
Desired survivor size 20112992 bytes, new threshold 8 (max 8)
- age   1:    6747296 bytes,    6747296 total
- age   2:    1889144 bytes,    8636440 total
- age   3:     195904 bytes,    8832344 total
- age   4:      33624 bytes,    8865968 total
- age   5:     138320 bytes,    9004288 total
- age   6:      69824 bytes,    9074112 total
- age   7:     410336 bytes,    9484448 total
- age   8:     380568 bytes,    9865016 total
: 94250K->11581K(109248K), 0.0048647 secs] 136173K->54172K(502464K), 0.0049425 secs] [Times: user=0.01 sys=0.00, real=0.00 secs] 
Heap after GC invocations=539 (full 2):
 par new generation   total 109248K, used 11581K [0x00000007a0000000, 0x00000007a8000000, 0x00000007a8000000)
  eden space 87424K,   0% used [0x00000007a0000000, 0x00000007a0000000, 0x00000007a5560000)
  from space 21824K,  53% used [0x00000007a6ab0000, 0x00000007a75ff610, 0x00000007a8000000)
  to   space 21824K,   0% used [0x00000007a5560000, 0x00000007a5560000, 0x00000007a6ab0000)
 concurrent mark-sweep generation total 393216K, used 42591K [0x00000007a8000000, 0x00000007c0000000, 0x00000007c0000000)
 Metaspace       used 38895K, capacity 39810K, committed 40164K, reserved 1085440K
  class space    used 4496K, capacity 4772K, committed 4836K, reserved 1048576K
}
2018-04-03T13:41:01.536+0700: 101.800: Total time for which application threads were stopped: 0.0051284 seconds, Stopping threads took: 0.0000214 seconds
2018-04-03T13:41:01.856+0700: 102.120: Total time for which application threads were stopped: 0.0001102 seconds, Stopping threads took: 0.0000285 seconds
{Heap before GC invocations=539 (full 2):
 par new generation   total 109248K, used 99005K [0x00000007a0000000, 0x00000007a8000000, 0x00000007a8000000)
  eden space 87424K, 100% used [0x00000007a0000000, 0x00000007a5560000, 0x00000007a5560000)
  from space 21824K,  53% used [0x00000007a6ab0000, 0x00000007a75ff610, 0x00000007a8000000)
  to   space 21824K,   0% used [0x00000007a5560000, 0x00000007a5560000, 0x00000007a6ab0000)
 concurrent mark-sweep generation total 393216K, used 42591K [0x00000007a8000000, 0x00000007c0000000, 0x00000007c0000000)
 Metaspace       used 38906K, capacity 39874K, committed 40420K, reserved 1085440K
  class space    used 4496K, capacity 4772K, committed 4836K, reserved 1048576K
2018-04-03T13:41:01.931+0700: 102.195: [GC (Allocation Failure) 2018-04-03T13:41:01.931+0700: 102.195: [ParNew
Desired survivor size 20112992 bytes, new threshold 8 (max 8)
- age   1:     399920 bytes,     399920 total
- age   2:    1220480 bytes,    1620400 total
- age   3:     836896 bytes,    2457296 total
- age   4:     195904 bytes,    2653200 total
- age   5:      33624 bytes,    2686824 total
- age   6:     138320 bytes,    2825144 total
- age   7:      69824 bytes,    2894968 total
- age   8:     410336 bytes,    3305304 total
: 99005K->7905K(109248K), 0.0025752 secs] 141596K->50868K(502464K), 0.0026581 secs] [Times: user=0.01 sys=0.00, real=0.00 secs] 
Heap after GC invocations=540 (full 2):
 par new generation   total 109248K, used 7905K [0x00000007a0000000, 0x00000007a8000000, 0x00000007a8000000)
  eden space 87424K,   0% used [0x00000007a0000000, 0x00000007a0000000, 0x00000007a5560000)
  from space 21824K,  36% used [0x00000007a5560000, 0x00000007a5d18600, 0x00000007a6ab0000)
  to   space 21824K,   0% used [0x00000007a6ab0000, 0x00000007a6ab0000, 0x00000007a8000000)
 concurrent mark-sweep generation total 393216K, used 42962K [0x00000007a8000000, 0x00000007c0000000, 0x00000007c0000000)
 Metaspace       used 38906K, capacity 39874K, committed 40420K, reserved 1085440K
  class space    used 4496K, capacity 4772K, committed 4836K, reserved 1048576K
}
2018-04-03T13:41:01.934+0700: 102.198: Total time for which application threads were stopped: 0.0028557 seconds, Stopping threads took: 0.0000263 seconds
2018-04-03T13:41:01.953+0700: 102.218: Total time for which application threads were stopped: 0.0000977 seconds, Stopping threads took: 0.0000320 seconds
2018-04-03T13:41:01.953+0700: 102.218: Total time for which application threads were stopped: 0.0000526 seconds, Stopping threads took: 0.0000079 seconds
2018-04-03T13:41:02.956+0700: 103.220: Total time for which application threads were stopped: 0.0000953 seconds, Stopping threads took: 0.0000217 seconds
2018-04-03T13:41:04.448+0700: 104.713: Total time for which application threads were stopped: 0.0001040 seconds, Stopping threads took: 0.0000186 seconds
2018-04-03T13:41:04.448+0700: 104.713: Total time for which application threads were stopped: 0.0001277 seconds, Stopping threads took: 0.0000761 seconds
2018-04-03T13:41:04.448+0700: 104.713: Total time for which application threads were stopped: 0.0000658 seconds, Stopping threads took: 0.0000123 seconds
2018-04-03T13:41:04.450+0700: 104.714: Total time for which application threads were stopped: 0.0000893 seconds, Stopping threads took: 0.0000156 seconds
2018-04-03T13:41:04.460+0700: 104.724: Total time for which application threads were stopped: 0.0000903 seconds, Stopping threads took: 0.0000153 seconds
2018-04-03T13:41:04.460+0700: 104.725: Total time for which application threads were stopped: 0.0000842 seconds, Stopping threads took: 0.0000148 seconds
2018-04-03T13:41:04.465+0700: 104.729: Total time for which application threads were stopped: 0.0001442 seconds, Stopping threads took: 0.0000157 seconds
2018-04-03T13:41:04.465+0700: 104.730: Total time for which application threads were stopped: 0.0000610 seconds, Stopping threads took: 0.0000097 seconds
2018-04-03T13:41:04.466+0700: 104.730: Total time for which application threads were stopped: 0.0000763 seconds, Stopping threads took: 0.0000115 seconds
2018-04-03T13:41:04.471+0700: 104.735: Total time for which application threads were stopped: 0.0000656 seconds, Stopping threads took: 0.0000123 seconds
2018-04-03T13:41:04.474+0700: 104.738: Total time for which application threads were stopped: 0.0001651 seconds, Stopping threads took: 0.0000154 seconds
2018-04-03T13:41:04.511+0700: 104.775: Total time for which application threads were stopped: 0.0001374 seconds, Stopping threads took: 0.0000322 seconds
2018-04-03T13:41:04.511+0700: 104.775: Total time for which application threads were stopped: 0.0001018 seconds, Stopping threads took: 0.0000278 seconds
2018-04-03T13:41:04.511+0700: 104.776: Total time for which application threads were stopped: 0.0000848 seconds, Stopping threads took: 0.0000264 seconds
2018-04-03T13:41:04.512+0700: 104.776: Total time for which application threads were stopped: 0.0000659 seconds, Stopping threads took: 0.0000093 seconds
2018-04-03T13:41:04.512+0700: 104.776: Total time for which application threads were stopped: 0.0000576 seconds, Stopping threads took: 0.0000110 seconds
2018-04-03T13:41:05.397+0700: 105.662: Total time for which application threads were stopped: 0.0001005 seconds, Stopping threads took: 0.0000189 seconds
2018-04-03T13:41:05.838+0700: 106.102: Total time for which application threads were stopped: 0.0007485 seconds, Stopping threads took: 0.0000195 seconds
2018-04-03T13:41:05.839+0700: 106.104: Total time for which application threads were stopped: 0.0005180 seconds, Stopping threads took: 0.0000095 seconds
2018-04-03T13:41:05.843+0700: 106.108: Total time for which application threads were stopped: 0.0001237 seconds, Stopping threads took: 0.0000469 seconds
2018-04-03T13:41:05.845+0700: 106.110: Total time for which application threads were stopped: 0.0002346 seconds, Stopping threads took: 0.0001383 seconds
2018-04-03T13:41:05.846+0700: 106.110: Total time for which application threads were stopped: 0.0001076 seconds, Stopping threads took: 0.0000348 seconds
2018-04-03T13:41:05.846+0700: 106.111: Total time for which application threads were stopped: 0.0001087 seconds, Stopping threads took: 0.0000383 seconds
2018-04-03T13:41:05.847+0700: 106.111: Total time for which application threads were stopped: 0.0000851 seconds, Stopping threads took: 0.0000094 seconds
2018-04-03T13:41:05.847+0700: 106.112: Total time for which application threads were stopped: 0.0001101 seconds, Stopping threads took: 0.0000380 seconds
2018-04-03T13:41:05.847+0700: 106.112: Total time for which application threads were stopped: 0.0000909 seconds, Stopping threads took: 0.0000255 seconds
2018-04-03T13:41:05.848+0700: 106.112: Total time for which application threads were stopped: 0.0000941 seconds, Stopping threads took: 0.0000276 seconds
2018-04-03T13:41:05.848+0700: 106.113: Total time for which application threads were stopped: 0.0000829 seconds, Stopping threads took: 0.0000224 seconds
2018-04-03T13:41:05.849+0700: 106.113: Total time for which application threads were stopped: 0.0000901 seconds, Stopping threads took: 0.0000324 seconds
2018-04-03T13:41:05.849+0700: 106.113: Total time for which application threads were stopped: 0.0000609 seconds, Stopping threads took: 0.0000081 seconds
2018-04-03T13:41:05.849+0700: 106.114: Total time for which application threads were stopped: 0.0000824 seconds, Stopping threads took: 0.0000227 seconds
2018-04-03T13:41:05.849+0700: 106.114: Total time for which application threads were stopped: 0.0000879 seconds, Stopping threads took: 0.0000299 seconds
2018-04-03T13:41:05.852+0700: 106.116: Total time for which application threads were stopped: 0.0001730 seconds, Stopping threads took: 0.0000844 seconds
2018-04-03T13:41:05.853+0700: 106.117: Total time for which application threads were stopped: 0.0003062 seconds, Stopping threads took: 0.0001799 seconds
2018-04-03T13:41:05.853+0700: 106.118: Total time for which application threads were stopped: 0.0001330 seconds, Stopping threads took: 0.0000318 seconds
2018-04-03T13:41:05.854+0700: 106.119: Total time for which application threads were stopped: 0.0001358 seconds, Stopping threads took: 0.0000340 seconds
2018-04-03T13:41:05.857+0700: 106.121: Total time for which application threads were stopped: 0.0023054 seconds, Stopping threads took: 0.0022625 seconds
2018-04-03T13:41:05.860+0700: 106.125: Total time for which application threads were stopped: 0.0000771 seconds, Stopping threads took: 0.0000108 seconds
2018-04-03T13:41:05.861+0700: 106.125: Total time for which application threads were stopped: 0.0000650 seconds, Stopping threads took: 0.0000375 seconds
Heap
 par new generation   total 109248K, used 22919K [0x00000007a0000000, 0x00000007a8000000, 0x00000007a8000000)
  eden space 87424K,  17% used [0x00000007a0000000, 0x00000007a0ea98e0, 0x00000007a5560000)
  from space 21824K,  36% used [0x00000007a5560000, 0x00000007a5d18600, 0x00000007a6ab0000)
  to   space 21824K,   0% used [0x00000007a6ab0000, 0x00000007a6ab0000, 0x00000007a8000000)
 concurrent mark-sweep generation total 393216K, used 42962K [0x00000007a8000000, 0x00000007c0000000, 0x00000007c0000000)
 Metaspace       used 38983K, capacity 39886K, committed 40420K, reserved 1085440K
  class space    used 4507K, capacity 4776K, committed 4836K, reserved 1048576K
