Java HotSpot(TM) 64-Bit Server VM (25.101-b13) for bsd-amd64 JRE (1.8.0_101-b13), built on Jun 22 2016 02:42:15 by "java_re" with gcc 4.2.1 (Based on Apple Inc. build 5658) (LLVM build 2336.11.00)
Memory: 4k page, physical 16777216k(61992k free)

/proc/meminfo:

CommandLine flags: -XX:CMSInitiatingOccupancyFraction=50 -XX:CMSMaxAbortablePrecleanTime=6000 -XX:+CMSParallelRemarkEnabled -XX:+CMSScavengeBeforeRemark -XX:ConcGCThreads=4 -XX:GCLogFileSize=20971520 -XX:InitialHeapSize=536870912 -XX:MaxHeapSize=536870912 -XX:MaxTenuringThreshold=8 -XX:NewRatio=3 -XX:NumberOfGCLogFiles=9 -XX:OldPLABSize=16 -XX:-OmitStackTraceInFastThrow -XX:OnOutOfMemoryError=/Users/vinamartin/Downloads/solr-6.6.2 2/bin/oom_solr.sh 8994 /Users/vinamartin/Downloads/solr-6.6.2 2/server/logs -XX:ParallelGCThreads=4 -XX:+ParallelRefProcEnabled -XX:PretenureSizeThreshold=67108864 -XX:+PrintGC -XX:+PrintGCApplicationStoppedTime -XX:+PrintGCDateStamps -XX:+PrintGCDetails -XX:+PrintGCTimeStamps -XX:+PrintHeapAtGC -XX:+PrintTenuringDistribution -XX:SurvivorRatio=4 -XX:TargetSurvivorRatio=90 -XX:ThreadStackSize=256 -XX:+UseCMSInitiatingOccupancyOnly -XX:+UseCompressedClassPointers -XX:+UseCompressedOops -XX:+UseConcMarkSweepGC -XX:+UseGCLogFileRotation -XX:+UseParNewGC 
2018-04-16T12:37:12.185+0700: 0.179: Total time for which application threads were stopped: 0.0001097 seconds, Stopping threads took: 0.0000132 seconds
2018-04-16T12:37:12.280+0700: 0.273: Total time for which application threads were stopped: 0.0000997 seconds, Stopping threads took: 0.0000102 seconds
2018-04-16T12:37:12.704+0700: 0.697: Total time for which application threads were stopped: 0.0002105 seconds, Stopping threads took: 0.0000146 seconds
2018-04-16T12:37:12.708+0700: 0.702: Total time for which application threads were stopped: 0.0001148 seconds, Stopping threads took: 0.0000120 seconds
2018-04-16T12:37:12.825+0700: 0.819: Total time for which application threads were stopped: 0.0001829 seconds, Stopping threads took: 0.0000143 seconds
2018-04-16T12:37:12.842+0700: 0.836: Total time for which application threads were stopped: 0.0002503 seconds, Stopping threads took: 0.0000354 seconds
2018-04-16T12:37:13.098+0700: 1.092: Total time for which application threads were stopped: 0.0002674 seconds, Stopping threads took: 0.0000165 seconds
2018-04-16T12:37:13.159+0700: 1.153: Total time for which application threads were stopped: 0.0002875 seconds, Stopping threads took: 0.0000309 seconds
2018-04-16T12:37:13.294+0700: 1.288: Total time for which application threads were stopped: 0.0002652 seconds, Stopping threads took: 0.0000144 seconds
2018-04-16T12:37:13.476+0700: 1.470: Total time for which application threads were stopped: 0.0003311 seconds, Stopping threads took: 0.0000162 seconds
2018-04-16T12:37:13.479+0700: 1.472: Total time for which application threads were stopped: 0.0002796 seconds, Stopping threads took: 0.0000121 seconds
2018-04-16T12:37:13.483+0700: 1.476: Total time for which application threads were stopped: 0.0002861 seconds, Stopping threads took: 0.0000226 seconds
2018-04-16T12:37:13.509+0700: 1.503: Total time for which application threads were stopped: 0.0002819 seconds, Stopping threads took: 0.0000194 seconds
2018-04-16T12:37:13.746+0700: 1.740: Total time for which application threads were stopped: 0.0004303 seconds, Stopping threads took: 0.0000236 seconds
{Heap before GC invocations=0 (full 0):
 par new generation   total 109248K, used 87424K [0x00000007a0000000, 0x00000007a8000000, 0x00000007a8000000)
  eden space 87424K, 100% used [0x00000007a0000000, 0x00000007a5560000, 0x00000007a5560000)
  from space 21824K,   0% used [0x00000007a5560000, 0x00000007a5560000, 0x00000007a6ab0000)
  to   space 21824K,   0% used [0x00000007a6ab0000, 0x00000007a6ab0000, 0x00000007a8000000)
 concurrent mark-sweep generation total 393216K, used 0K [0x00000007a8000000, 0x00000007c0000000, 0x00000007c0000000)
 Metaspace       used 18924K, capacity 19314K, committed 19584K, reserved 1067008K
  class space    used 2233K, capacity 2366K, committed 2432K, reserved 1048576K
2018-04-16T12:37:13.783+0700: 1.777: [GC (Allocation Failure) 2018-04-16T12:37:13.783+0700: 1.777: [ParNew
Desired survivor size 20112992 bytes, new threshold 8 (max 8)
- age   1:   11377920 bytes,   11377920 total
: 87424K->11223K(109248K), 0.0243480 secs] 87424K->11223K(502464K), 0.0246098 secs] [Times: user=0.06 sys=0.01, real=0.02 secs] 
Heap after GC invocations=1 (full 0):
 par new generation   total 109248K, used 11223K [0x00000007a0000000, 0x00000007a8000000, 0x00000007a8000000)
  eden space 87424K,   0% used [0x00000007a0000000, 0x00000007a0000000, 0x00000007a5560000)
  from space 21824K,  51% used [0x00000007a6ab0000, 0x00000007a75a5f08, 0x00000007a8000000)
  to   space 21824K,   0% used [0x00000007a5560000, 0x00000007a5560000, 0x00000007a6ab0000)
 concurrent mark-sweep generation total 393216K, used 0K [0x00000007a8000000, 0x00000007c0000000, 0x00000007c0000000)
 Metaspace       used 18924K, capacity 19314K, committed 19584K, reserved 1067008K
  class space    used 2233K, capacity 2366K, committed 2432K, reserved 1048576K
}
2018-04-16T12:37:13.808+0700: 1.802: Total time for which application threads were stopped: 0.0258475 seconds, Stopping threads took: 0.0000222 seconds
2018-04-16T12:37:13.955+0700: 1.949: Total time for which application threads were stopped: 0.0003609 seconds, Stopping threads took: 0.0000382 seconds
2018-04-16T12:37:14.103+0700: 2.097: Total time for which application threads were stopped: 0.0001943 seconds, Stopping threads took: 0.0000435 seconds
2018-04-16T12:37:14.124+0700: 2.118: Total time for which application threads were stopped: 0.0002041 seconds, Stopping threads took: 0.0000450 seconds
2018-04-16T12:37:14.146+0700: 2.140: Total time for which application threads were stopped: 0.0001689 seconds, Stopping threads took: 0.0000684 seconds
2018-04-16T12:37:14.226+0700: 2.219: Total time for which application threads were stopped: 0.0001905 seconds, Stopping threads took: 0.0000507 seconds
2018-04-16T12:37:14.342+0700: 2.335: Total time for which application threads were stopped: 0.0006192 seconds, Stopping threads took: 0.0004940 seconds
2018-04-16T12:37:14.369+0700: 2.363: Total time for which application threads were stopped: 0.0005380 seconds, Stopping threads took: 0.0000390 seconds
2018-04-16T12:37:14.369+0700: 2.363: Total time for which application threads were stopped: 0.0001697 seconds, Stopping threads took: 0.0000873 seconds
{Heap before GC invocations=1 (full 0):
 par new generation   total 109248K, used 98636K [0x00000007a0000000, 0x00000007a8000000, 0x00000007a8000000)
  eden space 87424K,  99% used [0x00000007a0000000, 0x00000007a555d328, 0x00000007a5560000)
  from space 21824K,  51% used [0x00000007a6ab0000, 0x00000007a75a5f08, 0x00000007a8000000)
  to   space 21824K,   0% used [0x00000007a5560000, 0x00000007a5560000, 0x00000007a6ab0000)
 concurrent mark-sweep generation total 393216K, used 0K [0x00000007a8000000, 0x00000007c0000000, 0x00000007c0000000)
 Metaspace       used 22380K, capacity 22902K, committed 23212K, reserved 1069056K
  class space    used 2686K, capacity 2844K, committed 2916K, reserved 1048576K
2018-04-16T12:37:14.382+0700: 2.376: [GC (Allocation Failure) 2018-04-16T12:37:14.382+0700: 2.376: [ParNew
Desired survivor size 20112992 bytes, new threshold 8 (max 8)
- age   1:    5581128 bytes,    5581128 total
- age   2:    5315504 bytes,   10896632 total
: 98636K->14207K(109248K), 0.0197708 secs] 98636K->14207K(502464K), 0.0198653 secs] [Times: user=0.05 sys=0.01, real=0.02 secs] 
Heap after GC invocations=2 (full 0):
 par new generation   total 109248K, used 14207K [0x00000007a0000000, 0x00000007a8000000, 0x00000007a8000000)
  eden space 87424K,   0% used [0x00000007a0000000, 0x00000007a0000000, 0x00000007a5560000)
  from space 21824K,  65% used [0x00000007a5560000, 0x00000007a633fc40, 0x00000007a6ab0000)
  to   space 21824K,   0% used [0x00000007a6ab0000, 0x00000007a6ab0000, 0x00000007a8000000)
 concurrent mark-sweep generation total 393216K, used 0K [0x00000007a8000000, 0x00000007c0000000, 0x00000007c0000000)
 Metaspace       used 22380K, capacity 22902K, committed 23212K, reserved 1069056K
  class space    used 2686K, capacity 2844K, committed 2916K, reserved 1048576K
}
2018-04-16T12:37:14.402+0700: 2.396: Total time for which application threads were stopped: 0.0201796 seconds, Stopping threads took: 0.0001109 seconds
2018-04-16T12:37:14.402+0700: 2.396: [GC (CMS Initial Mark) [1 CMS-initial-mark: 0K(393216K)] 14223K(502464K), 0.0044835 secs] [Times: user=0.01 sys=0.00, real=0.00 secs] 
2018-04-16T12:37:14.407+0700: 2.400: Total time for which application threads were stopped: 0.0047292 seconds, Stopping threads took: 0.0000986 seconds
2018-04-16T12:37:14.407+0700: 2.401: [CMS-concurrent-mark-start]
2018-04-16T12:37:14.417+0700: 2.411: [CMS-concurrent-mark: 0.010/0.010 secs] [Times: user=0.04 sys=0.00, real=0.01 secs] 
2018-04-16T12:37:14.417+0700: 2.411: [CMS-concurrent-preclean-start]
2018-04-16T12:37:14.418+0700: 2.412: [CMS-concurrent-preclean: 0.001/0.001 secs] [Times: user=0.00 sys=0.00, real=0.00 secs] 
2018-04-16T12:37:14.418+0700: 2.412: [CMS-concurrent-abortable-preclean-start]
2018-04-16T12:37:14.447+0700: 2.441: Total time for which application threads were stopped: 0.0005039 seconds, Stopping threads took: 0.0000947 seconds
2018-04-16T12:37:14.566+0700: 2.559: Total time for which application threads were stopped: 0.0002646 seconds, Stopping threads took: 0.0000751 seconds
2018-04-16T12:37:14.615+0700: 2.609: Total time for which application threads were stopped: 0.0001617 seconds, Stopping threads took: 0.0000358 seconds
{Heap before GC invocations=2 (full 1):
 par new generation   total 109248K, used 101604K [0x00000007a0000000, 0x00000007a8000000, 0x00000007a8000000)
  eden space 87424K,  99% used [0x00000007a0000000, 0x00000007a5559520, 0x00000007a5560000)
  from space 21824K,  65% used [0x00000007a5560000, 0x00000007a633fc40, 0x00000007a6ab0000)
  to   space 21824K,   0% used [0x00000007a6ab0000, 0x00000007a6ab0000, 0x00000007a8000000)
 concurrent mark-sweep generation total 393216K, used 0K [0x00000007a8000000, 0x00000007c0000000, 0x00000007c0000000)
 Metaspace       used 23143K, capacity 23680K, committed 23876K, reserved 1071104K
  class space    used 2773K, capacity 2955K, committed 3044K, reserved 1048576K
2018-04-16T12:37:14.643+0700: 2.636: [GC (Allocation Failure) 2018-04-16T12:37:14.643+0700: 2.636: [ParNew
Desired survivor size 20112992 bytes, new threshold 8 (max 8)
- age   1:    1853904 bytes,    1853904 total
- age   2:    2460984 bytes,    4314888 total
- age   3:    5304952 bytes,    9619840 total
: 101604K->11532K(109248K), 0.0132145 secs] 101604K->11532K(502464K), 0.0132985 secs] [Times: user=0.04 sys=0.00, real=0.01 secs] 
Heap after GC invocations=3 (full 1):
 par new generation   total 109248K, used 11532K [0x00000007a0000000, 0x00000007a8000000, 0x00000007a8000000)
  eden space 87424K,   0% used [0x00000007a0000000, 0x00000007a0000000, 0x00000007a5560000)
  from space 21824K,  52% used [0x00000007a6ab0000, 0x00000007a75f3240, 0x00000007a8000000)
  to   space 21824K,   0% used [0x00000007a5560000, 0x00000007a5560000, 0x00000007a6ab0000)
 concurrent mark-sweep generation total 393216K, used 0K [0x00000007a8000000, 0x00000007c0000000, 0x00000007c0000000)
 Metaspace       used 23143K, capacity 23680K, committed 23876K, reserved 1071104K
  class space    used 2773K, capacity 2955K, committed 3044K, reserved 1048576K
}
2018-04-16T12:37:14.656+0700: 2.650: Total time for which application threads were stopped: 0.0135663 seconds, Stopping threads took: 0.0000572 seconds
2018-04-16T12:37:14.656+0700: 2.650: [CMS-concurrent-abortable-preclean: 0.102/0.238 secs] [Times: user=0.78 sys=0.03, real=0.24 secs] 
2018-04-16T12:37:14.656+0700: 2.650: [GC (CMS Final Remark) [YG occupancy: 12057 K (109248 K)]{Heap before GC invocations=3 (full 1):
 par new generation   total 109248K, used 12057K [0x00000007a0000000, 0x00000007a8000000, 0x00000007a8000000)
  eden space 87424K,   0% used [0x00000007a0000000, 0x00000007a0083490, 0x00000007a5560000)
  from space 21824K,  52% used [0x00000007a6ab0000, 0x00000007a75f3240, 0x00000007a8000000)
  to   space 21824K,   0% used [0x00000007a5560000, 0x00000007a5560000, 0x00000007a6ab0000)
 concurrent mark-sweep generation total 393216K, used 0K [0x00000007a8000000, 0x00000007c0000000, 0x00000007c0000000)
 Metaspace       used 23143K, capacity 23680K, committed 23876K, reserved 1071104K
  class space    used 2773K, capacity 2955K, committed 3044K, reserved 1048576K
2018-04-16T12:37:14.656+0700: 2.650: [GC (CMS Final Remark) 2018-04-16T12:37:14.656+0700: 2.650: [ParNew
Desired survivor size 20112992 bytes, new threshold 8 (max 8)
- age   1:      64448 bytes,      64448 total
- age   2:    1804688 bytes,    1869136 total
- age   3:    2432128 bytes,    4301264 total
- age   4:    5304776 bytes,    9606040 total
: 12057K->14852K(109248K), 0.0101638 secs] 12057K->14852K(502464K), 0.0102499 secs] [Times: user=0.03 sys=0.00, real=0.01 secs] 
Heap after GC invocations=4 (full 1):
 par new generation   total 109248K, used 14852K [0x00000007a0000000, 0x00000007a8000000, 0x00000007a8000000)
  eden space 87424K,   0% used [0x00000007a0000000, 0x00000007a0000000, 0x00000007a5560000)
  from space 21824K,  68% used [0x00000007a5560000, 0x00000007a63e1250, 0x00000007a6ab0000)
  to   space 21824K,   0% used [0x00000007a6ab0000, 0x00000007a6ab0000, 0x00000007a8000000)
 concurrent mark-sweep generation total 393216K, used 0K [0x00000007a8000000, 0x00000007c0000000, 0x00000007c0000000)
 Metaspace       used 23143K, capacity 23680K, committed 23876K, reserved 1071104K
  class space    used 2773K, capacity 2955K, committed 3044K, reserved 1048576K
}
2018-04-16T12:37:14.667+0700: 2.660: [Rescan (parallel) , 0.0033201 secs]2018-04-16T12:37:14.670+0700: 2.664: [weak refs processing, 0.0004657 secs]2018-04-16T12:37:14.671+0700: 2.664: [class unloading, 0.0038687 secs]2018-04-16T12:37:14.674+0700: 2.668: [scrub symbol table, 0.0047895 secs]2018-04-16T12:37:14.679+0700: 2.673: [scrub string table, 0.0002736 secs][1 CMS-remark: 0K(393216K)] 14852K(502464K), 0.0238553 secs] [Times: user=0.06 sys=0.00, real=0.03 secs] 
2018-04-16T12:37:14.680+0700: 2.674: Total time for which application threads were stopped: 0.0240491 seconds, Stopping threads took: 0.0000916 seconds
2018-04-16T12:37:14.682+0700: 2.675: [CMS-concurrent-sweep-start]
2018-04-16T12:37:14.682+0700: 2.675: [CMS-concurrent-sweep: 0.000/0.000 secs] [Times: user=0.00 sys=0.00, real=0.00 secs] 
2018-04-16T12:37:14.682+0700: 2.675: [CMS-concurrent-reset-start]
2018-04-16T12:37:14.688+0700: 2.681: [CMS-concurrent-reset: 0.006/0.006 secs] [Times: user=0.02 sys=0.01, real=0.00 secs] 
{Heap before GC invocations=4 (full 1):
 par new generation   total 109248K, used 102276K [0x00000007a0000000, 0x00000007a8000000, 0x00000007a8000000)
  eden space 87424K, 100% used [0x00000007a0000000, 0x00000007a5560000, 0x00000007a5560000)
  from space 21824K,  68% used [0x00000007a5560000, 0x00000007a63e1250, 0x00000007a6ab0000)
  to   space 21824K,   0% used [0x00000007a6ab0000, 0x00000007a6ab0000, 0x00000007a8000000)
 concurrent mark-sweep generation total 393216K, used 0K [0x00000007a8000000, 0x00000007c0000000, 0x00000007c0000000)
 Metaspace       used 23825K, capacity 24364K, committed 24516K, reserved 1071104K
  class space    used 2876K, capacity 3053K, committed 3172K, reserved 1048576K
2018-04-16T12:37:14.832+0700: 2.826: [GC (Allocation Failure) 2018-04-16T12:37:14.832+0700: 2.826: [ParNew
Desired survivor size 20112992 bytes, new threshold 8 (max 8)
- age   1:     943152 bytes,     943152 total
- age   3:    1127592 bytes,    2070744 total
- age   4:    2343472 bytes,    4414216 total
- age   5:    5303744 bytes,    9717960 total
: 102276K->12284K(109248K), 0.0245337 secs] 102276K->12284K(502464K), 0.0246210 secs] [Times: user=0.05 sys=0.01, real=0.02 secs] 
Heap after GC invocations=5 (full 1):
 par new generation   total 109248K, used 12284K [0x00000007a0000000, 0x00000007a8000000, 0x00000007a8000000)
  eden space 87424K,   0% used [0x00000007a0000000, 0x00000007a0000000, 0x00000007a5560000)
  from space 21824K,  56% used [0x00000007a6ab0000, 0x00000007a76af100, 0x00000007a8000000)
  to   space 21824K,   0% used [0x00000007a5560000, 0x00000007a5560000, 0x00000007a6ab0000)
 concurrent mark-sweep generation total 393216K, used 0K [0x00000007a8000000, 0x00000007c0000000, 0x00000007c0000000)
 Metaspace       used 23825K, capacity 24364K, committed 24516K, reserved 1071104K
  class space    used 2876K, capacity 3053K, committed 3172K, reserved 1048576K
}
2018-04-16T12:37:14.857+0700: 2.850: Total time for which application threads were stopped: 0.0256834 seconds, Stopping threads took: 0.0007774 seconds
2018-04-16T12:37:14.972+0700: 2.966: Total time for which application threads were stopped: 0.0004400 seconds, Stopping threads took: 0.0000308 seconds
2018-04-16T12:37:15.165+0700: 3.158: Total time for which application threads were stopped: 0.0007097 seconds, Stopping threads took: 0.0000278 seconds
2018-04-16T12:37:15.179+0700: 3.173: Total time for which application threads were stopped: 0.0004620 seconds, Stopping threads took: 0.0000249 seconds
{Heap before GC invocations=5 (full 1):
 par new generation   total 109248K, used 99708K [0x00000007a0000000, 0x00000007a8000000, 0x00000007a8000000)
  eden space 87424K, 100% used [0x00000007a0000000, 0x00000007a5560000, 0x00000007a5560000)
  from space 21824K,  56% used [0x00000007a6ab0000, 0x00000007a76af100, 0x00000007a8000000)
  to   space 21824K,   0% used [0x00000007a5560000, 0x00000007a5560000, 0x00000007a6ab0000)
 concurrent mark-sweep generation total 393216K, used 0K [0x00000007a8000000, 0x00000007c0000000, 0x00000007c0000000)
 Metaspace       used 26741K, capacity 27506K, committed 27620K, reserved 1073152K
  class space    used 3316K, capacity 3533K, committed 3556K, reserved 1048576K
2018-04-16T12:37:15.299+0700: 3.293: [GC (Allocation Failure) 2018-04-16T12:37:15.299+0700: 3.293: [ParNew
Desired survivor size 20112992 bytes, new threshold 8 (max 8)
- age   1:    3489472 bytes,    3489472 total
- age   2:     287792 bytes,    3777264 total
- age   4:     255496 bytes,    4032760 total
- age   5:    2325952 bytes,    6358712 total
- age   6:    5298504 bytes,   11657216 total
: 99708K->14024K(109248K), 0.0134745 secs] 99708K->14024K(502464K), 0.0135708 secs] [Times: user=0.04 sys=0.01, real=0.02 secs] 
Heap after GC invocations=6 (full 1):
 par new generation   total 109248K, used 14024K [0x00000007a0000000, 0x00000007a8000000, 0x00000007a8000000)
  eden space 87424K,   0% used [0x00000007a0000000, 0x00000007a0000000, 0x00000007a5560000)
  from space 21824K,  64% used [0x00000007a5560000, 0x00000007a63121c0, 0x00000007a6ab0000)
  to   space 21824K,   0% used [0x00000007a6ab0000, 0x00000007a6ab0000, 0x00000007a8000000)
 concurrent mark-sweep generation total 393216K, used 0K [0x00000007a8000000, 0x00000007c0000000, 0x00000007c0000000)
 Metaspace       used 26741K, capacity 27506K, committed 27620K, reserved 1073152K
  class space    used 3316K, capacity 3533K, committed 3556K, reserved 1048576K
}
2018-04-16T12:37:15.313+0700: 3.306: Total time for which application threads were stopped: 0.0138175 seconds, Stopping threads took: 0.0000219 seconds
2018-04-16T12:37:15.707+0700: 3.701: Total time for which application threads were stopped: 0.0005951 seconds, Stopping threads took: 0.0000169 seconds
2018-04-16T12:37:15.789+0700: 3.783: Total time for which application threads were stopped: 0.0004933 seconds, Stopping threads took: 0.0000323 seconds
{Heap before GC invocations=6 (full 1):
 par new generation   total 109248K, used 101448K [0x00000007a0000000, 0x00000007a8000000, 0x00000007a8000000)
  eden space 87424K, 100% used [0x00000007a0000000, 0x00000007a5560000, 0x00000007a5560000)
  from space 21824K,  64% used [0x00000007a5560000, 0x00000007a63121c0, 0x00000007a6ab0000)
  to   space 21824K,   0% used [0x00000007a6ab0000, 0x00000007a6ab0000, 0x00000007a8000000)
 concurrent mark-sweep generation total 393216K, used 0K [0x00000007a8000000, 0x00000007c0000000, 0x00000007c0000000)
 Metaspace       used 29441K, capacity 30276K, committed 30436K, reserved 1075200K
  class space    used 3575K, capacity 3812K, committed 3812K, reserved 1048576K
2018-04-16T12:37:15.790+0700: 3.784: [GC (Allocation Failure) 2018-04-16T12:37:15.790+0700: 3.784: [ParNew
Desired survivor size 20112992 bytes, new threshold 8 (max 8)
- age   1:    9867496 bytes,    9867496 total
- age   2:    1196904 bytes,   11064400 total
- age   3:     279352 bytes,   11343752 total
- age   5:     252176 bytes,   11595928 total
- age   6:    2318904 bytes,   13914832 total
- age   7:    5295264 bytes,   19210096 total
: 101448K->21824K(109248K), 0.0230264 secs] 101448K->22114K(502464K), 0.0231028 secs] [Times: user=0.06 sys=0.01, real=0.02 secs] 
Heap after GC invocations=7 (full 1):
 par new generation   total 109248K, used 21824K [0x00000007a0000000, 0x00000007a8000000, 0x00000007a8000000)
  eden space 87424K,   0% used [0x00000007a0000000, 0x00000007a0000000, 0x00000007a5560000)
  from space 21824K, 100% used [0x00000007a6ab0000, 0x00000007a8000000, 0x00000007a8000000)
  to   space 21824K,   0% used [0x00000007a5560000, 0x00000007a5560000, 0x00000007a6ab0000)
 concurrent mark-sweep generation total 393216K, used 290K [0x00000007a8000000, 0x00000007c0000000, 0x00000007c0000000)
 Metaspace       used 29441K, capacity 30276K, committed 30436K, reserved 1075200K
  class space    used 3575K, capacity 3812K, committed 3812K, reserved 1048576K
}
2018-04-16T12:37:15.813+0700: 3.807: Total time for which application threads were stopped: 0.0233201 seconds, Stopping threads took: 0.0000408 seconds
2018-04-16T12:37:16.125+0700: 4.119: Total time for which application threads were stopped: 0.0006054 seconds, Stopping threads took: 0.0000428 seconds
2018-04-16T12:37:16.297+0700: 4.291: Total time for which application threads were stopped: 0.0004708 seconds, Stopping threads took: 0.0002937 seconds
{Heap before GC invocations=7 (full 1):
 par new generation   total 109248K, used 109248K [0x00000007a0000000, 0x00000007a8000000, 0x00000007a8000000)
  eden space 87424K, 100% used [0x00000007a0000000, 0x00000007a5560000, 0x00000007a5560000)
  from space 21824K, 100% used [0x00000007a6ab0000, 0x00000007a8000000, 0x00000007a8000000)
  to   space 21824K,   0% used [0x00000007a5560000, 0x00000007a5560000, 0x00000007a6ab0000)
 concurrent mark-sweep generation total 393216K, used 290K [0x00000007a8000000, 0x00000007c0000000, 0x00000007c0000000)
 Metaspace       used 32046K, capacity 32956K, committed 33124K, reserved 1079296K
  class space    used 3896K, capacity 4128K, committed 4196K, reserved 1048576K
2018-04-16T12:37:16.368+0700: 4.362: [GC (Allocation Failure) 2018-04-16T12:37:16.368+0700: 4.362: [ParNew
Desired survivor size 20112992 bytes, new threshold 8 (max 8)
- age   1:    5723016 bytes,    5723016 total
- age   2:    6890656 bytes,   12613672 total
- age   3:    1171296 bytes,   13784968 total
- age   4:     278408 bytes,   14063376 total
- age   6:     251096 bytes,   14314472 total
- age   7:    2300664 bytes,   16615136 total
- age   8:    5262904 bytes,   21878040 total
: 109248K->21824K(109248K), 0.0446083 secs] 109538K->23230K(502464K), 0.0446879 secs] [Times: user=0.10 sys=0.01, real=0.05 secs] 
Heap after GC invocations=8 (full 1):
 par new generation   total 109248K, used 21824K [0x00000007a0000000, 0x00000007a8000000, 0x00000007a8000000)
  eden space 87424K,   0% used [0x00000007a0000000, 0x00000007a0000000, 0x00000007a5560000)
  from space 21824K, 100% used [0x00000007a5560000, 0x00000007a6ab0000, 0x00000007a6ab0000)
  to   space 21824K,   0% used [0x00000007a6ab0000, 0x00000007a6ab0000, 0x00000007a8000000)
 concurrent mark-sweep generation total 393216K, used 1406K [0x00000007a8000000, 0x00000007c0000000, 0x00000007c0000000)
 Metaspace       used 32046K, capacity 32956K, committed 33124K, reserved 1079296K
  class space    used 3896K, capacity 4128K, committed 4196K, reserved 1048576K
}
2018-04-16T12:37:16.413+0700: 4.407: Total time for which application threads were stopped: 0.0449645 seconds, Stopping threads took: 0.0000451 seconds
2018-04-16T12:37:16.414+0700: 4.408: Total time for which application threads were stopped: 0.0001910 seconds, Stopping threads took: 0.0000747 seconds
2018-04-16T12:37:16.416+0700: 4.410: Total time for which application threads were stopped: 0.0013308 seconds, Stopping threads took: 0.0012203 seconds
2018-04-16T12:37:16.431+0700: 4.424: Total time for which application threads were stopped: 0.0007344 seconds, Stopping threads took: 0.0000822 seconds
{Heap before GC invocations=8 (full 1):
 par new generation   total 109248K, used 109248K [0x00000007a0000000, 0x00000007a8000000, 0x00000007a8000000)
  eden space 87424K, 100% used [0x00000007a0000000, 0x00000007a5560000, 0x00000007a5560000)
  from space 21824K, 100% used [0x00000007a5560000, 0x00000007a6ab0000, 0x00000007a6ab0000)
  to   space 21824K,   0% used [0x00000007a6ab0000, 0x00000007a6ab0000, 0x00000007a8000000)
 concurrent mark-sweep generation total 393216K, used 1406K [0x00000007a8000000, 0x00000007c0000000, 0x00000007c0000000)
 Metaspace       used 32209K, capacity 33058K, committed 33380K, reserved 1079296K
  class space    used 3907K, capacity 4161K, committed 4196K, reserved 1048576K
2018-04-16T12:37:16.556+0700: 4.550: [GC (Allocation Failure) 2018-04-16T12:37:16.556+0700: 4.550: [ParNew
Desired survivor size 20112992 bytes, new threshold 8 (max 8)
- age   1:    1248976 bytes,    1248976 total
- age   2:    3371808 bytes,    4620784 total
- age   3:    6185040 bytes,   10805824 total
- age   4:    1100808 bytes,   11906632 total
- age   5:     196096 bytes,   12102728 total
- age   7:     240312 bytes,   12343040 total
- age   8:    1919464 bytes,   14262504 total
: 109248K->21824K(109248K), 0.0694638 secs] 110654K->30502K(502464K), 0.0695899 secs] [Times: user=0.11 sys=0.01, real=0.07 secs] 
Heap after GC invocations=9 (full 1):
 par new generation   total 109248K, used 21824K [0x00000007a0000000, 0x00000007a8000000, 0x00000007a8000000)
  eden space 87424K,   0% used [0x00000007a0000000, 0x00000007a0000000, 0x00000007a5560000)
  from space 21824K, 100% used [0x00000007a6ab0000, 0x00000007a8000000, 0x00000007a8000000)
  to   space 21824K,   0% used [0x00000007a5560000, 0x00000007a5560000, 0x00000007a6ab0000)
 concurrent mark-sweep generation total 393216K, used 8678K [0x00000007a8000000, 0x00000007c0000000, 0x00000007c0000000)
 Metaspace       used 32209K, capacity 33058K, committed 33380K, reserved 1079296K
  class space    used 3907K, capacity 4161K, committed 4196K, reserved 1048576K
}
2018-04-16T12:37:16.626+0700: 4.620: Total time for which application threads were stopped: 0.0699518 seconds, Stopping threads took: 0.0000728 seconds
{Heap before GC invocations=9 (full 1):
 par new generation   total 109248K, used 109248K [0x00000007a0000000, 0x00000007a8000000, 0x00000007a8000000)
  eden space 87424K, 100% used [0x00000007a0000000, 0x00000007a5560000, 0x00000007a5560000)
  from space 21824K, 100% used [0x00000007a6ab0000, 0x00000007a8000000, 0x00000007a8000000)
  to   space 21824K,   0% used [0x00000007a5560000, 0x00000007a5560000, 0x00000007a6ab0000)
 concurrent mark-sweep generation total 393216K, used 8678K [0x00000007a8000000, 0x00000007c0000000, 0x00000007c0000000)
 Metaspace       used 32399K, capacity 33326K, committed 33636K, reserved 1079296K
  class space    used 3921K, capacity 4163K, committed 4196K, reserved 1048576K
2018-04-16T12:37:16.738+0700: 4.731: [GC (Allocation Failure) 2018-04-16T12:37:16.738+0700: 4.731: [ParNew
Desired survivor size 20112992 bytes, new threshold 8 (max 8)
- age   1:     563256 bytes,     563256 total
- age   2:     982352 bytes,    1545608 total
- age   3:    3369680 bytes,    4915288 total
- age   4:    6185040 bytes,   11100328 total
- age   5:    1100808 bytes,   12201136 total
- age   6:     195992 bytes,   12397128 total
- age   8:     240208 bytes,   12637336 total
: 109248K->17294K(109248K), 0.0224688 secs] 117926K->27861K(502464K), 0.0225570 secs] [Times: user=0.07 sys=0.00, real=0.03 secs] 
Heap after GC invocations=10 (full 1):
 par new generation   total 109248K, used 17294K [0x00000007a0000000, 0x00000007a8000000, 0x00000007a8000000)
  eden space 87424K,   0% used [0x00000007a0000000, 0x00000007a0000000, 0x00000007a5560000)
  from space 21824K,  79% used [0x00000007a5560000, 0x00000007a6643890, 0x00000007a6ab0000)
  to   space 21824K,   0% used [0x00000007a6ab0000, 0x00000007a6ab0000, 0x00000007a8000000)
 concurrent mark-sweep generation total 393216K, used 10567K [0x00000007a8000000, 0x00000007c0000000, 0x00000007c0000000)
 Metaspace       used 32399K, capacity 33326K, committed 33636K, reserved 1079296K
  class space    used 3921K, capacity 4163K, committed 4196K, reserved 1048576K
}
2018-04-16T12:37:16.760+0700: 4.754: Total time for which application threads were stopped: 0.0228145 seconds, Stopping threads took: 0.0000276 seconds
2018-04-16T12:37:16.836+0700: 4.830: Total time for which application threads were stopped: 0.0008374 seconds, Stopping threads took: 0.0001057 seconds
{Heap before GC invocations=10 (full 1):
 par new generation   total 109248K, used 104718K [0x00000007a0000000, 0x00000007a8000000, 0x00000007a8000000)
  eden space 87424K, 100% used [0x00000007a0000000, 0x00000007a5560000, 0x00000007a5560000)
  from space 21824K,  79% used [0x00000007a5560000, 0x00000007a6643890, 0x00000007a6ab0000)
  to   space 21824K,   0% used [0x00000007a6ab0000, 0x00000007a6ab0000, 0x00000007a8000000)
 concurrent mark-sweep generation total 393216K, used 10567K [0x00000007a8000000, 0x00000007c0000000, 0x00000007c0000000)
 Metaspace       used 32482K, capacity 33390K, committed 33636K, reserved 1079296K
  class space    used 3930K, capacity 4163K, committed 4196K, reserved 1048576K
2018-04-16T12:37:16.846+0700: 4.840: [GC (Allocation Failure) 2018-04-16T12:37:16.846+0700: 4.840: [ParNew
Desired survivor size 20112992 bytes, new threshold 8 (max 8)
- age   1:     778248 bytes,     778248 total
- age   2:     200928 bytes,     979176 total
- age   3:     965856 bytes,    1945032 total
- age   4:    3369648 bytes,    5314680 total
- age   5:    6184176 bytes,   11498856 total
- age   6:    1100776 bytes,   12599632 total
- age   7:     195832 bytes,   12795464 total
: 104718K->16654K(109248K), 0.0218533 secs] 115285K->27460K(502464K), 0.0219425 secs] [Times: user=0.06 sys=0.00, real=0.02 secs] 
Heap after GC invocations=11 (full 1):
 par new generation   total 109248K, used 16654K [0x00000007a0000000, 0x00000007a8000000, 0x00000007a8000000)
  eden space 87424K,   0% used [0x00000007a0000000, 0x00000007a0000000, 0x00000007a5560000)
  from space 21824K,  76% used [0x00000007a6ab0000, 0x00000007a7af38e0, 0x00000007a8000000)
  to   space 21824K,   0% used [0x00000007a5560000, 0x00000007a5560000, 0x00000007a6ab0000)
 concurrent mark-sweep generation total 393216K, used 10806K [0x00000007a8000000, 0x00000007c0000000, 0x00000007c0000000)
 Metaspace       used 32482K, capacity 33390K, committed 33636K, reserved 1079296K
  class space    used 3930K, capacity 4163K, committed 4196K, reserved 1048576K
}
2018-04-16T12:37:16.868+0700: 4.862: Total time for which application threads were stopped: 0.0224984 seconds, Stopping threads took: 0.0003598 seconds
{Heap before GC invocations=11 (full 1):
 par new generation   total 109248K, used 104078K [0x00000007a0000000, 0x00000007a8000000, 0x00000007a8000000)
  eden space 87424K, 100% used [0x00000007a0000000, 0x00000007a5560000, 0x00000007a5560000)
  from space 21824K,  76% used [0x00000007a6ab0000, 0x00000007a7af38e0, 0x00000007a8000000)
  to   space 21824K,   0% used [0x00000007a5560000, 0x00000007a5560000, 0x00000007a6ab0000)
 concurrent mark-sweep generation total 393216K, used 10806K [0x00000007a8000000, 0x00000007c0000000, 0x00000007c0000000)
 Metaspace       used 32571K, capacity 33486K, committed 33636K, reserved 1079296K
  class space    used 3942K, capacity 4195K, committed 4196K, reserved 1048576K
2018-04-16T12:37:16.959+0700: 4.953: [GC (Allocation Failure) 2018-04-16T12:37:16.959+0700: 4.953: [ParNew
Desired survivor size 20112992 bytes, new threshold 8 (max 8)
- age   1:    1218400 bytes,    1218400 total
- age   2:     241120 bytes,    1459520 total
- age   3:     167816 bytes,    1627336 total
- age   4:     965856 bytes,    2593192 total
- age   5:    3369704 bytes,    5962896 total
- age   6:    6184128 bytes,   12147024 total
- age   7:    1090520 bytes,   13237544 total
- age   8:     195832 bytes,   13433376 total
: 104078K->16134K(109248K), 0.0132484 secs] 114884K->26940K(502464K), 0.0133470 secs] [Times: user=0.05 sys=0.00, real=0.02 secs] 
Heap after GC invocations=12 (full 1):
 par new generation   total 109248K, used 16134K [0x00000007a0000000, 0x00000007a8000000, 0x00000007a8000000)
  eden space 87424K,   0% used [0x00000007a0000000, 0x00000007a0000000, 0x00000007a5560000)
  from space 21824K,  73% used [0x00000007a5560000, 0x00000007a6521890, 0x00000007a6ab0000)
  to   space 21824K,   0% used [0x00000007a6ab0000, 0x00000007a6ab0000, 0x00000007a8000000)
 concurrent mark-sweep generation total 393216K, used 10806K [0x00000007a8000000, 0x00000007c0000000, 0x00000007c0000000)
 Metaspace       used 32571K, capacity 33486K, committed 33636K, reserved 1079296K
  class space    used 3942K, capacity 4195K, committed 4196K, reserved 1048576K
}
2018-04-16T12:37:16.972+0700: 4.966: Total time for which application threads were stopped: 0.0137536 seconds, Stopping threads took: 0.0001919 seconds
2018-04-16T12:37:17.041+0700: 5.034: Total time for which application threads were stopped: 0.0002267 seconds, Stopping threads took: 0.0001092 seconds
{Heap before GC invocations=12 (full 1):
 par new generation   total 109248K, used 103558K [0x00000007a0000000, 0x00000007a8000000, 0x00000007a8000000)
  eden space 87424K, 100% used [0x00000007a0000000, 0x00000007a5560000, 0x00000007a5560000)
  from space 21824K,  73% used [0x00000007a5560000, 0x00000007a6521890, 0x00000007a6ab0000)
  to   space 21824K,   0% used [0x00000007a6ab0000, 0x00000007a6ab0000, 0x00000007a8000000)
 concurrent mark-sweep generation total 393216K, used 10806K [0x00000007a8000000, 0x00000007c0000000, 0x00000007c0000000)
 Metaspace       used 32856K, capacity 33682K, committed 34020K, reserved 1079296K
  class space    used 3960K, capacity 4197K, committed 4324K, reserved 1048576K
2018-04-16T12:37:17.134+0700: 5.127: [GC (Allocation Failure) 2018-04-16T12:37:17.134+0700: 5.127: [ParNew
Desired survivor size 20112992 bytes, new threshold 8 (max 8)
- age   1:    1528744 bytes,    1528744 total
- age   2:     270712 bytes,    1799456 total
- age   3:     208024 bytes,    2007480 total
- age   4:     167128 bytes,    2174608 total
- age   5:     965008 bytes,    3139616 total
- age   6:    3368568 bytes,    6508184 total
- age   7:    6184128 bytes,   12692312 total
- age   8:    1090488 bytes,   13782800 total
: 103558K->19660K(109248K), 0.0156773 secs] 114364K->30664K(502464K), 0.0157573 secs] [Times: user=0.05 sys=0.00, real=0.01 secs] 
Heap after GC invocations=13 (full 1):
 par new generation   total 109248K, used 19660K [0x00000007a0000000, 0x00000007a8000000, 0x00000007a8000000)
  eden space 87424K,   0% used [0x00000007a0000000, 0x00000007a0000000, 0x00000007a5560000)
  from space 21824K,  90% used [0x00000007a6ab0000, 0x00000007a7de3298, 0x00000007a8000000)
  to   space 21824K,   0% used [0x00000007a5560000, 0x00000007a5560000, 0x00000007a6ab0000)
 concurrent mark-sweep generation total 393216K, used 11004K [0x00000007a8000000, 0x00000007c0000000, 0x00000007c0000000)
 Metaspace       used 32856K, capacity 33682K, committed 34020K, reserved 1079296K
  class space    used 3960K, capacity 4197K, committed 4324K, reserved 1048576K
}
2018-04-16T12:37:17.149+0700: 5.143: Total time for which application threads were stopped: 0.0160010 seconds, Stopping threads took: 0.0000323 seconds
2018-04-16T12:37:17.223+0700: 5.217: Total time for which application threads were stopped: 0.0006320 seconds, Stopping threads took: 0.0004855 seconds
{Heap before GC invocations=13 (full 1):
 par new generation   total 109248K, used 107084K [0x00000007a0000000, 0x00000007a8000000, 0x00000007a8000000)
  eden space 87424K, 100% used [0x00000007a0000000, 0x00000007a5560000, 0x00000007a5560000)
  from space 21824K,  90% used [0x00000007a6ab0000, 0x00000007a7de3298, 0x00000007a8000000)
  to   space 21824K,   0% used [0x00000007a5560000, 0x00000007a5560000, 0x00000007a6ab0000)
 concurrent mark-sweep generation total 393216K, used 11004K [0x00000007a8000000, 0x00000007c0000000, 0x00000007c0000000)
 Metaspace       used 33224K, capacity 34098K, committed 34276K, reserved 1079296K
  class space    used 3998K, capacity 4229K, committed 4324K, reserved 1048576K
2018-04-16T12:37:17.315+0700: 5.309: [GC (Allocation Failure) 2018-04-16T12:37:17.315+0700: 5.309: [ParNew
Desired survivor size 20112992 bytes, new threshold 8 (max 8)
- age   1:    1768144 bytes,    1768144 total
- age   2:     510344 bytes,    2278488 total
- age   3:     205144 bytes,    2483632 total
- age   4:     208024 bytes,    2691656 total
- age   5:     167128 bytes,    2858784 total
- age   6:     521728 bytes,    3380512 total
- age   7:    3368424 bytes,    6748936 total
- age   8:    6183712 bytes,   12932648 total
: 107084K->15968K(109248K), 0.0164944 secs] 118088K->28053K(502464K), 0.0166091 secs] [Times: user=0.05 sys=0.00, real=0.02 secs] 
Heap after GC invocations=14 (full 1):
 par new generation   total 109248K, used 15968K [0x00000007a0000000, 0x00000007a8000000, 0x00000007a8000000)
  eden space 87424K,   0% used [0x00000007a0000000, 0x00000007a0000000, 0x00000007a5560000)
  from space 21824K,  73% used [0x00000007a5560000, 0x00000007a64f8090, 0x00000007a6ab0000)
  to   space 21824K,   0% used [0x00000007a6ab0000, 0x00000007a6ab0000, 0x00000007a8000000)
 concurrent mark-sweep generation total 393216K, used 12085K [0x00000007a8000000, 0x00000007c0000000, 0x00000007c0000000)
 Metaspace       used 33224K, capacity 34098K, committed 34276K, reserved 1079296K
  class space    used 3998K, capacity 4229K, committed 4324K, reserved 1048576K
}
2018-04-16T12:37:17.332+0700: 5.326: Total time for which application threads were stopped: 0.0168772 seconds, Stopping threads took: 0.0000443 seconds
2018-04-16T12:37:17.430+0700: 5.423: Total time for which application threads were stopped: 0.0008478 seconds, Stopping threads took: 0.0006638 seconds
2018-04-16T12:37:17.431+0700: 5.425: Total time for which application threads were stopped: 0.0007196 seconds, Stopping threads took: 0.0005839 seconds
2018-04-16T12:37:17.432+0700: 5.425: Total time for which application threads were stopped: 0.0001871 seconds, Stopping threads took: 0.0000648 seconds
2018-04-16T12:37:17.432+0700: 5.426: Total time for which application threads were stopped: 0.0006722 seconds, Stopping threads took: 0.0005338 seconds
2018-04-16T12:37:17.432+0700: 5.426: Total time for which application threads were stopped: 0.0001129 seconds, Stopping threads took: 0.0000139 seconds
2018-04-16T12:37:17.433+0700: 5.426: Total time for which application threads were stopped: 0.0001094 seconds, Stopping threads took: 0.0000120 seconds
2018-04-16T12:37:17.433+0700: 5.426: Total time for which application threads were stopped: 0.0000666 seconds, Stopping threads took: 0.0000082 seconds
2018-04-16T12:37:17.433+0700: 5.426: Total time for which application threads were stopped: 0.0001437 seconds, Stopping threads took: 0.0001026 seconds
2018-04-16T12:37:17.433+0700: 5.427: Total time for which application threads were stopped: 0.0000762 seconds, Stopping threads took: 0.0000098 seconds
2018-04-16T12:37:17.433+0700: 5.427: Total time for which application threads were stopped: 0.0000685 seconds, Stopping threads took: 0.0000080 seconds
2018-04-16T12:37:17.433+0700: 5.427: Total time for which application threads were stopped: 0.0000830 seconds, Stopping threads took: 0.0000413 seconds
2018-04-16T12:37:17.433+0700: 5.427: Total time for which application threads were stopped: 0.0000925 seconds, Stopping threads took: 0.0000394 seconds
2018-04-16T12:37:17.433+0700: 5.427: Total time for which application threads were stopped: 0.0000677 seconds, Stopping threads took: 0.0000075 seconds
2018-04-16T12:37:17.433+0700: 5.427: Total time for which application threads were stopped: 0.0000592 seconds, Stopping threads took: 0.0000067 seconds
2018-04-16T12:37:17.434+0700: 5.427: Total time for which application threads were stopped: 0.0000617 seconds, Stopping threads took: 0.0000067 seconds
2018-04-16T12:37:17.434+0700: 5.427: Total time for which application threads were stopped: 0.0000580 seconds, Stopping threads took: 0.0000067 seconds
2018-04-16T12:37:17.434+0700: 5.427: Total time for which application threads were stopped: 0.0000572 seconds, Stopping threads took: 0.0000067 seconds
2018-04-16T12:37:17.434+0700: 5.427: Total time for which application threads were stopped: 0.0000578 seconds, Stopping threads took: 0.0000065 seconds
2018-04-16T12:37:17.434+0700: 5.427: Total time for which application threads were stopped: 0.0000573 seconds, Stopping threads took: 0.0000066 seconds
2018-04-16T12:37:17.434+0700: 5.428: Total time for which application threads were stopped: 0.0000554 seconds, Stopping threads took: 0.0000066 seconds
2018-04-16T12:37:17.434+0700: 5.428: Total time for which application threads were stopped: 0.0000583 seconds, Stopping threads took: 0.0000064 seconds
2018-04-16T12:37:17.434+0700: 5.428: Total time for which application threads were stopped: 0.0001908 seconds, Stopping threads took: 0.0000521 seconds
2018-04-16T12:37:17.434+0700: 5.428: Total time for which application threads were stopped: 0.0000722 seconds, Stopping threads took: 0.0000087 seconds
{Heap before GC invocations=14 (full 1):
 par new generation   total 109248K, used 103392K [0x00000007a0000000, 0x00000007a8000000, 0x00000007a8000000)
  eden space 87424K, 100% used [0x00000007a0000000, 0x00000007a5560000, 0x00000007a5560000)
  from space 21824K,  73% used [0x00000007a5560000, 0x00000007a64f8090, 0x00000007a6ab0000)
  to   space 21824K,   0% used [0x00000007a6ab0000, 0x00000007a6ab0000, 0x00000007a8000000)
 concurrent mark-sweep generation total 393216K, used 12085K [0x00000007a8000000, 0x00000007c0000000, 0x00000007c0000000)
 Metaspace       used 33349K, capacity 34234K, committed 34532K, reserved 1079296K
  class space    used 4014K, capacity 4269K, committed 4324K, reserved 1048576K
2018-04-16T12:37:17.475+0700: 5.469: [GC (Allocation Failure) 2018-04-16T12:37:17.475+0700: 5.469: [ParNew
Desired survivor size 20112992 bytes, new threshold 8 (max 8)
- age   1:    3197576 bytes,    3197576 total
- age   2:     964176 bytes,    4161752 total
- age   3:     510280 bytes,    4672032 total
- age   4:     205144 bytes,    4877176 total
- age   5:     208024 bytes,    5085200 total
- age   6:     164680 bytes,    5249880 total
- age   7:     520920 bytes,    5770800 total
- age   8:    3367440 bytes,    9138240 total
: 103392K->14055K(109248K), 0.0323298 secs] 115477K->33139K(502464K), 0.0324203 secs] [Times: user=0.08 sys=0.01, real=0.03 secs] 
Heap after GC invocations=15 (full 1):
 par new generation   total 109248K, used 14055K [0x00000007a0000000, 0x00000007a8000000, 0x00000007a8000000)
  eden space 87424K,   0% used [0x00000007a0000000, 0x00000007a0000000, 0x00000007a5560000)
  from space 21824K,  64% used [0x00000007a6ab0000, 0x00000007a7869cf0, 0x00000007a8000000)
  to   space 21824K,   0% used [0x00000007a5560000, 0x00000007a5560000, 0x00000007a6ab0000)
 concurrent mark-sweep generation total 393216K, used 19084K [0x00000007a8000000, 0x00000007c0000000, 0x00000007c0000000)
 Metaspace       used 33349K, capacity 34234K, committed 34532K, reserved 1079296K
  class space    used 4014K, capacity 4269K, committed 4324K, reserved 1048576K
}
2018-04-16T12:37:17.507+0700: 5.501: Total time for which application threads were stopped: 0.0326539 seconds, Stopping threads took: 0.0000270 seconds
2018-04-16T12:37:17.508+0700: 5.502: Total time for which application threads were stopped: 0.0007222 seconds, Stopping threads took: 0.0006446 seconds
{Heap before GC invocations=15 (full 1):
 par new generation   total 109248K, used 101479K [0x00000007a0000000, 0x00000007a8000000, 0x00000007a8000000)
  eden space 87424K, 100% used [0x00000007a0000000, 0x00000007a5560000, 0x00000007a5560000)
  from space 21824K,  64% used [0x00000007a6ab0000, 0x00000007a7869cf0, 0x00000007a8000000)
  to   space 21824K,   0% used [0x00000007a5560000, 0x00000007a5560000, 0x00000007a6ab0000)
 concurrent mark-sweep generation total 393216K, used 19084K [0x00000007a8000000, 0x00000007c0000000, 0x00000007c0000000)
 Metaspace       used 33351K, capacity 34234K, committed 34532K, reserved 1079296K
  class space    used 4014K, capacity 4269K, committed 4324K, reserved 1048576K
2018-04-16T12:37:17.632+0700: 5.626: [GC (Allocation Failure) 2018-04-16T12:37:17.632+0700: 5.626: [ParNew
Desired survivor size 20112992 bytes, new threshold 8 (max 8)
- age   1:     836496 bytes,     836496 total
- age   2:    2503328 bytes,    3339824 total
- age   3:     964176 bytes,    4304000 total
- age   4:     510280 bytes,    4814280 total
- age   5:     205144 bytes,    5019424 total
- age   6:     208024 bytes,    5227448 total
- age   7:     164680 bytes,    5392128 total
- age   8:     520920 bytes,    5913048 total
: 101479K->7563K(109248K), 0.0357346 secs] 120563K->29952K(502464K), 0.0358359 secs] [Times: user=0.05 sys=0.01, real=0.03 secs] 
Heap after GC invocations=16 (full 1):
 par new generation   total 109248K, used 7563K [0x00000007a0000000, 0x00000007a8000000, 0x00000007a8000000)
  eden space 87424K,   0% used [0x00000007a0000000, 0x00000007a0000000, 0x00000007a5560000)
  from space 21824K,  34% used [0x00000007a5560000, 0x00000007a5cc2c60, 0x00000007a6ab0000)
  to   space 21824K,   0% used [0x00000007a6ab0000, 0x00000007a6ab0000, 0x00000007a8000000)
 concurrent mark-sweep generation total 393216K, used 22388K [0x00000007a8000000, 0x00000007c0000000, 0x00000007c0000000)
 Metaspace       used 33351K, capacity 34234K, committed 34532K, reserved 1079296K
  class space    used 4014K, capacity 4269K, committed 4324K, reserved 1048576K
}
2018-04-16T12:37:17.668+0700: 5.662: Total time for which application threads were stopped: 0.0360632 seconds, Stopping threads took: 0.0000246 seconds
2018-04-16T12:37:17.668+0700: 5.662: Total time for which application threads were stopped: 0.0001394 seconds, Stopping threads took: 0.0000741 seconds
2018-04-16T12:37:17.668+0700: 5.662: Total time for which application threads were stopped: 0.0000497 seconds, Stopping threads took: 0.0000084 seconds
2018-04-16T12:37:17.669+0700: 5.662: Total time for which application threads were stopped: 0.0000555 seconds, Stopping threads took: 0.0000085 seconds
2018-04-16T12:37:17.669+0700: 5.662: Total time for which application threads were stopped: 0.0000863 seconds, Stopping threads took: 0.0000404 seconds
2018-04-16T12:37:17.669+0700: 5.662: Total time for which application threads were stopped: 0.0000713 seconds, Stopping threads took: 0.0000355 seconds
2018-04-16T12:37:17.669+0700: 5.662: Total time for which application threads were stopped: 0.0000555 seconds, Stopping threads took: 0.0000196 seconds
2018-04-16T12:37:17.669+0700: 5.663: Total time for which application threads were stopped: 0.0000954 seconds, Stopping threads took: 0.0000595 seconds
2018-04-16T12:37:17.669+0700: 5.663: Total time for which application threads were stopped: 0.0000849 seconds, Stopping threads took: 0.0000475 seconds
2018-04-16T12:37:17.669+0700: 5.663: Total time for which application threads were stopped: 0.0000858 seconds, Stopping threads took: 0.0000508 seconds
2018-04-16T12:37:17.669+0700: 5.663: Total time for which application threads were stopped: 0.0000805 seconds, Stopping threads took: 0.0000445 seconds
2018-04-16T12:37:17.670+0700: 5.663: Total time for which application threads were stopped: 0.0001779 seconds, Stopping threads took: 0.0001420 seconds
2018-04-16T12:37:17.670+0700: 5.663: Total time for which application threads were stopped: 0.0000389 seconds, Stopping threads took: 0.0000063 seconds
2018-04-16T12:37:17.670+0700: 5.663: Total time for which application threads were stopped: 0.0000384 seconds, Stopping threads took: 0.0000061 seconds
2018-04-16T12:37:17.670+0700: 5.663: Total time for which application threads were stopped: 0.0000741 seconds, Stopping threads took: 0.0000363 seconds
2018-04-16T12:37:17.671+0700: 5.664: Total time for which application threads were stopped: 0.0010071 seconds, Stopping threads took: 0.0009394 seconds
2018-04-16T12:37:17.671+0700: 5.665: Total time for which application threads were stopped: 0.0001041 seconds, Stopping threads took: 0.0000528 seconds
2018-04-16T12:37:17.671+0700: 5.665: Total time for which application threads were stopped: 0.0001077 seconds, Stopping threads took: 0.0000541 seconds
2018-04-16T12:37:17.671+0700: 5.665: Total time for which application threads were stopped: 0.0000949 seconds, Stopping threads took: 0.0000536 seconds
2018-04-16T12:37:17.671+0700: 5.665: Total time for which application threads were stopped: 0.0001129 seconds, Stopping threads took: 0.0000770 seconds
2018-04-16T12:37:17.672+0700: 5.665: Total time for which application threads were stopped: 0.0002089 seconds, Stopping threads took: 0.0000499 seconds
{Heap before GC invocations=16 (full 1):
 par new generation   total 109248K, used 94969K [0x00000007a0000000, 0x00000007a8000000, 0x00000007a8000000)
  eden space 87424K,  99% used [0x00000007a0000000, 0x00000007a555b860, 0x00000007a5560000)
  from space 21824K,  34% used [0x00000007a5560000, 0x00000007a5cc2c60, 0x00000007a6ab0000)
  to   space 21824K,   0% used [0x00000007a6ab0000, 0x00000007a6ab0000, 0x00000007a8000000)
 concurrent mark-sweep generation total 393216K, used 22388K [0x00000007a8000000, 0x00000007c0000000, 0x00000007c0000000)
 Metaspace       used 33356K, capacity 34234K, committed 34532K, reserved 1079296K
  class space    used 4014K, capacity 4269K, committed 4324K, reserved 1048576K
2018-04-16T12:37:17.804+0700: 5.797: [GC (Allocation Failure) 2018-04-16T12:37:17.804+0700: 5.797: [ParNew
Desired survivor size 20112992 bytes, new threshold 8 (max 8)
- age   1:     751288 bytes,     751288 total
- age   2:     367456 bytes,    1118744 total
- age   3:    2328552 bytes,    3447296 total
- age   4:     964176 bytes,    4411472 total
- age   5:     510280 bytes,    4921752 total
- age   6:     205144 bytes,    5126896 total
- age   7:     208024 bytes,    5334920 total
- age   8:     164680 bytes,    5499600 total
: 94969K->6851K(109248K), 0.0077217 secs] 117358K->29751K(502464K), 0.0077788 secs] [Times: user=0.02 sys=0.00, real=0.01 secs] 
Heap after GC invocations=17 (full 1):
 par new generation   total 109248K, used 6851K [0x00000007a0000000, 0x00000007a8000000, 0x00000007a8000000)
  eden space 87424K,   0% used [0x00000007a0000000, 0x00000007a0000000, 0x00000007a5560000)
  from space 21824K,  31% used [0x00000007a6ab0000, 0x00000007a7160f80, 0x00000007a8000000)
  to   space 21824K,   0% used [0x00000007a5560000, 0x00000007a5560000, 0x00000007a6ab0000)
 concurrent mark-sweep generation total 393216K, used 22899K [0x00000007a8000000, 0x00000007c0000000, 0x00000007c0000000)
 Metaspace       used 33356K, capacity 34234K, committed 34532K, reserved 1079296K
  class space    used 4014K, capacity 4269K, committed 4324K, reserved 1048576K
}
2018-04-16T12:37:17.812+0700: 5.805: Total time for which application threads were stopped: 0.0081869 seconds, Stopping threads took: 0.0001575 seconds
{Heap before GC invocations=17 (full 1):
 par new generation   total 109248K, used 94275K [0x00000007a0000000, 0x00000007a8000000, 0x00000007a8000000)
  eden space 87424K, 100% used [0x00000007a0000000, 0x00000007a5560000, 0x00000007a5560000)
  from space 21824K,  31% used [0x00000007a6ab0000, 0x00000007a7160f80, 0x00000007a8000000)
  to   space 21824K,   0% used [0x00000007a5560000, 0x00000007a5560000, 0x00000007a6ab0000)
 concurrent mark-sweep generation total 393216K, used 22899K [0x00000007a8000000, 0x00000007c0000000, 0x00000007c0000000)
 Metaspace       used 33358K, capacity 34234K, committed 34532K, reserved 1079296K
  class space    used 4014K, capacity 4269K, committed 4324K, reserved 1048576K
2018-04-16T12:37:17.969+0700: 5.963: [GC (Allocation Failure) 2018-04-16T12:37:17.969+0700: 5.963: [ParNew
Desired survivor size 20112992 bytes, new threshold 8 (max 8)
- age   1:    1355184 bytes,    1355184 total
- age   2:     259496 bytes,    1614680 total
- age   3:     169728 bytes,    1784408 total
- age   4:    2328552 bytes,    4112960 total
- age   5:     833072 bytes,    4946032 total
- age   6:     510280 bytes,    5456312 total
- age   7:     205144 bytes,    5661456 total
- age   8:     208024 bytes,    5869480 total
: 94275K->9769K(109248K), 0.0076330 secs] 117175K->32832K(502464K), 0.0077290 secs] [Times: user=0.03 sys=0.00, real=0.01 secs] 
Heap after GC invocations=18 (full 1):
 par new generation   total 109248K, used 9769K [0x00000007a0000000, 0x00000007a8000000, 0x00000007a8000000)
  eden space 87424K,   0% used [0x00000007a0000000, 0x00000007a0000000, 0x00000007a5560000)
  from space 21824K,  44% used [0x00000007a5560000, 0x00000007a5eea440, 0x00000007a6ab0000)
  to   space 21824K,   0% used [0x00000007a6ab0000, 0x00000007a6ab0000, 0x00000007a8000000)
 concurrent mark-sweep generation total 393216K, used 23063K [0x00000007a8000000, 0x00000007c0000000, 0x00000007c0000000)
 Metaspace       used 33358K, capacity 34234K, committed 34532K, reserved 1079296K
  class space    used 4014K, capacity 4269K, committed 4324K, reserved 1048576K
}
2018-04-16T12:37:17.977+0700: 5.971: Total time for which application threads were stopped: 0.0079304 seconds, Stopping threads took: 0.0000269 seconds
{Heap before GC invocations=18 (full 1):
 par new generation   total 109248K, used 97193K [0x00000007a0000000, 0x00000007a8000000, 0x00000007a8000000)
  eden space 87424K, 100% used [0x00000007a0000000, 0x00000007a5560000, 0x00000007a5560000)
  from space 21824K,  44% used [0x00000007a5560000, 0x00000007a5eea440, 0x00000007a6ab0000)
  to   space 21824K,   0% used [0x00000007a6ab0000, 0x00000007a6ab0000, 0x00000007a8000000)
 concurrent mark-sweep generation total 393216K, used 23063K [0x00000007a8000000, 0x00000007c0000000, 0x00000007c0000000)
 Metaspace       used 33360K, capacity 34234K, committed 34532K, reserved 1079296K
  class space    used 4014K, capacity 4269K, committed 4324K, reserved 1048576K
2018-04-16T12:37:18.082+0700: 6.076: [GC (Allocation Failure) 2018-04-16T12:37:18.082+0700: 6.076: [ParNew
Desired survivor size 20112992 bytes, new threshold 8 (max 8)
- age   1:    1289776 bytes,    1289776 total
- age   2:     498944 bytes,    1788720 total
- age   3:     259496 bytes,    2048216 total
- age   4:     169728 bytes,    2217944 total
- age   5:    2328552 bytes,    4546496 total
- age   6:     833072 bytes,    5379568 total
- age   7:     444728 bytes,    5824296 total
- age   8:     205144 bytes,    6029440 total
: 97193K->7298K(109248K), 0.0110912 secs] 120256K->30566K(502464K), 0.0111662 secs] [Times: user=0.04 sys=0.00, real=0.01 secs] 
Heap after GC invocations=19 (full 1):
 par new generation   total 109248K, used 7298K [0x00000007a0000000, 0x00000007a8000000, 0x00000007a8000000)
  eden space 87424K,   0% used [0x00000007a0000000, 0x00000007a0000000, 0x00000007a5560000)
  from space 21824K,  33% used [0x00000007a6ab0000, 0x00000007a71d0b60, 0x00000007a8000000)
  to   space 21824K,   0% used [0x00000007a5560000, 0x00000007a5560000, 0x00000007a6ab0000)
 concurrent mark-sweep generation total 393216K, used 23267K [0x00000007a8000000, 0x00000007c0000000, 0x00000007c0000000)
 Metaspace       used 33360K, capacity 34234K, committed 34532K, reserved 1079296K
  class space    used 4014K, capacity 4269K, committed 4324K, reserved 1048576K
}
2018-04-16T12:37:18.093+0700: 6.087: Total time for which application threads were stopped: 0.0113727 seconds, Stopping threads took: 0.0000257 seconds
{Heap before GC invocations=19 (full 1):
 par new generation   total 109248K, used 94722K [0x00000007a0000000, 0x00000007a8000000, 0x00000007a8000000)
  eden space 87424K, 100% used [0x00000007a0000000, 0x00000007a5560000, 0x00000007a5560000)
  from space 21824K,  33% used [0x00000007a6ab0000, 0x00000007a71d0b60, 0x00000007a8000000)
  to   space 21824K,   0% used [0x00000007a5560000, 0x00000007a5560000, 0x00000007a6ab0000)
 concurrent mark-sweep generation total 393216K, used 23267K [0x00000007a8000000, 0x00000007c0000000, 0x00000007c0000000)
 Metaspace       used 33361K, capacity 34234K, committed 34532K, reserved 1079296K
  class space    used 4014K, capacity 4269K, committed 4324K, reserved 1048576K
2018-04-16T12:37:18.185+0700: 6.178: [GC (Allocation Failure) 2018-04-16T12:37:18.185+0700: 6.178: [ParNew
Desired survivor size 20112992 bytes, new threshold 8 (max 8)
- age   1:    1219288 bytes,    1219288 total
- age   2:     387104 bytes,    1606392 total
- age   3:     498728 bytes,    2105120 total
- age   4:     259496 bytes,    2364616 total
- age   5:     169728 bytes,    2534344 total
- age   6:    2328552 bytes,    4862896 total
- age   7:     833072 bytes,    5695968 total
- age   8:     444752 bytes,    6140720 total
: 94722K->9017K(109248K), 0.0083243 secs] 117990K->32486K(502464K), 0.0084181 secs] [Times: user=0.03 sys=0.00, real=0.01 secs] 
Heap after GC invocations=20 (full 1):
 par new generation   total 109248K, used 9017K [0x00000007a0000000, 0x00000007a8000000, 0x00000007a8000000)
  eden space 87424K,   0% used [0x00000007a0000000, 0x00000007a0000000, 0x00000007a5560000)
  from space 21824K,  41% used [0x00000007a5560000, 0x00000007a5e2e5a8, 0x00000007a6ab0000)
  to   space 21824K,   0% used [0x00000007a6ab0000, 0x00000007a6ab0000, 0x00000007a8000000)
 concurrent mark-sweep generation total 393216K, used 23468K [0x00000007a8000000, 0x00000007c0000000, 0x00000007c0000000)
 Metaspace       used 33361K, capacity 34234K, committed 34532K, reserved 1079296K
  class space    used 4014K, capacity 4269K, committed 4324K, reserved 1048576K
}
2018-04-16T12:37:18.193+0700: 6.187: Total time for which application threads were stopped: 0.0086237 seconds, Stopping threads took: 0.0000220 seconds
{Heap before GC invocations=20 (full 1):
 par new generation   total 109248K, used 96441K [0x00000007a0000000, 0x00000007a8000000, 0x00000007a8000000)
  eden space 87424K, 100% used [0x00000007a0000000, 0x00000007a5560000, 0x00000007a5560000)
  from space 21824K,  41% used [0x00000007a5560000, 0x00000007a5e2e5a8, 0x00000007a6ab0000)
  to   space 21824K,   0% used [0x00000007a6ab0000, 0x00000007a6ab0000, 0x00000007a8000000)
 concurrent mark-sweep generation total 393216K, used 23468K [0x00000007a8000000, 0x00000007c0000000, 0x00000007c0000000)
 Metaspace       used 33363K, capacity 34234K, committed 34532K, reserved 1079296K
  class space    used 4014K, capacity 4269K, committed 4324K, reserved 1048576K
2018-04-16T12:37:18.280+0700: 6.274: [GC (Allocation Failure) 2018-04-16T12:37:18.280+0700: 6.274: [ParNew
Desired survivor size 20112992 bytes, new threshold 8 (max 8)
- age   1:     345760 bytes,     345760 total
- age   2:    1128576 bytes,    1474336 total
- age   3:     387104 bytes,    1861440 total
- age   4:     498728 bytes,    2360168 total
- age   5:     259496 bytes,    2619664 total
- age   6:     169728 bytes,    2789392 total
- age   7:    2328552 bytes,    5117944 total
- age   8:     833072 bytes,    5951016 total
: 96441K->6842K(109248K), 0.0090436 secs] 119910K->30747K(502464K), 0.0091303 secs] [Times: user=0.03 sys=0.01, real=0.00 secs] 
Heap after GC invocations=21 (full 1):
 par new generation   total 109248K, used 6842K [0x00000007a0000000, 0x00000007a8000000, 0x00000007a8000000)
  eden space 87424K,   0% used [0x00000007a0000000, 0x00000007a0000000, 0x00000007a5560000)
  from space 21824K,  31% used [0x00000007a6ab0000, 0x00000007a715eaf0, 0x00000007a8000000)
  to   space 21824K,   0% used [0x00000007a5560000, 0x00000007a5560000, 0x00000007a6ab0000)
 concurrent mark-sweep generation total 393216K, used 23905K [0x00000007a8000000, 0x00000007c0000000, 0x00000007c0000000)
 Metaspace       used 33363K, capacity 34234K, committed 34532K, reserved 1079296K
  class space    used 4014K, capacity 4269K, committed 4324K, reserved 1048576K
}
2018-04-16T12:37:18.289+0700: 6.283: Total time for which application threads were stopped: 0.0093655 seconds, Stopping threads took: 0.0000261 seconds
{Heap before GC invocations=21 (full 1):
 par new generation   total 109248K, used 94266K [0x00000007a0000000, 0x00000007a8000000, 0x00000007a8000000)
  eden space 87424K, 100% used [0x00000007a0000000, 0x00000007a5560000, 0x00000007a5560000)
  from space 21824K,  31% used [0x00000007a6ab0000, 0x00000007a715eaf0, 0x00000007a8000000)
  to   space 21824K,   0% used [0x00000007a5560000, 0x00000007a5560000, 0x00000007a6ab0000)
 concurrent mark-sweep generation total 393216K, used 23905K [0x00000007a8000000, 0x00000007c0000000, 0x00000007c0000000)
 Metaspace       used 33379K, capacity 34234K, committed 34532K, reserved 1079296K
  class space    used 4014K, capacity 4269K, committed 4324K, reserved 1048576K
2018-04-16T12:37:18.374+0700: 6.368: [GC (Allocation Failure) 2018-04-16T12:37:18.374+0700: 6.368: [ParNew
Desired survivor size 20112992 bytes, new threshold 8 (max 8)
- age   1:    1323016 bytes,    1323016 total
- age   2:     208248 bytes,    1531264 total
- age   3:     235888 bytes,    1767152 total
- age   4:     387104 bytes,    2154256 total
- age   5:     498728 bytes,    2652984 total
- age   6:     259496 bytes,    2912480 total
- age   7:     169728 bytes,    3082208 total
- age   8:    2328552 bytes,    5410760 total
: 94266K->8825K(109248K), 0.0075706 secs] 118171K->33551K(502464K), 0.0076612 secs] [Times: user=0.02 sys=0.00, real=0.01 secs] 
Heap after GC invocations=22 (full 1):
 par new generation   total 109248K, used 8825K [0x00000007a0000000, 0x00000007a8000000, 0x00000007a8000000)
  eden space 87424K,   0% used [0x00000007a0000000, 0x00000007a0000000, 0x00000007a5560000)
  from space 21824K,  40% used [0x00000007a5560000, 0x00000007a5dfe4c8, 0x00000007a6ab0000)
  to   space 21824K,   0% used [0x00000007a6ab0000, 0x00000007a6ab0000, 0x00000007a8000000)
 concurrent mark-sweep generation total 393216K, used 24726K [0x00000007a8000000, 0x00000007c0000000, 0x00000007c0000000)
 Metaspace       used 33379K, capacity 34234K, committed 34532K, reserved 1079296K
  class space    used 4014K, capacity 4269K, committed 4324K, reserved 1048576K
}
2018-04-16T12:37:18.382+0700: 6.376: Total time for which application threads were stopped: 0.0078809 seconds, Stopping threads took: 0.0000301 seconds
2018-04-16T12:37:18.409+0700: 6.402: Total time for which application threads were stopped: 0.0001763 seconds, Stopping threads took: 0.0000376 seconds
2018-04-16T12:37:18.469+0700: 6.462: Total time for which application threads were stopped: 0.0002316 seconds, Stopping threads took: 0.0000319 seconds
{Heap before GC invocations=22 (full 1):
 par new generation   total 109248K, used 96249K [0x00000007a0000000, 0x00000007a8000000, 0x00000007a8000000)
  eden space 87424K, 100% used [0x00000007a0000000, 0x00000007a5560000, 0x00000007a5560000)
  from space 21824K,  40% used [0x00000007a5560000, 0x00000007a5dfe4c8, 0x00000007a6ab0000)
  to   space 21824K,   0% used [0x00000007a6ab0000, 0x00000007a6ab0000, 0x00000007a8000000)
 concurrent mark-sweep generation total 393216K, used 24726K [0x00000007a8000000, 0x00000007c0000000, 0x00000007c0000000)
 Metaspace       used 33379K, capacity 34234K, committed 34532K, reserved 1079296K
  class space    used 4014K, capacity 4269K, committed 4324K, reserved 1048576K
2018-04-16T12:37:18.510+0700: 6.504: [GC (Allocation Failure) 2018-04-16T12:37:18.510+0700: 6.504: [ParNew
Desired survivor size 20112992 bytes, new threshold 8 (max 8)
- age   1:    1504840 bytes,    1504840 total
- age   2:     202264 bytes,    1707104 total
- age   3:     202824 bytes,    1909928 total
- age   4:     235888 bytes,    2145816 total
- age   5:     387104 bytes,    2532920 total
- age   6:     498728 bytes,    3031648 total
- age   7:     259496 bytes,    3291144 total
- age   8:     169728 bytes,    3460872 total
: 96249K->4518K(109248K), 0.0210475 secs] 120975K->31524K(502464K), 0.0212054 secs] [Times: user=0.06 sys=0.00, real=0.02 secs] 
Heap after GC invocations=23 (full 1):
 par new generation   total 109248K, used 4518K [0x00000007a0000000, 0x00000007a8000000, 0x00000007a8000000)
  eden space 87424K,   0% used [0x00000007a0000000, 0x00000007a0000000, 0x00000007a5560000)
  from space 21824K,  20% used [0x00000007a6ab0000, 0x00000007a6f19808, 0x00000007a8000000)
  to   space 21824K,   0% used [0x00000007a5560000, 0x00000007a5560000, 0x00000007a6ab0000)
 concurrent mark-sweep generation total 393216K, used 27006K [0x00000007a8000000, 0x00000007c0000000, 0x00000007c0000000)
 Metaspace       used 33379K, capacity 34234K, committed 34532K, reserved 1079296K
  class space    used 4014K, capacity 4269K, committed 4324K, reserved 1048576K
}
2018-04-16T12:37:18.531+0700: 6.525: Total time for which application threads were stopped: 0.0215320 seconds, Stopping threads took: 0.0000998 seconds
{Heap before GC invocations=23 (full 1):
 par new generation   total 109248K, used 91942K [0x00000007a0000000, 0x00000007a8000000, 0x00000007a8000000)
  eden space 87424K, 100% used [0x00000007a0000000, 0x00000007a5560000, 0x00000007a5560000)
  from space 21824K,  20% used [0x00000007a6ab0000, 0x00000007a6f19808, 0x00000007a8000000)
  to   space 21824K,   0% used [0x00000007a5560000, 0x00000007a5560000, 0x00000007a6ab0000)
 concurrent mark-sweep generation total 393216K, used 27006K [0x00000007a8000000, 0x00000007c0000000, 0x00000007c0000000)
 Metaspace       used 33380K, capacity 34234K, committed 34532K, reserved 1079296K
  class space    used 4014K, capacity 4269K, committed 4324K, reserved 1048576K
2018-04-16T12:37:18.634+0700: 6.627: [GC (Allocation Failure) 2018-04-16T12:37:18.634+0700: 6.627: [ParNew
Desired survivor size 20112992 bytes, new threshold 8 (max 8)
- age   1:    1170408 bytes,    1170408 total
- age   2:     649144 bytes,    1819552 total
- age   3:     202088 bytes,    2021640 total
- age   4:     202824 bytes,    2224464 total
- age   5:     235888 bytes,    2460352 total
- age   6:     387104 bytes,    2847456 total
- age   7:     498728 bytes,    3346184 total
- age   8:     259496 bytes,    3605680 total
: 91942K->4699K(109248K), 0.0078058 secs] 118948K->31871K(502464K), 0.0079068 secs] [Times: user=0.02 sys=0.00, real=0.01 secs] 
Heap after GC invocations=24 (full 1):
 par new generation   total 109248K, used 4699K [0x00000007a0000000, 0x00000007a8000000, 0x00000007a8000000)
  eden space 87424K,   0% used [0x00000007a0000000, 0x00000007a0000000, 0x00000007a5560000)
  from space 21824K,  21% used [0x00000007a5560000, 0x00000007a59f6c90, 0x00000007a6ab0000)
  to   space 21824K,   0% used [0x00000007a6ab0000, 0x00000007a6ab0000, 0x00000007a8000000)
 concurrent mark-sweep generation total 393216K, used 27172K [0x00000007a8000000, 0x00000007c0000000, 0x00000007c0000000)
 Metaspace       used 33380K, capacity 34234K, committed 34532K, reserved 1079296K
  class space    used 4014K, capacity 4269K, committed 4324K, reserved 1048576K
}
2018-04-16T12:37:18.641+0700: 6.635: Total time for which application threads were stopped: 0.0081911 seconds, Stopping threads took: 0.0000298 seconds
{Heap before GC invocations=24 (full 1):
 par new generation   total 109248K, used 92123K [0x00000007a0000000, 0x00000007a8000000, 0x00000007a8000000)
  eden space 87424K, 100% used [0x00000007a0000000, 0x00000007a5560000, 0x00000007a5560000)
  from space 21824K,  21% used [0x00000007a5560000, 0x00000007a59f6c90, 0x00000007a6ab0000)
  to   space 21824K,   0% used [0x00000007a6ab0000, 0x00000007a6ab0000, 0x00000007a8000000)
 concurrent mark-sweep generation total 393216K, used 27172K [0x00000007a8000000, 0x00000007c0000000, 0x00000007c0000000)
 Metaspace       used 33384K, capacity 34234K, committed 34532K, reserved 1079296K
  class space    used 4015K, capacity 4269K, committed 4324K, reserved 1048576K
2018-04-16T12:37:18.731+0700: 6.725: [GC (Allocation Failure) 2018-04-16T12:37:18.732+0700: 6.725: [ParNew
Desired survivor size 20112992 bytes, new threshold 8 (max 8)
- age   1:     884664 bytes,     884664 total
- age   2:    1079952 bytes,    1964616 total
- age   3:     648792 bytes,    2613408 total
- age   4:     202088 bytes,    2815496 total
- age   5:     202824 bytes,    3018320 total
- age   6:     235888 bytes,    3254208 total
- age   7:     387104 bytes,    3641312 total
- age   8:     236552 bytes,    3877864 total
: 92123K->5159K(109248K), 0.0083078 secs] 119295K->32585K(502464K), 0.0083781 secs] [Times: user=0.03 sys=0.00, real=0.01 secs] 
Heap after GC invocations=25 (full 1):
 par new generation   total 109248K, used 5159K [0x00000007a0000000, 0x00000007a8000000, 0x00000007a8000000)
  eden space 87424K,   0% used [0x00000007a0000000, 0x00000007a0000000, 0x00000007a5560000)
  from space 21824K,  23% used [0x00000007a6ab0000, 0x00000007a6fb9f40, 0x00000007a8000000)
  to   space 21824K,   0% used [0x00000007a5560000, 0x00000007a5560000, 0x00000007a6ab0000)
 concurrent mark-sweep generation total 393216K, used 27426K [0x00000007a8000000, 0x00000007c0000000, 0x00000007c0000000)
 Metaspace       used 33384K, capacity 34234K, committed 34532K, reserved 1079296K
  class space    used 4015K, capacity 4269K, committed 4324K, reserved 1048576K
}
2018-04-16T12:37:18.740+0700: 6.733: Total time for which application threads were stopped: 0.0086537 seconds, Stopping threads took: 0.0000248 seconds
{Heap before GC invocations=25 (full 1):
 par new generation   total 109248K, used 92583K [0x00000007a0000000, 0x00000007a8000000, 0x00000007a8000000)
  eden space 87424K, 100% used [0x00000007a0000000, 0x00000007a5560000, 0x00000007a5560000)
  from space 21824K,  23% used [0x00000007a6ab0000, 0x00000007a6fb9f40, 0x00000007a8000000)
  to   space 21824K,   0% used [0x00000007a5560000, 0x00000007a5560000, 0x00000007a6ab0000)
 concurrent mark-sweep generation total 393216K, used 27426K [0x00000007a8000000, 0x00000007c0000000, 0x00000007c0000000)
 Metaspace       used 33385K, capacity 34234K, committed 34532K, reserved 1079296K
  class space    used 4015K, capacity 4269K, committed 4324K, reserved 1048576K
2018-04-16T12:37:18.826+0700: 6.820: [GC (Allocation Failure) 2018-04-16T12:37:18.826+0700: 6.820: [ParNew
Desired survivor size 20112992 bytes, new threshold 8 (max 8)
- age   1:    1790616 bytes,    1790616 total
- age   2:     795056 bytes,    2585672 total
- age   3:     203328 bytes,    2789000 total
- age   4:     292472 bytes,    3081472 total
- age   5:     202088 bytes,    3283560 total
- age   6:     202824 bytes,    3486384 total
- age   7:     235888 bytes,    3722272 total
- age   8:     387104 bytes,    4109376 total
: 92583K->5197K(109248K), 0.0053774 secs] 120009K->32854K(502464K), 0.0054510 secs] [Times: user=0.01 sys=0.00, real=0.01 secs] 
Heap after GC invocations=26 (full 1):
 par new generation   total 109248K, used 5197K [0x00000007a0000000, 0x00000007a8000000, 0x00000007a8000000)
  eden space 87424K,   0% used [0x00000007a0000000, 0x00000007a0000000, 0x00000007a5560000)
  from space 21824K,  23% used [0x00000007a5560000, 0x00000007a5a73480, 0x00000007a6ab0000)
  to   space 21824K,   0% used [0x00000007a6ab0000, 0x00000007a6ab0000, 0x00000007a8000000)
 concurrent mark-sweep generation total 393216K, used 27657K [0x00000007a8000000, 0x00000007c0000000, 0x00000007c0000000)
 Metaspace       used 33385K, capacity 34234K, committed 34532K, reserved 1079296K
  class space    used 4015K, capacity 4269K, committed 4324K, reserved 1048576K
}
2018-04-16T12:37:18.832+0700: 6.825: Total time for which application threads were stopped: 0.0056443 seconds, Stopping threads took: 0.0000214 seconds
{Heap before GC invocations=26 (full 1):
 par new generation   total 109248K, used 92621K [0x00000007a0000000, 0x00000007a8000000, 0x00000007a8000000)
  eden space 87424K, 100% used [0x00000007a0000000, 0x00000007a5560000, 0x00000007a5560000)
  from space 21824K,  23% used [0x00000007a5560000, 0x00000007a5a73480, 0x00000007a6ab0000)
  to   space 21824K,   0% used [0x00000007a6ab0000, 0x00000007a6ab0000, 0x00000007a8000000)
 concurrent mark-sweep generation total 393216K, used 27657K [0x00000007a8000000, 0x00000007c0000000, 0x00000007c0000000)
 Metaspace       used 33385K, capacity 34234K, committed 34532K, reserved 1079296K
  class space    used 4015K, capacity 4269K, committed 4324K, reserved 1048576K
2018-04-16T12:37:18.896+0700: 6.890: [GC (Allocation Failure) 2018-04-16T12:37:18.896+0700: 6.890: [ParNew
Desired survivor size 20112992 bytes, new threshold 8 (max 8)
- age   1:     321176 bytes,     321176 total
- age   2:    1661888 bytes,    1983064 total
- age   3:     794816 bytes,    2777880 total
- age   4:     203128 bytes,    2981008 total
- age   5:     292472 bytes,    3273480 total
- age   6:     202088 bytes,    3475568 total
- age   7:     202824 bytes,    3678392 total
- age   8:     235888 bytes,    3914280 total
: 92621K->4459K(109248K), 0.0082335 secs] 120278K->32494K(502464K), 0.0083273 secs] [Times: user=0.03 sys=0.00, real=0.01 secs] 
Heap after GC invocations=27 (full 1):
 par new generation   total 109248K, used 4459K [0x00000007a0000000, 0x00000007a8000000, 0x00000007a8000000)
  eden space 87424K,   0% used [0x00000007a0000000, 0x00000007a0000000, 0x00000007a5560000)
  from space 21824K,  20% used [0x00000007a6ab0000, 0x00000007a6f0ae20, 0x00000007a8000000)
  to   space 21824K,   0% used [0x00000007a5560000, 0x00000007a5560000, 0x00000007a6ab0000)
 concurrent mark-sweep generation total 393216K, used 28035K [0x00000007a8000000, 0x00000007c0000000, 0x00000007c0000000)
 Metaspace       used 33385K, capacity 34234K, committed 34532K, reserved 1079296K
  class space    used 4015K, capacity 4269K, committed 4324K, reserved 1048576K
}
2018-04-16T12:37:18.905+0700: 6.898: Total time for which application threads were stopped: 0.0085858 seconds, Stopping threads took: 0.0000283 seconds
{Heap before GC invocations=27 (full 1):
 par new generation   total 109248K, used 91883K [0x00000007a0000000, 0x00000007a8000000, 0x00000007a8000000)
  eden space 87424K, 100% used [0x00000007a0000000, 0x00000007a5560000, 0x00000007a5560000)
  from space 21824K,  20% used [0x00000007a6ab0000, 0x00000007a6f0ae20, 0x00000007a8000000)
  to   space 21824K,   0% used [0x00000007a5560000, 0x00000007a5560000, 0x00000007a6ab0000)
 concurrent mark-sweep generation total 393216K, used 28035K [0x00000007a8000000, 0x00000007c0000000, 0x00000007c0000000)
 Metaspace       used 33385K, capacity 34234K, committed 34532K, reserved 1079296K
  class space    used 4015K, capacity 4269K, committed 4324K, reserved 1048576K
2018-04-16T12:37:18.974+0700: 6.968: [GC (Allocation Failure) 2018-04-16T12:37:18.974+0700: 6.968: [ParNew
Desired survivor size 20112992 bytes, new threshold 8 (max 8)
- age   1:    1421624 bytes,    1421624 total
- age   2:     171872 bytes,    1593496 total
- age   3:     675456 bytes,    2268952 total
- age   4:     794816 bytes,    3063768 total
- age   5:     203128 bytes,    3266896 total
- age   6:     292472 bytes,    3559368 total
- age   7:     202088 bytes,    3761456 total
- age   8:     202824 bytes,    3964280 total
: 91883K->4975K(109248K), 0.0077656 secs] 119918K->33241K(502464K), 0.0078493 secs] [Times: user=0.02 sys=0.00, real=0.01 secs] 
Heap after GC invocations=28 (full 1):
 par new generation   total 109248K, used 4975K [0x00000007a0000000, 0x00000007a8000000, 0x00000007a8000000)
  eden space 87424K,   0% used [0x00000007a0000000, 0x00000007a0000000, 0x00000007a5560000)
  from space 21824K,  22% used [0x00000007a5560000, 0x00000007a5a3bfc0, 0x00000007a6ab0000)
  to   space 21824K,   0% used [0x00000007a6ab0000, 0x00000007a6ab0000, 0x00000007a8000000)
 concurrent mark-sweep generation total 393216K, used 28265K [0x00000007a8000000, 0x00000007c0000000, 0x00000007c0000000)
 Metaspace       used 33385K, capacity 34234K, committed 34532K, reserved 1079296K
  class space    used 4015K, capacity 4269K, committed 4324K, reserved 1048576K
}
2018-04-16T12:37:18.982+0700: 6.976: Total time for which application threads were stopped: 0.0080638 seconds, Stopping threads took: 0.0000297 seconds
{Heap before GC invocations=28 (full 1):
 par new generation   total 109248K, used 92399K [0x00000007a0000000, 0x00000007a8000000, 0x00000007a8000000)
  eden space 87424K, 100% used [0x00000007a0000000, 0x00000007a5560000, 0x00000007a5560000)
  from space 21824K,  22% used [0x00000007a5560000, 0x00000007a5a3bfc0, 0x00000007a6ab0000)
  to   space 21824K,   0% used [0x00000007a6ab0000, 0x00000007a6ab0000, 0x00000007a8000000)
 concurrent mark-sweep generation total 393216K, used 28265K [0x00000007a8000000, 0x00000007c0000000, 0x00000007c0000000)
 Metaspace       used 33387K, capacity 34234K, committed 34532K, reserved 1079296K
  class space    used 4015K, capacity 4269K, committed 4324K, reserved 1048576K
2018-04-16T12:37:19.062+0700: 7.055: [GC (Allocation Failure) 2018-04-16T12:37:19.062+0700: 7.055: [ParNew
Desired survivor size 20112992 bytes, new threshold 8 (max 8)
- age   1:     747240 bytes,     747240 total
- age   2:    1312144 bytes,    2059384 total
- age   3:     171376 bytes,    2230760 total
- age   4:     273472 bytes,    2504232 total
- age   5:     794816 bytes,    3299048 total
- age   6:     203128 bytes,    3502176 total
- age   7:     292472 bytes,    3794648 total
- age   8:     202088 bytes,    3996736 total
: 92399K->4915K(109248K), 0.0060332 secs] 120665K->33379K(502464K), 0.0062429 secs] [Times: user=0.01 sys=0.00, real=0.00 secs] 
Heap after GC invocations=29 (full 1):
 par new generation   total 109248K, used 4915K [0x00000007a0000000, 0x00000007a8000000, 0x00000007a8000000)
  eden space 87424K,   0% used [0x00000007a0000000, 0x00000007a0000000, 0x00000007a5560000)
  from space 21824K,  22% used [0x00000007a6ab0000, 0x00000007a6f7ce90, 0x00000007a8000000)
  to   space 21824K,   0% used [0x00000007a5560000, 0x00000007a5560000, 0x00000007a6ab0000)
 concurrent mark-sweep generation total 393216K, used 28463K [0x00000007a8000000, 0x00000007c0000000, 0x00000007c0000000)
 Metaspace       used 33387K, capacity 34234K, committed 34532K, reserved 1079296K
  class space    used 4015K, capacity 4269K, committed 4324K, reserved 1048576K
}
2018-04-16T12:37:19.068+0700: 7.062: Total time for which application threads were stopped: 0.0065741 seconds, Stopping threads took: 0.0000308 seconds
{Heap before GC invocations=29 (full 1):
 par new generation   total 109248K, used 92339K [0x00000007a0000000, 0x00000007a8000000, 0x00000007a8000000)
  eden space 87424K, 100% used [0x00000007a0000000, 0x00000007a5560000, 0x00000007a5560000)
  from space 21824K,  22% used [0x00000007a6ab0000, 0x00000007a6f7ce90, 0x00000007a8000000)
  to   space 21824K,   0% used [0x00000007a5560000, 0x00000007a5560000, 0x00000007a6ab0000)
 concurrent mark-sweep generation total 393216K, used 28463K [0x00000007a8000000, 0x00000007c0000000, 0x00000007c0000000)
 Metaspace       used 33387K, capacity 34234K, committed 34532K, reserved 1079296K
  class space    used 4015K, capacity 4269K, committed 4324K, reserved 1048576K
2018-04-16T12:37:19.176+0700: 7.170: [GC (Allocation Failure) 2018-04-16T12:37:19.176+0700: 7.170: [ParNew
Desired survivor size 20112992 bytes, new threshold 8 (max 8)
- age   1:    1629480 bytes,    1629480 total
- age   2:     654920 bytes,    2284400 total
- age   3:     202424 bytes,    2486824 total
- age   4:     171376 bytes,    2658200 total
- age   5:     273472 bytes,    2931672 total
- age   6:     794816 bytes,    3726488 total
- age   7:     203128 bytes,    3929616 total
- age   8:     292472 bytes,    4222088 total
: 92339K->6533K(109248K), 0.0184822 secs] 120803K->35194K(502464K), 0.0185612 secs] [Times: user=0.02 sys=0.01, real=0.02 secs] 
Heap after GC invocations=30 (full 1):
 par new generation   total 109248K, used 6533K [0x00000007a0000000, 0x00000007a8000000, 0x00000007a8000000)
  eden space 87424K,   0% used [0x00000007a0000000, 0x00000007a0000000, 0x00000007a5560000)
  from space 21824K,  29% used [0x00000007a5560000, 0x00000007a5bc1500, 0x00000007a6ab0000)
  to   space 21824K,   0% used [0x00000007a6ab0000, 0x00000007a6ab0000, 0x00000007a8000000)
 concurrent mark-sweep generation total 393216K, used 28660K [0x00000007a8000000, 0x00000007c0000000, 0x00000007c0000000)
 Metaspace       used 33387K, capacity 34234K, committed 34532K, reserved 1079296K
  class space    used 4015K, capacity 4269K, committed 4324K, reserved 1048576K
}
2018-04-16T12:37:19.195+0700: 7.188: Total time for which application threads were stopped: 0.0187876 seconds, Stopping threads took: 0.0000246 seconds
{Heap before GC invocations=30 (full 1):
 par new generation   total 109248K, used 93957K [0x00000007a0000000, 0x00000007a8000000, 0x00000007a8000000)
  eden space 87424K, 100% used [0x00000007a0000000, 0x00000007a5560000, 0x00000007a5560000)
  from space 21824K,  29% used [0x00000007a5560000, 0x00000007a5bc1500, 0x00000007a6ab0000)
  to   space 21824K,   0% used [0x00000007a6ab0000, 0x00000007a6ab0000, 0x00000007a8000000)
 concurrent mark-sweep generation total 393216K, used 28660K [0x00000007a8000000, 0x00000007c0000000, 0x00000007c0000000)
 Metaspace       used 33387K, capacity 34234K, committed 34532K, reserved 1079296K
  class space    used 4015K, capacity 4269K, committed 4324K, reserved 1048576K
2018-04-16T12:37:19.324+0700: 7.317: [GC (Allocation Failure) 2018-04-16T12:37:19.324+0700: 7.317: [ParNew
Desired survivor size 20112992 bytes, new threshold 8 (max 8)
- age   1:     308360 bytes,     308360 total
- age   2:    1516000 bytes,    1824360 total
- age   3:     654920 bytes,    2479280 total
- age   4:     202424 bytes,    2681704 total
- age   5:     171376 bytes,    2853080 total
- age   6:     273472 bytes,    3126552 total
- age   7:     794816 bytes,    3921368 total
- age   8:     203128 bytes,    4124496 total
: 93957K->5457K(109248K), 0.0072016 secs] 122618K->34404K(502464K), 0.0073134 secs] [Times: user=0.02 sys=0.00, real=0.01 secs] 
Heap after GC invocations=31 (full 1):
 par new generation   total 109248K, used 5457K [0x00000007a0000000, 0x00000007a8000000, 0x00000007a8000000)
  eden space 87424K,   0% used [0x00000007a0000000, 0x00000007a0000000, 0x00000007a5560000)
  from space 21824K,  25% used [0x00000007a6ab0000, 0x00000007a7004728, 0x00000007a8000000)
  to   space 21824K,   0% used [0x00000007a5560000, 0x00000007a5560000, 0x00000007a6ab0000)
 concurrent mark-sweep generation total 393216K, used 28946K [0x00000007a8000000, 0x00000007c0000000, 0x00000007c0000000)
 Metaspace       used 33387K, capacity 34234K, committed 34532K, reserved 1079296K
  class space    used 4015K, capacity 4269K, committed 4324K, reserved 1048576K
}
2018-04-16T12:37:19.331+0700: 7.325: Total time for which application threads were stopped: 0.0075833 seconds, Stopping threads took: 0.0000516 seconds
{Heap before GC invocations=31 (full 1):
 par new generation   total 109248K, used 92881K [0x00000007a0000000, 0x00000007a8000000, 0x00000007a8000000)
  eden space 87424K, 100% used [0x00000007a0000000, 0x00000007a5560000, 0x00000007a5560000)
  from space 21824K,  25% used [0x00000007a6ab0000, 0x00000007a7004728, 0x00000007a8000000)
  to   space 21824K,   0% used [0x00000007a5560000, 0x00000007a5560000, 0x00000007a6ab0000)
 concurrent mark-sweep generation total 393216K, used 28946K [0x00000007a8000000, 0x00000007c0000000, 0x00000007c0000000)
 Metaspace       used 33387K, capacity 34234K, committed 34532K, reserved 1079296K
  class space    used 4015K, capacity 4269K, committed 4324K, reserved 1048576K
2018-04-16T12:37:19.402+0700: 7.395: [GC (Allocation Failure) 2018-04-16T12:37:19.402+0700: 7.395: [ParNew
Desired survivor size 20112992 bytes, new threshold 8 (max 8)
- age   1:     300928 bytes,     300928 total
- age   2:     239040 bytes,     539968 total
- age   3:    1516000 bytes,    2055968 total
- age   4:     653080 bytes,    2709048 total
- age   5:     202424 bytes,    2911472 total
- age   6:     171376 bytes,    3082848 total
- age   7:     273472 bytes,    3356320 total
- age   8:     794816 bytes,    4151136 total
: 92881K->4783K(109248K), 0.0054688 secs] 121828K->33928K(502464K), 0.0055332 secs] [Times: user=0.02 sys=0.00, real=0.00 secs] 
Heap after GC invocations=32 (full 1):
 par new generation   total 109248K, used 4783K [0x00000007a0000000, 0x00000007a8000000, 0x00000007a8000000)
  eden space 87424K,   0% used [0x00000007a0000000, 0x00000007a0000000, 0x00000007a5560000)
  from space 21824K,  21% used [0x00000007a5560000, 0x00000007a5a0bfd8, 0x00000007a6ab0000)
  to   space 21824K,   0% used [0x00000007a6ab0000, 0x00000007a6ab0000, 0x00000007a8000000)
 concurrent mark-sweep generation total 393216K, used 29144K [0x00000007a8000000, 0x00000007c0000000, 0x00000007c0000000)
 Metaspace       used 33387K, capacity 34234K, committed 34532K, reserved 1079296K
  class space    used 4015K, capacity 4269K, committed 4324K, reserved 1048576K
}
2018-04-16T12:37:19.407+0700: 7.401: Total time for which application threads were stopped: 0.0057416 seconds, Stopping threads took: 0.0000413 seconds
{Heap before GC invocations=32 (full 1):
 par new generation   total 109248K, used 92207K [0x00000007a0000000, 0x00000007a8000000, 0x00000007a8000000)
  eden space 87424K, 100% used [0x00000007a0000000, 0x00000007a5560000, 0x00000007a5560000)
  from space 21824K,  21% used [0x00000007a5560000, 0x00000007a5a0bfd8, 0x00000007a6ab0000)
  to   space 21824K,   0% used [0x00000007a6ab0000, 0x00000007a6ab0000, 0x00000007a8000000)
 concurrent mark-sweep generation total 393216K, used 29144K [0x00000007a8000000, 0x00000007c0000000, 0x00000007c0000000)
 Metaspace       used 33387K, capacity 34234K, committed 34532K, reserved 1079296K
  class space    used 4016K, capacity 4269K, committed 4324K, reserved 1048576K
2018-04-16T12:37:19.462+0700: 7.456: [GC (Allocation Failure) 2018-04-16T12:37:19.462+0700: 7.456: [ParNew
Desired survivor size 20112992 bytes, new threshold 8 (max 8)
- age   1:    2243936 bytes,    2243936 total
- age   2:     178656 bytes,    2422592 total
- age   3:     239040 bytes,    2661632 total
- age   4:     267608 bytes,    2929240 total
- age   5:     202064 bytes,    3131304 total
- age   6:     202424 bytes,    3333728 total
- age   7:     171376 bytes,    3505104 total
- age   8:     273472 bytes,    3778576 total
: 92207K->5250K(109248K), 0.0059196 secs] 121352K->35171K(502464K), 0.0060217 secs] [Times: user=0.02 sys=0.01, real=0.00 secs] 
Heap after GC invocations=33 (full 1):
 par new generation   total 109248K, used 5250K [0x00000007a0000000, 0x00000007a8000000, 0x00000007a8000000)
  eden space 87424K,   0% used [0x00000007a0000000, 0x00000007a0000000, 0x00000007a5560000)
  from space 21824K,  24% used [0x00000007a6ab0000, 0x00000007a6fd09f0, 0x00000007a8000000)
  to   space 21824K,   0% used [0x00000007a5560000, 0x00000007a5560000, 0x00000007a6ab0000)
 concurrent mark-sweep generation total 393216K, used 29921K [0x00000007a8000000, 0x00000007c0000000, 0x00000007c0000000)
 Metaspace       used 33387K, capacity 34234K, committed 34532K, reserved 1079296K
  class space    used 4016K, capacity 4269K, committed 4324K, reserved 1048576K
}
2018-04-16T12:37:19.468+0700: 7.462: Total time for which application threads were stopped: 0.0062542 seconds, Stopping threads took: 0.0000494 seconds
{Heap before GC invocations=33 (full 1):
 par new generation   total 109248K, used 92674K [0x00000007a0000000, 0x00000007a8000000, 0x00000007a8000000)
  eden space 87424K, 100% used [0x00000007a0000000, 0x00000007a5560000, 0x00000007a5560000)
  from space 21824K,  24% used [0x00000007a6ab0000, 0x00000007a6fd09f0, 0x00000007a8000000)
  to   space 21824K,   0% used [0x00000007a5560000, 0x00000007a5560000, 0x00000007a6ab0000)
 concurrent mark-sweep generation total 393216K, used 29921K [0x00000007a8000000, 0x00000007c0000000, 0x00000007c0000000)
 Metaspace       used 33387K, capacity 34234K, committed 34532K, reserved 1079296K
  class space    used 4016K, capacity 4269K, committed 4324K, reserved 1048576K
2018-04-16T12:37:19.513+0700: 7.507: [GC (Allocation Failure) 2018-04-16T12:37:19.513+0700: 7.507: [ParNew
Desired survivor size 20112992 bytes, new threshold 8 (max 8)
- age   1:     635616 bytes,     635616 total
- age   2:    2154864 bytes,    2790480 total
- age   3:     178368 bytes,    2968848 total
- age   4:     239040 bytes,    3207888 total
- age   5:     267608 bytes,    3475496 total
- age   6:     202064 bytes,    3677560 total
- age   7:     202424 bytes,    3879984 total
- age   8:     171376 bytes,    4051360 total
: 92674K->4321K(109248K), 0.0060759 secs] 122595K->34509K(502464K), 0.0061345 secs] [Times: user=0.01 sys=0.00, real=0.00 secs] 
Heap after GC invocations=34 (full 1):
 par new generation   total 109248K, used 4321K [0x00000007a0000000, 0x00000007a8000000, 0x00000007a8000000)
  eden space 87424K,   0% used [0x00000007a0000000, 0x00000007a0000000, 0x00000007a5560000)
  from space 21824K,  19% used [0x00000007a5560000, 0x00000007a59986a8, 0x00000007a6ab0000)
  to   space 21824K,   0% used [0x00000007a6ab0000, 0x00000007a6ab0000, 0x00000007a8000000)
 concurrent mark-sweep generation total 393216K, used 30188K [0x00000007a8000000, 0x00000007c0000000, 0x00000007c0000000)
 Metaspace       used 33387K, capacity 34234K, committed 34532K, reserved 1079296K
  class space    used 4016K, capacity 4269K, committed 4324K, reserved 1048576K
}
2018-04-16T12:37:19.520+0700: 7.513: Total time for which application threads were stopped: 0.0063208 seconds, Stopping threads took: 0.0000267 seconds
{Heap before GC invocations=34 (full 1):
 par new generation   total 109248K, used 91745K [0x00000007a0000000, 0x00000007a8000000, 0x00000007a8000000)
  eden space 87424K, 100% used [0x00000007a0000000, 0x00000007a5560000, 0x00000007a5560000)
  from space 21824K,  19% used [0x00000007a5560000, 0x00000007a59986a8, 0x00000007a6ab0000)
  to   space 21824K,   0% used [0x00000007a6ab0000, 0x00000007a6ab0000, 0x00000007a8000000)
 concurrent mark-sweep generation total 393216K, used 30188K [0x00000007a8000000, 0x00000007c0000000, 0x00000007c0000000)
 Metaspace       used 33387K, capacity 34298K, committed 34532K, reserved 1079296K
  class space    used 4016K, capacity 4269K, committed 4324K, reserved 1048576K
2018-04-16T12:37:19.560+0700: 7.554: [GC (Allocation Failure) 2018-04-16T12:37:19.560+0700: 7.554: [ParNew
Desired survivor size 20112992 bytes, new threshold 8 (max 8)
- age   1:    1966432 bytes,    1966432 total
- age   2:     530280 bytes,    2496712 total
- age   3:     750376 bytes,    3247088 total
- age   4:     178024 bytes,    3425112 total
- age   5:     239040 bytes,    3664152 total
- age   6:     267608 bytes,    3931760 total
- age   7:     202064 bytes,    4133824 total
- age   8:     202424 bytes,    4336248 total
: 91745K->5185K(109248K), 0.0055719 secs] 121933K->35541K(502464K), 0.0056527 secs] [Times: user=0.01 sys=0.00, real=0.00 secs] 
Heap after GC invocations=35 (full 1):
 par new generation   total 109248K, used 5185K [0x00000007a0000000, 0x00000007a8000000, 0x00000007a8000000)
  eden space 87424K,   0% used [0x00000007a0000000, 0x00000007a0000000, 0x00000007a5560000)
  from space 21824K,  23% used [0x00000007a6ab0000, 0x00000007a6fc0740, 0x00000007a8000000)
  to   space 21824K,   0% used [0x00000007a5560000, 0x00000007a5560000, 0x00000007a6ab0000)
 concurrent mark-sweep generation total 393216K, used 30355K [0x00000007a8000000, 0x00000007c0000000, 0x00000007c0000000)
 Metaspace       used 33387K, capacity 34298K, committed 34532K, reserved 1079296K
  class space    used 4016K, capacity 4269K, committed 4324K, reserved 1048576K
}
2018-04-16T12:37:19.566+0700: 7.559: Total time for which application threads were stopped: 0.0058168 seconds, Stopping threads took: 0.0000235 seconds
{Heap before GC invocations=35 (full 1):
 par new generation   total 109248K, used 92609K [0x00000007a0000000, 0x00000007a8000000, 0x00000007a8000000)
  eden space 87424K, 100% used [0x00000007a0000000, 0x00000007a5560000, 0x00000007a5560000)
  from space 21824K,  23% used [0x00000007a6ab0000, 0x00000007a6fc0740, 0x00000007a8000000)
  to   space 21824K,   0% used [0x00000007a5560000, 0x00000007a5560000, 0x00000007a6ab0000)
 concurrent mark-sweep generation total 393216K, used 30355K [0x00000007a8000000, 0x00000007c0000000, 0x00000007c0000000)
 Metaspace       used 33387K, capacity 34298K, committed 34532K, reserved 1079296K
  class space    used 4016K, capacity 4269K, committed 4324K, reserved 1048576K
2018-04-16T12:37:19.612+0700: 7.606: [GC (Allocation Failure) 2018-04-16T12:37:19.612+0700: 7.606: [ParNew
Desired survivor size 20112992 bytes, new threshold 8 (max 8)
- age   1:     258440 bytes,     258440 total
- age   2:    1783696 bytes,    2042136 total
- age   3:     530280 bytes,    2572416 total
- age   4:     750376 bytes,    3322792 total
- age   5:     176552 bytes,    3499344 total
- age   6:     239040 bytes,    3738384 total
- age   7:     267608 bytes,    4005992 total
- age   8:     202064 bytes,    4208056 total
: 92609K->6091K(109248K), 0.0059375 secs] 122965K->36645K(502464K), 0.0059996 secs] [Times: user=0.02 sys=0.00, real=0.00 secs] 
Heap after GC invocations=36 (full 1):
 par new generation   total 109248K, used 6091K [0x00000007a0000000, 0x00000007a8000000, 0x00000007a8000000)
  eden space 87424K,   0% used [0x00000007a0000000, 0x00000007a0000000, 0x00000007a5560000)
  from space 21824K,  27% used [0x00000007a5560000, 0x00000007a5b52ec8, 0x00000007a6ab0000)
  to   space 21824K,   0% used [0x00000007a6ab0000, 0x00000007a6ab0000, 0x00000007a8000000)
 concurrent mark-sweep generation total 393216K, used 30553K [0x00000007a8000000, 0x00000007c0000000, 0x00000007c0000000)
 Metaspace       used 33387K, capacity 34298K, committed 34532K, reserved 1079296K
  class space    used 4016K, capacity 4269K, committed 4324K, reserved 1048576K
}
2018-04-16T12:37:19.618+0700: 7.612: Total time for which application threads were stopped: 0.0061757 seconds, Stopping threads took: 0.0000181 seconds
{Heap before GC invocations=36 (full 1):
 par new generation   total 109248K, used 93515K [0x00000007a0000000, 0x00000007a8000000, 0x00000007a8000000)
  eden space 87424K, 100% used [0x00000007a0000000, 0x00000007a5560000, 0x00000007a5560000)
  from space 21824K,  27% used [0x00000007a5560000, 0x00000007a5b52ec8, 0x00000007a6ab0000)
  to   space 21824K,   0% used [0x00000007a6ab0000, 0x00000007a6ab0000, 0x00000007a8000000)
 concurrent mark-sweep generation total 393216K, used 30553K [0x00000007a8000000, 0x00000007c0000000, 0x00000007c0000000)
 Metaspace       used 33387K, capacity 34298K, committed 34532K, reserved 1079296K
  class space    used 4016K, capacity 4269K, committed 4324K, reserved 1048576K
2018-04-16T12:37:19.663+0700: 7.656: [GC (Allocation Failure) 2018-04-16T12:37:19.663+0700: 7.656: [ParNew
Desired survivor size 20112992 bytes, new threshold 8 (max 8)
- age   1:     845496 bytes,     845496 total
- age   2:     171240 bytes,    1016736 total
- age   3:    1783696 bytes,    2800432 total
- age   4:     530280 bytes,    3330712 total
- age   5:     243024 bytes,    3573736 total
- age   6:     176552 bytes,    3750288 total
- age   7:     239040 bytes,    3989328 total
- age   8:     267608 bytes,    4256936 total
: 93515K->4986K(109248K), 0.0081642 secs] 124069K->35737K(502464K), 0.0082517 secs] [Times: user=0.02 sys=0.00, real=0.01 secs] 
Heap after GC invocations=37 (full 1):
 par new generation   total 109248K, used 4986K [0x00000007a0000000, 0x00000007a8000000, 0x00000007a8000000)
  eden space 87424K,   0% used [0x00000007a0000000, 0x00000007a0000000, 0x00000007a5560000)
  from space 21824K,  22% used [0x00000007a6ab0000, 0x00000007a6f8ea50, 0x00000007a8000000)
  to   space 21824K,   0% used [0x00000007a5560000, 0x00000007a5560000, 0x00000007a6ab0000)
 concurrent mark-sweep generation total 393216K, used 30750K [0x00000007a8000000, 0x00000007c0000000, 0x00000007c0000000)
 Metaspace       used 33387K, capacity 34298K, committed 34532K, reserved 1079296K
  class space    used 4016K, capacity 4269K, committed 4324K, reserved 1048576K
}
2018-04-16T12:37:19.671+0700: 7.664: Total time for which application threads were stopped: 0.0084358 seconds, Stopping threads took: 0.0000225 seconds
{Heap before GC invocations=37 (full 1):
 par new generation   total 109248K, used 92410K [0x00000007a0000000, 0x00000007a8000000, 0x00000007a8000000)
  eden space 87424K, 100% used [0x00000007a0000000, 0x00000007a5560000, 0x00000007a5560000)
  from space 21824K,  22% used [0x00000007a6ab0000, 0x00000007a6f8ea50, 0x00000007a8000000)
  to   space 21824K,   0% used [0x00000007a5560000, 0x00000007a5560000, 0x00000007a6ab0000)
 concurrent mark-sweep generation total 393216K, used 30750K [0x00000007a8000000, 0x00000007c0000000, 0x00000007c0000000)
 Metaspace       used 33389K, capacity 34298K, committed 34532K, reserved 1079296K
  class space    used 4016K, capacity 4269K, committed 4324K, reserved 1048576K
2018-04-16T12:37:19.710+0700: 7.704: [GC (Allocation Failure) 2018-04-16T12:37:19.710+0700: 7.704: [ParNew
Desired survivor size 20112992 bytes, new threshold 8 (max 8)
- age   1:    2065664 bytes,    2065664 total
- age   2:     740568 bytes,    2806232 total
- age   3:     171240 bytes,    2977472 total
- age   4:     203552 bytes,    3181024 total
- age   5:     529952 bytes,    3710976 total
- age   6:     243024 bytes,    3954000 total
- age   7:     176552 bytes,    4130552 total
- age   8:     239040 bytes,    4369592 total
: 92410K->5347K(109248K), 0.0055673 secs] 123161K->36359K(502464K), 0.0056441 secs] [Times: user=0.01 sys=0.00, real=0.00 secs] 
Heap after GC invocations=38 (full 1):
 par new generation   total 109248K, used 5347K [0x00000007a0000000, 0x00000007a8000000, 0x00000007a8000000)
  eden space 87424K,   0% used [0x00000007a0000000, 0x00000007a0000000, 0x00000007a5560000)
  from space 21824K,  24% used [0x00000007a5560000, 0x00000007a5a98fd8, 0x00000007a6ab0000)
  to   space 21824K,   0% used [0x00000007a6ab0000, 0x00000007a6ab0000, 0x00000007a8000000)
 concurrent mark-sweep generation total 393216K, used 31012K [0x00000007a8000000, 0x00000007c0000000, 0x00000007c0000000)
 Metaspace       used 33389K, capacity 34298K, committed 34532K, reserved 1079296K
  class space    used 4016K, capacity 4269K, committed 4324K, reserved 1048576K
}
2018-04-16T12:37:19.716+0700: 7.709: Total time for which application threads were stopped: 0.0058172 seconds, Stopping threads took: 0.0000198 seconds
{Heap before GC invocations=38 (full 1):
 par new generation   total 109248K, used 92771K [0x00000007a0000000, 0x00000007a8000000, 0x00000007a8000000)
  eden space 87424K, 100% used [0x00000007a0000000, 0x00000007a5560000, 0x00000007a5560000)
  from space 21824K,  24% used [0x00000007a5560000, 0x00000007a5a98fd8, 0x00000007a6ab0000)
  to   space 21824K,   0% used [0x00000007a6ab0000, 0x00000007a6ab0000, 0x00000007a8000000)
 concurrent mark-sweep generation total 393216K, used 31012K [0x00000007a8000000, 0x00000007c0000000, 0x00000007c0000000)
 Metaspace       used 33389K, capacity 34298K, committed 34532K, reserved 1079296K
  class space    used 4016K, capacity 4269K, committed 4324K, reserved 1048576K
2018-04-16T12:37:19.766+0700: 7.760: [GC (Allocation Failure) 2018-04-16T12:37:19.766+0700: 7.760: [ParNew
Desired survivor size 20112992 bytes, new threshold 8 (max 8)
- age   1:    1338040 bytes,    1338040 total
- age   2:    1915608 bytes,    3253648 total
- age   3:     740568 bytes,    3994216 total
- age   4:     169576 bytes,    4163792 total
- age   5:     203552 bytes,    4367344 total
- age   6:     529952 bytes,    4897296 total
- age   7:     243024 bytes,    5140320 total
- age   8:     176552 bytes,    5316872 total
: 92771K->6892K(109248K), 0.0055824 secs] 123783K->38137K(502464K), 0.0056491 secs] [Times: user=0.01 sys=0.00, real=0.01 secs] 
Heap after GC invocations=39 (full 1):
 par new generation   total 109248K, used 6892K [0x00000007a0000000, 0x00000007a8000000, 0x00000007a8000000)
  eden space 87424K,   0% used [0x00000007a0000000, 0x00000007a0000000, 0x00000007a5560000)
  from space 21824K,  31% used [0x00000007a6ab0000, 0x00000007a716b048, 0x00000007a8000000)
  to   space 21824K,   0% used [0x00000007a5560000, 0x00000007a5560000, 0x00000007a6ab0000)
 concurrent mark-sweep generation total 393216K, used 31245K [0x00000007a8000000, 0x00000007c0000000, 0x00000007c0000000)
 Metaspace       used 33389K, capacity 34298K, committed 34532K, reserved 1079296K
  class space    used 4016K, capacity 4269K, committed 4324K, reserved 1048576K
}
2018-04-16T12:37:19.772+0700: 7.766: Total time for which application threads were stopped: 0.0058415 seconds, Stopping threads took: 0.0000238 seconds
{Heap before GC invocations=39 (full 1):
 par new generation   total 109248K, used 94316K [0x00000007a0000000, 0x00000007a8000000, 0x00000007a8000000)
  eden space 87424K, 100% used [0x00000007a0000000, 0x00000007a5560000, 0x00000007a5560000)
  from space 21824K,  31% used [0x00000007a6ab0000, 0x00000007a716b048, 0x00000007a8000000)
  to   space 21824K,   0% used [0x00000007a5560000, 0x00000007a5560000, 0x00000007a6ab0000)
 concurrent mark-sweep generation total 393216K, used 31245K [0x00000007a8000000, 0x00000007c0000000, 0x00000007c0000000)
 Metaspace       used 33389K, capacity 34298K, committed 34532K, reserved 1079296K
  class space    used 4016K, capacity 4269K, committed 4324K, reserved 1048576K
2018-04-16T12:37:19.809+0700: 7.803: [GC (Allocation Failure) 2018-04-16T12:37:19.809+0700: 7.803: [ParNew
Desired survivor size 20112992 bytes, new threshold 8 (max 8)
- age   1:     305040 bytes,     305040 total
- age   2:    1224704 bytes,    1529744 total
- age   3:    1915608 bytes,    3445352 total
- age   4:     740568 bytes,    4185920 total
- age   5:     169576 bytes,    4355496 total
- age   6:     203552 bytes,    4559048 total
- age   7:     529856 bytes,    5088904 total
- age   8:     243024 bytes,    5331928 total
: 94316K->6278K(109248K), 0.0063751 secs] 125561K->37696K(502464K), 0.0064941 secs] [Times: user=0.01 sys=0.00, real=0.01 secs] 
Heap after GC invocations=40 (full 1):
 par new generation   total 109248K, used 6278K [0x00000007a0000000, 0x00000007a8000000, 0x00000007a8000000)
  eden space 87424K,   0% used [0x00000007a0000000, 0x00000007a0000000, 0x00000007a5560000)
  from space 21824K,  28% used [0x00000007a5560000, 0x00000007a5b81980, 0x00000007a6ab0000)
  to   space 21824K,   0% used [0x00000007a6ab0000, 0x00000007a6ab0000, 0x00000007a8000000)
 concurrent mark-sweep generation total 393216K, used 31417K [0x00000007a8000000, 0x00000007c0000000, 0x00000007c0000000)
 Metaspace       used 33389K, capacity 34298K, committed 34532K, reserved 1079296K
  class space    used 4016K, capacity 4269K, committed 4324K, reserved 1048576K
}
2018-04-16T12:37:19.816+0700: 7.809: Total time for which application threads were stopped: 0.0067895 seconds, Stopping threads took: 0.0000477 seconds
{Heap before GC invocations=40 (full 1):
 par new generation   total 109248K, used 93702K [0x00000007a0000000, 0x00000007a8000000, 0x00000007a8000000)
  eden space 87424K, 100% used [0x00000007a0000000, 0x00000007a5560000, 0x00000007a5560000)
  from space 21824K,  28% used [0x00000007a5560000, 0x00000007a5b81980, 0x00000007a6ab0000)
  to   space 21824K,   0% used [0x00000007a6ab0000, 0x00000007a6ab0000, 0x00000007a8000000)
 concurrent mark-sweep generation total 393216K, used 31417K [0x00000007a8000000, 0x00000007c0000000, 0x00000007c0000000)
 Metaspace       used 33389K, capacity 34298K, committed 34532K, reserved 1079296K
  class space    used 4016K, capacity 4269K, committed 4324K, reserved 1048576K
2018-04-16T12:37:19.859+0700: 7.853: [GC (Allocation Failure) 2018-04-16T12:37:19.859+0700: 7.853: [ParNew
Desired survivor size 20112992 bytes, new threshold 8 (max 8)
- age   1:     344136 bytes,     344136 total
- age   2:     169184 bytes,     513320 total
- age   3:    1224704 bytes,    1738024 total
- age   4:    1915168 bytes,    3653192 total
- age   5:     740568 bytes,    4393760 total
- age   6:     169576 bytes,    4563336 total
- age   7:     203552 bytes,    4766888 total
- age   8:     529856 bytes,    5296744 total
: 93702K->6379K(109248K), 0.0069588 secs] 125120K->38034K(502464K), 0.0070410 secs] [Times: user=0.02 sys=0.01, real=0.01 secs] 
Heap after GC invocations=41 (full 1):
 par new generation   total 109248K, used 6379K [0x00000007a0000000, 0x00000007a8000000, 0x00000007a8000000)
  eden space 87424K,   0% used [0x00000007a0000000, 0x00000007a0000000, 0x00000007a5560000)
  from space 21824K,  29% used [0x00000007a6ab0000, 0x00000007a70ead68, 0x00000007a8000000)
  to   space 21824K,   0% used [0x00000007a5560000, 0x00000007a5560000, 0x00000007a6ab0000)
 concurrent mark-sweep generation total 393216K, used 31655K [0x00000007a8000000, 0x00000007c0000000, 0x00000007c0000000)
 Metaspace       used 33389K, capacity 34298K, committed 34532K, reserved 1079296K
  class space    used 4016K, capacity 4269K, committed 4324K, reserved 1048576K
}
2018-04-16T12:37:19.866+0700: 7.860: Total time for which application threads were stopped: 0.0073150 seconds, Stopping threads took: 0.0000353 seconds
{Heap before GC invocations=41 (full 1):
 par new generation   total 109248K, used 93803K [0x00000007a0000000, 0x00000007a8000000, 0x00000007a8000000)
  eden space 87424K, 100% used [0x00000007a0000000, 0x00000007a5560000, 0x00000007a5560000)
  from space 21824K,  29% used [0x00000007a6ab0000, 0x00000007a70ead68, 0x00000007a8000000)
  to   space 21824K,   0% used [0x00000007a5560000, 0x00000007a5560000, 0x00000007a6ab0000)
 concurrent mark-sweep generation total 393216K, used 31655K [0x00000007a8000000, 0x00000007c0000000, 0x00000007c0000000)
 Metaspace       used 33389K, capacity 34298K, committed 34532K, reserved 1079296K
  class space    used 4016K, capacity 4269K, committed 4324K, reserved 1048576K
2018-04-16T12:37:19.903+0700: 7.897: [GC (Allocation Failure) 2018-04-16T12:37:19.903+0700: 7.897: [ParNew
Desired survivor size 20112992 bytes, new threshold 8 (max 8)
- age   1:    2907296 bytes,    2907296 total
- age   2:     236488 bytes,    3143784 total
- age   3:     169184 bytes,    3312968 total
- age   4:    1224704 bytes,    4537672 total
- age   5:     137576 bytes,    4675248 total
- age   6:     169768 bytes,    4845016 total
- age   7:     169576 bytes,    5014592 total
- age   8:     203552 bytes,    5218144 total
: 93803K->5505K(109248K), 0.0066288 secs] 125458K->37678K(502464K), 0.0067062 secs] [Times: user=0.02 sys=0.00, real=0.01 secs] 
Heap after GC invocations=42 (full 1):
 par new generation   total 109248K, used 5505K [0x00000007a0000000, 0x00000007a8000000, 0x00000007a8000000)
  eden space 87424K,   0% used [0x00000007a0000000, 0x00000007a0000000, 0x00000007a5560000)
  from space 21824K,  25% used [0x00000007a5560000, 0x00000007a5ac06b0, 0x00000007a6ab0000)
  to   space 21824K,   0% used [0x00000007a6ab0000, 0x00000007a6ab0000, 0x00000007a8000000)
 concurrent mark-sweep generation total 393216K, used 32172K [0x00000007a8000000, 0x00000007c0000000, 0x00000007c0000000)
 Metaspace       used 33389K, capacity 34298K, committed 34532K, reserved 1079296K
  class space    used 4016K, capacity 4269K, committed 4324K, reserved 1048576K
}
2018-04-16T12:37:19.910+0700: 7.903: Total time for which application threads were stopped: 0.0068855 seconds, Stopping threads took: 0.0000219 seconds
{Heap before GC invocations=42 (full 1):
 par new generation   total 109248K, used 92929K [0x00000007a0000000, 0x00000007a8000000, 0x00000007a8000000)
  eden space 87424K, 100% used [0x00000007a0000000, 0x00000007a5560000, 0x00000007a5560000)
  from space 21824K,  25% used [0x00000007a5560000, 0x00000007a5ac06b0, 0x00000007a6ab0000)
  to   space 21824K,   0% used [0x00000007a6ab0000, 0x00000007a6ab0000, 0x00000007a8000000)
 concurrent mark-sweep generation total 393216K, used 32172K [0x00000007a8000000, 0x00000007c0000000, 0x00000007c0000000)
 Metaspace       used 33389K, capacity 34298K, committed 34532K, reserved 1079296K
  class space    used 4016K, capacity 4269K, committed 4324K, reserved 1048576K
2018-04-16T12:37:19.949+0700: 7.943: [GC (Allocation Failure) 2018-04-16T12:37:19.949+0700: 7.943: [ParNew
Desired survivor size 20112992 bytes, new threshold 8 (max 8)
- age   1:     352144 bytes,     352144 total
- age   2:    2778840 bytes,    3130984 total
- age   3:     236488 bytes,    3367472 total
- age   4:     169184 bytes,    3536656 total
- age   5:    1224704 bytes,    4761360 total
- age   6:     137576 bytes,    4898936 total
- age   7:     169768 bytes,    5068704 total
- age   8:     169576 bytes,    5238280 total
: 92929K->5448K(109248K), 0.0067834 secs] 125102K->37819K(502464K), 0.0068441 secs] [Times: user=0.01 sys=0.00, real=0.01 secs] 
Heap after GC invocations=43 (full 1):
 par new generation   total 109248K, used 5448K [0x00000007a0000000, 0x00000007a8000000, 0x00000007a8000000)
  eden space 87424K,   0% used [0x00000007a0000000, 0x00000007a0000000, 0x00000007a5560000)
  from space 21824K,  24% used [0x00000007a6ab0000, 0x00000007a70020f0, 0x00000007a8000000)
  to   space 21824K,   0% used [0x00000007a5560000, 0x00000007a5560000, 0x00000007a6ab0000)
 concurrent mark-sweep generation total 393216K, used 32371K [0x00000007a8000000, 0x00000007c0000000, 0x00000007c0000000)
 Metaspace       used 33389K, capacity 34298K, committed 34532K, reserved 1079296K
  class space    used 4016K, capacity 4269K, committed 4324K, reserved 1048576K
}
2018-04-16T12:37:19.956+0700: 7.950: Total time for which application threads were stopped: 0.0070212 seconds, Stopping threads took: 0.0000196 seconds
{Heap before GC invocations=43 (full 1):
 par new generation   total 109248K, used 92872K [0x00000007a0000000, 0x00000007a8000000, 0x00000007a8000000)
  eden space 87424K, 100% used [0x00000007a0000000, 0x00000007a5560000, 0x00000007a5560000)
  from space 21824K,  24% used [0x00000007a6ab0000, 0x00000007a70020f0, 0x00000007a8000000)
  to   space 21824K,   0% used [0x00000007a5560000, 0x00000007a5560000, 0x00000007a6ab0000)
 concurrent mark-sweep generation total 393216K, used 32371K [0x00000007a8000000, 0x00000007c0000000, 0x00000007c0000000)
 Metaspace       used 33389K, capacity 34298K, committed 34532K, reserved 1079296K
  class space    used 4016K, capacity 4269K, committed 4324K, reserved 1048576K
2018-04-16T12:37:19.999+0700: 7.993: [GC (Allocation Failure) 2018-04-16T12:37:19.999+0700: 7.993: [ParNew
Desired survivor size 20112992 bytes, new threshold 8 (max 8)
- age   1:     310056 bytes,     310056 total
- age   2:     202992 bytes,     513048 total
- age   3:    2778840 bytes,    3291888 total
- age   4:     236488 bytes,    3528376 total
- age   5:     169184 bytes,    3697560 total
- age   6:    1222784 bytes,    4920344 total
- age   7:     137576 bytes,    5057920 total
- age   8:     169768 bytes,    5227688 total
: 92872K->5200K(109248K), 0.0053510 secs] 125243K->37737K(502464K), 0.0054220 secs] [Times: user=0.01 sys=0.00, real=0.01 secs] 
Heap after GC invocations=44 (full 1):
 par new generation   total 109248K, used 5200K [0x00000007a0000000, 0x00000007a8000000, 0x00000007a8000000)
  eden space 87424K,   0% used [0x00000007a0000000, 0x00000007a0000000, 0x00000007a5560000)
  from space 21824K,  23% used [0x00000007a5560000, 0x00000007a5a743b0, 0x00000007a6ab0000)
  to   space 21824K,   0% used [0x00000007a6ab0000, 0x00000007a6ab0000, 0x00000007a8000000)
 concurrent mark-sweep generation total 393216K, used 32536K [0x00000007a8000000, 0x00000007c0000000, 0x00000007c0000000)
 Metaspace       used 33389K, capacity 34298K, committed 34532K, reserved 1079296K
  class space    used 4016K, capacity 4269K, committed 4324K, reserved 1048576K
}
2018-04-16T12:37:20.005+0700: 7.998: Total time for which application threads were stopped: 0.0055982 seconds, Stopping threads took: 0.0000189 seconds
{Heap before GC invocations=44 (full 1):
 par new generation   total 109248K, used 92624K [0x00000007a0000000, 0x00000007a8000000, 0x00000007a8000000)
  eden space 87424K, 100% used [0x00000007a0000000, 0x00000007a5560000, 0x00000007a5560000)
  from space 21824K,  23% used [0x00000007a5560000, 0x00000007a5a743b0, 0x00000007a6ab0000)
  to   space 21824K,   0% used [0x00000007a6ab0000, 0x00000007a6ab0000, 0x00000007a8000000)
 concurrent mark-sweep generation total 393216K, used 32536K [0x00000007a8000000, 0x00000007c0000000, 0x00000007c0000000)
 Metaspace       used 33389K, capacity 34298K, committed 34532K, reserved 1079296K
  class space    used 4016K, capacity 4269K, committed 4324K, reserved 1048576K
2018-04-16T12:37:20.065+0700: 8.058: [GC (Allocation Failure) 2018-04-16T12:37:20.065+0700: 8.058: [ParNew
Desired survivor size 20112992 bytes, new threshold 8 (max 8)
- age   1:     346904 bytes,     346904 total
- age   2:     192176 bytes,     539080 total
- age   3:     202992 bytes,     742072 total
- age   4:    2778840 bytes,    3520912 total
- age   5:     235992 bytes,    3756904 total
- age   6:     169072 bytes,    3925976 total
- age   7:    1222784 bytes,    5148760 total
- age   8:     137576 bytes,    5286336 total
: 92624K->5207K(109248K), 0.0067691 secs] 125161K->37909K(502464K), 0.0068426 secs] [Times: user=0.02 sys=0.00, real=0.01 secs] 
Heap after GC invocations=45 (full 1):
 par new generation   total 109248K, used 5207K [0x00000007a0000000, 0x00000007a8000000, 0x00000007a8000000)
  eden space 87424K,   0% used [0x00000007a0000000, 0x00000007a0000000, 0x00000007a5560000)
  from space 21824K,  23% used [0x00000007a6ab0000, 0x00000007a6fc5d38, 0x00000007a8000000)
  to   space 21824K,   0% used [0x00000007a5560000, 0x00000007a5560000, 0x00000007a6ab0000)
 concurrent mark-sweep generation total 393216K, used 32702K [0x00000007a8000000, 0x00000007c0000000, 0x00000007c0000000)
 Metaspace       used 33389K, capacity 34298K, committed 34532K, reserved 1079296K
  class space    used 4016K, capacity 4269K, committed 4324K, reserved 1048576K
}
2018-04-16T12:37:20.072+0700: 8.065: Total time for which application threads were stopped: 0.0070392 seconds, Stopping threads took: 0.0000292 seconds
{Heap before GC invocations=45 (full 1):
 par new generation   total 109248K, used 92631K [0x00000007a0000000, 0x00000007a8000000, 0x00000007a8000000)
  eden space 87424K, 100% used [0x00000007a0000000, 0x00000007a5560000, 0x00000007a5560000)
  from space 21824K,  23% used [0x00000007a6ab0000, 0x00000007a6fc5d38, 0x00000007a8000000)
  to   space 21824K,   0% used [0x00000007a5560000, 0x00000007a5560000, 0x00000007a6ab0000)
 concurrent mark-sweep generation total 393216K, used 32702K [0x00000007a8000000, 0x00000007c0000000, 0x00000007c0000000)
 Metaspace       used 33389K, capacity 34298K, committed 34532K, reserved 1079296K
  class space    used 4016K, capacity 4269K, committed 4324K, reserved 1048576K
2018-04-16T12:37:20.117+0700: 8.110: [GC (Allocation Failure) 2018-04-16T12:37:20.117+0700: 8.110: [ParNew
Desired survivor size 20112992 bytes, new threshold 8 (max 8)
- age   1:    2599288 bytes,    2599288 total
- age   2:     241072 bytes,    2840360 total
- age   3:     192176 bytes,    3032536 total
- age   4:     202992 bytes,    3235528 total
- age   5:     779056 bytes,    4014584 total
- age   6:     235992 bytes,    4250576 total
- age   7:     169072 bytes,    4419648 total
- age   8:    1222784 bytes,    5642432 total
: 92631K->5547K(109248K), 0.0064911 secs] 125333K->38384K(502464K), 0.0066859 secs] [Times: user=0.02 sys=0.00, real=0.01 secs] 
Heap after GC invocations=46 (full 1):
 par new generation   total 109248K, used 5547K [0x00000007a0000000, 0x00000007a8000000, 0x00000007a8000000)
  eden space 87424K,   0% used [0x00000007a0000000, 0x00000007a0000000, 0x00000007a5560000)
  from space 21824K,  25% used [0x00000007a5560000, 0x00000007a5acaeb8, 0x00000007a6ab0000)
  to   space 21824K,   0% used [0x00000007a6ab0000, 0x00000007a6ab0000, 0x00000007a8000000)
 concurrent mark-sweep generation total 393216K, used 32836K [0x00000007a8000000, 0x00000007c0000000, 0x00000007c0000000)
 Metaspace       used 33389K, capacity 34298K, committed 34532K, reserved 1079296K
  class space    used 4016K, capacity 4269K, committed 4324K, reserved 1048576K
}
2018-04-16T12:37:20.123+0700: 8.117: Total time for which application threads were stopped: 0.0068993 seconds, Stopping threads took: 0.0000258 seconds
{Heap before GC invocations=46 (full 1):
 par new generation   total 109248K, used 92971K [0x00000007a0000000, 0x00000007a8000000, 0x00000007a8000000)
  eden space 87424K, 100% used [0x00000007a0000000, 0x00000007a5560000, 0x00000007a5560000)
  from space 21824K,  25% used [0x00000007a5560000, 0x00000007a5acaeb8, 0x00000007a6ab0000)
  to   space 21824K,   0% used [0x00000007a6ab0000, 0x00000007a6ab0000, 0x00000007a8000000)
 concurrent mark-sweep generation total 393216K, used 32836K [0x00000007a8000000, 0x00000007c0000000, 0x00000007c0000000)
 Metaspace       used 33389K, capacity 34298K, committed 34532K, reserved 1079296K
  class space    used 4016K, capacity 4269K, committed 4324K, reserved 1048576K
2018-04-16T12:37:20.168+0700: 8.162: [GC (Allocation Failure) 2018-04-16T12:37:20.168+0700: 8.162: [ParNew
Desired survivor size 20112992 bytes, new threshold 8 (max 8)
- age   1:     971208 bytes,     971208 total
- age   2:    2452136 bytes,    3423344 total
- age   3:     241072 bytes,    3664416 total
- age   4:     192176 bytes,    3856592 total
- age   5:     202992 bytes,    4059584 total
- age   6:     136912 bytes,    4196496 total
- age   7:     235992 bytes,    4432488 total
- age   8:     169072 bytes,    4601560 total
: 92971K->4531K(109248K), 0.0055799 secs] 125808K->38562K(502464K), 0.0056467 secs] [Times: user=0.02 sys=0.00, real=0.01 secs] 
Heap after GC invocations=47 (full 1):
 par new generation   total 109248K, used 4531K [0x00000007a0000000, 0x00000007a8000000, 0x00000007a8000000)
  eden space 87424K,   0% used [0x00000007a0000000, 0x00000007a0000000, 0x00000007a5560000)
  from space 21824K,  20% used [0x00000007a6ab0000, 0x00000007a6f1cc98, 0x00000007a8000000)
  to   space 21824K,   0% used [0x00000007a5560000, 0x00000007a5560000, 0x00000007a6ab0000)
 concurrent mark-sweep generation total 393216K, used 34031K [0x00000007a8000000, 0x00000007c0000000, 0x00000007c0000000)
 Metaspace       used 33389K, capacity 34298K, committed 34532K, reserved 1079296K
  class space    used 4016K, capacity 4269K, committed 4324K, reserved 1048576K
}
2018-04-16T12:37:20.174+0700: 8.167: Total time for which application threads were stopped: 0.0058231 seconds, Stopping threads took: 0.0000212 seconds
{Heap before GC invocations=47 (full 1):
 par new generation   total 109248K, used 91955K [0x00000007a0000000, 0x00000007a8000000, 0x00000007a8000000)
  eden space 87424K, 100% used [0x00000007a0000000, 0x00000007a5560000, 0x00000007a5560000)
  from space 21824K,  20% used [0x00000007a6ab0000, 0x00000007a6f1cc98, 0x00000007a8000000)
  to   space 21824K,   0% used [0x00000007a5560000, 0x00000007a5560000, 0x00000007a6ab0000)
 concurrent mark-sweep generation total 393216K, used 34031K [0x00000007a8000000, 0x00000007c0000000, 0x00000007c0000000)
 Metaspace       used 33389K, capacity 34298K, committed 34532K, reserved 1079296K
  class space    used 4016K, capacity 4269K, committed 4324K, reserved 1048576K
2018-04-16T12:37:20.227+0700: 8.221: [GC (Allocation Failure) 2018-04-16T12:37:20.227+0700: 8.221: [ParNew
Desired survivor size 20112992 bytes, new threshold 8 (max 8)
- age   1:     306432 bytes,     306432 total
- age   2:     859504 bytes,    1165936 total
- age   3:    2452136 bytes,    3618072 total
- age   4:     241072 bytes,    3859144 total
- age   5:     190032 bytes,    4049176 total
- age   6:     202680 bytes,    4251856 total
- age   7:     136912 bytes,    4388768 total
- age   8:     235992 bytes,    4624760 total
: 91955K->4527K(109248K), 0.0059392 secs] 125986K->38723K(502464K), 0.0060188 secs] [Times: user=0.02 sys=0.00, real=0.01 secs] 
Heap after GC invocations=48 (full 1):
 par new generation   total 109248K, used 4527K [0x00000007a0000000, 0x00000007a8000000, 0x00000007a8000000)
  eden space 87424K,   0% used [0x00000007a0000000, 0x00000007a0000000, 0x00000007a5560000)
  from space 21824K,  20% used [0x00000007a5560000, 0x00000007a59cbce8, 0x00000007a6ab0000)
  to   space 21824K,   0% used [0x00000007a6ab0000, 0x00000007a6ab0000, 0x00000007a8000000)
 concurrent mark-sweep generation total 393216K, used 34196K [0x00000007a8000000, 0x00000007c0000000, 0x00000007c0000000)
 Metaspace       used 33389K, capacity 34298K, committed 34532K, reserved 1079296K
  class space    used 4016K, capacity 4269K, committed 4324K, reserved 1048576K
}
2018-04-16T12:37:20.233+0700: 8.227: Total time for which application threads were stopped: 0.0062159 seconds, Stopping threads took: 0.0000269 seconds
{Heap before GC invocations=48 (full 1):
 par new generation   total 109248K, used 91951K [0x00000007a0000000, 0x00000007a8000000, 0x00000007a8000000)
  eden space 87424K, 100% used [0x00000007a0000000, 0x00000007a5560000, 0x00000007a5560000)
  from space 21824K,  20% used [0x00000007a5560000, 0x00000007a59cbce8, 0x00000007a6ab0000)
  to   space 21824K,   0% used [0x00000007a6ab0000, 0x00000007a6ab0000, 0x00000007a8000000)
 concurrent mark-sweep generation total 393216K, used 34196K [0x00000007a8000000, 0x00000007c0000000, 0x00000007c0000000)
 Metaspace       used 33389K, capacity 34298K, committed 34532K, reserved 1079296K
  class space    used 4016K, capacity 4269K, committed 4324K, reserved 1048576K
2018-04-16T12:37:20.271+0700: 8.265: [GC (Allocation Failure) 2018-04-16T12:37:20.271+0700: 8.265: [ParNew
Desired survivor size 20112992 bytes, new threshold 8 (max 8)
- age   1:     272936 bytes,     272936 total
- age   2:     205576 bytes,     478512 total
- age   3:     859504 bytes,    1338016 total
- age   4:    2452136 bytes,    3790152 total
- age   5:     241072 bytes,    4031224 total
- age   6:     190032 bytes,    4221256 total
- age   7:     202680 bytes,    4423936 total
- age   8:     136912 bytes,    4560848 total
: 91951K->4490K(109248K), 0.0060891 secs] 126147K->38916K(502464K), 0.0061720 secs] [Times: user=0.02 sys=0.00, real=0.00 secs] 
Heap after GC invocations=49 (full 1):
 par new generation   total 109248K, used 4490K [0x00000007a0000000, 0x00000007a8000000, 0x00000007a8000000)
  eden space 87424K,   0% used [0x00000007a0000000, 0x00000007a0000000, 0x00000007a5560000)
  from space 21824K,  20% used [0x00000007a6ab0000, 0x00000007a6f128c0, 0x00000007a8000000)
  to   space 21824K,   0% used [0x00000007a5560000, 0x00000007a5560000, 0x00000007a6ab0000)
 concurrent mark-sweep generation total 393216K, used 34426K [0x00000007a8000000, 0x00000007c0000000, 0x00000007c0000000)
 Metaspace       used 33389K, capacity 34298K, committed 34532K, reserved 1079296K
  class space    used 4016K, capacity 4269K, committed 4324K, reserved 1048576K
}
2018-04-16T12:37:20.277+0700: 8.271: Total time for which application threads were stopped: 0.0063656 seconds, Stopping threads took: 0.0000242 seconds
{Heap before GC invocations=49 (full 1):
 par new generation   total 109248K, used 91914K [0x00000007a0000000, 0x00000007a8000000, 0x00000007a8000000)
  eden space 87424K, 100% used [0x00000007a0000000, 0x00000007a5560000, 0x00000007a5560000)
  from space 21824K,  20% used [0x00000007a6ab0000, 0x00000007a6f128c0, 0x00000007a8000000)
  to   space 21824K,   0% used [0x00000007a5560000, 0x00000007a5560000, 0x00000007a6ab0000)
 concurrent mark-sweep generation total 393216K, used 34426K [0x00000007a8000000, 0x00000007c0000000, 0x00000007c0000000)
 Metaspace       used 33389K, capacity 34298K, committed 34532K, reserved 1079296K
  class space    used 4016K, capacity 4269K, committed 4324K, reserved 1048576K
2018-04-16T12:37:20.314+0700: 8.307: [GC (Allocation Failure) 2018-04-16T12:37:20.314+0700: 8.307: [ParNew
Desired survivor size 20112992 bytes, new threshold 8 (max 8)
- age   1:    2852120 bytes,    2852120 total
- age   2:     170280 bytes,    3022400 total
- age   3:     205576 bytes,    3227976 total
- age   4:     859504 bytes,    4087480 total
- age   5:     202856 bytes,    4290336 total
- age   6:     240384 bytes,    4530720 total
- age   7:     190032 bytes,    4720752 total
- age   8:     202680 bytes,    4923432 total
: 91914K->4811K(109248K), 0.0056223 secs] 126340K->39372K(502464K), 0.0056907 secs] [Times: user=0.02 sys=0.00, real=0.01 secs] 
Heap after GC invocations=50 (full 1):
 par new generation   total 109248K, used 4811K [0x00000007a0000000, 0x00000007a8000000, 0x00000007a8000000)
  eden space 87424K,   0% used [0x00000007a0000000, 0x00000007a0000000, 0x00000007a5560000)
  from space 21824K,  22% used [0x00000007a5560000, 0x00000007a5a12f08, 0x00000007a6ab0000)
  to   space 21824K,   0% used [0x00000007a6ab0000, 0x00000007a6ab0000, 0x00000007a8000000)
 concurrent mark-sweep generation total 393216K, used 34560K [0x00000007a8000000, 0x00000007c0000000, 0x00000007c0000000)
 Metaspace       used 33389K, capacity 34298K, committed 34532K, reserved 1079296K
  class space    used 4016K, capacity 4269K, committed 4324K, reserved 1048576K
}
2018-04-16T12:37:20.320+0700: 8.313: Total time for which application threads were stopped: 0.0058619 seconds, Stopping threads took: 0.0000213 seconds
{Heap before GC invocations=50 (full 1):
 par new generation   total 109248K, used 92235K [0x00000007a0000000, 0x00000007a8000000, 0x00000007a8000000)
  eden space 87424K, 100% used [0x00000007a0000000, 0x00000007a5560000, 0x00000007a5560000)
  from space 21824K,  22% used [0x00000007a5560000, 0x00000007a5a12f08, 0x00000007a6ab0000)
  to   space 21824K,   0% used [0x00000007a6ab0000, 0x00000007a6ab0000, 0x00000007a8000000)
 concurrent mark-sweep generation total 393216K, used 34560K [0x00000007a8000000, 0x00000007c0000000, 0x00000007c0000000)
 Metaspace       used 33389K, capacity 34298K, committed 34532K, reserved 1079296K
  class space    used 4016K, capacity 4269K, committed 4324K, reserved 1048576K
2018-04-16T12:37:20.356+0700: 8.350: [GC (Allocation Failure) 2018-04-16T12:37:20.356+0700: 8.350: [ParNew
Desired survivor size 20112992 bytes, new threshold 8 (max 8)
- age   1:     314968 bytes,     314968 total
- age   2:    2733752 bytes,    3048720 total
- age   3:     170280 bytes,    3219000 total
- age   4:     205576 bytes,    3424576 total
- age   5:     859504 bytes,    4284080 total
- age   6:     202384 bytes,    4486464 total
- age   7:     240384 bytes,    4726848 total
- age   8:     190032 bytes,    4916880 total
: 92235K->4813K(109248K), 0.0061925 secs] 126796K->39571K(502464K), 0.0062893 secs] [Times: user=0.02 sys=0.00, real=0.01 secs] 
Heap after GC invocations=51 (full 1):
 par new generation   total 109248K, used 4813K [0x00000007a0000000, 0x00000007a8000000, 0x00000007a8000000)
  eden space 87424K,   0% used [0x00000007a0000000, 0x00000007a0000000, 0x00000007a5560000)
  from space 21824K,  22% used [0x00000007a6ab0000, 0x00000007a6f63650, 0x00000007a8000000)
  to   space 21824K,   0% used [0x00000007a5560000, 0x00000007a5560000, 0x00000007a6ab0000)
 concurrent mark-sweep generation total 393216K, used 34758K [0x00000007a8000000, 0x00000007c0000000, 0x00000007c0000000)
 Metaspace       used 33389K, capacity 34298K, committed 34532K, reserved 1079296K
  class space    used 4016K, capacity 4269K, committed 4324K, reserved 1048576K
}
2018-04-16T12:37:20.362+0700: 8.356: Total time for which application threads were stopped: 0.0065005 seconds, Stopping threads took: 0.0000303 seconds
{Heap before GC invocations=51 (full 1):
 par new generation   total 109248K, used 92237K [0x00000007a0000000, 0x00000007a8000000, 0x00000007a8000000)
  eden space 87424K, 100% used [0x00000007a0000000, 0x00000007a5560000, 0x00000007a5560000)
  from space 21824K,  22% used [0x00000007a6ab0000, 0x00000007a6f63650, 0x00000007a8000000)
  to   space 21824K,   0% used [0x00000007a5560000, 0x00000007a5560000, 0x00000007a6ab0000)
 concurrent mark-sweep generation total 393216K, used 34758K [0x00000007a8000000, 0x00000007c0000000, 0x00000007c0000000)
 Metaspace       used 33389K, capacity 34298K, committed 34532K, reserved 1079296K
  class space    used 4016K, capacity 4269K, committed 4324K, reserved 1048576K
2018-04-16T12:37:20.401+0700: 8.395: [GC (Allocation Failure) 2018-04-16T12:37:20.401+0700: 8.395: [ParNew
Desired survivor size 20112992 bytes, new threshold 8 (max 8)
- age   1:     247112 bytes,     247112 total
- age   2:     208392 bytes,     455504 total
- age   3:    2733752 bytes,    3189256 total
- age   4:     170280 bytes,    3359536 total
- age   5:     205576 bytes,    3565112 total
- age   6:     859504 bytes,    4424616 total
- age   7:     202384 bytes,    4627000 total
- age   8:     240384 bytes,    4867384 total
: 92237K->4806K(109248K), 0.0058891 secs] 126995K->39750K(502464K), 0.0059567 secs] [Times: user=0.02 sys=0.00, real=0.00 secs] 
Heap after GC invocations=52 (full 1):
 par new generation   total 109248K, used 4806K [0x00000007a0000000, 0x00000007a8000000, 0x00000007a8000000)
  eden space 87424K,   0% used [0x00000007a0000000, 0x00000007a0000000, 0x00000007a5560000)
  from space 21824K,  22% used [0x00000007a5560000, 0x00000007a5a11a88, 0x00000007a6ab0000)
  to   space 21824K,   0% used [0x00000007a6ab0000, 0x00000007a6ab0000, 0x00000007a8000000)
 concurrent mark-sweep generation total 393216K, used 34943K [0x00000007a8000000, 0x00000007c0000000, 0x00000007c0000000)
 Metaspace       used 33389K, capacity 34298K, committed 34532K, reserved 1079296K
  class space    used 4016K, capacity 4269K, committed 4324K, reserved 1048576K
}
2018-04-16T12:37:20.407+0700: 8.401: Total time for which application threads were stopped: 0.0061347 seconds, Stopping threads took: 0.0000262 seconds
{Heap before GC invocations=52 (full 1):
 par new generation   total 109248K, used 92230K [0x00000007a0000000, 0x00000007a8000000, 0x00000007a8000000)
  eden space 87424K, 100% used [0x00000007a0000000, 0x00000007a5560000, 0x00000007a5560000)
  from space 21824K,  22% used [0x00000007a5560000, 0x00000007a5a11a88, 0x00000007a6ab0000)
  to   space 21824K,   0% used [0x00000007a6ab0000, 0x00000007a6ab0000, 0x00000007a8000000)
 concurrent mark-sweep generation total 393216K, used 34943K [0x00000007a8000000, 0x00000007c0000000, 0x00000007c0000000)
 Metaspace       used 33389K, capacity 34298K, committed 34532K, reserved 1079296K
  class space    used 4016K, capacity 4269K, committed 4324K, reserved 1048576K
2018-04-16T12:37:20.446+0700: 8.439: [GC (Allocation Failure) 2018-04-16T12:37:20.446+0700: 8.439: [ParNew
Desired survivor size 20112992 bytes, new threshold 8 (max 8)
- age   1:    1198200 bytes,    1198200 total
- age   2:     169856 bytes,    1368056 total
- age   3:     208392 bytes,    1576448 total
- age   4:    2733752 bytes,    4310200 total
- age   5:     170280 bytes,    4480480 total
- age   6:     203144 bytes,    4683624 total
- age   7:     137112 bytes,    4820736 total
- age   8:     202384 bytes,    5023120 total
: 92230K->4922K(109248K), 0.0061852 secs] 127174K->40101K(502464K), 0.0062560 secs] [Times: user=0.02 sys=0.00, real=0.01 secs] 
Heap after GC invocations=53 (full 1):
 par new generation   total 109248K, used 4922K [0x00000007a0000000, 0x00000007a8000000, 0x00000007a8000000)
  eden space 87424K,   0% used [0x00000007a0000000, 0x00000007a0000000, 0x00000007a5560000)
  from space 21824K,  22% used [0x00000007a6ab0000, 0x00000007a6f7eb30, 0x00000007a8000000)
  to   space 21824K,   0% used [0x00000007a5560000, 0x00000007a5560000, 0x00000007a6ab0000)
 concurrent mark-sweep generation total 393216K, used 35178K [0x00000007a8000000, 0x00000007c0000000, 0x00000007c0000000)
 Metaspace       used 33389K, capacity 34298K, committed 34532K, reserved 1079296K
  class space    used 4016K, capacity 4269K, committed 4324K, reserved 1048576K
}
2018-04-16T12:37:20.452+0700: 8.445: Total time for which application threads were stopped: 0.0064579 seconds, Stopping threads took: 0.0000210 seconds
{Heap before GC invocations=53 (full 1):
 par new generation   total 109248K, used 92346K [0x00000007a0000000, 0x00000007a8000000, 0x00000007a8000000)
  eden space 87424K, 100% used [0x00000007a0000000, 0x00000007a5560000, 0x00000007a5560000)
  from space 21824K,  22% used [0x00000007a6ab0000, 0x00000007a6f7eb30, 0x00000007a8000000)
  to   space 21824K,   0% used [0x00000007a5560000, 0x00000007a5560000, 0x00000007a6ab0000)
 concurrent mark-sweep generation total 393216K, used 35178K [0x00000007a8000000, 0x00000007c0000000, 0x00000007c0000000)
 Metaspace       used 33389K, capacity 34298K, committed 34532K, reserved 1079296K
  class space    used 4016K, capacity 4269K, committed 4324K, reserved 1048576K
2018-04-16T12:37:20.491+0700: 8.485: [GC (Allocation Failure) 2018-04-16T12:37:20.491+0700: 8.485: [ParNew
Desired survivor size 20112992 bytes, new threshold 8 (max 8)
- age   1:     413640 bytes,     413640 total
- age   2:    1072360 bytes,    1486000 total
- age   3:     169856 bytes,    1655856 total
- age   4:     208392 bytes,    1864248 total
- age   5:    2733752 bytes,    4598000 total
- age   6:     170280 bytes,    4768280 total
- age   7:     202792 bytes,    4971072 total
- age   8:     137112 bytes,    5108184 total
: 92346K->4998K(109248K), 0.0060771 secs] 127525K->40374K(502464K), 0.0061507 secs] [Times: user=0.02 sys=0.00, real=0.00 secs] 
Heap after GC invocations=54 (full 1):
 par new generation   total 109248K, used 4998K [0x00000007a0000000, 0x00000007a8000000, 0x00000007a8000000)
  eden space 87424K,   0% used [0x00000007a0000000, 0x00000007a0000000, 0x00000007a5560000)
  from space 21824K,  22% used [0x00000007a5560000, 0x00000007a5a41a80, 0x00000007a6ab0000)
  to   space 21824K,   0% used [0x00000007a6ab0000, 0x00000007a6ab0000, 0x00000007a8000000)
 concurrent mark-sweep generation total 393216K, used 35376K [0x00000007a8000000, 0x00000007c0000000, 0x00000007c0000000)
 Metaspace       used 33389K, capacity 34298K, committed 34532K, reserved 1079296K
  class space    used 4016K, capacity 4269K, committed 4324K, reserved 1048576K
}
2018-04-16T12:37:20.497+0700: 8.491: Total time for which application threads were stopped: 0.0064823 seconds, Stopping threads took: 0.0000359 seconds
{Heap before GC invocations=54 (full 1):
 par new generation   total 109248K, used 92422K [0x00000007a0000000, 0x00000007a8000000, 0x00000007a8000000)
  eden space 87424K, 100% used [0x00000007a0000000, 0x00000007a5560000, 0x00000007a5560000)
  from space 21824K,  22% used [0x00000007a5560000, 0x00000007a5a41a80, 0x00000007a6ab0000)
  to   space 21824K,   0% used [0x00000007a6ab0000, 0x00000007a6ab0000, 0x00000007a8000000)
 concurrent mark-sweep generation total 393216K, used 35376K [0x00000007a8000000, 0x00000007c0000000, 0x00000007c0000000)
 Metaspace       used 33389K, capacity 34298K, committed 34532K, reserved 1079296K
  class space    used 4016K, capacity 4269K, committed 4324K, reserved 1048576K
2018-04-16T12:37:20.537+0700: 8.531: [GC (Allocation Failure) 2018-04-16T12:37:20.537+0700: 8.531: [ParNew
Desired survivor size 20112992 bytes, new threshold 8 (max 8)
- age   1:    3168032 bytes,    3168032 total
- age   2:     268088 bytes,    3436120 total
- age   3:    1072360 bytes,    4508480 total
- age   4:     169856 bytes,    4678336 total
- age   5:     208392 bytes,    4886728 total
- age   6:     202656 bytes,    5089384 total
- age   7:     170280 bytes,    5259664 total
- age   8:     202792 bytes,    5462456 total
: 92422K->5357K(109248K), 0.0059272 secs] 127798K->40867K(502464K), 0.0060191 secs] [Times: user=0.02 sys=0.00, real=0.01 secs] 
Heap after GC invocations=55 (full 1):
 par new generation   total 109248K, used 5357K [0x00000007a0000000, 0x00000007a8000000, 0x00000007a8000000)
  eden space 87424K,   0% used [0x00000007a0000000, 0x00000007a0000000, 0x00000007a5560000)
  from space 21824K,  24% used [0x00000007a6ab0000, 0x00000007a6feb6e8, 0x00000007a8000000)
  to   space 21824K,   0% used [0x00000007a5560000, 0x00000007a5560000, 0x00000007a6ab0000)
 concurrent mark-sweep generation total 393216K, used 35510K [0x00000007a8000000, 0x00000007c0000000, 0x00000007c0000000)
 Metaspace       used 33389K, capacity 34298K, committed 34532K, reserved 1079296K
  class space    used 4016K, capacity 4269K, committed 4324K, reserved 1048576K
}
2018-04-16T12:37:20.543+0700: 8.537: Total time for which application threads were stopped: 0.0062311 seconds, Stopping threads took: 0.0000220 seconds
{Heap before GC invocations=55 (full 1):
 par new generation   total 109248K, used 92781K [0x00000007a0000000, 0x00000007a8000000, 0x00000007a8000000)
  eden space 87424K, 100% used [0x00000007a0000000, 0x00000007a5560000, 0x00000007a5560000)
  from space 21824K,  24% used [0x00000007a6ab0000, 0x00000007a6feb6e8, 0x00000007a8000000)
  to   space 21824K,   0% used [0x00000007a5560000, 0x00000007a5560000, 0x00000007a6ab0000)
 concurrent mark-sweep generation total 393216K, used 35510K [0x00000007a8000000, 0x00000007c0000000, 0x00000007c0000000)
 Metaspace       used 33389K, capacity 34298K, committed 34532K, reserved 1079296K
  class space    used 4016K, capacity 4269K, committed 4324K, reserved 1048576K
2018-04-16T12:37:20.582+0700: 8.576: [GC (Allocation Failure) 2018-04-16T12:37:20.582+0700: 8.576: [ParNew
Desired survivor size 20112992 bytes, new threshold 8 (max 8)
- age   1:     355560 bytes,     355560 total
- age   2:    3017112 bytes,    3372672 total
- age   3:     268088 bytes,    3640760 total
- age   4:    1072360 bytes,    4713120 total
- age   5:     169856 bytes,    4882976 total
- age   6:     207856 bytes,    5090832 total
- age   7:     202512 bytes,    5293344 total
- age   8:     170280 bytes,    5463624 total
: 92781K->5375K(109248K), 0.0072577 secs] 128291K->41084K(502464K), 0.0073266 secs] [Times: user=0.01 sys=0.00, real=0.01 secs] 
Heap after GC invocations=56 (full 1):
 par new generation   total 109248K, used 5375K [0x00000007a0000000, 0x00000007a8000000, 0x00000007a8000000)
  eden space 87424K,   0% used [0x00000007a0000000, 0x00000007a0000000, 0x00000007a5560000)
  from space 21824K,  24% used [0x00000007a5560000, 0x00000007a5a9ff68, 0x00000007a6ab0000)
  to   space 21824K,   0% used [0x00000007a6ab0000, 0x00000007a6ab0000, 0x00000007a8000000)
 concurrent mark-sweep generation total 393216K, used 35708K [0x00000007a8000000, 0x00000007c0000000, 0x00000007c0000000)
 Metaspace       used 33389K, capacity 34298K, committed 34532K, reserved 1079296K
  class space    used 4016K, capacity 4269K, committed 4324K, reserved 1048576K
}
2018-04-16T12:37:20.590+0700: 8.583: Total time for which application threads were stopped: 0.0075164 seconds, Stopping threads took: 0.0000194 seconds
{Heap before GC invocations=56 (full 1):
 par new generation   total 109248K, used 92799K [0x00000007a0000000, 0x00000007a8000000, 0x00000007a8000000)
  eden space 87424K, 100% used [0x00000007a0000000, 0x00000007a5560000, 0x00000007a5560000)
  from space 21824K,  24% used [0x00000007a5560000, 0x00000007a5a9ff68, 0x00000007a6ab0000)
  to   space 21824K,   0% used [0x00000007a6ab0000, 0x00000007a6ab0000, 0x00000007a8000000)
 concurrent mark-sweep generation total 393216K, used 35708K [0x00000007a8000000, 0x00000007c0000000, 0x00000007c0000000)
 Metaspace       used 33389K, capacity 34298K, committed 34532K, reserved 1079296K
  class space    used 4016K, capacity 4269K, committed 4324K, reserved 1048576K
2018-04-16T12:37:20.628+0700: 8.621: [GC (Allocation Failure) 2018-04-16T12:37:20.628+0700: 8.621: [ParNew
Desired survivor size 20112992 bytes, new threshold 8 (max 8)
- age   1:     316416 bytes,     316416 total
- age   2:     268592 bytes,     585008 total
- age   3:    3017112 bytes,    3602120 total
- age   4:     268088 bytes,    3870208 total
- age   5:    1072360 bytes,    4942568 total
- age   6:     169856 bytes,    5112424 total
- age   7:     207856 bytes,    5320280 total
- age   8:     202512 bytes,    5522792 total
: 92799K->5421K(109248K), 0.0056524 secs] 128508K->41296K(502464K), 0.0057471 secs] [Times: user=0.02 sys=0.01, real=0.01 secs] 
Heap after GC invocations=57 (full 1):
 par new generation   total 109248K, used 5421K [0x00000007a0000000, 0x00000007a8000000, 0x00000007a8000000)
  eden space 87424K,   0% used [0x00000007a0000000, 0x00000007a0000000, 0x00000007a5560000)
  from space 21824K,  24% used [0x00000007a6ab0000, 0x00000007a6ffb678, 0x00000007a8000000)
  to   space 21824K,   0% used [0x00000007a5560000, 0x00000007a5560000, 0x00000007a6ab0000)
 concurrent mark-sweep generation total 393216K, used 35874K [0x00000007a8000000, 0x00000007c0000000, 0x00000007c0000000)
 Metaspace       used 33389K, capacity 34298K, committed 34532K, reserved 1079296K
  class space    used 4016K, capacity 4269K, committed 4324K, reserved 1048576K
}
2018-04-16T12:37:20.633+0700: 8.627: Total time for which application threads were stopped: 0.0059095 seconds, Stopping threads took: 0.0000191 seconds
{Heap before GC invocations=57 (full 1):
 par new generation   total 109248K, used 92845K [0x00000007a0000000, 0x00000007a8000000, 0x00000007a8000000)
  eden space 87424K, 100% used [0x00000007a0000000, 0x00000007a5560000, 0x00000007a5560000)
  from space 21824K,  24% used [0x00000007a6ab0000, 0x00000007a6ffb678, 0x00000007a8000000)
  to   space 21824K,   0% used [0x00000007a5560000, 0x00000007a5560000, 0x00000007a6ab0000)
 concurrent mark-sweep generation total 393216K, used 35874K [0x00000007a8000000, 0x00000007c0000000, 0x00000007c0000000)
 Metaspace       used 33389K, capacity 34298K, committed 34532K, reserved 1079296K
  class space    used 4016K, capacity 4269K, committed 4324K, reserved 1048576K
2018-04-16T12:37:20.671+0700: 8.664: [GC (Allocation Failure) 2018-04-16T12:37:20.671+0700: 8.664: [ParNew
Desired survivor size 20112992 bytes, new threshold 8 (max 8)
- age   1:     347040 bytes,     347040 total
- age   2:     174176 bytes,     521216 total
- age   3:     268592 bytes,     789808 total
- age   4:    3017112 bytes,    3806920 total
- age   5:     267696 bytes,    4074616 total
- age   6:    1072360 bytes,    5146976 total
- age   7:     169856 bytes,    5316832 total
- age   8:     207856 bytes,    5524688 total
: 92845K->5424K(109248K), 0.0057656 secs] 128720K->41496K(502464K), 0.0058335 secs] [Times: user=0.02 sys=0.00, real=0.00 secs] 
Heap after GC invocations=58 (full 1):
 par new generation   total 109248K, used 5424K [0x00000007a0000000, 0x00000007a8000000, 0x00000007a8000000)
  eden space 87424K,   0% used [0x00000007a0000000, 0x00000007a0000000, 0x00000007a5560000)
  from space 21824K,  24% used [0x00000007a5560000, 0x00000007a5aac068, 0x00000007a6ab0000)
  to   space 21824K,   0% used [0x00000007a6ab0000, 0x00000007a6ab0000, 0x00000007a8000000)
 concurrent mark-sweep generation total 393216K, used 36072K [0x00000007a8000000, 0x00000007c0000000, 0x00000007c0000000)
 Metaspace       used 33389K, capacity 34298K, committed 34532K, reserved 1079296K
  class space    used 4016K, capacity 4269K, committed 4324K, reserved 1048576K
}
2018-04-16T12:37:20.676+0700: 8.670: Total time for which application threads were stopped: 0.0060185 seconds, Stopping threads took: 0.0000281 seconds
{Heap before GC invocations=58 (full 1):
 par new generation   total 109248K, used 92848K [0x00000007a0000000, 0x00000007a8000000, 0x00000007a8000000)
  eden space 87424K, 100% used [0x00000007a0000000, 0x00000007a5560000, 0x00000007a5560000)
  from space 21824K,  24% used [0x00000007a5560000, 0x00000007a5aac068, 0x00000007a6ab0000)
  to   space 21824K,   0% used [0x00000007a6ab0000, 0x00000007a6ab0000, 0x00000007a8000000)
 concurrent mark-sweep generation total 393216K, used 36072K [0x00000007a8000000, 0x00000007c0000000, 0x00000007c0000000)
 Metaspace       used 33389K, capacity 34298K, committed 34532K, reserved 1079296K
  class space    used 4016K, capacity 4269K, committed 4324K, reserved 1048576K
2018-04-16T12:37:20.717+0700: 8.711: [GC (Allocation Failure) 2018-04-16T12:37:20.717+0700: 8.711: [ParNew
Desired survivor size 20112992 bytes, new threshold 8 (max 8)
- age   1:     305976 bytes,     305976 total
- age   2:     235352 bytes,     541328 total
- age   3:     174176 bytes,     715504 total
- age   4:     268592 bytes,     984096 total
- age   5:    3017112 bytes,    4001208 total
- age   6:     267696 bytes,    4268904 total
- age   7:    1069576 bytes,    5338480 total
- age   8:     169856 bytes,    5508336 total
: 92848K->5395K(109248K), 0.0101282 secs] 128920K->41670K(502464K), 0.0102310 secs] [Times: user=0.01 sys=0.00, real=0.01 secs] 
Heap after GC invocations=59 (full 1):
 par new generation   total 109248K, used 5395K [0x00000007a0000000, 0x00000007a8000000, 0x00000007a8000000)
  eden space 87424K,   0% used [0x00000007a0000000, 0x00000007a0000000, 0x00000007a5560000)
  from space 21824K,  24% used [0x00000007a6ab0000, 0x00000007a6ff4c30, 0x00000007a8000000)
  to   space 21824K,   0% used [0x00000007a5560000, 0x00000007a5560000, 0x00000007a6ab0000)
 concurrent mark-sweep generation total 393216K, used 36275K [0x00000007a8000000, 0x00000007c0000000, 0x00000007c0000000)
 Metaspace       used 33389K, capacity 34298K, committed 34532K, reserved 1079296K
  class space    used 4016K, capacity 4269K, committed 4324K, reserved 1048576K
}
2018-04-16T12:37:20.728+0700: 8.721: Total time for which application threads were stopped: 0.0104599 seconds, Stopping threads took: 0.0000228 seconds
{Heap before GC invocations=59 (full 1):
 par new generation   total 109248K, used 92819K [0x00000007a0000000, 0x00000007a8000000, 0x00000007a8000000)
  eden space 87424K, 100% used [0x00000007a0000000, 0x00000007a5560000, 0x00000007a5560000)
  from space 21824K,  24% used [0x00000007a6ab0000, 0x00000007a6ff4c30, 0x00000007a8000000)
  to   space 21824K,   0% used [0x00000007a5560000, 0x00000007a5560000, 0x00000007a6ab0000)
 concurrent mark-sweep generation total 393216K, used 36275K [0x00000007a8000000, 0x00000007c0000000, 0x00000007c0000000)
 Metaspace       used 33389K, capacity 34298K, committed 34532K, reserved 1079296K
  class space    used 4016K, capacity 4269K, committed 4324K, reserved 1048576K
2018-04-16T12:37:20.767+0700: 8.761: [GC (Allocation Failure) 2018-04-16T12:37:20.767+0700: 8.761: [ParNew
Desired survivor size 20112992 bytes, new threshold 8 (max 8)
- age   1:    3549032 bytes,    3549032 total
- age   2:     173512 bytes,    3722544 total
- age   3:     235352 bytes,    3957896 total
- age   4:     174176 bytes,    4132072 total
- age   5:     268592 bytes,    4400664 total
- age   6:     192600 bytes,    4593264 total
- age   7:     267696 bytes,    4860960 total
- age   8:    1069576 bytes,    5930536 total
: 92819K->5811K(109248K), 0.0053057 secs] 129094K->42252K(502464K), 0.0053886 secs] [Times: user=0.01 sys=0.00, real=0.01 secs] 
Heap after GC invocations=60 (full 1):
 par new generation   total 109248K, used 5811K [0x00000007a0000000, 0x00000007a8000000, 0x00000007a8000000)
  eden space 87424K,   0% used [0x00000007a0000000, 0x00000007a0000000, 0x00000007a5560000)
  from space 21824K,  26% used [0x00000007a5560000, 0x00000007a5b0cc18, 0x00000007a6ab0000)
  to   space 21824K,   0% used [0x00000007a6ab0000, 0x00000007a6ab0000, 0x00000007a8000000)
 concurrent mark-sweep generation total 393216K, used 36441K [0x00000007a8000000, 0x00000007c0000000, 0x00000007c0000000)
 Metaspace       used 33389K, capacity 34298K, committed 34532K, reserved 1079296K
  class space    used 4016K, capacity 4269K, committed 4324K, reserved 1048576K
}
2018-04-16T12:37:20.773+0700: 8.766: Total time for which application threads were stopped: 0.0055651 seconds, Stopping threads took: 0.0000196 seconds
{Heap before GC invocations=60 (full 1):
 par new generation   total 109248K, used 93235K [0x00000007a0000000, 0x00000007a8000000, 0x00000007a8000000)
  eden space 87424K, 100% used [0x00000007a0000000, 0x00000007a5560000, 0x00000007a5560000)
  from space 21824K,  26% used [0x00000007a5560000, 0x00000007a5b0cc18, 0x00000007a6ab0000)
  to   space 21824K,   0% used [0x00000007a6ab0000, 0x00000007a6ab0000, 0x00000007a8000000)
 concurrent mark-sweep generation total 393216K, used 36441K [0x00000007a8000000, 0x00000007c0000000, 0x00000007c0000000)
 Metaspace       used 33389K, capacity 34298K, committed 34532K, reserved 1079296K
  class space    used 4016K, capacity 4269K, committed 4324K, reserved 1048576K
2018-04-16T12:37:20.810+0700: 8.804: [GC (Allocation Failure) 2018-04-16T12:37:20.810+0700: 8.804: [ParNew
Desired survivor size 20112992 bytes, new threshold 8 (max 8)
- age   1:     334920 bytes,     334920 total
- age   2:    3412928 bytes,    3747848 total
- age   3:     173512 bytes,    3921360 total
- age   4:     235352 bytes,    4156712 total
- age   5:     174176 bytes,    4330888 total
- age   6:     268432 bytes,    4599320 total
- age   7:     169640 bytes,    4768960 total
- age   8:     267696 bytes,    5036656 total
: 93235K->4953K(109248K), 0.0054562 secs] 129676K->42438K(502464K), 0.0055196 secs] [Times: user=0.01 sys=0.00, real=0.00 secs] 
Heap after GC invocations=61 (full 1):
 par new generation   total 109248K, used 4953K [0x00000007a0000000, 0x00000007a8000000, 0x00000007a8000000)
  eden space 87424K,   0% used [0x00000007a0000000, 0x00000007a0000000, 0x00000007a5560000)
  from space 21824K,  22% used [0x00000007a6ab0000, 0x00000007a6f864a0, 0x00000007a8000000)
  to   space 21824K,   0% used [0x00000007a5560000, 0x00000007a5560000, 0x00000007a6ab0000)
 concurrent mark-sweep generation total 393216K, used 37485K [0x00000007a8000000, 0x00000007c0000000, 0x00000007c0000000)
 Metaspace       used 33389K, capacity 34298K, committed 34532K, reserved 1079296K
  class space    used 4016K, capacity 4269K, committed 4324K, reserved 1048576K
}
2018-04-16T12:37:20.816+0700: 8.809: Total time for which application threads were stopped: 0.0057011 seconds, Stopping threads took: 0.0000210 seconds
{Heap before GC invocations=61 (full 1):
 par new generation   total 109248K, used 92377K [0x00000007a0000000, 0x00000007a8000000, 0x00000007a8000000)
  eden space 87424K, 100% used [0x00000007a0000000, 0x00000007a5560000, 0x00000007a5560000)
  from space 21824K,  22% used [0x00000007a6ab0000, 0x00000007a6f864a0, 0x00000007a8000000)
  to   space 21824K,   0% used [0x00000007a5560000, 0x00000007a5560000, 0x00000007a6ab0000)
 concurrent mark-sweep generation total 393216K, used 37485K [0x00000007a8000000, 0x00000007c0000000, 0x00000007c0000000)
 Metaspace       used 33391K, capacity 34298K, committed 34532K, reserved 1079296K
  class space    used 4016K, capacity 4269K, committed 4324K, reserved 1048576K
2018-04-16T12:37:20.858+0700: 8.852: [GC (Allocation Failure) 2018-04-16T12:37:20.859+0700: 8.852: [ParNew
Desired survivor size 20112992 bytes, new threshold 8 (max 8)
- age   1:     266424 bytes,     266424 total
- age   2:     228560 bytes,     494984 total
- age   3:    3412928 bytes,    3907912 total
- age   4:     173512 bytes,    4081424 total
- age   5:     235352 bytes,    4316776 total
- age   6:     174176 bytes,    4490952 total
- age   7:     268432 bytes,    4759384 total
- age   8:     169640 bytes,    4929024 total
: 92377K->4823K(109248K), 0.0060281 secs] 129862K->42571K(502464K), 0.0061353 secs] [Times: user=0.01 sys=0.00, real=0.01 secs] 
Heap after GC invocations=62 (full 1):
 par new generation   total 109248K, used 4823K [0x00000007a0000000, 0x00000007a8000000, 0x00000007a8000000)
  eden space 87424K,   0% used [0x00000007a0000000, 0x00000007a0000000, 0x00000007a5560000)
  from space 21824K,  22% used [0x00000007a5560000, 0x00000007a5a15f80, 0x00000007a6ab0000)
  to   space 21824K,   0% used [0x00000007a6ab0000, 0x00000007a6ab0000, 0x00000007a8000000)
 concurrent mark-sweep generation total 393216K, used 37747K [0x00000007a8000000, 0x00000007c0000000, 0x00000007c0000000)
 Metaspace       used 33391K, capacity 34298K, committed 34532K, reserved 1079296K
  class space    used 4016K, capacity 4269K, committed 4324K, reserved 1048576K
}
2018-04-16T12:37:20.865+0700: 8.858: Total time for which application threads were stopped: 0.0063873 seconds, Stopping threads took: 0.0000391 seconds
{Heap before GC invocations=62 (full 1):
 par new generation   total 109248K, used 92247K [0x00000007a0000000, 0x00000007a8000000, 0x00000007a8000000)
  eden space 87424K, 100% used [0x00000007a0000000, 0x00000007a5560000, 0x00000007a5560000)
  from space 21824K,  22% used [0x00000007a5560000, 0x00000007a5a15f80, 0x00000007a6ab0000)
  to   space 21824K,   0% used [0x00000007a6ab0000, 0x00000007a6ab0000, 0x00000007a8000000)
 concurrent mark-sweep generation total 393216K, used 37747K [0x00000007a8000000, 0x00000007c0000000, 0x00000007c0000000)
 Metaspace       used 33391K, capacity 34298K, committed 34532K, reserved 1079296K
  class space    used 4016K, capacity 4269K, committed 4324K, reserved 1048576K
2018-04-16T12:37:20.905+0700: 8.899: [GC (Allocation Failure) 2018-04-16T12:37:20.905+0700: 8.899: [ParNew
Desired survivor size 20112992 bytes, new threshold 8 (max 8)
- age   1:    1289384 bytes,    1289384 total
- age   2:     169472 bytes,    1458856 total
- age   3:     228560 bytes,    1687416 total
- age   4:    3412928 bytes,    5100344 total
- age   5:     173512 bytes,    5273856 total
- age   6:     235352 bytes,    5509208 total
- age   7:     174176 bytes,    5683384 total
- age   8:     267824 bytes,    5951208 total
: 92247K->5823K(109248K), 0.0060386 secs] 129995K->43736K(502464K), 0.0061093 secs] [Times: user=0.02 sys=0.00, real=0.01 secs] 
Heap after GC invocations=63 (full 1):
 par new generation   total 109248K, used 5823K [0x00000007a0000000, 0x00000007a8000000, 0x00000007a8000000)
  eden space 87424K,   0% used [0x00000007a0000000, 0x00000007a0000000, 0x00000007a5560000)
  from space 21824K,  26% used [0x00000007a6ab0000, 0x00000007a705fce8, 0x00000007a8000000)
  to   space 21824K,   0% used [0x00000007a5560000, 0x00000007a5560000, 0x00000007a6ab0000)
 concurrent mark-sweep generation total 393216K, used 37912K [0x00000007a8000000, 0x00000007c0000000, 0x00000007c0000000)
 Metaspace       used 33391K, capacity 34298K, committed 34532K, reserved 1079296K
  class space    used 4016K, capacity 4269K, committed 4324K, reserved 1048576K
}
2018-04-16T12:37:20.912+0700: 8.905: Total time for which application threads were stopped: 0.0063007 seconds, Stopping threads took: 0.0000273 seconds
{Heap before GC invocations=63 (full 1):
 par new generation   total 109248K, used 93247K [0x00000007a0000000, 0x00000007a8000000, 0x00000007a8000000)
  eden space 87424K, 100% used [0x00000007a0000000, 0x00000007a5560000, 0x00000007a5560000)
  from space 21824K,  26% used [0x00000007a6ab0000, 0x00000007a705fce8, 0x00000007a8000000)
  to   space 21824K,   0% used [0x00000007a5560000, 0x00000007a5560000, 0x00000007a6ab0000)
 concurrent mark-sweep generation total 393216K, used 37912K [0x00000007a8000000, 0x00000007c0000000, 0x00000007c0000000)
 Metaspace       used 33391K, capacity 34298K, committed 34532K, reserved 1079296K
  class space    used 4016K, capacity 4269K, committed 4324K, reserved 1048576K
2018-04-16T12:37:20.949+0700: 8.942: [GC (Allocation Failure) 2018-04-16T12:37:20.949+0700: 8.942: [ParNew
Desired survivor size 20112992 bytes, new threshold 8 (max 8)
- age   1:     286248 bytes,     286248 total
- age   2:    1143488 bytes,    1429736 total
- age   3:     169472 bytes,    1599208 total
- age   4:     228560 bytes,    1827768 total
- age   5:    3412928 bytes,    5240696 total
- age   6:     173512 bytes,    5414208 total
- age   7:     234912 bytes,    5649120 total
- age   8:     174176 bytes,    5823296 total
: 93247K->5758K(109248K), 0.0061231 secs] 131160K->43932K(502464K), 0.0062009 secs] [Times: user=0.02 sys=0.00, real=0.01 secs] 
Heap after GC invocations=64 (full 1):
 par new generation   total 109248K, used 5758K [0x00000007a0000000, 0x00000007a8000000, 0x00000007a8000000)
  eden space 87424K,   0% used [0x00000007a0000000, 0x00000007a0000000, 0x00000007a5560000)
  from space 21824K,  26% used [0x00000007a5560000, 0x00000007a5aff8d0, 0x00000007a6ab0000)
  to   space 21824K,   0% used [0x00000007a6ab0000, 0x00000007a6ab0000, 0x00000007a8000000)
 concurrent mark-sweep generation total 393216K, used 38174K [0x00000007a8000000, 0x00000007c0000000, 0x00000007c0000000)
 Metaspace       used 33391K, capacity 34298K, committed 34532K, reserved 1079296K
  class space    used 4016K, capacity 4269K, committed 4324K, reserved 1048576K
}
2018-04-16T12:37:20.955+0700: 8.949: Total time for which application threads were stopped: 0.0063783 seconds, Stopping threads took: 0.0000183 seconds
2018-04-16T12:37:21.959+0700: 9.952: Total time for which application threads were stopped: 0.0004962 seconds, Stopping threads took: 0.0002638 seconds
{Heap before GC invocations=64 (full 1):
 par new generation   total 109248K, used 93182K [0x00000007a0000000, 0x00000007a8000000, 0x00000007a8000000)
  eden space 87424K, 100% used [0x00000007a0000000, 0x00000007a5560000, 0x00000007a5560000)
  from space 21824K,  26% used [0x00000007a5560000, 0x00000007a5aff8d0, 0x00000007a6ab0000)
  to   space 21824K,   0% used [0x00000007a6ab0000, 0x00000007a6ab0000, 0x00000007a8000000)
 concurrent mark-sweep generation total 393216K, used 38174K [0x00000007a8000000, 0x00000007c0000000, 0x00000007c0000000)
 Metaspace       used 33601K, capacity 34490K, committed 34788K, reserved 1079296K
  class space    used 4024K, capacity 4269K, committed 4324K, reserved 1048576K
2018-04-16T12:37:22.374+0700: 10.367: [GC (Allocation Failure) 2018-04-16T12:37:22.374+0700: 10.367: [ParNew
Desired survivor size 20112992 bytes, new threshold 8 (max 8)
- age   1:     816840 bytes,     816840 total
- age   2:     202496 bytes,    1019336 total
- age   3:    1143488 bytes,    2162824 total
- age   4:     169472 bytes,    2332296 total
- age   5:     228560 bytes,    2560856 total
- age   6:    3412928 bytes,    5973784 total
- age   7:     173512 bytes,    6147296 total
- age   8:     234912 bytes,    6382208 total
: 93182K->6257K(109248K), 0.0095911 secs] 131356K->44601K(502464K), 0.0096825 secs] [Times: user=0.02 sys=0.00, real=0.01 secs] 
Heap after GC invocations=65 (full 1):
 par new generation   total 109248K, used 6257K [0x00000007a0000000, 0x00000007a8000000, 0x00000007a8000000)
  eden space 87424K,   0% used [0x00000007a0000000, 0x00000007a0000000, 0x00000007a5560000)
  from space 21824K,  28% used [0x00000007a6ab0000, 0x00000007a70cc510, 0x00000007a8000000)
  to   space 21824K,   0% used [0x00000007a5560000, 0x00000007a5560000, 0x00000007a6ab0000)
 concurrent mark-sweep generation total 393216K, used 38344K [0x00000007a8000000, 0x00000007c0000000, 0x00000007c0000000)
 Metaspace       used 33601K, capacity 34490K, committed 34788K, reserved 1079296K
  class space    used 4024K, capacity 4269K, committed 4324K, reserved 1048576K
}
2018-04-16T12:37:22.384+0700: 10.377: Total time for which application threads were stopped: 0.0100115 seconds, Stopping threads took: 0.0000286 seconds
2018-04-16T12:37:23.389+0700: 11.382: Total time for which application threads were stopped: 0.0004620 seconds, Stopping threads took: 0.0003694 seconds
{Heap before GC invocations=65 (full 1):
 par new generation   total 109248K, used 93681K [0x00000007a0000000, 0x00000007a8000000, 0x00000007a8000000)
  eden space 87424K, 100% used [0x00000007a0000000, 0x00000007a5560000, 0x00000007a5560000)
  from space 21824K,  28% used [0x00000007a6ab0000, 0x00000007a70cc510, 0x00000007a8000000)
  to   space 21824K,   0% used [0x00000007a5560000, 0x00000007a5560000, 0x00000007a6ab0000)
 concurrent mark-sweep generation total 393216K, used 38344K [0x00000007a8000000, 0x00000007c0000000, 0x00000007c0000000)
 Metaspace       used 33601K, capacity 34490K, committed 34788K, reserved 1079296K
  class space    used 4024K, capacity 4269K, committed 4324K, reserved 1048576K
2018-04-16T12:37:23.444+0700: 11.438: [GC (Allocation Failure) 2018-04-16T12:37:23.444+0700: 11.438: [ParNew
Desired survivor size 20112992 bytes, new threshold 8 (max 8)
- age   1:      34136 bytes,      34136 total
- age   2:     721600 bytes,     755736 total
- age   3:     202496 bytes,     958232 total
- age   4:    1143488 bytes,    2101720 total
- age   5:     169472 bytes,    2271192 total
- age   6:     228560 bytes,    2499752 total
- age   7:    3412928 bytes,    5912680 total
- age   8:     173512 bytes,    6086192 total
: 93681K->6049K(109248K), 0.0092285 secs] 132025K->44623K(502464K), 0.0093613 secs] [Times: user=0.03 sys=0.00, real=0.01 secs] 
Heap after GC invocations=66 (full 1):
 par new generation   total 109248K, used 6049K [0x00000007a0000000, 0x00000007a8000000, 0x00000007a8000000)
  eden space 87424K,   0% used [0x00000007a0000000, 0x00000007a0000000, 0x00000007a5560000)
  from space 21824K,  27% used [0x00000007a5560000, 0x00000007a5b485a0, 0x00000007a6ab0000)
  to   space 21824K,   0% used [0x00000007a6ab0000, 0x00000007a6ab0000, 0x00000007a8000000)
 concurrent mark-sweep generation total 393216K, used 38573K [0x00000007a8000000, 0x00000007c0000000, 0x00000007c0000000)
 Metaspace       used 33601K, capacity 34490K, committed 34788K, reserved 1079296K
  class space    used 4024K, capacity 4269K, committed 4324K, reserved 1048576K
}
2018-04-16T12:37:23.454+0700: 11.447: Total time for which application threads were stopped: 0.0096101 seconds, Stopping threads took: 0.0000271 seconds
2018-04-16T12:37:24.467+0700: 12.460: Total time for which application threads were stopped: 0.0106981 seconds, Stopping threads took: 0.0105815 seconds
{Heap before GC invocations=66 (full 1):
 par new generation   total 109248K, used 93473K [0x00000007a0000000, 0x00000007a8000000, 0x00000007a8000000)
  eden space 87424K, 100% used [0x00000007a0000000, 0x00000007a5560000, 0x00000007a5560000)
  from space 21824K,  27% used [0x00000007a5560000, 0x00000007a5b485a0, 0x00000007a6ab0000)
  to   space 21824K,   0% used [0x00000007a6ab0000, 0x00000007a6ab0000, 0x00000007a8000000)
 concurrent mark-sweep generation total 393216K, used 38573K [0x00000007a8000000, 0x00000007c0000000, 0x00000007c0000000)
 Metaspace       used 33602K, capacity 34490K, committed 34788K, reserved 1079296K
  class space    used 4024K, capacity 4269K, committed 4324K, reserved 1048576K
2018-04-16T12:37:25.131+0700: 13.124: [GC (Allocation Failure) 2018-04-16T12:37:25.131+0700: 13.124: [ParNew
Desired survivor size 20112992 bytes, new threshold 8 (max 8)
- age   1:      24976 bytes,      24976 total
- age   2:        704 bytes,      25680 total
- age   3:     721600 bytes,     747280 total
- age   4:     202496 bytes,     949776 total
- age   5:    1143488 bytes,    2093264 total
- age   6:     169472 bytes,    2262736 total
- age   7:     228560 bytes,    2491296 total
- age   8:    3412928 bytes,    5904224 total
: 93473K->5888K(109248K), 0.0053711 secs] 132047K->44631K(502464K), 0.0054488 secs] [Times: user=0.02 sys=0.00, real=0.00 secs] 
Heap after GC invocations=67 (full 1):
 par new generation   total 109248K, used 5888K [0x00000007a0000000, 0x00000007a8000000, 0x00000007a8000000)
  eden space 87424K,   0% used [0x00000007a0000000, 0x00000007a0000000, 0x00000007a5560000)
  from space 21824K,  26% used [0x00000007a6ab0000, 0x00000007a7070138, 0x00000007a8000000)
  to   space 21824K,   0% used [0x00000007a5560000, 0x00000007a5560000, 0x00000007a6ab0000)
 concurrent mark-sweep generation total 393216K, used 38743K [0x00000007a8000000, 0x00000007c0000000, 0x00000007c0000000)
 Metaspace       used 33602K, capacity 34490K, committed 34788K, reserved 1079296K
  class space    used 4024K, capacity 4269K, committed 4324K, reserved 1048576K
}
2018-04-16T12:37:25.136+0700: 13.129: Total time for which application threads were stopped: 0.0056226 seconds, Stopping threads took: 0.0000232 seconds
{Heap before GC invocations=67 (full 1):
 par new generation   total 109248K, used 93312K [0x00000007a0000000, 0x00000007a8000000, 0x00000007a8000000)
  eden space 87424K, 100% used [0x00000007a0000000, 0x00000007a5560000, 0x00000007a5560000)
  from space 21824K,  26% used [0x00000007a6ab0000, 0x00000007a7070138, 0x00000007a8000000)
  to   space 21824K,   0% used [0x00000007a5560000, 0x00000007a5560000, 0x00000007a6ab0000)
 concurrent mark-sweep generation total 393216K, used 38743K [0x00000007a8000000, 0x00000007c0000000, 0x00000007c0000000)
 Metaspace       used 33602K, capacity 34490K, committed 34788K, reserved 1079296K
  class space    used 4024K, capacity 4269K, committed 4324K, reserved 1048576K
2018-04-16T12:37:25.829+0700: 13.823: [GC (Allocation Failure) 2018-04-16T12:37:25.829+0700: 13.823: [ParNew
Desired survivor size 20112992 bytes, new threshold 8 (max 8)
- age   1:      53296 bytes,      53296 total
- age   3:        704 bytes,      54000 total
- age   4:     721600 bytes,     775600 total
- age   5:     202496 bytes,     978096 total
- age   6:    1143488 bytes,    2121584 total
- age   7:     169472 bytes,    2291056 total
- age   8:     228560 bytes,    2519616 total
: 93312K->2811K(109248K), 0.0057176 secs] 132055K->44887K(502464K), 0.0058080 secs] [Times: user=0.01 sys=0.00, real=0.01 secs] 
Heap after GC invocations=68 (full 1):
 par new generation   total 109248K, used 2811K [0x00000007a0000000, 0x00000007a8000000, 0x00000007a8000000)
  eden space 87424K,   0% used [0x00000007a0000000, 0x00000007a0000000, 0x00000007a5560000)
  from space 21824K,  12% used [0x00000007a5560000, 0x00000007a581ed18, 0x00000007a6ab0000)
  to   space 21824K,   0% used [0x00000007a6ab0000, 0x00000007a6ab0000, 0x00000007a8000000)
 concurrent mark-sweep generation total 393216K, used 42076K [0x00000007a8000000, 0x00000007c0000000, 0x00000007c0000000)
 Metaspace       used 33602K, capacity 34490K, committed 34788K, reserved 1079296K
  class space    used 4024K, capacity 4269K, committed 4324K, reserved 1048576K
}
2018-04-16T12:37:25.835+0700: 13.829: Total time for which application threads were stopped: 0.0061134 seconds, Stopping threads took: 0.0000219 seconds
{Heap before GC invocations=68 (full 1):
 par new generation   total 109248K, used 90235K [0x00000007a0000000, 0x00000007a8000000, 0x00000007a8000000)
  eden space 87424K, 100% used [0x00000007a0000000, 0x00000007a5560000, 0x00000007a5560000)
  from space 21824K,  12% used [0x00000007a5560000, 0x00000007a581ed18, 0x00000007a6ab0000)
  to   space 21824K,   0% used [0x00000007a6ab0000, 0x00000007a6ab0000, 0x00000007a8000000)
 concurrent mark-sweep generation total 393216K, used 42076K [0x00000007a8000000, 0x00000007c0000000, 0x00000007c0000000)
 Metaspace       used 33602K, capacity 34490K, committed 34788K, reserved 1079296K
  class space    used 4024K, capacity 4269K, committed 4324K, reserved 1048576K
2018-04-16T12:37:26.274+0700: 14.268: [GC (Allocation Failure) 2018-04-16T12:37:26.274+0700: 14.268: [ParNew
Desired survivor size 20112992 bytes, new threshold 8 (max 8)
- age   1:       3872 bytes,       3872 total
- age   4:        704 bytes,       4576 total
- age   5:     721536 bytes,     726112 total
- age   6:     202496 bytes,     928608 total
- age   7:    1143488 bytes,    2072096 total
- age   8:     169472 bytes,    2241568 total
: 90235K->2324K(109248K), 0.0050734 secs] 132311K->44623K(502464K), 0.0051657 secs] [Times: user=0.02 sys=0.00, real=0.00 secs] 
Heap after GC invocations=69 (full 1):
 par new generation   total 109248K, used 2324K [0x00000007a0000000, 0x00000007a8000000, 0x00000007a8000000)
  eden space 87424K,   0% used [0x00000007a0000000, 0x00000007a0000000, 0x00000007a5560000)
  from space 21824K,  10% used [0x00000007a6ab0000, 0x00000007a6cf5068, 0x00000007a8000000)
  to   space 21824K,   0% used [0x00000007a5560000, 0x00000007a5560000, 0x00000007a6ab0000)
 concurrent mark-sweep generation total 393216K, used 42299K [0x00000007a8000000, 0x00000007c0000000, 0x00000007c0000000)
 Metaspace       used 33602K, capacity 34490K, committed 34788K, reserved 1079296K
  class space    used 4024K, capacity 4269K, committed 4324K, reserved 1048576K
}
2018-04-16T12:37:26.279+0700: 14.273: Total time for which application threads were stopped: 0.0053547 seconds, Stopping threads took: 0.0000253 seconds
{Heap before GC invocations=69 (full 1):
 par new generation   total 109248K, used 89748K [0x00000007a0000000, 0x00000007a8000000, 0x00000007a8000000)
  eden space 87424K, 100% used [0x00000007a0000000, 0x00000007a5560000, 0x00000007a5560000)
  from space 21824K,  10% used [0x00000007a6ab0000, 0x00000007a6cf5068, 0x00000007a8000000)
  to   space 21824K,   0% used [0x00000007a5560000, 0x00000007a5560000, 0x00000007a6ab0000)
 concurrent mark-sweep generation total 393216K, used 42299K [0x00000007a8000000, 0x00000007c0000000, 0x00000007c0000000)
 Metaspace       used 33602K, capacity 34490K, committed 34788K, reserved 1079296K
  class space    used 4024K, capacity 4269K, committed 4324K, reserved 1048576K
2018-04-16T12:37:26.657+0700: 14.650: [GC (Allocation Failure) 2018-04-16T12:37:26.657+0700: 14.650: [ParNew
Desired survivor size 20112992 bytes, new threshold 8 (max 8)
- age   1:      15992 bytes,      15992 total
- age   2:         72 bytes,      16064 total
- age   5:        704 bytes,      16768 total
- age   6:     721488 bytes,     738256 total
- age   7:     202496 bytes,     940752 total
- age   8:    1143528 bytes,    2084280 total
: 89748K->2398K(109248K), 0.0060242 secs] 132047K->44863K(502464K), 0.0060939 secs] [Times: user=0.01 sys=0.00, real=0.01 secs] 
Heap after GC invocations=70 (full 1):
 par new generation   total 109248K, used 2398K [0x00000007a0000000, 0x00000007a8000000, 0x00000007a8000000)
  eden space 87424K,   0% used [0x00000007a0000000, 0x00000007a0000000, 0x00000007a5560000)
  from space 21824K,  10% used [0x00000007a5560000, 0x00000007a57b7868, 0x00000007a6ab0000)
  to   space 21824K,   0% used [0x00000007a6ab0000, 0x00000007a6ab0000, 0x00000007a8000000)
 concurrent mark-sweep generation total 393216K, used 42465K [0x00000007a8000000, 0x00000007c0000000, 0x00000007c0000000)
 Metaspace       used 33602K, capacity 34490K, committed 34788K, reserved 1079296K
  class space    used 4024K, capacity 4269K, committed 4324K, reserved 1048576K
}
2018-04-16T12:37:26.663+0700: 14.657: Total time for which application threads were stopped: 0.0062653 seconds, Stopping threads took: 0.0000209 seconds
2018-04-16T12:37:27.071+0700: 15.065: Total time for which application threads were stopped: 0.0007509 seconds, Stopping threads took: 0.0000227 seconds
{Heap before GC invocations=70 (full 1):
 par new generation   total 109248K, used 89822K [0x00000007a0000000, 0x00000007a8000000, 0x00000007a8000000)
  eden space 87424K, 100% used [0x00000007a0000000, 0x00000007a5560000, 0x00000007a5560000)
  from space 21824K,  10% used [0x00000007a5560000, 0x00000007a57b7868, 0x00000007a6ab0000)
  to   space 21824K,   0% used [0x00000007a6ab0000, 0x00000007a6ab0000, 0x00000007a8000000)
 concurrent mark-sweep generation total 393216K, used 42465K [0x00000007a8000000, 0x00000007c0000000, 0x00000007c0000000)
 Metaspace       used 33732K, capacity 34618K, committed 34788K, reserved 1079296K
  class space    used 4032K, capacity 4269K, committed 4324K, reserved 1048576K
2018-04-16T12:37:28.016+0700: 16.009: [GC (Allocation Failure) 2018-04-16T12:37:28.016+0700: 16.009: [ParNew
Desired survivor size 20112992 bytes, new threshold 8 (max 8)
- age   1:     419560 bytes,     419560 total
- age   6:        512 bytes,     420072 total
- age   7:     650488 bytes,    1070560 total
- age   8:     202496 bytes,    1273056 total
: 89822K->1475K(109248K), 0.0145276 secs] 132287K->45057K(502464K), 0.0146199 secs] [Times: user=0.03 sys=0.00, real=0.02 secs] 
Heap after GC invocations=71 (full 1):
 par new generation   total 109248K, used 1475K [0x00000007a0000000, 0x00000007a8000000, 0x00000007a8000000)
  eden space 87424K,   0% used [0x00000007a0000000, 0x00000007a0000000, 0x00000007a5560000)
  from space 21824K,   6% used [0x00000007a6ab0000, 0x00000007a6c20e08, 0x00000007a8000000)
  to   space 21824K,   0% used [0x00000007a5560000, 0x00000007a5560000, 0x00000007a6ab0000)
 concurrent mark-sweep generation total 393216K, used 43581K [0x00000007a8000000, 0x00000007c0000000, 0x00000007c0000000)
 Metaspace       used 33732K, capacity 34618K, committed 34788K, reserved 1079296K
  class space    used 4032K, capacity 4269K, committed 4324K, reserved 1048576K
}
2018-04-16T12:37:28.031+0700: 16.024: Total time for which application threads were stopped: 0.0149009 seconds, Stopping threads took: 0.0000220 seconds
2018-04-16T12:37:28.217+0700: 16.210: Total time for which application threads were stopped: 0.0001450 seconds, Stopping threads took: 0.0000421 seconds
{Heap before GC invocations=71 (full 1):
 par new generation   total 109248K, used 88899K [0x00000007a0000000, 0x00000007a8000000, 0x00000007a8000000)
  eden space 87424K, 100% used [0x00000007a0000000, 0x00000007a5560000, 0x00000007a5560000)
  from space 21824K,   6% used [0x00000007a6ab0000, 0x00000007a6c20e08, 0x00000007a8000000)
  to   space 21824K,   0% used [0x00000007a5560000, 0x00000007a5560000, 0x00000007a6ab0000)
 concurrent mark-sweep generation total 393216K, used 43581K [0x00000007a8000000, 0x00000007c0000000, 0x00000007c0000000)
 Metaspace       used 33764K, capacity 34682K, committed 34788K, reserved 1079296K
  class space    used 4033K, capacity 4269K, committed 4324K, reserved 1048576K
2018-04-16T12:37:28.518+0700: 16.511: [GC (Allocation Failure) 2018-04-16T12:37:28.519+0700: 16.512: [ParNew
Desired survivor size 20112992 bytes, new threshold 8 (max 8)
- age   1:     110152 bytes,     110152 total
- age   2:      54960 bytes,     165112 total
- age   7:        512 bytes,     165624 total
- age   8:     650488 bytes,     816112 total
: 88899K->1036K(109248K), 0.0078151 secs] 132481K->44816K(502464K), 0.0089514 secs] [Times: user=0.03 sys=0.01, real=0.01 secs] 
Heap after GC invocations=72 (full 1):
 par new generation   total 109248K, used 1036K [0x00000007a0000000, 0x00000007a8000000, 0x00000007a8000000)
  eden space 87424K,   0% used [0x00000007a0000000, 0x00000007a0000000, 0x00000007a5560000)
  from space 21824K,   4% used [0x00000007a5560000, 0x00000007a56631c8, 0x00000007a6ab0000)
  to   space 21824K,   0% used [0x00000007a6ab0000, 0x00000007a6ab0000, 0x00000007a8000000)
 concurrent mark-sweep generation total 393216K, used 43779K [0x00000007a8000000, 0x00000007c0000000, 0x00000007c0000000)
 Metaspace       used 33764K, capacity 34682K, committed 34788K, reserved 1079296K
  class space    used 4033K, capacity 4269K, committed 4324K, reserved 1048576K
}
2018-04-16T12:37:28.527+0700: 16.520: Total time for which application threads were stopped: 0.0092138 seconds, Stopping threads took: 0.0000384 seconds
2018-04-16T12:37:29.531+0700: 17.524: Total time for which application threads were stopped: 0.0007615 seconds, Stopping threads took: 0.0005829 seconds
{Heap before GC invocations=72 (full 1):
 par new generation   total 109248K, used 88460K [0x00000007a0000000, 0x00000007a8000000, 0x00000007a8000000)
  eden space 87424K, 100% used [0x00000007a0000000, 0x00000007a5560000, 0x00000007a5560000)
  from space 21824K,   4% used [0x00000007a5560000, 0x00000007a56631c8, 0x00000007a6ab0000)
  to   space 21824K,   0% used [0x00000007a6ab0000, 0x00000007a6ab0000, 0x00000007a8000000)
 concurrent mark-sweep generation total 393216K, used 43779K [0x00000007a8000000, 0x00000007c0000000, 0x00000007c0000000)
 Metaspace       used 33772K, capacity 34682K, committed 34788K, reserved 1079296K
  class space    used 4033K, capacity 4269K, committed 4324K, reserved 1048576K
2018-04-16T12:37:30.419+0700: 18.412: [GC (Allocation Failure) 2018-04-16T12:37:30.419+0700: 18.412: [ParNew
Desired survivor size 20112992 bytes, new threshold 8 (max 8)
- age   1:     522264 bytes,     522264 total
- age   2:       1552 bytes,     523816 total
- age   3:       6360 bytes,     530176 total
- age   8:        512 bytes,     530688 total
: 88460K->740K(109248K), 0.0114179 secs] 132240K->44881K(502464K), 0.0116377 secs] [Times: user=0.02 sys=0.00, real=0.02 secs] 
Heap after GC invocations=73 (full 1):
 par new generation   total 109248K, used 740K [0x00000007a0000000, 0x00000007a8000000, 0x00000007a8000000)
  eden space 87424K,   0% used [0x00000007a0000000, 0x00000007a0000000, 0x00000007a5560000)
  from space 21824K,   3% used [0x00000007a6ab0000, 0x00000007a6b69360, 0x00000007a8000000)
  to   space 21824K,   0% used [0x00000007a5560000, 0x00000007a5560000, 0x00000007a6ab0000)
 concurrent mark-sweep generation total 393216K, used 44141K [0x00000007a8000000, 0x00000007c0000000, 0x00000007c0000000)
 Metaspace       used 33772K, capacity 34682K, committed 34788K, reserved 1079296K
  class space    used 4033K, capacity 4269K, committed 4324K, reserved 1048576K
}
2018-04-16T12:37:30.431+0700: 18.424: Total time for which application threads were stopped: 0.0120334 seconds, Stopping threads took: 0.0000307 seconds
{Heap before GC invocations=73 (full 1):
 par new generation   total 109248K, used 88164K [0x00000007a0000000, 0x00000007a8000000, 0x00000007a8000000)
  eden space 87424K, 100% used [0x00000007a0000000, 0x00000007a5560000, 0x00000007a5560000)
  from space 21824K,   3% used [0x00000007a6ab0000, 0x00000007a6b69360, 0x00000007a8000000)
  to   space 21824K,   0% used [0x00000007a5560000, 0x00000007a5560000, 0x00000007a6ab0000)
 concurrent mark-sweep generation total 393216K, used 44141K [0x00000007a8000000, 0x00000007c0000000, 0x00000007c0000000)
 Metaspace       used 33772K, capacity 34682K, committed 34788K, reserved 1079296K
  class space    used 4033K, capacity 4269K, committed 4324K, reserved 1048576K
2018-04-16T12:37:30.708+0700: 18.702: [GC (Allocation Failure) 2018-04-16T12:37:30.709+0700: 18.702: [ParNew
Desired survivor size 20112992 bytes, new threshold 8 (max 8)
- age   1:     450920 bytes,     450920 total
- age   2:     390144 bytes,     841064 total
- age   3:       1552 bytes,     842616 total
- age   4:       6360 bytes,     848976 total
: 88164K->888K(109248K), 0.0281646 secs] 132305K->45029K(502464K), 0.0282572 secs] [Times: user=0.05 sys=0.00, real=0.03 secs] 
Heap after GC invocations=74 (full 1):
 par new generation   total 109248K, used 888K [0x00000007a0000000, 0x00000007a8000000, 0x00000007a8000000)
  eden space 87424K,   0% used [0x00000007a0000000, 0x00000007a0000000, 0x00000007a5560000)
  from space 21824K,   4% used [0x00000007a5560000, 0x00000007a563e0b8, 0x00000007a6ab0000)
  to   space 21824K,   0% used [0x00000007a6ab0000, 0x00000007a6ab0000, 0x00000007a8000000)
 concurrent mark-sweep generation total 393216K, used 44141K [0x00000007a8000000, 0x00000007c0000000, 0x00000007c0000000)
 Metaspace       used 33772K, capacity 34682K, committed 34788K, reserved 1079296K
  class space    used 4033K, capacity 4269K, committed 4324K, reserved 1048576K
}
2018-04-16T12:37:30.737+0700: 18.730: Total time for which application threads were stopped: 0.0285207 seconds, Stopping threads took: 0.0000298 seconds
{Heap before GC invocations=74 (full 1):
 par new generation   total 109248K, used 88312K [0x00000007a0000000, 0x00000007a8000000, 0x00000007a8000000)
  eden space 87424K, 100% used [0x00000007a0000000, 0x00000007a5560000, 0x00000007a5560000)
  from space 21824K,   4% used [0x00000007a5560000, 0x00000007a563e0b8, 0x00000007a6ab0000)
  to   space 21824K,   0% used [0x00000007a6ab0000, 0x00000007a6ab0000, 0x00000007a8000000)
 concurrent mark-sweep generation total 393216K, used 44141K [0x00000007a8000000, 0x00000007c0000000, 0x00000007c0000000)
 Metaspace       used 33772K, capacity 34682K, committed 34788K, reserved 1079296K
  class space    used 4033K, capacity 4269K, committed 4324K, reserved 1048576K
2018-04-16T12:37:30.925+0700: 18.918: [GC (Allocation Failure) 2018-04-16T12:37:30.925+0700: 18.918: [ParNew
Desired survivor size 20112992 bytes, new threshold 8 (max 8)
- age   1:     627584 bytes,     627584 total
- age   2:     217496 bytes,     845080 total
- age   3:     357360 bytes,    1202440 total
- age   4:       1552 bytes,    1203992 total
- age   5:       6360 bytes,    1210352 total
: 88312K->1287K(109248K), 0.0066195 secs] 132453K->45428K(502464K), 0.0067127 secs] [Times: user=0.02 sys=0.00, real=0.01 secs] 
Heap after GC invocations=75 (full 1):
 par new generation   total 109248K, used 1287K [0x00000007a0000000, 0x00000007a8000000, 0x00000007a8000000)
  eden space 87424K,   0% used [0x00000007a0000000, 0x00000007a0000000, 0x00000007a5560000)
  from space 21824K,   5% used [0x00000007a6ab0000, 0x00000007a6bf1da8, 0x00000007a8000000)
  to   space 21824K,   0% used [0x00000007a5560000, 0x00000007a5560000, 0x00000007a6ab0000)
 concurrent mark-sweep generation total 393216K, used 44141K [0x00000007a8000000, 0x00000007c0000000, 0x00000007c0000000)
 Metaspace       used 33772K, capacity 34682K, committed 34788K, reserved 1079296K
  class space    used 4033K, capacity 4269K, committed 4324K, reserved 1048576K
}
2018-04-16T12:37:30.932+0700: 18.925: Total time for which application threads were stopped: 0.0069556 seconds, Stopping threads took: 0.0000305 seconds
{Heap before GC invocations=75 (full 1):
 par new generation   total 109248K, used 88711K [0x00000007a0000000, 0x00000007a8000000, 0x00000007a8000000)
  eden space 87424K, 100% used [0x00000007a0000000, 0x00000007a5560000, 0x00000007a5560000)
  from space 21824K,   5% used [0x00000007a6ab0000, 0x00000007a6bf1da8, 0x00000007a8000000)
  to   space 21824K,   0% used [0x00000007a5560000, 0x00000007a5560000, 0x00000007a6ab0000)
 concurrent mark-sweep generation total 393216K, used 44141K [0x00000007a8000000, 0x00000007c0000000, 0x00000007c0000000)
 Metaspace       used 33772K, capacity 34682K, committed 34788K, reserved 1079296K
  class space    used 4033K, capacity 4269K, committed 4324K, reserved 1048576K
2018-04-16T12:37:31.147+0700: 19.140: [GC (Allocation Failure) 2018-04-16T12:37:31.147+0700: 19.140: [ParNew
Desired survivor size 20112992 bytes, new threshold 8 (max 8)
- age   1:     685280 bytes,     685280 total
- age   2:     334200 bytes,    1019480 total
- age   3:     217440 bytes,    1236920 total
- age   4:     357096 bytes,    1594016 total
- age   5:       1552 bytes,    1595568 total
- age   6:       6360 bytes,    1601928 total
: 88711K->1635K(109248K), 0.0160624 secs] 132852K->45776K(502464K), 0.0161523 secs] [Times: user=0.02 sys=0.00, real=0.02 secs] 
Heap after GC invocations=76 (full 1):
 par new generation   total 109248K, used 1635K [0x00000007a0000000, 0x00000007a8000000, 0x00000007a8000000)
  eden space 87424K,   0% used [0x00000007a0000000, 0x00000007a0000000, 0x00000007a5560000)
  from space 21824K,   7% used [0x00000007a5560000, 0x00000007a56f8c30, 0x00000007a6ab0000)
  to   space 21824K,   0% used [0x00000007a6ab0000, 0x00000007a6ab0000, 0x00000007a8000000)
 concurrent mark-sweep generation total 393216K, used 44141K [0x00000007a8000000, 0x00000007c0000000, 0x00000007c0000000)
 Metaspace       used 33772K, capacity 34682K, committed 34788K, reserved 1079296K
  class space    used 4033K, capacity 4269K, committed 4324K, reserved 1048576K
}
2018-04-16T12:37:31.163+0700: 19.157: Total time for which application threads were stopped: 0.0164022 seconds, Stopping threads took: 0.0000301 seconds
{Heap before GC invocations=76 (full 1):
 par new generation   total 109248K, used 89059K [0x00000007a0000000, 0x00000007a8000000, 0x00000007a8000000)
  eden space 87424K, 100% used [0x00000007a0000000, 0x00000007a5560000, 0x00000007a5560000)
  from space 21824K,   7% used [0x00000007a5560000, 0x00000007a56f8c30, 0x00000007a6ab0000)
  to   space 21824K,   0% used [0x00000007a6ab0000, 0x00000007a6ab0000, 0x00000007a8000000)
 concurrent mark-sweep generation total 393216K, used 44141K [0x00000007a8000000, 0x00000007c0000000, 0x00000007c0000000)
 Metaspace       used 33772K, capacity 34682K, committed 34788K, reserved 1079296K
  class space    used 4033K, capacity 4269K, committed 4324K, reserved 1048576K
2018-04-16T12:37:31.341+0700: 19.335: [GC (Allocation Failure) 2018-04-16T12:37:31.342+0700: 19.335: [ParNew
Desired survivor size 20112992 bytes, new threshold 8 (max 8)
- age   1:     804936 bytes,     804936 total
- age   2:     268096 bytes,    1073032 total
- age   3:     268632 bytes,    1341664 total
- age   4:     204288 bytes,    1545952 total
- age   5:     357040 bytes,    1902992 total
- age   6:       1552 bytes,    1904544 total
- age   7:       6360 bytes,    1910904 total
: 89059K->1929K(109248K), 0.0168134 secs] 133200K->46070K(502464K), 0.0169070 secs] [Times: user=0.02 sys=0.01, real=0.01 secs] 
Heap after GC invocations=77 (full 1):
 par new generation   total 109248K, used 1929K [0x00000007a0000000, 0x00000007a8000000, 0x00000007a8000000)
  eden space 87424K,   0% used [0x00000007a0000000, 0x00000007a0000000, 0x00000007a5560000)
  from space 21824K,   8% used [0x00000007a6ab0000, 0x00000007a6c925c0, 0x00000007a8000000)
  to   space 21824K,   0% used [0x00000007a5560000, 0x00000007a5560000, 0x00000007a6ab0000)
 concurrent mark-sweep generation total 393216K, used 44141K [0x00000007a8000000, 0x00000007c0000000, 0x00000007c0000000)
 Metaspace       used 33772K, capacity 34682K, committed 34788K, reserved 1079296K
  class space    used 4033K, capacity 4269K, committed 4324K, reserved 1048576K
}
2018-04-16T12:37:31.358+0700: 19.352: Total time for which application threads were stopped: 0.0172323 seconds, Stopping threads took: 0.0000410 seconds
{Heap before GC invocations=77 (full 1):
 par new generation   total 109248K, used 89353K [0x00000007a0000000, 0x00000007a8000000, 0x00000007a8000000)
  eden space 87424K, 100% used [0x00000007a0000000, 0x00000007a5560000, 0x00000007a5560000)
  from space 21824K,   8% used [0x00000007a6ab0000, 0x00000007a6c925c0, 0x00000007a8000000)
  to   space 21824K,   0% used [0x00000007a5560000, 0x00000007a5560000, 0x00000007a6ab0000)
 concurrent mark-sweep generation total 393216K, used 44141K [0x00000007a8000000, 0x00000007c0000000, 0x00000007c0000000)
 Metaspace       used 33772K, capacity 34682K, committed 34788K, reserved 1079296K
  class space    used 4033K, capacity 4269K, committed 4324K, reserved 1048576K
2018-04-16T12:37:31.541+0700: 19.534: [GC (Allocation Failure) 2018-04-16T12:37:31.541+0700: 19.534: [ParNew
Desired survivor size 20112992 bytes, new threshold 8 (max 8)
- age   1:     850288 bytes,     850288 total
- age   2:     349696 bytes,    1199984 total
- age   3:     268096 bytes,    1468080 total
- age   4:     235848 bytes,    1703928 total
- age   5:     204288 bytes,    1908216 total
- age   6:     356960 bytes,    2265176 total
- age   7:       1552 bytes,    2266728 total
- age   8:       6360 bytes,    2273088 total
: 89353K->2247K(109248K), 0.0065876 secs] 133494K->46389K(502464K), 0.0066694 secs] [Times: user=0.02 sys=0.00, real=0.00 secs] 
Heap after GC invocations=78 (full 1):
 par new generation   total 109248K, used 2247K [0x00000007a0000000, 0x00000007a8000000, 0x00000007a8000000)
  eden space 87424K,   0% used [0x00000007a0000000, 0x00000007a0000000, 0x00000007a5560000)
  from space 21824K,  10% used [0x00000007a5560000, 0x00000007a5791f68, 0x00000007a6ab0000)
  to   space 21824K,   0% used [0x00000007a6ab0000, 0x00000007a6ab0000, 0x00000007a8000000)
 concurrent mark-sweep generation total 393216K, used 44141K [0x00000007a8000000, 0x00000007c0000000, 0x00000007c0000000)
 Metaspace       used 33772K, capacity 34682K, committed 34788K, reserved 1079296K
  class space    used 4033K, capacity 4269K, committed 4324K, reserved 1048576K
}
2018-04-16T12:37:31.548+0700: 19.541: Total time for which application threads were stopped: 0.0069017 seconds, Stopping threads took: 0.0000249 seconds
2018-04-16T12:37:32.551+0700: 20.544: Total time for which application threads were stopped: 0.0003366 seconds, Stopping threads took: 0.0000325 seconds
{Heap before GC invocations=78 (full 1):
 par new generation   total 109248K, used 89671K [0x00000007a0000000, 0x00000007a8000000, 0x00000007a8000000)
  eden space 87424K, 100% used [0x00000007a0000000, 0x00000007a5560000, 0x00000007a5560000)
  from space 21824K,  10% used [0x00000007a5560000, 0x00000007a5791f68, 0x00000007a6ab0000)
  to   space 21824K,   0% used [0x00000007a6ab0000, 0x00000007a6ab0000, 0x00000007a8000000)
 concurrent mark-sweep generation total 393216K, used 44141K [0x00000007a8000000, 0x00000007c0000000, 0x00000007c0000000)
 Metaspace       used 33788K, capacity 34682K, committed 34788K, reserved 1079296K
  class space    used 4033K, capacity 4269K, committed 4324K, reserved 1048576K
2018-04-16T12:40:07.796+0700: 175.783: [GC (Allocation Failure) 2018-04-16T12:40:07.797+0700: 175.785: [ParNew
Desired survivor size 20112992 bytes, new threshold 8 (max 8)
- age   1:     134928 bytes,     134928 total
- age   7:       3608 bytes,     138536 total
- age   8:       1552 bytes,     140088 total
: 89671K->244K(109248K), 0.0054357 secs] 133813K->44391K(502464K), 0.0071648 secs] [Times: user=0.01 sys=0.01, real=0.01 secs] 
Heap after GC invocations=79 (full 1):
 par new generation   total 109248K, used 244K [0x00000007a0000000, 0x00000007a8000000, 0x00000007a8000000)
  eden space 87424K,   0% used [0x00000007a0000000, 0x00000007a0000000, 0x00000007a5560000)
  from space 21824K,   1% used [0x00000007a6ab0000, 0x00000007a6aed0f0, 0x00000007a8000000)
  to   space 21824K,   0% used [0x00000007a5560000, 0x00000007a5560000, 0x00000007a6ab0000)
 concurrent mark-sweep generation total 393216K, used 44147K [0x00000007a8000000, 0x00000007c0000000, 0x00000007c0000000)
 Metaspace       used 33788K, capacity 34682K, committed 34788K, reserved 1079296K
  class space    used 4033K, capacity 4269K, committed 4324K, reserved 1048576K
}
2018-04-16T12:40:07.803+0700: 175.790: Total time for which application threads were stopped: 0.0073374 seconds, Stopping threads took: 0.0000337 seconds
2018-04-16T12:40:07.803+0700: 175.790: Total time for which application threads were stopped: 0.0000658 seconds, Stopping threads took: 0.0000164 seconds
2018-04-16T12:40:58.928+0700: 226.914: Total time for which application threads were stopped: 0.0008840 seconds, Stopping threads took: 0.0003602 seconds
2018-04-16T12:44:34.424+0700: 442.401: Total time for which application threads were stopped: 0.0001047 seconds, Stopping threads took: 0.0000248 seconds
2018-04-16T12:44:38.434+0700: 446.410: Total time for which application threads were stopped: 0.0005663 seconds, Stopping threads took: 0.0000269 seconds
2018-04-16T12:45:29.345+0700: 497.320: Total time for which application threads were stopped: 0.0003463 seconds, Stopping threads took: 0.0000556 seconds
2018-04-16T12:45:29.346+0700: 497.321: Total time for which application threads were stopped: 0.0001097 seconds, Stopping threads took: 0.0000286 seconds
2018-04-16T12:45:29.347+0700: 497.321: Total time for which application threads were stopped: 0.0001082 seconds, Stopping threads took: 0.0000186 seconds
2018-04-16T12:45:29.347+0700: 497.322: Total time for which application threads were stopped: 0.0001399 seconds, Stopping threads took: 0.0000165 seconds
2018-04-16T12:45:29.353+0700: 497.327: Total time for which application threads were stopped: 0.0000975 seconds, Stopping threads took: 0.0000180 seconds
2018-04-16T12:45:29.364+0700: 497.339: Total time for which application threads were stopped: 0.0001545 seconds, Stopping threads took: 0.0000397 seconds
2018-04-16T12:45:29.365+0700: 497.340: Total time for which application threads were stopped: 0.0001292 seconds, Stopping threads took: 0.0000375 seconds
2018-04-16T12:45:29.367+0700: 497.342: Total time for which application threads were stopped: 0.0007032 seconds, Stopping threads took: 0.0001755 seconds
2018-04-16T12:45:29.367+0700: 497.342: Total time for which application threads were stopped: 0.0001905 seconds, Stopping threads took: 0.0000857 seconds
2018-04-16T12:45:29.367+0700: 497.342: Total time for which application threads were stopped: 0.0000670 seconds, Stopping threads took: 0.0000134 seconds
2018-04-16T12:45:29.369+0700: 497.344: Total time for which application threads were stopped: 0.0001558 seconds, Stopping threads took: 0.0000430 seconds
2018-04-16T12:45:29.370+0700: 497.345: Total time for which application threads were stopped: 0.0001634 seconds, Stopping threads took: 0.0000518 seconds
2018-04-16T12:45:29.379+0700: 497.354: Total time for which application threads were stopped: 0.0001339 seconds, Stopping threads took: 0.0000248 seconds
2018-04-16T12:45:29.384+0700: 497.359: Total time for which application threads were stopped: 0.0001446 seconds, Stopping threads took: 0.0000272 seconds
2018-04-16T12:45:29.394+0700: 497.368: Total time for which application threads were stopped: 0.0001630 seconds, Stopping threads took: 0.0000294 seconds
2018-04-16T12:45:29.401+0700: 497.376: Total time for which application threads were stopped: 0.0008612 seconds, Stopping threads took: 0.0000244 seconds
2018-04-16T12:45:29.416+0700: 497.391: Total time for which application threads were stopped: 0.0002550 seconds, Stopping threads took: 0.0000212 seconds
2018-04-16T12:45:29.418+0700: 497.393: Total time for which application threads were stopped: 0.0001174 seconds, Stopping threads took: 0.0000197 seconds
2018-04-16T12:45:29.419+0700: 497.394: Total time for which application threads were stopped: 0.0001408 seconds, Stopping threads took: 0.0000206 seconds
2018-04-16T12:45:29.420+0700: 497.395: Total time for which application threads were stopped: 0.0001346 seconds, Stopping threads took: 0.0000333 seconds
2018-04-16T12:45:29.422+0700: 497.397: Total time for which application threads were stopped: 0.0001497 seconds, Stopping threads took: 0.0000341 seconds
2018-04-16T12:45:29.429+0700: 497.404: Total time for which application threads were stopped: 0.0001466 seconds, Stopping threads took: 0.0000482 seconds
2018-04-16T12:45:30.430+0700: 498.405: Total time for which application threads were stopped: 0.0001513 seconds, Stopping threads took: 0.0000286 seconds
2018-04-16T12:45:30.738+0700: 498.713: Total time for which application threads were stopped: 0.0001573 seconds, Stopping threads took: 0.0000631 seconds
2018-04-16T12:45:30.739+0700: 498.714: Total time for which application threads were stopped: 0.0000976 seconds, Stopping threads took: 0.0000163 seconds
2018-04-16T12:45:30.739+0700: 498.714: Total time for which application threads were stopped: 0.0000989 seconds, Stopping threads took: 0.0000176 seconds
2018-04-16T12:45:30.739+0700: 498.714: Total time for which application threads were stopped: 0.0000876 seconds, Stopping threads took: 0.0000149 seconds
2018-04-16T12:45:30.740+0700: 498.714: Total time for which application threads were stopped: 0.0000886 seconds, Stopping threads took: 0.0000263 seconds
2018-04-16T12:45:30.740+0700: 498.715: Total time for which application threads were stopped: 0.0000796 seconds, Stopping threads took: 0.0000131 seconds
2018-04-16T12:45:30.741+0700: 498.716: Total time for which application threads were stopped: 0.0001149 seconds, Stopping threads took: 0.0000247 seconds
2018-04-16T12:45:30.741+0700: 498.716: Total time for which application threads were stopped: 0.0000955 seconds, Stopping threads took: 0.0000213 seconds
2018-04-16T12:45:30.742+0700: 498.717: Total time for which application threads were stopped: 0.0001407 seconds, Stopping threads took: 0.0000363 seconds
2018-04-16T12:45:30.745+0700: 498.720: Total time for which application threads were stopped: 0.0002260 seconds, Stopping threads took: 0.0000288 seconds
2018-04-16T12:45:30.749+0700: 498.724: Total time for which application threads were stopped: 0.0001980 seconds, Stopping threads took: 0.0000547 seconds
2018-04-16T12:45:30.749+0700: 498.724: Total time for which application threads were stopped: 0.0001157 seconds, Stopping threads took: 0.0000307 seconds
2018-04-16T12:45:30.750+0700: 498.725: Total time for which application threads were stopped: 0.0001762 seconds, Stopping threads took: 0.0000506 seconds
2018-04-16T12:45:30.754+0700: 498.729: Total time for which application threads were stopped: 0.0001325 seconds, Stopping threads took: 0.0000377 seconds
2018-04-16T12:45:30.790+0700: 498.765: Total time for which application threads were stopped: 0.0001455 seconds, Stopping threads took: 0.0000442 seconds
2018-04-16T12:45:30.790+0700: 498.765: Total time for which application threads were stopped: 0.0002162 seconds, Stopping threads took: 0.0000386 seconds
2018-04-16T12:45:30.793+0700: 498.768: Total time for which application threads were stopped: 0.0001926 seconds, Stopping threads took: 0.0000538 seconds
2018-04-16T12:45:30.794+0700: 498.769: Total time for which application threads were stopped: 0.0001568 seconds, Stopping threads took: 0.0000387 seconds
2018-04-16T12:45:30.795+0700: 498.770: Total time for which application threads were stopped: 0.0001420 seconds, Stopping threads took: 0.0000382 seconds
2018-04-16T12:45:30.821+0700: 498.796: Total time for which application threads were stopped: 0.0001413 seconds, Stopping threads took: 0.0000223 seconds
2018-04-16T12:45:30.822+0700: 498.797: Total time for which application threads were stopped: 0.0001369 seconds, Stopping threads took: 0.0000410 seconds
2018-04-16T12:45:30.845+0700: 498.820: Total time for which application threads were stopped: 0.0002138 seconds, Stopping threads took: 0.0000292 seconds
2018-04-16T12:45:30.850+0700: 498.825: Total time for which application threads were stopped: 0.0003219 seconds, Stopping threads took: 0.0002218 seconds
2018-04-16T12:45:30.851+0700: 498.826: Total time for which application threads were stopped: 0.0000870 seconds, Stopping threads took: 0.0000145 seconds
2018-04-16T12:45:30.851+0700: 498.826: Total time for which application threads were stopped: 0.0000537 seconds, Stopping threads took: 0.0000074 seconds
2018-04-16T12:45:30.851+0700: 498.826: Total time for which application threads were stopped: 0.0000443 seconds, Stopping threads took: 0.0000069 seconds
2018-04-16T12:45:30.851+0700: 498.826: Total time for which application threads were stopped: 0.0000605 seconds, Stopping threads took: 0.0000098 seconds
2018-04-16T12:45:30.851+0700: 498.826: Total time for which application threads were stopped: 0.0000446 seconds, Stopping threads took: 0.0000070 seconds
2018-04-16T12:45:30.851+0700: 498.826: Total time for which application threads were stopped: 0.0000549 seconds, Stopping threads took: 0.0000091 seconds
2018-04-16T12:45:30.851+0700: 498.826: Total time for which application threads were stopped: 0.0000467 seconds, Stopping threads took: 0.0000070 seconds
2018-04-16T12:45:30.852+0700: 498.827: Total time for which application threads were stopped: 0.0002825 seconds, Stopping threads took: 0.0002289 seconds
2018-04-16T12:45:30.853+0700: 498.828: Total time for which application threads were stopped: 0.0001432 seconds, Stopping threads took: 0.0000431 seconds
2018-04-16T12:45:30.854+0700: 498.828: Total time for which application threads were stopped: 0.0003085 seconds, Stopping threads took: 0.0000506 seconds
2018-04-16T12:45:30.869+0700: 498.843: Total time for which application threads were stopped: 0.0002232 seconds, Stopping threads took: 0.0000463 seconds
2018-04-16T12:45:30.962+0700: 498.936: Total time for which application threads were stopped: 0.0001924 seconds, Stopping threads took: 0.0000539 seconds
2018-04-16T12:45:30.999+0700: 498.974: Total time for which application threads were stopped: 0.0001101 seconds, Stopping threads took: 0.0000223 seconds
2018-04-16T12:45:30.999+0700: 498.974: Total time for which application threads were stopped: 0.0000729 seconds, Stopping threads took: 0.0000235 seconds
2018-04-16T12:45:30.999+0700: 498.974: Total time for which application threads were stopped: 0.0000513 seconds, Stopping threads took: 0.0000082 seconds
2018-04-16T12:45:31.015+0700: 498.989: Total time for which application threads were stopped: 0.0001199 seconds, Stopping threads took: 0.0000203 seconds
2018-04-16T12:45:31.015+0700: 498.990: Total time for which application threads were stopped: 0.0000835 seconds, Stopping threads took: 0.0000143 seconds
2018-04-16T12:45:31.015+0700: 498.990: Total time for which application threads were stopped: 0.0000572 seconds, Stopping threads took: 0.0000088 seconds
2018-04-16T12:45:31.015+0700: 498.990: Total time for which application threads were stopped: 0.0000514 seconds, Stopping threads took: 0.0000076 seconds
2018-04-16T12:45:31.015+0700: 498.990: Total time for which application threads were stopped: 0.0000435 seconds, Stopping threads took: 0.0000063 seconds
2018-04-16T12:45:31.015+0700: 498.990: Total time for which application threads were stopped: 0.0000445 seconds, Stopping threads took: 0.0000063 seconds
2018-04-16T12:45:31.015+0700: 498.990: Total time for which application threads were stopped: 0.0000438 seconds, Stopping threads took: 0.0000069 seconds
2018-04-16T12:45:31.015+0700: 498.990: Total time for which application threads were stopped: 0.0000431 seconds, Stopping threads took: 0.0000062 seconds
2018-04-16T12:45:31.015+0700: 498.990: Total time for which application threads were stopped: 0.0000537 seconds, Stopping threads took: 0.0000079 seconds
2018-04-16T12:45:31.015+0700: 498.990: Total time for which application threads were stopped: 0.0000697 seconds, Stopping threads took: 0.0000071 seconds
2018-04-16T12:45:31.015+0700: 498.990: Total time for which application threads were stopped: 0.0000477 seconds, Stopping threads took: 0.0000071 seconds
2018-04-16T12:45:31.057+0700: 499.032: Total time for which application threads were stopped: 0.0001729 seconds, Stopping threads took: 0.0000548 seconds
2018-04-16T12:45:31.101+0700: 499.076: Total time for which application threads were stopped: 0.0001645 seconds, Stopping threads took: 0.0000521 seconds
2018-04-16T12:45:31.103+0700: 499.078: Total time for which application threads were stopped: 0.0001597 seconds, Stopping threads took: 0.0000514 seconds
2018-04-16T12:45:31.974+0700: 499.949: Total time for which application threads were stopped: 0.0006115 seconds, Stopping threads took: 0.0002166 seconds
2018-04-16T12:45:32.789+0700: 500.763: Total time for which application threads were stopped: 0.0009273 seconds, Stopping threads took: 0.0000208 seconds
2018-04-16T12:45:32.790+0700: 500.765: Total time for which application threads were stopped: 0.0009251 seconds, Stopping threads took: 0.0000339 seconds
2018-04-16T12:45:32.794+0700: 500.769: Total time for which application threads were stopped: 0.0001718 seconds, Stopping threads took: 0.0000471 seconds
2018-04-16T12:45:32.795+0700: 500.769: Total time for which application threads were stopped: 0.0001253 seconds, Stopping threads took: 0.0000513 seconds
2018-04-16T12:45:32.795+0700: 500.770: Total time for which application threads were stopped: 0.0001048 seconds, Stopping threads took: 0.0000144 seconds
2018-04-16T12:45:32.795+0700: 500.770: Total time for which application threads were stopped: 0.0001001 seconds, Stopping threads took: 0.0000376 seconds
2018-04-16T12:45:32.817+0700: 500.792: Total time for which application threads were stopped: 0.0002800 seconds, Stopping threads took: 0.0000281 seconds
2018-04-16T12:45:32.817+0700: 500.792: Total time for which application threads were stopped: 0.0001325 seconds, Stopping threads took: 0.0000309 seconds
2018-04-16T12:45:32.818+0700: 500.792: Total time for which application threads were stopped: 0.0000762 seconds, Stopping threads took: 0.0000171 seconds
2018-04-16T12:45:32.818+0700: 500.793: Total time for which application threads were stopped: 0.0000786 seconds, Stopping threads took: 0.0000172 seconds
2018-04-16T12:45:32.818+0700: 500.793: Total time for which application threads were stopped: 0.0000697 seconds, Stopping threads took: 0.0000123 seconds
2018-04-16T12:45:32.827+0700: 500.802: Total time for which application threads were stopped: 0.0001683 seconds, Stopping threads took: 0.0000505 seconds
2018-04-16T12:45:32.828+0700: 500.803: Total time for which application threads were stopped: 0.0000974 seconds, Stopping threads took: 0.0000141 seconds
2018-04-16T12:45:32.828+0700: 500.803: Total time for which application threads were stopped: 0.0001440 seconds, Stopping threads took: 0.0000822 seconds
2018-04-16T12:45:32.828+0700: 500.803: Total time for which application threads were stopped: 0.0000527 seconds, Stopping threads took: 0.0000080 seconds
2018-04-16T12:45:32.828+0700: 500.803: Total time for which application threads were stopped: 0.0001431 seconds, Stopping threads took: 0.0000791 seconds
2018-04-16T12:45:32.829+0700: 500.804: Total time for which application threads were stopped: 0.0000930 seconds, Stopping threads took: 0.0000142 seconds
2018-04-16T12:45:32.830+0700: 500.804: Total time for which application threads were stopped: 0.0000580 seconds, Stopping threads took: 0.0000087 seconds
2018-04-16T12:45:32.830+0700: 500.805: Total time for which application threads were stopped: 0.0000600 seconds, Stopping threads took: 0.0000094 seconds
2018-04-16T12:45:32.830+0700: 500.805: Total time for which application threads were stopped: 0.0000524 seconds, Stopping threads took: 0.0000077 seconds
2018-04-16T12:45:32.830+0700: 500.805: Total time for which application threads were stopped: 0.0000570 seconds, Stopping threads took: 0.0000085 seconds
2018-04-16T12:45:32.830+0700: 500.805: Total time for which application threads were stopped: 0.0000617 seconds, Stopping threads took: 0.0000180 seconds
2018-04-16T12:45:32.830+0700: 500.805: Total time for which application threads were stopped: 0.0000683 seconds, Stopping threads took: 0.0000232 seconds
2018-04-16T12:45:32.830+0700: 500.805: Total time for which application threads were stopped: 0.0000656 seconds, Stopping threads took: 0.0000200 seconds
2018-04-16T12:45:32.831+0700: 500.806: Total time for which application threads were stopped: 0.0000707 seconds, Stopping threads took: 0.0000110 seconds
2018-04-16T12:45:32.831+0700: 500.806: Total time for which application threads were stopped: 0.0000577 seconds, Stopping threads took: 0.0000090 seconds
2018-04-16T12:45:32.840+0700: 500.814: Total time for which application threads were stopped: 0.0001791 seconds, Stopping threads took: 0.0000391 seconds
2018-04-16T12:45:32.840+0700: 500.815: Total time for which application threads were stopped: 0.0001021 seconds, Stopping threads took: 0.0000164 seconds
2018-04-16T12:45:32.849+0700: 500.824: Total time for which application threads were stopped: 0.0001385 seconds, Stopping threads took: 0.0000378 seconds
2018-04-16T12:45:32.849+0700: 500.824: Total time for which application threads were stopped: 0.0001088 seconds, Stopping threads took: 0.0000283 seconds
2018-04-16T12:45:33.854+0700: 501.829: Total time for which application threads were stopped: 0.0004025 seconds, Stopping threads took: 0.0000369 seconds
2018-04-16T12:46:32.852+0700: 560.825: Total time for which application threads were stopped: 0.0001173 seconds, Stopping threads took: 0.0000263 seconds
2018-04-16T12:47:12.936+0700: 600.907: Total time for which application threads were stopped: 0.0001592 seconds, Stopping threads took: 0.0000430 seconds
2018-04-16T12:47:13.940+0700: 601.911: Total time for which application threads were stopped: 0.0001140 seconds, Stopping threads took: 0.0000262 seconds
2018-04-16T12:48:14.053+0700: 662.022: Total time for which application threads were stopped: 0.0002103 seconds, Stopping threads took: 0.0000269 seconds
2018-04-16T12:48:19.059+0700: 667.027: Total time for which application threads were stopped: 0.0001893 seconds, Stopping threads took: 0.0000661 seconds
2018-04-16T12:56:55.350+0700: 1183.298: Total time for which application threads were stopped: 0.0002553 seconds, Stopping threads took: 0.0000800 seconds
2018-04-16T12:56:59.043+0700: 1186.991: Total time for which application threads were stopped: 0.0003272 seconds, Stopping threads took: 0.0001475 seconds
2018-04-16T12:56:59.043+0700: 1186.991: Total time for which application threads were stopped: 0.0001416 seconds, Stopping threads took: 0.0000310 seconds
2018-04-16T12:56:59.043+0700: 1186.991: Total time for which application threads were stopped: 0.0001139 seconds, Stopping threads took: 0.0000279 seconds
2018-04-16T12:56:59.054+0700: 1187.001: Total time for which application threads were stopped: 0.0002394 seconds, Stopping threads took: 0.0000420 seconds
2018-04-16T12:56:59.054+0700: 1187.001: Total time for which application threads were stopped: 0.0002512 seconds, Stopping threads took: 0.0000799 seconds
2018-04-16T12:56:59.055+0700: 1187.002: Total time for which application threads were stopped: 0.0001598 seconds, Stopping threads took: 0.0000349 seconds
2018-04-16T12:56:59.055+0700: 1187.002: Total time for which application threads were stopped: 0.0001409 seconds, Stopping threads took: 0.0000385 seconds
2018-04-16T12:57:00.055+0700: 1188.003: Total time for which application threads were stopped: 0.0001435 seconds, Stopping threads took: 0.0000325 seconds
2018-04-16T12:57:01.717+0700: 1189.664: Total time for which application threads were stopped: 0.0015942 seconds, Stopping threads took: 0.0012772 seconds
2018-04-16T12:57:01.718+0700: 1189.665: Total time for which application threads were stopped: 0.0002426 seconds, Stopping threads took: 0.0000434 seconds
2018-04-16T12:57:01.729+0700: 1189.676: Total time for which application threads were stopped: 0.0003182 seconds, Stopping threads took: 0.0001571 seconds
2018-04-16T12:57:01.729+0700: 1189.677: Total time for which application threads were stopped: 0.0001422 seconds, Stopping threads took: 0.0000428 seconds
2018-04-16T12:57:01.731+0700: 1189.679: Total time for which application threads were stopped: 0.0003638 seconds, Stopping threads took: 0.0000508 seconds
2018-04-16T12:57:01.736+0700: 1189.684: Total time for which application threads were stopped: 0.0001784 seconds, Stopping threads took: 0.0000405 seconds
2018-04-16T12:57:01.736+0700: 1189.684: Total time for which application threads were stopped: 0.0001069 seconds, Stopping threads took: 0.0000213 seconds
2018-04-16T12:57:01.745+0700: 1189.692: Total time for which application threads were stopped: 0.0002383 seconds, Stopping threads took: 0.0000999 seconds
2018-04-16T12:57:01.745+0700: 1189.693: Total time for which application threads were stopped: 0.0002286 seconds, Stopping threads took: 0.0001169 seconds
2018-04-16T12:57:02.746+0700: 1190.693: Total time for which application threads were stopped: 0.0001651 seconds, Stopping threads took: 0.0000423 seconds
2018-04-16T12:57:05.556+0700: 1193.504: Total time for which application threads were stopped: 0.0001698 seconds, Stopping threads took: 0.0000452 seconds
2018-04-16T12:57:05.556+0700: 1193.504: Total time for which application threads were stopped: 0.0000995 seconds, Stopping threads took: 0.0000253 seconds
2018-04-16T12:57:05.567+0700: 1193.514: Total time for which application threads were stopped: 0.0002012 seconds, Stopping threads took: 0.0000407 seconds
2018-04-16T12:57:05.567+0700: 1193.514: Total time for which application threads were stopped: 0.0001153 seconds, Stopping threads took: 0.0000264 seconds
2018-04-16T12:57:06.572+0700: 1194.519: Total time for which application threads were stopped: 0.0002292 seconds, Stopping threads took: 0.0000323 seconds
2018-04-16T12:57:07.097+0700: 1195.045: Total time for which application threads were stopped: 0.0009695 seconds, Stopping threads took: 0.0000261 seconds
2018-04-16T12:57:08.098+0700: 1196.045: Total time for which application threads were stopped: 0.0001432 seconds, Stopping threads took: 0.0000374 seconds
2018-04-16T12:57:37.192+0700: 1225.138: Total time for which application threads were stopped: 0.0001371 seconds, Stopping threads took: 0.0000274 seconds
2018-04-16T12:57:52.217+0700: 1240.163: Total time for which application threads were stopped: 0.0001423 seconds, Stopping threads took: 0.0000363 seconds
2018-04-16T12:57:56.222+0700: 1244.168: Total time for which application threads were stopped: 0.0001585 seconds, Stopping threads took: 0.0000451 seconds
2018-04-16T12:57:59.057+0700: 1247.002: Total time for which application threads were stopped: 0.0001013 seconds, Stopping threads took: 0.0000322 seconds
2018-04-16T12:58:05.574+0700: 1253.519: Total time for which application threads were stopped: 0.0001992 seconds, Stopping threads took: 0.0000705 seconds
2018-04-16T12:58:42.658+0700: 1290.601: Total time for which application threads were stopped: 0.0001202 seconds, Stopping threads took: 0.0000297 seconds
2018-04-16T13:03:11.334+0700: 1559.267: Total time for which application threads were stopped: 0.0001428 seconds, Stopping threads took: 0.0000334 seconds
2018-04-16T13:33:41.115+0700: 3388.978: Total time for which application threads were stopped: 0.0014861 seconds, Stopping threads took: 0.0005875 seconds
2018-04-16T13:34:38.271+0700: 3446.133: Total time for which application threads were stopped: 0.0002595 seconds, Stopping threads took: 0.0000272 seconds
2018-04-16T13:39:12.959+0700: 3720.810: Total time for which application threads were stopped: 0.0003998 seconds, Stopping threads took: 0.0000850 seconds
2018-04-16T14:00:07.258+0700: 4975.060: Total time for which application threads were stopped: 0.0001467 seconds, Stopping threads took: 0.0000284 seconds
2018-04-16T14:00:47.346+0700: 5015.147: Total time for which application threads were stopped: 0.0002364 seconds,